<testsuites id="" name="" tests="582" failures="467" skipped="24" errors="0" time="11816.78951">
<testsuite name="api-integration.spec.ts" timestamp="2025-10-24T06:04:58.917Z" hostname="chromium" tests="55" failures="49" skipped="0" time="261.268" errors="0">
<testcase name="🔐 Authentication API Tests › User Registration API" classname="api-integration.spec.ts" time="3.589">
<failure message="api-integration.spec.ts:56:7 User Registration API" type="FAILURE">
<![CDATA[  [chromium] › api-integration.spec.ts:56:7 › 🔐 Authentication API Tests › User Registration API ──

    Error: expect(received).toBe(expected) // Object.is equality

    Expected: 201
    Received: 400

      64 |     });
      65 |     
    > 66 |     expect(response.status()).toBe(201);
         |                               ^
      67 |     const data = await response.json();
      68 |     expect(data.success).toBe(true);
      69 |     expect(data.message).toContain('User registered successfully');
        at /Users/asithalakmal/Documents/web/final project/WeddingLK-next copy/tests/e2e/api-integration.spec.ts:66:31

    attachment #1: screenshot (image/png) ──────────────────────────────────────────────────────────
    ../../test-results/api-integration-🔐-Authent-2e205-Tests-User-Registration-API-chromium/test-failed-1.png
    ────────────────────────────────────────────────────────────────────────────────────────────────

    attachment #2: video (video/webm) ──────────────────────────────────────────────────────────────
    ../../test-results/api-integration-🔐-Authent-2e205-Tests-User-Registration-API-chromium/video.webm
    ────────────────────────────────────────────────────────────────────────────────────────────────
]]>
</failure>
<system-out>
<![CDATA[
[[ATTACHMENT|test-results/api-integration-🔐-Authent-2e205-Tests-User-Registration-API-chromium/test-failed-1.png]]

[[ATTACHMENT|test-results/api-integration-🔐-Authent-2e205-Tests-User-Registration-API-chromium/video.webm]]
]]>
</system-out>
</testcase>
<testcase name="🔐 Authentication API Tests › User Login API" classname="api-integration.spec.ts" time="4.031">
<failure message="api-integration.spec.ts:72:7 User Login API" type="FAILURE">
<![CDATA[  [chromium] › api-integration.spec.ts:72:7 › 🔐 Authentication API Tests › User Login API ─────────

    Error: expect(received).toBe(expected) // Object.is equality

    Expected: 200
    Received: 405

      78 |     });
      79 |     
    > 80 |     expect(response.status()).toBe(200);
         |                               ^
      81 |     const data = await response.json();
      82 |     expect(data.success).toBe(true);
      83 |     expect(data.token).toBeDefined();
        at /Users/asithalakmal/Documents/web/final project/WeddingLK-next copy/tests/e2e/api-integration.spec.ts:80:31

    attachment #1: screenshot (image/png) ──────────────────────────────────────────────────────────
    ../../test-results/api-integration-🔐-Authentication-API-Tests-User-Login-API-chromium/test-failed-1.png
    ────────────────────────────────────────────────────────────────────────────────────────────────

    attachment #2: video (video/webm) ──────────────────────────────────────────────────────────────
    ../../test-results/api-integration-🔐-Authentication-API-Tests-User-Login-API-chromium/video.webm
    ────────────────────────────────────────────────────────────────────────────────────────────────
]]>
</failure>
<system-out>
<![CDATA[
[[ATTACHMENT|test-results/api-integration-🔐-Authentication-API-Tests-User-Login-API-chromium/test-failed-1.png]]

[[ATTACHMENT|test-results/api-integration-🔐-Authentication-API-Tests-User-Login-API-chromium/video.webm]]
]]>
</system-out>
</testcase>
<testcase name="🔐 Authentication API Tests › Invalid Login API" classname="api-integration.spec.ts" time="3.538">
<failure message="api-integration.spec.ts:87:7 Invalid Login API" type="FAILURE">
<![CDATA[  [chromium] › api-integration.spec.ts:87:7 › 🔐 Authentication API Tests › Invalid Login API ──────

    Error: expect(received).toBe(expected) // Object.is equality

    Expected: 401
    Received: 405

      93 |     });
      94 |     
    > 95 |     expect(response.status()).toBe(401);
         |                               ^
      96 |     const data = await response.json();
      97 |     expect(data.success).toBe(false);
      98 |     expect(data.message).toContain('Invalid credentials');
        at /Users/asithalakmal/Documents/web/final project/WeddingLK-next copy/tests/e2e/api-integration.spec.ts:95:31

    attachment #1: screenshot (image/png) ──────────────────────────────────────────────────────────
    ../../test-results/api-integration-🔐-Authent-4b7fb-API-Tests-Invalid-Login-API-chromium/test-failed-1.png
    ────────────────────────────────────────────────────────────────────────────────────────────────

    attachment #2: video (video/webm) ──────────────────────────────────────────────────────────────
    ../../test-results/api-integration-🔐-Authent-4b7fb-API-Tests-Invalid-Login-API-chromium/video.webm
    ────────────────────────────────────────────────────────────────────────────────────────────────
]]>
</failure>
<system-out>
<![CDATA[
[[ATTACHMENT|test-results/api-integration-🔐-Authent-4b7fb-API-Tests-Invalid-Login-API-chromium/test-failed-1.png]]

[[ATTACHMENT|test-results/api-integration-🔐-Authent-4b7fb-API-Tests-Invalid-Login-API-chromium/video.webm]]
]]>
</system-out>
</testcase>
<testcase name="🔐 Authentication API Tests › Password Reset API" classname="api-integration.spec.ts" time="3.371">
<failure message="api-integration.spec.ts:101:7 Password Reset API" type="FAILURE">
<![CDATA[  [chromium] › api-integration.spec.ts:101:7 › 🔐 Authentication API Tests › Password Reset API ────

    Error: expect(received).toBe(expected) // Object.is equality

    Expected: 200
    Received: 405

      104 |     });
      105 |     
    > 106 |     expect(response.status()).toBe(200);
          |                               ^
      107 |     const data = await response.json();
      108 |     expect(data.success).toBe(true);
      109 |     expect(data.message).toContain('Password reset email sent');
        at /Users/asithalakmal/Documents/web/final project/WeddingLK-next copy/tests/e2e/api-integration.spec.ts:106:31

    attachment #1: screenshot (image/png) ──────────────────────────────────────────────────────────
    ../../test-results/api-integration-🔐-Authent-64b4c-PI-Tests-Password-Reset-API-chromium/test-failed-1.png
    ────────────────────────────────────────────────────────────────────────────────────────────────

    attachment #2: video (video/webm) ──────────────────────────────────────────────────────────────
    ../../test-results/api-integration-🔐-Authent-64b4c-PI-Tests-Password-Reset-API-chromium/video.webm
    ────────────────────────────────────────────────────────────────────────────────────────────────
]]>
</failure>
<system-out>
<![CDATA[
[[ATTACHMENT|test-results/api-integration-🔐-Authent-64b4c-PI-Tests-Password-Reset-API-chromium/test-failed-1.png]]

[[ATTACHMENT|test-results/api-integration-🔐-Authent-64b4c-PI-Tests-Password-Reset-API-chromium/video.webm]]
]]>
</system-out>
</testcase>
<testcase name="🔐 Authentication API Tests › Email Verification API" classname="api-integration.spec.ts" time="5.262">
<failure message="api-integration.spec.ts:112:7 Email Verification API" type="FAILURE">
<![CDATA[  [chromium] › api-integration.spec.ts:112:7 › 🔐 Authentication API Tests › Email Verification API 

    Error: expect(received).toBe(expected) // Object.is equality

    Expected: 200
    Received: 400

      115 |     });
      116 |     
    > 117 |     expect(response.status()).toBe(200);
          |                               ^
      118 |     const data = await response.json();
      119 |     expect(data.success).toBe(true);
      120 |   });
        at /Users/asithalakmal/Documents/web/final project/WeddingLK-next copy/tests/e2e/api-integration.spec.ts:117:31

    attachment #1: screenshot (image/png) ──────────────────────────────────────────────────────────
    ../../test-results/api-integration-🔐-Authent-28344-ests-Email-Verification-API-chromium/test-failed-1.png
    ────────────────────────────────────────────────────────────────────────────────────────────────

    attachment #2: video (video/webm) ──────────────────────────────────────────────────────────────
    ../../test-results/api-integration-🔐-Authent-28344-ests-Email-Verification-API-chromium/video.webm
    ────────────────────────────────────────────────────────────────────────────────────────────────
]]>
</failure>
<system-out>
<![CDATA[
[[ATTACHMENT|test-results/api-integration-🔐-Authent-28344-ests-Email-Verification-API-chromium/test-failed-1.png]]

[[ATTACHMENT|test-results/api-integration-🔐-Authent-28344-ests-Email-Verification-API-chromium/video.webm]]
]]>
</system-out>
</testcase>
<testcase name="👤 User Management API Tests › Get User Profile API" classname="api-integration.spec.ts" time="4.215">
<failure message="api-integration.spec.ts:124:7 Get User Profile API" type="FAILURE">
<![CDATA[  [chromium] › api-integration.spec.ts:124:7 › 👤 User Management API Tests › Get User Profile API ─

    SyntaxError: Unexpected end of JSON input

      43 |     data: { email, password }
      44 |   });
    > 45 |   const data = await response.json();
         |                ^
      46 |   return data.token;
      47 | }
      48 |
        at getAuthToken (/Users/asithalakmal/Documents/web/final project/WeddingLK-next copy/tests/e2e/api-integration.spec.ts:45:16)
        at /Users/asithalakmal/Documents/web/final project/WeddingLK-next copy/tests/e2e/api-integration.spec.ts:125:19

    attachment #1: screenshot (image/png) ──────────────────────────────────────────────────────────
    ../../test-results/api-integration-👤-User-Ma-c1c93--Tests-Get-User-Profile-API-chromium/test-failed-1.png
    ────────────────────────────────────────────────────────────────────────────────────────────────

    attachment #2: video (video/webm) ──────────────────────────────────────────────────────────────
    ../../test-results/api-integration-👤-User-Ma-c1c93--Tests-Get-User-Profile-API-chromium/video.webm
    ────────────────────────────────────────────────────────────────────────────────────────────────
]]>
</failure>
<system-out>
<![CDATA[
[[ATTACHMENT|test-results/api-integration-👤-User-Ma-c1c93--Tests-Get-User-Profile-API-chromium/test-failed-1.png]]

[[ATTACHMENT|test-results/api-integration-👤-User-Ma-c1c93--Tests-Get-User-Profile-API-chromium/video.webm]]
]]>
</system-out>
</testcase>
<testcase name="👤 User Management API Tests › Update User Profile API" classname="api-integration.spec.ts" time="2.484">
<failure message="api-integration.spec.ts:136:7 Update User Profile API" type="FAILURE">
<![CDATA[  [chromium] › api-integration.spec.ts:136:7 › 👤 User Management API Tests › Update User Profile API 

    SyntaxError: Unexpected end of JSON input

      43 |     data: { email, password }
      44 |   });
    > 45 |   const data = await response.json();
         |                ^
      46 |   return data.token;
      47 | }
      48 |
        at getAuthToken (/Users/asithalakmal/Documents/web/final project/WeddingLK-next copy/tests/e2e/api-integration.spec.ts:45:16)
        at /Users/asithalakmal/Documents/web/final project/WeddingLK-next copy/tests/e2e/api-integration.spec.ts:137:19

    attachment #1: screenshot (image/png) ──────────────────────────────────────────────────────────
    ../../test-results/api-integration-👤-User-Ma-6e586-sts-Update-User-Profile-API-chromium/test-failed-1.png
    ────────────────────────────────────────────────────────────────────────────────────────────────

    attachment #2: video (video/webm) ──────────────────────────────────────────────────────────────
    ../../test-results/api-integration-👤-User-Ma-6e586-sts-Update-User-Profile-API-chromium/video.webm
    ────────────────────────────────────────────────────────────────────────────────────────────────
]]>
</failure>
<system-out>
<![CDATA[
[[ATTACHMENT|test-results/api-integration-👤-User-Ma-6e586-sts-Update-User-Profile-API-chromium/test-failed-1.png]]

[[ATTACHMENT|test-results/api-integration-👤-User-Ma-6e586-sts-Update-User-Profile-API-chromium/video.webm]]
]]>
</system-out>
</testcase>
<testcase name="👤 User Management API Tests › Get User Favorites API" classname="api-integration.spec.ts" time="3.364">
<failure message="api-integration.spec.ts:150:7 Get User Favorites API" type="FAILURE">
<![CDATA[  [chromium] › api-integration.spec.ts:150:7 › 👤 User Management API Tests › Get User Favorites API 

    SyntaxError: Unexpected end of JSON input

      43 |     data: { email, password }
      44 |   });
    > 45 |   const data = await response.json();
         |                ^
      46 |   return data.token;
      47 | }
      48 |
        at getAuthToken (/Users/asithalakmal/Documents/web/final project/WeddingLK-next copy/tests/e2e/api-integration.spec.ts:45:16)
        at /Users/asithalakmal/Documents/web/final project/WeddingLK-next copy/tests/e2e/api-integration.spec.ts:151:19

    attachment #1: screenshot (image/png) ──────────────────────────────────────────────────────────
    ../../test-results/api-integration-👤-User-Ma-2df14-ests-Get-User-Favorites-API-chromium/test-failed-1.png
    ────────────────────────────────────────────────────────────────────────────────────────────────

    attachment #2: video (video/webm) ──────────────────────────────────────────────────────────────
    ../../test-results/api-integration-👤-User-Ma-2df14-ests-Get-User-Favorites-API-chromium/video.webm
    ────────────────────────────────────────────────────────────────────────────────────────────────
]]>
</failure>
<system-out>
<![CDATA[
[[ATTACHMENT|test-results/api-integration-👤-User-Ma-2df14-ests-Get-User-Favorites-API-chromium/test-failed-1.png]]

[[ATTACHMENT|test-results/api-integration-👤-User-Ma-2df14-ests-Get-User-Favorites-API-chromium/video.webm]]
]]>
</system-out>
</testcase>
<testcase name="👤 User Management API Tests › Add User Favorite API" classname="api-integration.spec.ts" time="4.43">
<failure message="api-integration.spec.ts:161:7 Add User Favorite API" type="FAILURE">
<![CDATA[  [chromium] › api-integration.spec.ts:161:7 › 👤 User Management API Tests › Add User Favorite API 

    SyntaxError: Unexpected end of JSON input

      43 |     data: { email, password }
      44 |   });
    > 45 |   const data = await response.json();
         |                ^
      46 |   return data.token;
      47 | }
      48 |
        at getAuthToken (/Users/asithalakmal/Documents/web/final project/WeddingLK-next copy/tests/e2e/api-integration.spec.ts:45:16)
        at /Users/asithalakmal/Documents/web/final project/WeddingLK-next copy/tests/e2e/api-integration.spec.ts:162:19

    attachment #1: screenshot (image/png) ──────────────────────────────────────────────────────────
    ../../test-results/api-integration-👤-User-Ma-0917f-Tests-Add-User-Favorite-API-chromium/test-failed-1.png
    ────────────────────────────────────────────────────────────────────────────────────────────────

    attachment #2: video (video/webm) ──────────────────────────────────────────────────────────────
    ../../test-results/api-integration-👤-User-Ma-0917f-Tests-Add-User-Favorite-API-chromium/video.webm
    ────────────────────────────────────────────────────────────────────────────────────────────────
]]>
</failure>
<system-out>
<![CDATA[
[[ATTACHMENT|test-results/api-integration-👤-User-Ma-0917f-Tests-Add-User-Favorite-API-chromium/test-failed-1.png]]

[[ATTACHMENT|test-results/api-integration-👤-User-Ma-0917f-Tests-Add-User-Favorite-API-chromium/video.webm]]
]]>
</system-out>
</testcase>
<testcase name="🏢 Vendor Management API Tests › Vendor Registration API" classname="api-integration.spec.ts" time="2.866">
<failure message="api-integration.spec.ts:177:7 Vendor Registration API" type="FAILURE">
<![CDATA[  [chromium] › api-integration.spec.ts:177:7 › 🏢 Vendor Management API Tests › Vendor Registration API 

    Error: expect(received).toBe(expected) // Object.is equality

    Expected: 201
    Received: 401

      186 |     });
      187 |     
    > 188 |     expect(response.status()).toBe(201);
          |                               ^
      189 |     const data = await response.json();
      190 |     expect(data.success).toBe(true);
      191 |     expect(data.message).toContain('Vendor registration submitted');
        at /Users/asithalakmal/Documents/web/final project/WeddingLK-next copy/tests/e2e/api-integration.spec.ts:188:31

    attachment #1: screenshot (image/png) ──────────────────────────────────────────────────────────
    ../../test-results/api-integration-🏢-Vendor--a5f85-sts-Vendor-Registration-API-chromium/test-failed-1.png
    ────────────────────────────────────────────────────────────────────────────────────────────────

    attachment #2: video (video/webm) ──────────────────────────────────────────────────────────────
    ../../test-results/api-integration-🏢-Vendor--a5f85-sts-Vendor-Registration-API-chromium/video.webm
    ────────────────────────────────────────────────────────────────────────────────────────────────
]]>
</failure>
<system-out>
<![CDATA[
[[ATTACHMENT|test-results/api-integration-🏢-Vendor--a5f85-sts-Vendor-Registration-API-chromium/test-failed-1.png]]

[[ATTACHMENT|test-results/api-integration-🏢-Vendor--a5f85-sts-Vendor-Registration-API-chromium/video.webm]]
]]>
</system-out>
</testcase>
<testcase name="🏢 Vendor Management API Tests › Get Vendor Services API" classname="api-integration.spec.ts" time="2.308">
<failure message="api-integration.spec.ts:194:7 Get Vendor Services API" type="FAILURE">
<![CDATA[  [chromium] › api-integration.spec.ts:194:7 › 🏢 Vendor Management API Tests › Get Vendor Services API 

    SyntaxError: Unexpected end of JSON input

      43 |     data: { email, password }
      44 |   });
    > 45 |   const data = await response.json();
         |                ^
      46 |   return data.token;
      47 | }
      48 |
        at getAuthToken (/Users/asithalakmal/Documents/web/final project/WeddingLK-next copy/tests/e2e/api-integration.spec.ts:45:16)
        at /Users/asithalakmal/Documents/web/final project/WeddingLK-next copy/tests/e2e/api-integration.spec.ts:195:19

    attachment #1: screenshot (image/png) ──────────────────────────────────────────────────────────
    ../../test-results/api-integration-🏢-Vendor--4dc71-sts-Get-Vendor-Services-API-chromium/test-failed-1.png
    ────────────────────────────────────────────────────────────────────────────────────────────────

    attachment #2: video (video/webm) ──────────────────────────────────────────────────────────────
    ../../test-results/api-integration-🏢-Vendor--4dc71-sts-Get-Vendor-Services-API-chromium/video.webm
    ────────────────────────────────────────────────────────────────────────────────────────────────
]]>
</failure>
<system-out>
<![CDATA[
[[ATTACHMENT|test-results/api-integration-🏢-Vendor--4dc71-sts-Get-Vendor-Services-API-chromium/test-failed-1.png]]

[[ATTACHMENT|test-results/api-integration-🏢-Vendor--4dc71-sts-Get-Vendor-Services-API-chromium/video.webm]]
]]>
</system-out>
</testcase>
<testcase name="🏢 Vendor Management API Tests › Create Vendor Service API" classname="api-integration.spec.ts" time="1.674">
<failure message="api-integration.spec.ts:205:7 Create Vendor Service API" type="FAILURE">
<![CDATA[  [chromium] › api-integration.spec.ts:205:7 › 🏢 Vendor Management API Tests › Create Vendor Service API 

    SyntaxError: Unexpected end of JSON input

      43 |     data: { email, password }
      44 |   });
    > 45 |   const data = await response.json();
         |                ^
      46 |   return data.token;
      47 | }
      48 |
        at getAuthToken (/Users/asithalakmal/Documents/web/final project/WeddingLK-next copy/tests/e2e/api-integration.spec.ts:45:16)
        at /Users/asithalakmal/Documents/web/final project/WeddingLK-next copy/tests/e2e/api-integration.spec.ts:206:19

    attachment #1: screenshot (image/png) ──────────────────────────────────────────────────────────
    ../../test-results/api-integration-🏢-Vendor--32b06-s-Create-Vendor-Service-API-chromium/test-failed-1.png
    ────────────────────────────────────────────────────────────────────────────────────────────────

    attachment #2: video (video/webm) ──────────────────────────────────────────────────────────────
    ../../test-results/api-integration-🏢-Vendor--32b06-s-Create-Vendor-Service-API-chromium/video.webm
    ────────────────────────────────────────────────────────────────────────────────────────────────
]]>
</failure>
<system-out>
<![CDATA[
[[ATTACHMENT|test-results/api-integration-🏢-Vendor--32b06-s-Create-Vendor-Service-API-chromium/test-failed-1.png]]

[[ATTACHMENT|test-results/api-integration-🏢-Vendor--32b06-s-Create-Vendor-Service-API-chromium/video.webm]]
]]>
</system-out>
</testcase>
<testcase name="🏢 Vendor Management API Tests › Update Vendor Service API" classname="api-integration.spec.ts" time="2.223">
<failure message="api-integration.spec.ts:221:7 Update Vendor Service API" type="FAILURE">
<![CDATA[  [chromium] › api-integration.spec.ts:221:7 › 🏢 Vendor Management API Tests › Update Vendor Service API 

    SyntaxError: Unexpected end of JSON input

      43 |     data: { email, password }
      44 |   });
    > 45 |   const data = await response.json();
         |                ^
      46 |   return data.token;
      47 | }
      48 |
        at getAuthToken (/Users/asithalakmal/Documents/web/final project/WeddingLK-next copy/tests/e2e/api-integration.spec.ts:45:16)
        at /Users/asithalakmal/Documents/web/final project/WeddingLK-next copy/tests/e2e/api-integration.spec.ts:222:19

    attachment #1: screenshot (image/png) ──────────────────────────────────────────────────────────
    ../../test-results/api-integration-🏢-Vendor--8ad41-s-Update-Vendor-Service-API-chromium/test-failed-1.png
    ────────────────────────────────────────────────────────────────────────────────────────────────

    attachment #2: video (video/webm) ──────────────────────────────────────────────────────────────
    ../../test-results/api-integration-🏢-Vendor--8ad41-s-Update-Vendor-Service-API-chromium/video.webm
    ────────────────────────────────────────────────────────────────────────────────────────────────
]]>
</failure>
<system-out>
<![CDATA[
[[ATTACHMENT|test-results/api-integration-🏢-Vendor--8ad41-s-Update-Vendor-Service-API-chromium/test-failed-1.png]]

[[ATTACHMENT|test-results/api-integration-🏢-Vendor--8ad41-s-Update-Vendor-Service-API-chromium/video.webm]]
]]>
</system-out>
</testcase>
<testcase name="🏢 Vendor Management API Tests › Delete Vendor Service API" classname="api-integration.spec.ts" time="2.804">
<failure message="api-integration.spec.ts:235:7 Delete Vendor Service API" type="FAILURE">
<![CDATA[  [chromium] › api-integration.spec.ts:235:7 › 🏢 Vendor Management API Tests › Delete Vendor Service API 

    SyntaxError: Unexpected end of JSON input

      43 |     data: { email, password }
      44 |   });
    > 45 |   const data = await response.json();
         |                ^
      46 |   return data.token;
      47 | }
      48 |
        at getAuthToken (/Users/asithalakmal/Documents/web/final project/WeddingLK-next copy/tests/e2e/api-integration.spec.ts:45:16)
        at /Users/asithalakmal/Documents/web/final project/WeddingLK-next copy/tests/e2e/api-integration.spec.ts:236:19

    attachment #1: screenshot (image/png) ──────────────────────────────────────────────────────────
    ../../test-results/api-integration-🏢-Vendor--3ac39-s-Delete-Vendor-Service-API-chromium/test-failed-1.png
    ────────────────────────────────────────────────────────────────────────────────────────────────

    attachment #2: video (video/webm) ──────────────────────────────────────────────────────────────
    ../../test-results/api-integration-🏢-Vendor--3ac39-s-Delete-Vendor-Service-API-chromium/video.webm
    ────────────────────────────────────────────────────────────────────────────────────────────────
]]>
</failure>
<system-out>
<![CDATA[
[[ATTACHMENT|test-results/api-integration-🏢-Vendor--3ac39-s-Delete-Vendor-Service-API-chromium/test-failed-1.png]]

[[ATTACHMENT|test-results/api-integration-🏢-Vendor--3ac39-s-Delete-Vendor-Service-API-chromium/video.webm]]
]]>
</system-out>
</testcase>
<testcase name="🏢 Vendor Management API Tests › Get Vendor Analytics API" classname="api-integration.spec.ts" time="3.206">
<failure message="api-integration.spec.ts:246:7 Get Vendor Analytics API" type="FAILURE">
<![CDATA[  [chromium] › api-integration.spec.ts:246:7 › 🏢 Vendor Management API Tests › Get Vendor Analytics API 

    SyntaxError: Unexpected end of JSON input

      43 |     data: { email, password }
      44 |   });
    > 45 |   const data = await response.json();
         |                ^
      46 |   return data.token;
      47 | }
      48 |
        at getAuthToken (/Users/asithalakmal/Documents/web/final project/WeddingLK-next copy/tests/e2e/api-integration.spec.ts:45:16)
        at /Users/asithalakmal/Documents/web/final project/WeddingLK-next copy/tests/e2e/api-integration.spec.ts:247:19

    attachment #1: screenshot (image/png) ──────────────────────────────────────────────────────────
    ../../test-results/api-integration-🏢-Vendor--6b8fc-ts-Get-Vendor-Analytics-API-chromium/test-failed-1.png
    ────────────────────────────────────────────────────────────────────────────────────────────────

    attachment #2: video (video/webm) ──────────────────────────────────────────────────────────────
    ../../test-results/api-integration-🏢-Vendor--6b8fc-ts-Get-Vendor-Analytics-API-chromium/video.webm
    ────────────────────────────────────────────────────────────────────────────────────────────────
]]>
</failure>
<system-out>
<![CDATA[
[[ATTACHMENT|test-results/api-integration-🏢-Vendor--6b8fc-ts-Get-Vendor-Analytics-API-chromium/test-failed-1.png]]

[[ATTACHMENT|test-results/api-integration-🏢-Vendor--6b8fc-ts-Get-Vendor-Analytics-API-chromium/video.webm]]
]]>
</system-out>
</testcase>
<testcase name="📅 Booking Management API Tests › Create Booking API" classname="api-integration.spec.ts" time="2.529">
<failure message="api-integration.spec.ts:261:7 Create Booking API" type="FAILURE">
<![CDATA[  [chromium] › api-integration.spec.ts:261:7 › 📅 Booking Management API Tests › Create Booking API 

    SyntaxError: Unexpected end of JSON input

      43 |     data: { email, password }
      44 |   });
    > 45 |   const data = await response.json();
         |                ^
      46 |   return data.token;
      47 | }
      48 |
        at getAuthToken (/Users/asithalakmal/Documents/web/final project/WeddingLK-next copy/tests/e2e/api-integration.spec.ts:45:16)
        at /Users/asithalakmal/Documents/web/final project/WeddingLK-next copy/tests/e2e/api-integration.spec.ts:262:19

    attachment #1: screenshot (image/png) ──────────────────────────────────────────────────────────
    ../../test-results/api-integration-📅-Booking-f6016-PI-Tests-Create-Booking-API-chromium/test-failed-1.png
    ────────────────────────────────────────────────────────────────────────────────────────────────

    attachment #2: video (video/webm) ──────────────────────────────────────────────────────────────
    ../../test-results/api-integration-📅-Booking-f6016-PI-Tests-Create-Booking-API-chromium/video.webm
    ────────────────────────────────────────────────────────────────────────────────────────────────
]]>
</failure>
<system-out>
<![CDATA[
[[ATTACHMENT|test-results/api-integration-📅-Booking-f6016-PI-Tests-Create-Booking-API-chromium/test-failed-1.png]]

[[ATTACHMENT|test-results/api-integration-📅-Booking-f6016-PI-Tests-Create-Booking-API-chromium/video.webm]]
]]>
</system-out>
</testcase>
<testcase name="📅 Booking Management API Tests › Get User Bookings API" classname="api-integration.spec.ts" time="2.365">
<failure message="api-integration.spec.ts:279:7 Get User Bookings API" type="FAILURE">
<![CDATA[  [chromium] › api-integration.spec.ts:279:7 › 📅 Booking Management API Tests › Get User Bookings API 

    SyntaxError: Unexpected end of JSON input

      43 |     data: { email, password }
      44 |   });
    > 45 |   const data = await response.json();
         |                ^
      46 |   return data.token;
      47 | }
      48 |
        at getAuthToken (/Users/asithalakmal/Documents/web/final project/WeddingLK-next copy/tests/e2e/api-integration.spec.ts:45:16)
        at /Users/asithalakmal/Documents/web/final project/WeddingLK-next copy/tests/e2e/api-integration.spec.ts:280:19

    attachment #1: screenshot (image/png) ──────────────────────────────────────────────────────────
    ../../test-results/api-integration-📅-Booking-0e3ce-Tests-Get-User-Bookings-API-chromium/test-failed-1.png
    ────────────────────────────────────────────────────────────────────────────────────────────────

    attachment #2: video (video/webm) ──────────────────────────────────────────────────────────────
    ../../test-results/api-integration-📅-Booking-0e3ce-Tests-Get-User-Bookings-API-chromium/video.webm
    ────────────────────────────────────────────────────────────────────────────────────────────────
]]>
</failure>
<system-out>
<![CDATA[
[[ATTACHMENT|test-results/api-integration-📅-Booking-0e3ce-Tests-Get-User-Bookings-API-chromium/test-failed-1.png]]

[[ATTACHMENT|test-results/api-integration-📅-Booking-0e3ce-Tests-Get-User-Bookings-API-chromium/video.webm]]
]]>
</system-out>
</testcase>
<testcase name="📅 Booking Management API Tests › Update Booking API" classname="api-integration.spec.ts" time="2.123">
<failure message="api-integration.spec.ts:290:7 Update Booking API" type="FAILURE">
<![CDATA[  [chromium] › api-integration.spec.ts:290:7 › 📅 Booking Management API Tests › Update Booking API 

    SyntaxError: Unexpected end of JSON input

      43 |     data: { email, password }
      44 |   });
    > 45 |   const data = await response.json();
         |                ^
      46 |   return data.token;
      47 | }
      48 |
        at getAuthToken (/Users/asithalakmal/Documents/web/final project/WeddingLK-next copy/tests/e2e/api-integration.spec.ts:45:16)
        at /Users/asithalakmal/Documents/web/final project/WeddingLK-next copy/tests/e2e/api-integration.spec.ts:291:19

    attachment #1: screenshot (image/png) ──────────────────────────────────────────────────────────
    ../../test-results/api-integration-📅-Booking-a7a44-PI-Tests-Update-Booking-API-chromium/test-failed-1.png
    ────────────────────────────────────────────────────────────────────────────────────────────────

    attachment #2: video (video/webm) ──────────────────────────────────────────────────────────────
    ../../test-results/api-integration-📅-Booking-a7a44-PI-Tests-Update-Booking-API-chromium/video.webm
    ────────────────────────────────────────────────────────────────────────────────────────────────
]]>
</failure>
<system-out>
<![CDATA[
[[ATTACHMENT|test-results/api-integration-📅-Booking-a7a44-PI-Tests-Update-Booking-API-chromium/test-failed-1.png]]

[[ATTACHMENT|test-results/api-integration-📅-Booking-a7a44-PI-Tests-Update-Booking-API-chromium/video.webm]]
]]>
</system-out>
</testcase>
<testcase name="📅 Booking Management API Tests › Cancel Booking API" classname="api-integration.spec.ts" time="2.123">
<failure message="api-integration.spec.ts:304:7 Cancel Booking API" type="FAILURE">
<![CDATA[  [chromium] › api-integration.spec.ts:304:7 › 📅 Booking Management API Tests › Cancel Booking API 

    SyntaxError: Unexpected end of JSON input

      43 |     data: { email, password }
      44 |   });
    > 45 |   const data = await response.json();
         |                ^
      46 |   return data.token;
      47 | }
      48 |
        at getAuthToken (/Users/asithalakmal/Documents/web/final project/WeddingLK-next copy/tests/e2e/api-integration.spec.ts:45:16)
        at /Users/asithalakmal/Documents/web/final project/WeddingLK-next copy/tests/e2e/api-integration.spec.ts:305:19

    attachment #1: screenshot (image/png) ──────────────────────────────────────────────────────────
    ../../test-results/api-integration-📅-Booking-7c911-PI-Tests-Cancel-Booking-API-chromium/test-failed-1.png
    ────────────────────────────────────────────────────────────────────────────────────────────────

    attachment #2: video (video/webm) ──────────────────────────────────────────────────────────────
    ../../test-results/api-integration-📅-Booking-7c911-PI-Tests-Cancel-Booking-API-chromium/video.webm
    ────────────────────────────────────────────────────────────────────────────────────────────────
]]>
</failure>
<system-out>
<![CDATA[
[[ATTACHMENT|test-results/api-integration-📅-Booking-7c911-PI-Tests-Cancel-Booking-API-chromium/test-failed-1.png]]

[[ATTACHMENT|test-results/api-integration-📅-Booking-7c911-PI-Tests-Cancel-Booking-API-chromium/video.webm]]
]]>
</system-out>
</testcase>
<testcase name="📅 Booking Management API Tests › Get Vendor Bookings API" classname="api-integration.spec.ts" time="2.132">
<failure message="api-integration.spec.ts:315:7 Get Vendor Bookings API" type="FAILURE">
<![CDATA[  [chromium] › api-integration.spec.ts:315:7 › 📅 Booking Management API Tests › Get Vendor Bookings API 

    SyntaxError: Unexpected end of JSON input

      43 |     data: { email, password }
      44 |   });
    > 45 |   const data = await response.json();
         |                ^
      46 |   return data.token;
      47 | }
      48 |
        at getAuthToken (/Users/asithalakmal/Documents/web/final project/WeddingLK-next copy/tests/e2e/api-integration.spec.ts:45:16)
        at /Users/asithalakmal/Documents/web/final project/WeddingLK-next copy/tests/e2e/api-integration.spec.ts:316:19

    attachment #1: screenshot (image/png) ──────────────────────────────────────────────────────────
    ../../test-results/api-integration-📅-Booking-a710b-sts-Get-Vendor-Bookings-API-chromium/test-failed-1.png
    ────────────────────────────────────────────────────────────────────────────────────────────────

    attachment #2: video (video/webm) ──────────────────────────────────────────────────────────────
    ../../test-results/api-integration-📅-Booking-a710b-sts-Get-Vendor-Bookings-API-chromium/video.webm
    ────────────────────────────────────────────────────────────────────────────────────────────────
]]>
</failure>
<system-out>
<![CDATA[
[[ATTACHMENT|test-results/api-integration-📅-Booking-a710b-sts-Get-Vendor-Bookings-API-chromium/test-failed-1.png]]

[[ATTACHMENT|test-results/api-integration-📅-Booking-a710b-sts-Get-Vendor-Bookings-API-chromium/video.webm]]
]]>
</system-out>
</testcase>
<testcase name="📅 Booking Management API Tests › Update Booking Status API" classname="api-integration.spec.ts" time="2.262">
<failure message="api-integration.spec.ts:326:7 Update Booking Status API" type="FAILURE">
<![CDATA[  [chromium] › api-integration.spec.ts:326:7 › 📅 Booking Management API Tests › Update Booking Status API 

    SyntaxError: Unexpected end of JSON input

      43 |     data: { email, password }
      44 |   });
    > 45 |   const data = await response.json();
         |                ^
      46 |   return data.token;
      47 | }
      48 |
        at getAuthToken (/Users/asithalakmal/Documents/web/final project/WeddingLK-next copy/tests/e2e/api-integration.spec.ts:45:16)
        at /Users/asithalakmal/Documents/web/final project/WeddingLK-next copy/tests/e2e/api-integration.spec.ts:327:19

    attachment #1: screenshot (image/png) ──────────────────────────────────────────────────────────
    ../../test-results/api-integration-📅-Booking-458f2-s-Update-Booking-Status-API-chromium/test-failed-1.png
    ────────────────────────────────────────────────────────────────────────────────────────────────

    attachment #2: video (video/webm) ──────────────────────────────────────────────────────────────
    ../../test-results/api-integration-📅-Booking-458f2-s-Update-Booking-Status-API-chromium/video.webm
    ────────────────────────────────────────────────────────────────────────────────────────────────
]]>
</failure>
<system-out>
<![CDATA[
[[ATTACHMENT|test-results/api-integration-📅-Booking-458f2-s-Update-Booking-Status-API-chromium/test-failed-1.png]]

[[ATTACHMENT|test-results/api-integration-📅-Booking-458f2-s-Update-Booking-Status-API-chromium/video.webm]]
]]>
</system-out>
</testcase>
<testcase name="🏛️ Venue Management API Tests › Get Venues API" classname="api-integration.spec.ts" time="2.591">
</testcase>
<testcase name="🏛️ Venue Management API Tests › Get Venue by ID API" classname="api-integration.spec.ts" time="3.327">
<failure message="api-integration.spec.ts:350:7 Get Venue by ID API" type="FAILURE">
<![CDATA[  [chromium] › api-integration.spec.ts:350:7 › 🏛️ Venue Management API Tests › Get Venue by ID API 

    Error: expect(received).toBe(expected) // Object.is equality

    Expected: 200
    Received: 500

      350 |   test('Get Venue by ID API', async ({ page }) => {
      351 |     const response = await page.request.get('/api/venues/test-venue-id');
    > 352 |     expect(response.status()).toBe(200);
          |                               ^
      353 |     
      354 |     const data = await response.json();
      355 |     expect(data.success).toBe(true);
        at /Users/asithalakmal/Documents/web/final project/WeddingLK-next copy/tests/e2e/api-integration.spec.ts:352:31

    attachment #1: screenshot (image/png) ──────────────────────────────────────────────────────────
    ../../test-results/api-integration-🏛️-Venue--f15e9-I-Tests-Get-Venue-by-ID-API-chromium/test-failed-1.png
    ────────────────────────────────────────────────────────────────────────────────────────────────

    attachment #2: video (video/webm) ──────────────────────────────────────────────────────────────
    ../../test-results/api-integration-🏛️-Venue--f15e9-I-Tests-Get-Venue-by-ID-API-chromium/video.webm
    ────────────────────────────────────────────────────────────────────────────────────────────────
]]>
</failure>
<system-out>
<![CDATA[
[[ATTACHMENT|test-results/api-integration-🏛️-Venue--f15e9-I-Tests-Get-Venue-by-ID-API-chromium/test-failed-1.png]]

[[ATTACHMENT|test-results/api-integration-🏛️-Venue--f15e9-I-Tests-Get-Venue-by-ID-API-chromium/video.webm]]
]]>
</system-out>
</testcase>
<testcase name="🏛️ Venue Management API Tests › Search Venues API" classname="api-integration.spec.ts" time="1.922">
</testcase>
<testcase name="🏛️ Venue Management API Tests › Get Venue Availability API" classname="api-integration.spec.ts" time="1.441">
<failure message="api-integration.spec.ts:368:7 Get Venue Availability API" type="FAILURE">
<![CDATA[  [chromium] › api-integration.spec.ts:368:7 › 🏛️ Venue Management API Tests › Get Venue Availability API 

    Error: expect(received).toBe(expected) // Object.is equality

    Expected: 200
    Received: 500

      368 |   test('Get Venue Availability API', async ({ page }) => {
      369 |     const response = await page.request.get('/api/venues/availability?venueId=test-venue-id&date=2024-12-25');
    > 370 |     expect(response.status()).toBe(200);
          |                               ^
      371 |     
      372 |     const data = await response.json();
      373 |     expect(data.success).toBe(true);
        at /Users/asithalakmal/Documents/web/final project/WeddingLK-next copy/tests/e2e/api-integration.spec.ts:370:31

    attachment #1: screenshot (image/png) ──────────────────────────────────────────────────────────
    ../../test-results/api-integration-🏛️-Venue--1dc52--Get-Venue-Availability-API-chromium/test-failed-1.png
    ────────────────────────────────────────────────────────────────────────────────────────────────

    attachment #2: video (video/webm) ──────────────────────────────────────────────────────────────
    ../../test-results/api-integration-🏛️-Venue--1dc52--Get-Venue-Availability-API-chromium/video.webm
    ────────────────────────────────────────────────────────────────────────────────────────────────
]]>
</failure>
<system-out>
<![CDATA[
[[ATTACHMENT|test-results/api-integration-🏛️-Venue--1dc52--Get-Venue-Availability-API-chromium/test-failed-1.png]]

[[ATTACHMENT|test-results/api-integration-🏛️-Venue--1dc52--Get-Venue-Availability-API-chromium/video.webm]]
]]>
</system-out>
</testcase>
<testcase name="💳 Payment API Tests › Create Payment Intent API" classname="api-integration.spec.ts" time="1.851">
<failure message="api-integration.spec.ts:379:7 Create Payment Intent API" type="FAILURE">
<![CDATA[  [chromium] › api-integration.spec.ts:379:7 › 💳 Payment API Tests › Create Payment Intent API ────

    SyntaxError: Unexpected end of JSON input

      43 |     data: { email, password }
      44 |   });
    > 45 |   const data = await response.json();
         |                ^
      46 |   return data.token;
      47 | }
      48 |
        at getAuthToken (/Users/asithalakmal/Documents/web/final project/WeddingLK-next copy/tests/e2e/api-integration.spec.ts:45:16)
        at /Users/asithalakmal/Documents/web/final project/WeddingLK-next copy/tests/e2e/api-integration.spec.ts:380:19

    attachment #1: screenshot (image/png) ──────────────────────────────────────────────────────────
    ../../test-results/api-integration-💳-Payment-a4c14-s-Create-Payment-Intent-API-chromium/test-failed-1.png
    ────────────────────────────────────────────────────────────────────────────────────────────────

    attachment #2: video (video/webm) ──────────────────────────────────────────────────────────────
    ../../test-results/api-integration-💳-Payment-a4c14-s-Create-Payment-Intent-API-chromium/video.webm
    ────────────────────────────────────────────────────────────────────────────────────────────────
]]>
</failure>
<system-out>
<![CDATA[
[[ATTACHMENT|test-results/api-integration-💳-Payment-a4c14-s-Create-Payment-Intent-API-chromium/test-failed-1.png]]

[[ATTACHMENT|test-results/api-integration-💳-Payment-a4c14-s-Create-Payment-Intent-API-chromium/video.webm]]
]]>
</system-out>
</testcase>
<testcase name="💳 Payment API Tests › Get Payment History API" classname="api-integration.spec.ts" time="1.51">
<failure message="api-integration.spec.ts:394:7 Get Payment History API" type="FAILURE">
<![CDATA[  [chromium] › api-integration.spec.ts:394:7 › 💳 Payment API Tests › Get Payment History API ──────

    SyntaxError: Unexpected end of JSON input

      43 |     data: { email, password }
      44 |   });
    > 45 |   const data = await response.json();
         |                ^
      46 |   return data.token;
      47 | }
      48 |
        at getAuthToken (/Users/asithalakmal/Documents/web/final project/WeddingLK-next copy/tests/e2e/api-integration.spec.ts:45:16)
        at /Users/asithalakmal/Documents/web/final project/WeddingLK-next copy/tests/e2e/api-integration.spec.ts:395:19

    attachment #1: screenshot (image/png) ──────────────────────────────────────────────────────────
    ../../test-results/api-integration-💳-Payment-API-Tests-Get-Payment-History-API-chromium/test-failed-1.png
    ────────────────────────────────────────────────────────────────────────────────────────────────

    attachment #2: video (video/webm) ──────────────────────────────────────────────────────────────
    ../../test-results/api-integration-💳-Payment-API-Tests-Get-Payment-History-API-chromium/video.webm
    ────────────────────────────────────────────────────────────────────────────────────────────────
]]>
</failure>
<system-out>
<![CDATA[
[[ATTACHMENT|test-results/api-integration-💳-Payment-API-Tests-Get-Payment-History-API-chromium/test-failed-1.png]]

[[ATTACHMENT|test-results/api-integration-💳-Payment-API-Tests-Get-Payment-History-API-chromium/video.webm]]
]]>
</system-out>
</testcase>
<testcase name="💳 Payment API Tests › Get Payment by ID API" classname="api-integration.spec.ts" time="2.015">
<failure message="api-integration.spec.ts:405:7 Get Payment by ID API" type="FAILURE">
<![CDATA[  [chromium] › api-integration.spec.ts:405:7 › 💳 Payment API Tests › Get Payment by ID API ────────

    SyntaxError: Unexpected end of JSON input

      43 |     data: { email, password }
      44 |   });
    > 45 |   const data = await response.json();
         |                ^
      46 |   return data.token;
      47 | }
      48 |
        at getAuthToken (/Users/asithalakmal/Documents/web/final project/WeddingLK-next copy/tests/e2e/api-integration.spec.ts:45:16)
        at /Users/asithalakmal/Documents/web/final project/WeddingLK-next copy/tests/e2e/api-integration.spec.ts:406:19

    attachment #1: screenshot (image/png) ──────────────────────────────────────────────────────────
    ../../test-results/api-integration-💳-Payment-API-Tests-Get-Payment-by-ID-API-chromium/test-failed-1.png
    ────────────────────────────────────────────────────────────────────────────────────────────────

    attachment #2: video (video/webm) ──────────────────────────────────────────────────────────────
    ../../test-results/api-integration-💳-Payment-API-Tests-Get-Payment-by-ID-API-chromium/video.webm
    ────────────────────────────────────────────────────────────────────────────────────────────────
]]>
</failure>
<system-out>
<![CDATA[
[[ATTACHMENT|test-results/api-integration-💳-Payment-API-Tests-Get-Payment-by-ID-API-chromium/test-failed-1.png]]

[[ATTACHMENT|test-results/api-integration-💳-Payment-API-Tests-Get-Payment-by-ID-API-chromium/video.webm]]
]]>
</system-out>
</testcase>
<testcase name="📊 Dashboard API Tests › Get Dashboard Stats API" classname="api-integration.spec.ts" time="2.015">
<failure message="api-integration.spec.ts:418:7 Get Dashboard Stats API" type="FAILURE">
<![CDATA[  [chromium] › api-integration.spec.ts:418:7 › 📊 Dashboard API Tests › Get Dashboard Stats API ────

    SyntaxError: Unexpected end of JSON input

      43 |     data: { email, password }
      44 |   });
    > 45 |   const data = await response.json();
         |                ^
      46 |   return data.token;
      47 | }
      48 |
        at getAuthToken (/Users/asithalakmal/Documents/web/final project/WeddingLK-next copy/tests/e2e/api-integration.spec.ts:45:16)
        at /Users/asithalakmal/Documents/web/final project/WeddingLK-next copy/tests/e2e/api-integration.spec.ts:419:19

    attachment #1: screenshot (image/png) ──────────────────────────────────────────────────────────
    ../../test-results/api-integration-📊-Dashboa-bf9ef-sts-Get-Dashboard-Stats-API-chromium/test-failed-1.png
    ────────────────────────────────────────────────────────────────────────────────────────────────

    attachment #2: video (video/webm) ──────────────────────────────────────────────────────────────
    ../../test-results/api-integration-📊-Dashboa-bf9ef-sts-Get-Dashboard-Stats-API-chromium/video.webm
    ────────────────────────────────────────────────────────────────────────────────────────────────
]]>
</failure>
<system-out>
<![CDATA[
[[ATTACHMENT|test-results/api-integration-📊-Dashboa-bf9ef-sts-Get-Dashboard-Stats-API-chromium/test-failed-1.png]]

[[ATTACHMENT|test-results/api-integration-📊-Dashboa-bf9ef-sts-Get-Dashboard-Stats-API-chromium/video.webm]]
]]>
</system-out>
</testcase>
<testcase name="📊 Dashboard API Tests › Get Dashboard Activity API" classname="api-integration.spec.ts" time="3.665">
<failure message="api-integration.spec.ts:431:7 Get Dashboard Activity API" type="FAILURE">
<![CDATA[  [chromium] › api-integration.spec.ts:431:7 › 📊 Dashboard API Tests › Get Dashboard Activity API ─

    SyntaxError: Unexpected end of JSON input

      43 |     data: { email, password }
      44 |   });
    > 45 |   const data = await response.json();
         |                ^
      46 |   return data.token;
      47 | }
      48 |
        at getAuthToken (/Users/asithalakmal/Documents/web/final project/WeddingLK-next copy/tests/e2e/api-integration.spec.ts:45:16)
        at /Users/asithalakmal/Documents/web/final project/WeddingLK-next copy/tests/e2e/api-integration.spec.ts:432:19

    attachment #1: screenshot (image/png) ──────────────────────────────────────────────────────────
    ../../test-results/api-integration-📊-Dashboa-0cd31--Get-Dashboard-Activity-API-chromium/test-failed-1.png
    ────────────────────────────────────────────────────────────────────────────────────────────────

    attachment #2: video (video/webm) ──────────────────────────────────────────────────────────────
    ../../test-results/api-integration-📊-Dashboa-0cd31--Get-Dashboard-Activity-API-chromium/video.webm
    ────────────────────────────────────────────────────────────────────────────────────────────────
]]>
</failure>
<system-out>
<![CDATA[
[[ATTACHMENT|test-results/api-integration-📊-Dashboa-0cd31--Get-Dashboard-Activity-API-chromium/test-failed-1.png]]

[[ATTACHMENT|test-results/api-integration-📊-Dashboa-0cd31--Get-Dashboard-Activity-API-chromium/video.webm]]
]]>
</system-out>
</testcase>
<testcase name="📊 Dashboard API Tests › Get User Dashboard Stats API" classname="api-integration.spec.ts" time="4.255">
<failure message="api-integration.spec.ts:442:7 Get User Dashboard Stats API" type="FAILURE">
<![CDATA[  [chromium] › api-integration.spec.ts:442:7 › 📊 Dashboard API Tests › Get User Dashboard Stats API 

    SyntaxError: Unexpected end of JSON input

      43 |     data: { email, password }
      44 |   });
    > 45 |   const data = await response.json();
         |                ^
      46 |   return data.token;
      47 | }
      48 |
        at getAuthToken (/Users/asithalakmal/Documents/web/final project/WeddingLK-next copy/tests/e2e/api-integration.spec.ts:45:16)
        at /Users/asithalakmal/Documents/web/final project/WeddingLK-next copy/tests/e2e/api-integration.spec.ts:443:19

    attachment #1: screenshot (image/png) ──────────────────────────────────────────────────────────
    ../../test-results/api-integration-📊-Dashboa-f50b7-et-User-Dashboard-Stats-API-chromium/test-failed-1.png
    ────────────────────────────────────────────────────────────────────────────────────────────────

    attachment #2: video (video/webm) ──────────────────────────────────────────────────────────────
    ../../test-results/api-integration-📊-Dashboa-f50b7-et-User-Dashboard-Stats-API-chromium/video.webm
    ────────────────────────────────────────────────────────────────────────────────────────────────
]]>
</failure>
<system-out>
<![CDATA[
[[ATTACHMENT|test-results/api-integration-📊-Dashboa-f50b7-et-User-Dashboard-Stats-API-chromium/test-failed-1.png]]

[[ATTACHMENT|test-results/api-integration-📊-Dashboa-f50b7-et-User-Dashboard-Stats-API-chromium/video.webm]]
]]>
</system-out>
</testcase>
<testcase name="📊 Dashboard API Tests › Get Vendor Dashboard Stats API" classname="api-integration.spec.ts" time="2.17">
<failure message="api-integration.spec.ts:453:7 Get Vendor Dashboard Stats API" type="FAILURE">
<![CDATA[  [chromium] › api-integration.spec.ts:453:7 › 📊 Dashboard API Tests › Get Vendor Dashboard Stats API 

    SyntaxError: Unexpected end of JSON input

      43 |     data: { email, password }
      44 |   });
    > 45 |   const data = await response.json();
         |                ^
      46 |   return data.token;
      47 | }
      48 |
        at getAuthToken (/Users/asithalakmal/Documents/web/final project/WeddingLK-next copy/tests/e2e/api-integration.spec.ts:45:16)
        at /Users/asithalakmal/Documents/web/final project/WeddingLK-next copy/tests/e2e/api-integration.spec.ts:454:19

    attachment #1: screenshot (image/png) ──────────────────────────────────────────────────────────
    ../../test-results/api-integration-📊-Dashboa-87572--Vendor-Dashboard-Stats-API-chromium/test-failed-1.png
    ────────────────────────────────────────────────────────────────────────────────────────────────

    attachment #2: video (video/webm) ──────────────────────────────────────────────────────────────
    ../../test-results/api-integration-📊-Dashboa-87572--Vendor-Dashboard-Stats-API-chromium/video.webm
    ────────────────────────────────────────────────────────────────────────────────────────────────
]]>
</failure>
<system-out>
<![CDATA[
[[ATTACHMENT|test-results/api-integration-📊-Dashboa-87572--Vendor-Dashboard-Stats-API-chromium/test-failed-1.png]]

[[ATTACHMENT|test-results/api-integration-📊-Dashboa-87572--Vendor-Dashboard-Stats-API-chromium/video.webm]]
]]>
</system-out>
</testcase>
<testcase name="📊 Dashboard API Tests › Get Admin Dashboard Stats API" classname="api-integration.spec.ts" time="2.042">
<failure message="api-integration.spec.ts:464:7 Get Admin Dashboard Stats API" type="FAILURE">
<![CDATA[  [chromium] › api-integration.spec.ts:464:7 › 📊 Dashboard API Tests › Get Admin Dashboard Stats API 

    SyntaxError: Unexpected end of JSON input

      43 |     data: { email, password }
      44 |   });
    > 45 |   const data = await response.json();
         |                ^
      46 |   return data.token;
      47 | }
      48 |
        at getAuthToken (/Users/asithalakmal/Documents/web/final project/WeddingLK-next copy/tests/e2e/api-integration.spec.ts:45:16)
        at /Users/asithalakmal/Documents/web/final project/WeddingLK-next copy/tests/e2e/api-integration.spec.ts:465:19

    attachment #1: screenshot (image/png) ──────────────────────────────────────────────────────────
    ../../test-results/api-integration-📊-Dashboa-9ac1f-t-Admin-Dashboard-Stats-API-chromium/test-failed-1.png
    ────────────────────────────────────────────────────────────────────────────────────────────────

    attachment #2: video (video/webm) ──────────────────────────────────────────────────────────────
    ../../test-results/api-integration-📊-Dashboa-9ac1f-t-Admin-Dashboard-Stats-API-chromium/video.webm
    ────────────────────────────────────────────────────────────────────────────────────────────────
]]>
</failure>
<system-out>
<![CDATA[
[[ATTACHMENT|test-results/api-integration-📊-Dashboa-9ac1f-t-Admin-Dashboard-Stats-API-chromium/test-failed-1.png]]

[[ATTACHMENT|test-results/api-integration-📊-Dashboa-9ac1f-t-Admin-Dashboard-Stats-API-chromium/video.webm]]
]]>
</system-out>
</testcase>
<testcase name="👥 Wedding Planner API Tests › Get Planner Clients API" classname="api-integration.spec.ts" time="2.667">
<failure message="api-integration.spec.ts:477:7 Get Planner Clients API" type="FAILURE">
<![CDATA[  [chromium] › api-integration.spec.ts:477:7 › 👥 Wedding Planner API Tests › Get Planner Clients API 

    SyntaxError: Unexpected end of JSON input

      43 |     data: { email, password }
      44 |   });
    > 45 |   const data = await response.json();
         |                ^
      46 |   return data.token;
      47 | }
      48 |
        at getAuthToken (/Users/asithalakmal/Documents/web/final project/WeddingLK-next copy/tests/e2e/api-integration.spec.ts:45:16)
        at /Users/asithalakmal/Documents/web/final project/WeddingLK-next copy/tests/e2e/api-integration.spec.ts:478:19

    attachment #1: screenshot (image/png) ──────────────────────────────────────────────────────────
    ../../test-results/api-integration-👥-Wedding-2c0a3-sts-Get-Planner-Clients-API-chromium/test-failed-1.png
    ────────────────────────────────────────────────────────────────────────────────────────────────

    attachment #2: video (video/webm) ──────────────────────────────────────────────────────────────
    ../../test-results/api-integration-👥-Wedding-2c0a3-sts-Get-Planner-Clients-API-chromium/video.webm
    ────────────────────────────────────────────────────────────────────────────────────────────────
]]>
</failure>
<system-out>
<![CDATA[
[[ATTACHMENT|test-results/api-integration-👥-Wedding-2c0a3-sts-Get-Planner-Clients-API-chromium/test-failed-1.png]]

[[ATTACHMENT|test-results/api-integration-👥-Wedding-2c0a3-sts-Get-Planner-Clients-API-chromium/video.webm]]
]]>
</system-out>
</testcase>
<testcase name="👥 Wedding Planner API Tests › Create Planner Client API" classname="api-integration.spec.ts" time="1.476">
<failure message="api-integration.spec.ts:488:7 Create Planner Client API" type="FAILURE">
<![CDATA[  [chromium] › api-integration.spec.ts:488:7 › 👥 Wedding Planner API Tests › Create Planner Client API 

    SyntaxError: Unexpected end of JSON input

      43 |     data: { email, password }
      44 |   });
    > 45 |   const data = await response.json();
         |                ^
      46 |   return data.token;
      47 | }
      48 |
        at getAuthToken (/Users/asithalakmal/Documents/web/final project/WeddingLK-next copy/tests/e2e/api-integration.spec.ts:45:16)
        at /Users/asithalakmal/Documents/web/final project/WeddingLK-next copy/tests/e2e/api-integration.spec.ts:489:19

    attachment #1: screenshot (image/png) ──────────────────────────────────────────────────────────
    ../../test-results/api-integration-👥-Wedding-61866-s-Create-Planner-Client-API-chromium/test-failed-1.png
    ────────────────────────────────────────────────────────────────────────────────────────────────

    attachment #2: video (video/webm) ──────────────────────────────────────────────────────────────
    ../../test-results/api-integration-👥-Wedding-61866-s-Create-Planner-Client-API-chromium/video.webm
    ────────────────────────────────────────────────────────────────────────────────────────────────
]]>
</failure>
<system-out>
<![CDATA[
[[ATTACHMENT|test-results/api-integration-👥-Wedding-61866-s-Create-Planner-Client-API-chromium/test-failed-1.png]]

[[ATTACHMENT|test-results/api-integration-👥-Wedding-61866-s-Create-Planner-Client-API-chromium/video.webm]]
]]>
</system-out>
</testcase>
<testcase name="👥 Wedding Planner API Tests › Get Planner Tasks API" classname="api-integration.spec.ts" time="2.268">
<failure message="api-integration.spec.ts:504:7 Get Planner Tasks API" type="FAILURE">
<![CDATA[  [chromium] › api-integration.spec.ts:504:7 › 👥 Wedding Planner API Tests › Get Planner Tasks API 

    SyntaxError: Unexpected end of JSON input

      43 |     data: { email, password }
      44 |   });
    > 45 |   const data = await response.json();
         |                ^
      46 |   return data.token;
      47 | }
      48 |
        at getAuthToken (/Users/asithalakmal/Documents/web/final project/WeddingLK-next copy/tests/e2e/api-integration.spec.ts:45:16)
        at /Users/asithalakmal/Documents/web/final project/WeddingLK-next copy/tests/e2e/api-integration.spec.ts:505:19

    attachment #1: screenshot (image/png) ──────────────────────────────────────────────────────────
    ../../test-results/api-integration-👥-Wedding-8c90f-Tests-Get-Planner-Tasks-API-chromium/test-failed-1.png
    ────────────────────────────────────────────────────────────────────────────────────────────────

    attachment #2: video (video/webm) ──────────────────────────────────────────────────────────────
    ../../test-results/api-integration-👥-Wedding-8c90f-Tests-Get-Planner-Tasks-API-chromium/video.webm
    ────────────────────────────────────────────────────────────────────────────────────────────────
]]>
</failure>
<system-out>
<![CDATA[
[[ATTACHMENT|test-results/api-integration-👥-Wedding-8c90f-Tests-Get-Planner-Tasks-API-chromium/test-failed-1.png]]

[[ATTACHMENT|test-results/api-integration-👥-Wedding-8c90f-Tests-Get-Planner-Tasks-API-chromium/video.webm]]
]]>
</system-out>
</testcase>
<testcase name="👥 Wedding Planner API Tests › Create Planner Task API" classname="api-integration.spec.ts" time="4.622">
<failure message="api-integration.spec.ts:515:7 Create Planner Task API" type="FAILURE">
<![CDATA[  [chromium] › api-integration.spec.ts:515:7 › 👥 Wedding Planner API Tests › Create Planner Task API 

    SyntaxError: Unexpected end of JSON input

      43 |     data: { email, password }
      44 |   });
    > 45 |   const data = await response.json();
         |                ^
      46 |   return data.token;
      47 | }
      48 |
        at getAuthToken (/Users/asithalakmal/Documents/web/final project/WeddingLK-next copy/tests/e2e/api-integration.spec.ts:45:16)
        at /Users/asithalakmal/Documents/web/final project/WeddingLK-next copy/tests/e2e/api-integration.spec.ts:516:19

    attachment #1: screenshot (image/png) ──────────────────────────────────────────────────────────
    ../../test-results/api-integration-👥-Wedding-2690c-sts-Create-Planner-Task-API-chromium/test-failed-1.png
    ────────────────────────────────────────────────────────────────────────────────────────────────

    attachment #2: video (video/webm) ──────────────────────────────────────────────────────────────
    ../../test-results/api-integration-👥-Wedding-2690c-sts-Create-Planner-Task-API-chromium/video.webm
    ────────────────────────────────────────────────────────────────────────────────────────────────
]]>
</failure>
<system-out>
<![CDATA[
[[ATTACHMENT|test-results/api-integration-👥-Wedding-2690c-sts-Create-Planner-Task-API-chromium/test-failed-1.png]]

[[ATTACHMENT|test-results/api-integration-👥-Wedding-2690c-sts-Create-Planner-Task-API-chromium/video.webm]]
]]>
</system-out>
</testcase>
<testcase name="👑 Admin Management API Tests › Get All Users API" classname="api-integration.spec.ts" time="2.479">
<failure message="api-integration.spec.ts:534:7 Get All Users API" type="FAILURE">
<![CDATA[  [chromium] › api-integration.spec.ts:534:7 › 👑 Admin Management API Tests › Get All Users API ───

    SyntaxError: Unexpected end of JSON input

      43 |     data: { email, password }
      44 |   });
    > 45 |   const data = await response.json();
         |                ^
      46 |   return data.token;
      47 | }
      48 |
        at getAuthToken (/Users/asithalakmal/Documents/web/final project/WeddingLK-next copy/tests/e2e/api-integration.spec.ts:45:16)
        at /Users/asithalakmal/Documents/web/final project/WeddingLK-next copy/tests/e2e/api-integration.spec.ts:535:19

    attachment #1: screenshot (image/png) ──────────────────────────────────────────────────────────
    ../../test-results/api-integration-👑-Admin-M-2be62-API-Tests-Get-All-Users-API-chromium/test-failed-1.png
    ────────────────────────────────────────────────────────────────────────────────────────────────

    attachment #2: video (video/webm) ──────────────────────────────────────────────────────────────
    ../../test-results/api-integration-👑-Admin-M-2be62-API-Tests-Get-All-Users-API-chromium/video.webm
    ────────────────────────────────────────────────────────────────────────────────────────────────
]]>
</failure>
<system-out>
<![CDATA[
[[ATTACHMENT|test-results/api-integration-👑-Admin-M-2be62-API-Tests-Get-All-Users-API-chromium/test-failed-1.png]]

[[ATTACHMENT|test-results/api-integration-👑-Admin-M-2be62-API-Tests-Get-All-Users-API-chromium/video.webm]]
]]>
</system-out>
</testcase>
<testcase name="👑 Admin Management API Tests › Get All Vendors API" classname="api-integration.spec.ts" time="3.515">
<failure message="api-integration.spec.ts:545:7 Get All Vendors API" type="FAILURE">
<![CDATA[  [chromium] › api-integration.spec.ts:545:7 › 👑 Admin Management API Tests › Get All Vendors API ─

    SyntaxError: Unexpected end of JSON input

      43 |     data: { email, password }
      44 |   });
    > 45 |   const data = await response.json();
         |                ^
      46 |   return data.token;
      47 | }
      48 |
        at getAuthToken (/Users/asithalakmal/Documents/web/final project/WeddingLK-next copy/tests/e2e/api-integration.spec.ts:45:16)
        at /Users/asithalakmal/Documents/web/final project/WeddingLK-next copy/tests/e2e/api-integration.spec.ts:546:19

    attachment #1: screenshot (image/png) ──────────────────────────────────────────────────────────
    ../../test-results/api-integration-👑-Admin-M-588b2-I-Tests-Get-All-Vendors-API-chromium/test-failed-1.png
    ────────────────────────────────────────────────────────────────────────────────────────────────

    attachment #2: video (video/webm) ──────────────────────────────────────────────────────────────
    ../../test-results/api-integration-👑-Admin-M-588b2-I-Tests-Get-All-Vendors-API-chromium/video.webm
    ────────────────────────────────────────────────────────────────────────────────────────────────
]]>
</failure>
<system-out>
<![CDATA[
[[ATTACHMENT|test-results/api-integration-👑-Admin-M-588b2-I-Tests-Get-All-Vendors-API-chromium/test-failed-1.png]]

[[ATTACHMENT|test-results/api-integration-👑-Admin-M-588b2-I-Tests-Get-All-Vendors-API-chromium/video.webm]]
]]>
</system-out>
</testcase>
<testcase name="👑 Admin Management API Tests › Update User Role API" classname="api-integration.spec.ts" time="2.125">
<failure message="api-integration.spec.ts:556:7 Update User Role API" type="FAILURE">
<![CDATA[  [chromium] › api-integration.spec.ts:556:7 › 👑 Admin Management API Tests › Update User Role API 

    SyntaxError: Unexpected end of JSON input

      43 |     data: { email, password }
      44 |   });
    > 45 |   const data = await response.json();
         |                ^
      46 |   return data.token;
      47 | }
      48 |
        at getAuthToken (/Users/asithalakmal/Documents/web/final project/WeddingLK-next copy/tests/e2e/api-integration.spec.ts:45:16)
        at /Users/asithalakmal/Documents/web/final project/WeddingLK-next copy/tests/e2e/api-integration.spec.ts:557:19

    attachment #1: screenshot (image/png) ──────────────────────────────────────────────────────────
    ../../test-results/api-integration-👑-Admin-M-426c4--Tests-Update-User-Role-API-chromium/test-failed-1.png
    ────────────────────────────────────────────────────────────────────────────────────────────────

    attachment #2: video (video/webm) ──────────────────────────────────────────────────────────────
    ../../test-results/api-integration-👑-Admin-M-426c4--Tests-Update-User-Role-API-chromium/video.webm
    ────────────────────────────────────────────────────────────────────────────────────────────────
]]>
</failure>
<system-out>
<![CDATA[
[[ATTACHMENT|test-results/api-integration-👑-Admin-M-426c4--Tests-Update-User-Role-API-chromium/test-failed-1.png]]

[[ATTACHMENT|test-results/api-integration-👑-Admin-M-426c4--Tests-Update-User-Role-API-chromium/video.webm]]
]]>
</system-out>
</testcase>
<testcase name="👑 Admin Management API Tests › Get Admin Reports API" classname="api-integration.spec.ts" time="3.027">
<failure message="api-integration.spec.ts:569:7 Get Admin Reports API" type="FAILURE">
<![CDATA[  [chromium] › api-integration.spec.ts:569:7 › 👑 Admin Management API Tests › Get Admin Reports API 

    SyntaxError: Unexpected end of JSON input

      43 |     data: { email, password }
      44 |   });
    > 45 |   const data = await response.json();
         |                ^
      46 |   return data.token;
      47 | }
      48 |
        at getAuthToken (/Users/asithalakmal/Documents/web/final project/WeddingLK-next copy/tests/e2e/api-integration.spec.ts:45:16)
        at /Users/asithalakmal/Documents/web/final project/WeddingLK-next copy/tests/e2e/api-integration.spec.ts:570:19

    attachment #1: screenshot (image/png) ──────────────────────────────────────────────────────────
    ../../test-results/api-integration-👑-Admin-M-bc282-Tests-Get-Admin-Reports-API-chromium/test-failed-1.png
    ────────────────────────────────────────────────────────────────────────────────────────────────

    attachment #2: video (video/webm) ──────────────────────────────────────────────────────────────
    ../../test-results/api-integration-👑-Admin-M-bc282-Tests-Get-Admin-Reports-API-chromium/video.webm
    ────────────────────────────────────────────────────────────────────────────────────────────────
]]>
</failure>
<system-out>
<![CDATA[
[[ATTACHMENT|test-results/api-integration-👑-Admin-M-bc282-Tests-Get-Admin-Reports-API-chromium/test-failed-1.png]]

[[ATTACHMENT|test-results/api-integration-👑-Admin-M-bc282-Tests-Get-Admin-Reports-API-chromium/video.webm]]
]]>
</system-out>
</testcase>
<testcase name="🔍 Search and Filter API Tests › Search Venues API" classname="api-integration.spec.ts" time="6.099">
</testcase>
<testcase name="🔍 Search and Filter API Tests › Search Vendors API" classname="api-integration.spec.ts" time="4.822">
</testcase>
<testcase name="🔍 Search and Filter API Tests › Filter Venues by Price API" classname="api-integration.spec.ts" time="3.392">
</testcase>
<testcase name="📱 Mobile API Tests › Mobile App Data API" classname="api-integration.spec.ts" time="1.767">
<failure message="api-integration.spec.ts:611:7 Mobile App Data API" type="FAILURE">
<![CDATA[  [chromium] › api-integration.spec.ts:611:7 › 📱 Mobile API Tests › Mobile App Data API ───────────

    SyntaxError: Unexpected end of JSON input

      43 |     data: { email, password }
      44 |   });
    > 45 |   const data = await response.json();
         |                ^
      46 |   return data.token;
      47 | }
      48 |
        at getAuthToken (/Users/asithalakmal/Documents/web/final project/WeddingLK-next copy/tests/e2e/api-integration.spec.ts:45:16)
        at /Users/asithalakmal/Documents/web/final project/WeddingLK-next copy/tests/e2e/api-integration.spec.ts:612:19

    attachment #1: screenshot (image/png) ──────────────────────────────────────────────────────────
    ../../test-results/api-integration-📱-Mobile-API-Tests-Mobile-App-Data-API-chromium/test-failed-1.png
    ────────────────────────────────────────────────────────────────────────────────────────────────

    attachment #2: video (video/webm) ──────────────────────────────────────────────────────────────
    ../../test-results/api-integration-📱-Mobile-API-Tests-Mobile-App-Data-API-chromium/video.webm
    ────────────────────────────────────────────────────────────────────────────────────────────────
]]>
</failure>
<system-out>
<![CDATA[
[[ATTACHMENT|test-results/api-integration-📱-Mobile-API-Tests-Mobile-App-Data-API-chromium/test-failed-1.png]]

[[ATTACHMENT|test-results/api-integration-📱-Mobile-API-Tests-Mobile-App-Data-API-chromium/video.webm]]
]]>
</system-out>
</testcase>
<testcase name="📱 Mobile API Tests › Mobile Venues API" classname="api-integration.spec.ts" time="1.356">
<failure message="api-integration.spec.ts:625:7 Mobile Venues API" type="FAILURE">
<![CDATA[  [chromium] › api-integration.spec.ts:625:7 › 📱 Mobile API Tests › Mobile Venues API ─────────────

    SyntaxError: Unexpected end of JSON input

      43 |     data: { email, password }
      44 |   });
    > 45 |   const data = await response.json();
         |                ^
      46 |   return data.token;
      47 | }
      48 |
        at getAuthToken (/Users/asithalakmal/Documents/web/final project/WeddingLK-next copy/tests/e2e/api-integration.spec.ts:45:16)
        at /Users/asithalakmal/Documents/web/final project/WeddingLK-next copy/tests/e2e/api-integration.spec.ts:626:19

    attachment #1: screenshot (image/png) ──────────────────────────────────────────────────────────
    ../../test-results/api-integration-📱-Mobile-API-Tests-Mobile-Venues-API-chromium/test-failed-1.png
    ────────────────────────────────────────────────────────────────────────────────────────────────

    attachment #2: video (video/webm) ──────────────────────────────────────────────────────────────
    ../../test-results/api-integration-📱-Mobile-API-Tests-Mobile-Venues-API-chromium/video.webm
    ────────────────────────────────────────────────────────────────────────────────────────────────
]]>
</failure>
<system-out>
<![CDATA[
[[ATTACHMENT|test-results/api-integration-📱-Mobile-API-Tests-Mobile-Venues-API-chromium/test-failed-1.png]]

[[ATTACHMENT|test-results/api-integration-📱-Mobile-API-Tests-Mobile-Venues-API-chromium/video.webm]]
]]>
</system-out>
</testcase>
<testcase name="🔔 Notification API Tests › Get Notifications API" classname="api-integration.spec.ts" time="1.644">
<failure message="api-integration.spec.ts:641:7 Get Notifications API" type="FAILURE">
<![CDATA[  [chromium] › api-integration.spec.ts:641:7 › 🔔 Notification API Tests › Get Notifications API ───

    SyntaxError: Unexpected end of JSON input

      43 |     data: { email, password }
      44 |   });
    > 45 |   const data = await response.json();
         |                ^
      46 |   return data.token;
      47 | }
      48 |
        at getAuthToken (/Users/asithalakmal/Documents/web/final project/WeddingLK-next copy/tests/e2e/api-integration.spec.ts:45:16)
        at /Users/asithalakmal/Documents/web/final project/WeddingLK-next copy/tests/e2e/api-integration.spec.ts:642:19

    attachment #1: screenshot (image/png) ──────────────────────────────────────────────────────────
    ../../test-results/api-integration-🔔-Notific-9b174-Tests-Get-Notifications-API-chromium/test-failed-1.png
    ────────────────────────────────────────────────────────────────────────────────────────────────

    attachment #2: video (video/webm) ──────────────────────────────────────────────────────────────
    ../../test-results/api-integration-🔔-Notific-9b174-Tests-Get-Notifications-API-chromium/video.webm
    ────────────────────────────────────────────────────────────────────────────────────────────────
]]>
</failure>
<system-out>
<![CDATA[
[[ATTACHMENT|test-results/api-integration-🔔-Notific-9b174-Tests-Get-Notifications-API-chromium/test-failed-1.png]]

[[ATTACHMENT|test-results/api-integration-🔔-Notific-9b174-Tests-Get-Notifications-API-chromium/video.webm]]
]]>
</system-out>
</testcase>
<testcase name="🔔 Notification API Tests › Mark Notification as Read API" classname="api-integration.spec.ts" time="2.892">
<failure message="api-integration.spec.ts:652:7 Mark Notification as Read API" type="FAILURE">
<![CDATA[  [chromium] › api-integration.spec.ts:652:7 › 🔔 Notification API Tests › Mark Notification as Read API 

    SyntaxError: Unexpected end of JSON input

      43 |     data: { email, password }
      44 |   });
    > 45 |   const data = await response.json();
         |                ^
      46 |   return data.token;
      47 | }
      48 |
        at getAuthToken (/Users/asithalakmal/Documents/web/final project/WeddingLK-next copy/tests/e2e/api-integration.spec.ts:45:16)
        at /Users/asithalakmal/Documents/web/final project/WeddingLK-next copy/tests/e2e/api-integration.spec.ts:653:19

    attachment #1: screenshot (image/png) ──────────────────────────────────────────────────────────
    ../../test-results/api-integration-🔔-Notific-6938f-rk-Notification-as-Read-API-chromium/test-failed-1.png
    ────────────────────────────────────────────────────────────────────────────────────────────────

    attachment #2: video (video/webm) ──────────────────────────────────────────────────────────────
    ../../test-results/api-integration-🔔-Notific-6938f-rk-Notification-as-Read-API-chromium/video.webm
    ────────────────────────────────────────────────────────────────────────────────────────────────
]]>
</failure>
<system-out>
<![CDATA[
[[ATTACHMENT|test-results/api-integration-🔔-Notific-6938f-rk-Notification-as-Read-API-chromium/test-failed-1.png]]

[[ATTACHMENT|test-results/api-integration-🔔-Notific-6938f-rk-Notification-as-Read-API-chromium/video.webm]]
]]>
</system-out>
</testcase>
<testcase name="🛡️ Security and Error Handling API Tests › Unauthorized API Access" classname="api-integration.spec.ts" time="2.619">
<failure message="api-integration.spec.ts:665:7 Unauthorized API Access" type="FAILURE">
<![CDATA[  [chromium] › api-integration.spec.ts:665:7 › 🛡️ Security and Error Handling API Tests › Unauthorized API Access 

    Error: expect(received).toContain(expected) // indexOf

    Expected substring: "Unauthorized"
    Received string:    "Authentication required"

      668 |     
      669 |     const data = await response.json();
    > 670 |     expect(data.error).toContain('Unauthorized');
          |                        ^
      671 |   });
      672 |
      673 |   test('Invalid Token API Access', async ({ page }) => {
        at /Users/asithalakmal/Documents/web/final project/WeddingLK-next copy/tests/e2e/api-integration.spec.ts:670:24

    attachment #1: screenshot (image/png) ──────────────────────────────────────────────────────────
    ../../test-results/api-integration-🛡️-Securi-b5273-sts-Unauthorized-API-Access-chromium/test-failed-1.png
    ────────────────────────────────────────────────────────────────────────────────────────────────

    attachment #2: video (video/webm) ──────────────────────────────────────────────────────────────
    ../../test-results/api-integration-🛡️-Securi-b5273-sts-Unauthorized-API-Access-chromium/video.webm
    ────────────────────────────────────────────────────────────────────────────────────────────────
]]>
</failure>
<system-out>
<![CDATA[
[[ATTACHMENT|test-results/api-integration-🛡️-Securi-b5273-sts-Unauthorized-API-Access-chromium/test-failed-1.png]]

[[ATTACHMENT|test-results/api-integration-🛡️-Securi-b5273-sts-Unauthorized-API-Access-chromium/video.webm]]
]]>
</system-out>
</testcase>
<testcase name="🛡️ Security and Error Handling API Tests › Invalid Token API Access" classname="api-integration.spec.ts" time="2.491">
</testcase>
<testcase name="🛡️ Security and Error Handling API Tests › Rate Limiting API" classname="api-integration.spec.ts" time="14.727">
<failure message="api-integration.spec.ts:680:7 Rate Limiting API" type="FAILURE">
<![CDATA[  [chromium] › api-integration.spec.ts:680:7 › 🛡️ Security and Error Handling API Tests › Rate Limiting API 

    Error: expect(received).toBeGreaterThan(expected)

    Expected: > 0
    Received:   0

      688 |     
      689 |     // At least one request should be rate limited
    > 690 |     expect(rateLimitedResponses.length).toBeGreaterThan(0);
          |                                         ^
      691 |   });
      692 |
      693 |   test('Input Validation API', async ({ page }) => {
        at /Users/asithalakmal/Documents/web/final project/WeddingLK-next copy/tests/e2e/api-integration.spec.ts:690:41

    attachment #1: screenshot (image/png) ──────────────────────────────────────────────────────────
    ../../test-results/api-integration-🛡️-Securi-733b3-API-Tests-Rate-Limiting-API-chromium/test-failed-1.png
    ────────────────────────────────────────────────────────────────────────────────────────────────

    attachment #2: video (video/webm) ──────────────────────────────────────────────────────────────
    ../../test-results/api-integration-🛡️-Securi-733b3-API-Tests-Rate-Limiting-API-chromium/video.webm
    ────────────────────────────────────────────────────────────────────────────────────────────────
]]>
</failure>
<system-out>
<![CDATA[
[[ATTACHMENT|test-results/api-integration-🛡️-Securi-733b3-API-Tests-Rate-Limiting-API-chromium/test-failed-1.png]]

[[ATTACHMENT|test-results/api-integration-🛡️-Securi-733b3-API-Tests-Rate-Limiting-API-chromium/video.webm]]
]]>
</system-out>
</testcase>
<testcase name="🛡️ Security and Error Handling API Tests › Input Validation API" classname="api-integration.spec.ts" time="3.927">
<failure message="api-integration.spec.ts:693:7 Input Validation API" type="FAILURE">
<![CDATA[  [chromium] › api-integration.spec.ts:693:7 › 🛡️ Security and Error Handling API Tests › Input Validation API 

    Error: expect(received).toBeDefined()

    Received: undefined

      702 |     expect(response.status()).toBe(400);
      703 |     const data = await response.json();
    > 704 |     expect(data.errors).toBeDefined();
          |                         ^
      705 |   });
      706 | });
      707 |
        at /Users/asithalakmal/Documents/web/final project/WeddingLK-next copy/tests/e2e/api-integration.spec.ts:704:25

    attachment #1: screenshot (image/png) ──────────────────────────────────────────────────────────
    ../../test-results/api-integration-🛡️-Securi-8d139--Tests-Input-Validation-API-chromium/test-failed-1.png
    ────────────────────────────────────────────────────────────────────────────────────────────────

    attachment #2: video (video/webm) ──────────────────────────────────────────────────────────────
    ../../test-results/api-integration-🛡️-Securi-8d139--Tests-Input-Validation-API-chromium/video.webm
    ────────────────────────────────────────────────────────────────────────────────────────────────
]]>
</failure>
<system-out>
<![CDATA[
[[ATTACHMENT|test-results/api-integration-🛡️-Securi-8d139--Tests-Input-Validation-API-chromium/test-failed-1.png]]

[[ATTACHMENT|test-results/api-integration-🛡️-Securi-8d139--Tests-Input-Validation-API-chromium/video.webm]]
]]>
</system-out>
</testcase>
<testcase name="📊 Analytics and Monitoring API Tests › Performance Monitoring API" classname="api-integration.spec.ts" time="4.246">
<failure message="api-integration.spec.ts:709:7 Performance Monitoring API" type="FAILURE">
<![CDATA[  [chromium] › api-integration.spec.ts:709:7 › 📊 Analytics and Monitoring API Tests › Performance Monitoring API 

    Error: expect(received).toBeDefined()

    Received: undefined

      713 |     const data = await response.json();
      714 |     expect(data.success).toBe(true);
    > 715 |     expect(data.metrics).toBeDefined();
          |                          ^
      716 |   });
      717 |
      718 |   test('Health Check API', async ({ page }) => {
        at /Users/asithalakmal/Documents/web/final project/WeddingLK-next copy/tests/e2e/api-integration.spec.ts:715:26

    attachment #1: screenshot (image/png) ──────────────────────────────────────────────────────────
    ../../test-results/api-integration-📊-Analyti-8d4fe--Performance-Monitoring-API-chromium/test-failed-1.png
    ────────────────────────────────────────────────────────────────────────────────────────────────

    attachment #2: video (video/webm) ──────────────────────────────────────────────────────────────
    ../../test-results/api-integration-📊-Analyti-8d4fe--Performance-Monitoring-API-chromium/video.webm
    ────────────────────────────────────────────────────────────────────────────────────────────────
]]>
</failure>
<system-out>
<![CDATA[
[[ATTACHMENT|test-results/api-integration-📊-Analyti-8d4fe--Performance-Monitoring-API-chromium/test-failed-1.png]]

[[ATTACHMENT|test-results/api-integration-📊-Analyti-8d4fe--Performance-Monitoring-API-chromium/video.webm]]
]]>
</system-out>
</testcase>
<testcase name="📊 Analytics and Monitoring API Tests › Health Check API" classname="api-integration.spec.ts" time="94.636">
<failure message="api-integration.spec.ts:718:7 Health Check API" type="FAILURE">
<![CDATA[  [chromium] › api-integration.spec.ts:718:7 › 📊 Analytics and Monitoring API Tests › Health Check API 

    TimeoutError: apiRequestContext.get: Timeout 60000ms exceeded.
    Call log:
      - → GET https://wedding-lk.vercel.app/api/health
        - user-agent: Mozilla/5.0 (Windows NT 10.0; Win64; x64) AppleWebKit/537.36 (KHTML, like Gecko) Chrome/141.0.7390.37 Safari/537.36
        - accept: */*
        - accept-encoding: gzip,deflate,br


      717 |
      718 |   test('Health Check API', async ({ page }) => {
    > 719 |     const response = await page.request.get('/api/health');
          |                                         ^
      720 |     expect(response.status()).toBe(200);
      721 |     
      722 |     const data = await response.json();
        at /Users/asithalakmal/Documents/web/final project/WeddingLK-next copy/tests/e2e/api-integration.spec.ts:719:41

    attachment #1: screenshot (image/png) ──────────────────────────────────────────────────────────
    ../../test-results/api-integration-📊-Analyti-e1193--API-Tests-Health-Check-API-chromium/test-failed-1.png
    ────────────────────────────────────────────────────────────────────────────────────────────────

    attachment #2: video (video/webm) ──────────────────────────────────────────────────────────────
    ../../test-results/api-integration-📊-Analyti-e1193--API-Tests-Health-Check-API-chromium/video.webm
    ────────────────────────────────────────────────────────────────────────────────────────────────
]]>
</failure>
<system-out>
<![CDATA[
[[ATTACHMENT|test-results/api-integration-📊-Analyti-e1193--API-Tests-Health-Check-API-chromium/test-failed-1.png]]

[[ATTACHMENT|test-results/api-integration-📊-Analyti-e1193--API-Tests-Health-Check-API-chromium/video.webm]]
]]>
</system-out>
</testcase>
<testcase name="📊 Analytics and Monitoring API Tests › Error Tracking API" classname="api-integration.spec.ts" time="2.768">
<failure message="api-integration.spec.ts:727:7 Error Tracking API" type="FAILURE">
<![CDATA[  [chromium] › api-integration.spec.ts:727:7 › 📊 Analytics and Monitoring API Tests › Error Tracking API 

    Error: expect(received).toBe(expected) // Object.is equality

    Expected: 200
    Received: 401

      727 |   test('Error Tracking API', async ({ page }) => {
      728 |     const response = await page.request.get('/api/errors');
    > 729 |     expect(response.status()).toBe(200);
          |                               ^
      730 |     
      731 |     const data = await response.json();
      732 |     expect(data.success).toBe(true);
        at /Users/asithalakmal/Documents/web/final project/WeddingLK-next copy/tests/e2e/api-integration.spec.ts:729:31

    attachment #1: screenshot (image/png) ──────────────────────────────────────────────────────────
    ../../test-results/api-integration-📊-Analyti-cbfaa-PI-Tests-Error-Tracking-API-chromium/test-failed-1.png
    ────────────────────────────────────────────────────────────────────────────────────────────────

    attachment #2: video (video/webm) ──────────────────────────────────────────────────────────────
    ../../test-results/api-integration-📊-Analyti-cbfaa-PI-Tests-Error-Tracking-API-chromium/video.webm
    ────────────────────────────────────────────────────────────────────────────────────────────────
]]>
</failure>
<system-out>
<![CDATA[
[[ATTACHMENT|test-results/api-integration-📊-Analyti-cbfaa-PI-Tests-Error-Tracking-API-chromium/test-failed-1.png]]

[[ATTACHMENT|test-results/api-integration-📊-Analyti-cbfaa-PI-Tests-Error-Tracking-API-chromium/video.webm]]
]]>
</system-out>
</testcase>
</testsuite>
<testsuite name="auth.spec.ts" timestamp="2025-10-24T06:04:58.917Z" hostname="chromium" tests="8" failures="0" skipped="7" time="4.084" errors="0">
<testcase name="Authentication Flows › User registration -&gt; email verification -&gt; login -&gt; logout - DISABLED (Registration flow needs fixing)" classname="auth.spec.ts" time="0">
<properties>
<property name="skip" value="">
</property>
</properties>
<skipped>
</skipped>
</testcase>
<testcase name="Authentication Flows › Login with invalid credentials should show error" classname="auth.spec.ts" time="4.084">
<system-out>
<![CDATA[Test users might already exist
]]>
</system-out>
</testcase>
<testcase name="Authentication Flows › Forgot password flow - DISABLED (Feature removed)" classname="auth.spec.ts" time="0">
<properties>
<property name="skip" value="">
</property>
</properties>
<skipped>
</skipped>
</testcase>
<testcase name="Authentication Flows › Social login with Google - DISABLED (Social login removed)" classname="auth.spec.ts" time="0">
<properties>
<property name="skip" value="">
</property>
</properties>
<skipped>
</skipped>
</testcase>
<testcase name="Authentication Flows › Two-factor authentication setup - DISABLED (Feature removed)" classname="auth.spec.ts" time="0">
<properties>
<property name="skip" value="">
</property>
</properties>
<skipped>
</skipped>
</testcase>
<testcase name="Authentication Flows › Login with test user credentials - DISABLED (Database connection issue)" classname="auth.spec.ts" time="0">
<properties>
<property name="skip" value="">
</property>
</properties>
<skipped>
</skipped>
</testcase>
<testcase name="Authentication Flows › Login with test vendor credentials - DISABLED (Database connection issue)" classname="auth.spec.ts" time="0">
<properties>
<property name="skip" value="">
</property>
</properties>
<skipped>
</skipped>
</testcase>
<testcase name="Authentication Flows › Login with test admin credentials - DISABLED (Database connection issue)" classname="auth.spec.ts" time="0">
<properties>
<property name="skip" value="">
</property>
</properties>
<skipped>
</skipped>
</testcase>
</testsuite>
<testsuite name="booking.spec.ts" timestamp="2025-10-24T06:04:58.917Z" hostname="chromium" tests="6" failures="6" skipped="0" time="288.518" errors="0">
<testcase name="Booking System › Complete booking flow with payment mock" classname="booking.spec.ts" time="65.312">
<failure message="booking.spec.ts:5:7 Complete booking flow with payment mock" type="FAILURE">
<![CDATA[  [chromium] › booking.spec.ts:5:7 › Booking System › Complete booking flow with payment mock ──────

    TimeoutError: page.fill: Timeout 60000ms exceeded.
    Call log:
      - waiting for locator('input[placeholder*="Search"], input[name="search"]')


      13 |
      14 |     // Search for vendors/venues
    > 15 |     await page.fill('input[placeholder*="Search"], input[name="search"]', 'photography');
         |                ^
      16 |     await page.click('button:has-text("Search"), button[type="submit"]');
      17 |
      18 |     // Select a vendor
        at /Users/asithalakmal/Documents/web/final project/WeddingLK-next copy/tests/e2e/booking.spec.ts:15:16

    attachment #1: screenshot (image/png) ──────────────────────────────────────────────────────────
    ../../test-results/booking-Booking-System-Com-f0892-king-flow-with-payment-mock-chromium/test-failed-1.png
    ────────────────────────────────────────────────────────────────────────────────────────────────

    attachment #2: video (video/webm) ──────────────────────────────────────────────────────────────
    ../../test-results/booking-Booking-System-Com-f0892-king-flow-with-payment-mock-chromium/video.webm
    ────────────────────────────────────────────────────────────────────────────────────────────────

    Error Context: ../../test-results/booking-Booking-System-Com-f0892-king-flow-with-payment-mock-chromium/error-context.md
]]>
</failure>
<system-out>
<![CDATA[
[[ATTACHMENT|test-results/booking-Booking-System-Com-f0892-king-flow-with-payment-mock-chromium/test-failed-1.png]]

[[ATTACHMENT|test-results/booking-Booking-System-Com-f0892-king-flow-with-payment-mock-chromium/video.webm]]

[[ATTACHMENT|test-results/booking-Booking-System-Com-f0892-king-flow-with-payment-mock-chromium/error-context.md]]
]]>
</system-out>
</testcase>
<testcase name="Booking System › Booking modification and cancellation" classname="booking.spec.ts" time="39.719">
<failure message="booking.spec.ts:64:7 Booking modification and cancellation" type="FAILURE">
<![CDATA[  [chromium] › booking.spec.ts:64:7 › Booking System › Booking modification and cancellation ───────

    Error: expect(page).toHaveURL(expected) failed

    Expected pattern: /\/dashboard/
    Received string:  "https://wedding-lk.vercel.app/login"
    Timeout: 30000ms

    Call log:
      - Expect "toHaveURL" with timeout 30000ms
        33 × unexpected value "https://wedding-lk.vercel.app/login"


      68 |     await page.fill('input[name="password"]', process.env.TEST_CUSTOMER_PASSWORD || 'CustomerPass123!');
      69 |     await page.click('button[type="submit"]');
    > 70 |     await expect(page).toHaveURL(/\/dashboard/);
         |                        ^
      71 |
      72 |     // Go to bookings
      73 |     await page.goto('/dashboard/bookings');
        at /Users/asithalakmal/Documents/web/final project/WeddingLK-next copy/tests/e2e/booking.spec.ts:70:24

    attachment #1: screenshot (image/png) ──────────────────────────────────────────────────────────
    ../../test-results/booking-Booking-System-Booking-modification-and-cancellation-chromium/test-failed-1.png
    ────────────────────────────────────────────────────────────────────────────────────────────────

    attachment #2: video (video/webm) ──────────────────────────────────────────────────────────────
    ../../test-results/booking-Booking-System-Booking-modification-and-cancellation-chromium/video.webm
    ────────────────────────────────────────────────────────────────────────────────────────────────

    Error Context: ../../test-results/booking-Booking-System-Booking-modification-and-cancellation-chromium/error-context.md
]]>
</failure>
<system-out>
<![CDATA[
[[ATTACHMENT|test-results/booking-Booking-System-Booking-modification-and-cancellation-chromium/test-failed-1.png]]

[[ATTACHMENT|test-results/booking-Booking-System-Booking-modification-and-cancellation-chromium/video.webm]]

[[ATTACHMENT|test-results/booking-Booking-System-Booking-modification-and-cancellation-chromium/error-context.md]]
]]>
</system-out>
</testcase>
<testcase name="Booking System › Booking status tracking" classname="booking.spec.ts" time="45.616">
<failure message="booking.spec.ts:110:7 Booking status tracking" type="FAILURE">
<![CDATA[  [chromium] › booking.spec.ts:110:7 › Booking System › Booking status tracking ────────────────────

    Error: expect(page).toHaveURL(expected) failed

    Expected pattern: /\/dashboard/
    Received string:  "https://wedding-lk.vercel.app/login"
    Timeout: 30000ms

    Call log:
      - Expect "toHaveURL" with timeout 30000ms
        33 × unexpected value "https://wedding-lk.vercel.app/login"


      114 |     await page.fill('input[name="password"]', process.env.TEST_CUSTOMER_PASSWORD || 'CustomerPass123!');
      115 |     await page.click('button[type="submit"]');
    > 116 |     await expect(page).toHaveURL(/\/dashboard/);
          |                        ^
      117 |
      118 |     // Go to booking details
      119 |     await page.goto('/dashboard/bookings');
        at /Users/asithalakmal/Documents/web/final project/WeddingLK-next copy/tests/e2e/booking.spec.ts:116:24

    attachment #1: screenshot (image/png) ──────────────────────────────────────────────────────────
    ../../test-results/booking-Booking-System-Booking-status-tracking-chromium/test-failed-1.png
    ────────────────────────────────────────────────────────────────────────────────────────────────

    attachment #2: video (video/webm) ──────────────────────────────────────────────────────────────
    ../../test-results/booking-Booking-System-Booking-status-tracking-chromium/video.webm
    ────────────────────────────────────────────────────────────────────────────────────────────────

    Error Context: ../../test-results/booking-Booking-System-Booking-status-tracking-chromium/error-context.md
]]>
</failure>
<system-out>
<![CDATA[
[[ATTACHMENT|test-results/booking-Booking-System-Booking-status-tracking-chromium/test-failed-1.png]]

[[ATTACHMENT|test-results/booking-Booking-System-Booking-status-tracking-chromium/video.webm]]

[[ATTACHMENT|test-results/booking-Booking-System-Booking-status-tracking-chromium/error-context.md]]
]]>
</system-out>
</testcase>
<testcase name="Booking System › Vendor booking acceptance workflow" classname="booking.spec.ts" time="46.766">
<failure message="booking.spec.ts:131:7 Vendor booking acceptance workflow" type="FAILURE">
<![CDATA[  [chromium] › booking.spec.ts:131:7 › Booking System › Vendor booking acceptance workflow ─────────

    Error: expect(locator).toBeVisible() failed

    Locator: locator('text=Vendor Bookings')
    Expected: visible
    Timeout: 30000ms
    Error: element(s) not found

    Call log:
      - Expect "toBeVisible" with timeout 30000ms
      - waiting for locator('text=Vendor Bookings')


      139 |     // Go to vendor bookings
      140 |     await page.goto('/dashboard/vendor/bookings');
    > 141 |     await expect(page.locator('text=Vendor Bookings')).toBeVisible();
          |                                                        ^
      142 |     
      143 |     // Create test booking request
      144 |     const bookingRequestResponse = await page.request.post('/api/test/create-booking-request', {
        at /Users/asithalakmal/Documents/web/final project/WeddingLK-next copy/tests/e2e/booking.spec.ts:141:56

    attachment #1: screenshot (image/png) ──────────────────────────────────────────────────────────
    ../../test-results/booking-Booking-System-Vendor-booking-acceptance-workflow-chromium/test-failed-1.png
    ────────────────────────────────────────────────────────────────────────────────────────────────

    attachment #2: video (video/webm) ──────────────────────────────────────────────────────────────
    ../../test-results/booking-Booking-System-Vendor-booking-acceptance-workflow-chromium/video.webm
    ────────────────────────────────────────────────────────────────────────────────────────────────

    Error Context: ../../test-results/booking-Booking-System-Vendor-booking-acceptance-workflow-chromium/error-context.md
]]>
</failure>
<system-out>
<![CDATA[
[[ATTACHMENT|test-results/booking-Booking-System-Vendor-booking-acceptance-workflow-chromium/test-failed-1.png]]

[[ATTACHMENT|test-results/booking-Booking-System-Vendor-booking-acceptance-workflow-chromium/video.webm]]

[[ATTACHMENT|test-results/booking-Booking-System-Vendor-booking-acceptance-workflow-chromium/error-context.md]]
]]>
</system-out>
</testcase>
<testcase name="Booking System › Booking communication and messaging" classname="booking.spec.ts" time="43.066">
<failure message="booking.spec.ts:170:7 Booking communication and messaging" type="FAILURE">
<![CDATA[  [chromium] › booking.spec.ts:170:7 › Booking System › Booking communication and messaging ────────

    Error: expect(page).toHaveURL(expected) failed

    Expected pattern: /\/dashboard/
    Received string:  "https://wedding-lk.vercel.app/login"
    Timeout: 30000ms

    Call log:
      - Expect "toHaveURL" with timeout 30000ms
        33 × unexpected value "https://wedding-lk.vercel.app/login"


      174 |     await page.fill('input[name="password"]', process.env.TEST_CUSTOMER_PASSWORD || 'CustomerPass123!');
      175 |     await page.click('button[type="submit"]');
    > 176 |     await expect(page).toHaveURL(/\/dashboard/);
          |                        ^
      177 |
      178 |     // Go to booking messages
      179 |     await page.goto('/dashboard/bookings');
        at /Users/asithalakmal/Documents/web/final project/WeddingLK-next copy/tests/e2e/booking.spec.ts:176:24

    attachment #1: screenshot (image/png) ──────────────────────────────────────────────────────────
    ../../test-results/booking-Booking-System-Booking-communication-and-messaging-chromium/test-failed-1.png
    ────────────────────────────────────────────────────────────────────────────────────────────────

    attachment #2: video (video/webm) ──────────────────────────────────────────────────────────────
    ../../test-results/booking-Booking-System-Booking-communication-and-messaging-chromium/video.webm
    ────────────────────────────────────────────────────────────────────────────────────────────────

    Error Context: ../../test-results/booking-Booking-System-Booking-communication-and-messaging-chromium/error-context.md
]]>
</failure>
<system-out>
<![CDATA[
[[ATTACHMENT|test-results/booking-Booking-System-Booking-communication-and-messaging-chromium/test-failed-1.png]]

[[ATTACHMENT|test-results/booking-Booking-System-Booking-communication-and-messaging-chromium/video.webm]]

[[ATTACHMENT|test-results/booking-Booking-System-Booking-communication-and-messaging-chromium/error-context.md]]
]]>
</system-out>
</testcase>
<testcase name="Booking System › Booking payment and refund processing" classname="booking.spec.ts" time="48.039">
<failure message="booking.spec.ts:191:7 Booking payment and refund processing" type="FAILURE">
<![CDATA[  [chromium] › booking.spec.ts:191:7 › Booking System › Booking payment and refund processing ──────

    Error: expect(page).toHaveURL(expected) failed

    Expected pattern: /\/dashboard/
    Received string:  "https://wedding-lk.vercel.app/login"
    Timeout: 30000ms

    Call log:
      - Expect "toHaveURL" with timeout 30000ms
        33 × unexpected value "https://wedding-lk.vercel.app/login"


      195 |     await page.fill('input[name="password"]', process.env.TEST_CUSTOMER_PASSWORD || 'CustomerPass123!');
      196 |     await page.click('button[type="submit"]');
    > 197 |     await expect(page).toHaveURL(/\/dashboard/);
          |                        ^
      198 |
      199 |     // Go to booking payments
      200 |     await page.goto('/dashboard/bookings');
        at /Users/asithalakmal/Documents/web/final project/WeddingLK-next copy/tests/e2e/booking.spec.ts:197:24

    attachment #1: screenshot (image/png) ──────────────────────────────────────────────────────────
    ../../test-results/booking-Booking-System-Booking-payment-and-refund-processing-chromium/test-failed-1.png
    ────────────────────────────────────────────────────────────────────────────────────────────────

    attachment #2: video (video/webm) ──────────────────────────────────────────────────────────────
    ../../test-results/booking-Booking-System-Booking-payment-and-refund-processing-chromium/video.webm
    ────────────────────────────────────────────────────────────────────────────────────────────────

    Error Context: ../../test-results/booking-Booking-System-Booking-payment-and-refund-processing-chromium/error-context.md
]]>
</failure>
<system-out>
<![CDATA[
[[ATTACHMENT|test-results/booking-Booking-System-Booking-payment-and-refund-processing-chromium/test-failed-1.png]]

[[ATTACHMENT|test-results/booking-Booking-System-Booking-payment-and-refund-processing-chromium/video.webm]]

[[ATTACHMENT|test-results/booking-Booking-System-Booking-payment-and-refund-processing-chromium/error-context.md]]
]]>
</system-out>
</testcase>
</testsuite>
<testsuite name="comprehensive-crud.spec.ts" timestamp="2025-10-24T06:04:58.917Z" hostname="chromium" tests="28" failures="28" skipped="0" time="1302.441" errors="0">
<testcase name="🔐 Authentication &amp; User Management CRUD › User Registration Flow" classname="comprehensive-crud.spec.ts" time="18.812">
<failure message="comprehensive-crud.spec.ts:52:7 User Registration Flow" type="FAILURE">
<![CDATA[  [chromium] › comprehensive-crud.spec.ts:52:7 › 🔐 Authentication & User Management CRUD › User Registration Flow 

    Error: expect(locator).toBeVisible() failed

    Locator: locator('text=Registration successful')
    Expected: visible
    Timeout: 10000ms
    Error: element(s) not found

    Call log:
      - Expect "toBeVisible" with timeout 10000ms
      - waiting for locator('text=Registration successful')


      63 |     
      64 |     // Verify success message or redirect
    > 65 |     await expect(page.locator('text=Registration successful')).toBeVisible({ timeout: 10000 });
         |                                                                ^
      66 |   });
      67 |
      68 |   test('User Login Flow', async ({ page }) => {
        at /Users/asithalakmal/Documents/web/final project/WeddingLK-next copy/tests/e2e/comprehensive-crud.spec.ts:65:64

    attachment #1: screenshot (image/png) ──────────────────────────────────────────────────────────
    ../../test-results/comprehensive-crud-🔐-Auth-d5d79-CRUD-User-Registration-Flow-chromium/test-failed-1.png
    ────────────────────────────────────────────────────────────────────────────────────────────────

    attachment #2: video (video/webm) ──────────────────────────────────────────────────────────────
    ../../test-results/comprehensive-crud-🔐-Auth-d5d79-CRUD-User-Registration-Flow-chromium/video.webm
    ────────────────────────────────────────────────────────────────────────────────────────────────

    Error Context: ../../test-results/comprehensive-crud-🔐-Auth-d5d79-CRUD-User-Registration-Flow-chromium/error-context.md
]]>
</failure>
<system-out>
<![CDATA[
[[ATTACHMENT|test-results/comprehensive-crud-🔐-Auth-d5d79-CRUD-User-Registration-Flow-chromium/test-failed-1.png]]

[[ATTACHMENT|test-results/comprehensive-crud-🔐-Auth-d5d79-CRUD-User-Registration-Flow-chromium/video.webm]]

[[ATTACHMENT|test-results/comprehensive-crud-🔐-Auth-d5d79-CRUD-User-Registration-Flow-chromium/error-context.md]]
]]>
</system-out>
</testcase>
<testcase name="🔐 Authentication &amp; User Management CRUD › User Login Flow" classname="comprehensive-crud.spec.ts" time="19.821">
<failure message="comprehensive-crud.spec.ts:68:7 User Login Flow" type="FAILURE">
<![CDATA[  [chromium] › comprehensive-crud.spec.ts:68:7 › 🔐 Authentication & User Management CRUD › User Login Flow 

    Error: expect(page).toHaveURL(expected) failed

    Expected pattern: /\/dashboard/
    Received string:  "https://wedding-lk.vercel.app/login"
    Timeout: 10000ms

    Call log:
      - Expect "toHaveURL" with timeout 10000ms
        13 × unexpected value "https://wedding-lk.vercel.app/login"


      77 |     
      78 |     // Verify redirect to dashboard
    > 79 |     await expect(page).toHaveURL(/\/dashboard/, { timeout: 10000 });
         |                        ^
      80 |   });
      81 |
      82 |   test('User Profile CRUD Operations', async ({ page }) => {
        at /Users/asithalakmal/Documents/web/final project/WeddingLK-next copy/tests/e2e/comprehensive-crud.spec.ts:79:24

    attachment #1: screenshot (image/png) ──────────────────────────────────────────────────────────
    ../../test-results/comprehensive-crud-🔐-Auth-b3a02-gement-CRUD-User-Login-Flow-chromium/test-failed-1.png
    ────────────────────────────────────────────────────────────────────────────────────────────────

    attachment #2: video (video/webm) ──────────────────────────────────────────────────────────────
    ../../test-results/comprehensive-crud-🔐-Auth-b3a02-gement-CRUD-User-Login-Flow-chromium/video.webm
    ────────────────────────────────────────────────────────────────────────────────────────────────

    Error Context: ../../test-results/comprehensive-crud-🔐-Auth-b3a02-gement-CRUD-User-Login-Flow-chromium/error-context.md
]]>
</failure>
<system-out>
<![CDATA[
[[ATTACHMENT|test-results/comprehensive-crud-🔐-Auth-b3a02-gement-CRUD-User-Login-Flow-chromium/test-failed-1.png]]

[[ATTACHMENT|test-results/comprehensive-crud-🔐-Auth-b3a02-gement-CRUD-User-Login-Flow-chromium/video.webm]]

[[ATTACHMENT|test-results/comprehensive-crud-🔐-Auth-b3a02-gement-CRUD-User-Login-Flow-chromium/error-context.md]]
]]>
</system-out>
</testcase>
<testcase name="🔐 Authentication &amp; User Management CRUD › User Profile CRUD Operations" classname="comprehensive-crud.spec.ts" time="52.35">
<failure message="comprehensive-crud.spec.ts:82:7 User Profile CRUD Operations" type="FAILURE">
<![CDATA[  [chromium] › comprehensive-crud.spec.ts:82:7 › 🔐 Authentication & User Management CRUD › User Profile CRUD Operations 

    Error: expect(page).toHaveURL(expected) failed

    Expected pattern: /\/dashboard/
    Received string:  "https://wedding-lk.vercel.app/login"
    Timeout: 30000ms

    Call log:
      - Expect "toHaveURL" with timeout 30000ms
        33 × unexpected value "https://wedding-lk.vercel.app/login"


      86 |     await page.fill('input[name="password"]', testUsers.regularUser.password);
      87 |     await page.click('button[type="submit"]');
    > 88 |     await expect(page).toHaveURL(/\/dashboard/);
         |                        ^
      89 |
      90 |     // Navigate to profile
      91 |     await page.goto('/dashboard/profile');
        at /Users/asithalakmal/Documents/web/final project/WeddingLK-next copy/tests/e2e/comprehensive-crud.spec.ts:88:24

    attachment #1: screenshot (image/png) ──────────────────────────────────────────────────────────
    ../../test-results/comprehensive-crud-🔐-Auth-7a9a3-ser-Profile-CRUD-Operations-chromium/test-failed-1.png
    ────────────────────────────────────────────────────────────────────────────────────────────────

    attachment #2: video (video/webm) ──────────────────────────────────────────────────────────────
    ../../test-results/comprehensive-crud-🔐-Auth-7a9a3-ser-Profile-CRUD-Operations-chromium/video.webm
    ────────────────────────────────────────────────────────────────────────────────────────────────

    Error Context: ../../test-results/comprehensive-crud-🔐-Auth-7a9a3-ser-Profile-CRUD-Operations-chromium/error-context.md
]]>
</failure>
<system-out>
<![CDATA[
[[ATTACHMENT|test-results/comprehensive-crud-🔐-Auth-7a9a3-ser-Profile-CRUD-Operations-chromium/test-failed-1.png]]

[[ATTACHMENT|test-results/comprehensive-crud-🔐-Auth-7a9a3-ser-Profile-CRUD-Operations-chromium/video.webm]]

[[ATTACHMENT|test-results/comprehensive-crud-🔐-Auth-7a9a3-ser-Profile-CRUD-Operations-chromium/error-context.md]]
]]>
</system-out>
</testcase>
<testcase name="🔐 Authentication &amp; User Management CRUD › User Settings CRUD Operations" classname="comprehensive-crud.spec.ts" time="56.004">
<failure message="comprehensive-crud.spec.ts:106:7 User Settings CRUD Operations" type="FAILURE">
<![CDATA[  [chromium] › comprehensive-crud.spec.ts:106:7 › 🔐 Authentication & User Management CRUD › User Settings CRUD Operations 

    Error: expect(page).toHaveURL(expected) failed

    Expected pattern: /\/dashboard/
    Received string:  "https://wedding-lk.vercel.app/login"
    Timeout: 30000ms

    Call log:
      - Expect "toHaveURL" with timeout 30000ms
        33 × unexpected value "https://wedding-lk.vercel.app/login"


      110 |     await page.fill('input[name="password"]', testUsers.regularUser.password);
      111 |     await page.click('button[type="submit"]');
    > 112 |     await expect(page).toHaveURL(/\/dashboard/);
          |                        ^
      113 |
      114 |     // Navigate to settings
      115 |     await page.goto('/dashboard/settings');
        at /Users/asithalakmal/Documents/web/final project/WeddingLK-next copy/tests/e2e/comprehensive-crud.spec.ts:112:24

    attachment #1: screenshot (image/png) ──────────────────────────────────────────────────────────
    ../../test-results/comprehensive-crud-🔐-Auth-e8e4d-er-Settings-CRUD-Operations-chromium/test-failed-1.png
    ────────────────────────────────────────────────────────────────────────────────────────────────

    attachment #2: video (video/webm) ──────────────────────────────────────────────────────────────
    ../../test-results/comprehensive-crud-🔐-Auth-e8e4d-er-Settings-CRUD-Operations-chromium/video.webm
    ────────────────────────────────────────────────────────────────────────────────────────────────

    Error Context: ../../test-results/comprehensive-crud-🔐-Auth-e8e4d-er-Settings-CRUD-Operations-chromium/error-context.md
]]>
</failure>
<system-out>
<![CDATA[
[[ATTACHMENT|test-results/comprehensive-crud-🔐-Auth-e8e4d-er-Settings-CRUD-Operations-chromium/test-failed-1.png]]

[[ATTACHMENT|test-results/comprehensive-crud-🔐-Auth-e8e4d-er-Settings-CRUD-Operations-chromium/video.webm]]

[[ATTACHMENT|test-results/comprehensive-crud-🔐-Auth-e8e4d-er-Settings-CRUD-Operations-chromium/error-context.md]]
]]>
</system-out>
</testcase>
<testcase name="🏢 Vendor Management CRUD › Vendor Registration Flow" classname="comprehensive-crud.spec.ts" time="63.096">
<failure message="comprehensive-crud.spec.ts:131:7 Vendor Registration Flow" type="FAILURE">
<![CDATA[  [chromium] › comprehensive-crud.spec.ts:131:7 › 🏢 Vendor Management CRUD › Vendor Registration Flow 

    TimeoutError: page.fill: Timeout 60000ms exceeded.
    Call log:
      - waiting for locator('input[name="businessName"]')


      133 |     
      134 |     // Fill vendor registration form
    > 135 |     await page.fill('input[name="businessName"]', testUsers.vendor.name);
          |                ^
      136 |     await page.fill('input[name="email"]', testUsers.vendor.email);
      137 |     await page.fill('input[name="password"]', testUsers.vendor.password);
      138 |     await page.fill('input[name="phone"]', '+94771234567');
        at /Users/asithalakmal/Documents/web/final project/WeddingLK-next copy/tests/e2e/comprehensive-crud.spec.ts:135:16

    attachment #1: screenshot (image/png) ──────────────────────────────────────────────────────────
    ../../test-results/comprehensive-crud-🏢-Vend-4884e-UD-Vendor-Registration-Flow-chromium/test-failed-1.png
    ────────────────────────────────────────────────────────────────────────────────────────────────

    attachment #2: video (video/webm) ──────────────────────────────────────────────────────────────
    ../../test-results/comprehensive-crud-🏢-Vend-4884e-UD-Vendor-Registration-Flow-chromium/video.webm
    ────────────────────────────────────────────────────────────────────────────────────────────────

    Error Context: ../../test-results/comprehensive-crud-🏢-Vend-4884e-UD-Vendor-Registration-Flow-chromium/error-context.md
]]>
</failure>
<system-out>
<![CDATA[
[[ATTACHMENT|test-results/comprehensive-crud-🏢-Vend-4884e-UD-Vendor-Registration-Flow-chromium/test-failed-1.png]]

[[ATTACHMENT|test-results/comprehensive-crud-🏢-Vend-4884e-UD-Vendor-Registration-Flow-chromium/video.webm]]

[[ATTACHMENT|test-results/comprehensive-crud-🏢-Vend-4884e-UD-Vendor-Registration-Flow-chromium/error-context.md]]
]]>
</system-out>
</testcase>
<testcase name="🏢 Vendor Management CRUD › Vendor Services CRUD Operations" classname="comprehensive-crud.spec.ts" time="39.836">
<failure message="comprehensive-crud.spec.ts:148:7 Vendor Services CRUD Operations" type="FAILURE">
<![CDATA[  [chromium] › comprehensive-crud.spec.ts:148:7 › 🏢 Vendor Management CRUD › Vendor Services CRUD Operations 

    Error: expect(page).toHaveURL(expected) failed

    Expected pattern: /\/dashboard/
    Received string:  "https://wedding-lk.vercel.app/login"
    Timeout: 30000ms

    Call log:
      - Expect "toHaveURL" with timeout 30000ms
        33 × unexpected value "https://wedding-lk.vercel.app/login"


      152 |     await page.fill('input[name="password"]', testUsers.vendor.password);
      153 |     await page.click('button[type="submit"]');
    > 154 |     await expect(page).toHaveURL(/\/dashboard/);
          |                        ^
      155 |
      156 |     // Navigate to services
      157 |     await page.goto('/dashboard/vendor/services');
        at /Users/asithalakmal/Documents/web/final project/WeddingLK-next copy/tests/e2e/comprehensive-crud.spec.ts:154:24

    attachment #1: screenshot (image/png) ──────────────────────────────────────────────────────────
    ../../test-results/comprehensive-crud-🏢-Vend-64218-or-Services-CRUD-Operations-chromium/test-failed-1.png
    ────────────────────────────────────────────────────────────────────────────────────────────────

    attachment #2: video (video/webm) ──────────────────────────────────────────────────────────────
    ../../test-results/comprehensive-crud-🏢-Vend-64218-or-Services-CRUD-Operations-chromium/video.webm
    ────────────────────────────────────────────────────────────────────────────────────────────────

    Error Context: ../../test-results/comprehensive-crud-🏢-Vend-64218-or-Services-CRUD-Operations-chromium/error-context.md
]]>
</failure>
<system-out>
<![CDATA[
[[ATTACHMENT|test-results/comprehensive-crud-🏢-Vend-64218-or-Services-CRUD-Operations-chromium/test-failed-1.png]]

[[ATTACHMENT|test-results/comprehensive-crud-🏢-Vend-64218-or-Services-CRUD-Operations-chromium/video.webm]]

[[ATTACHMENT|test-results/comprehensive-crud-🏢-Vend-64218-or-Services-CRUD-Operations-chromium/error-context.md]]
]]>
</system-out>
</testcase>
<testcase name="🏢 Vendor Management CRUD › Vendor Analytics &amp; Reports" classname="comprehensive-crud.spec.ts" time="39.005">
<failure message="comprehensive-crud.spec.ts:182:7 Vendor Analytics &amp; Reports" type="FAILURE">
<![CDATA[  [chromium] › comprehensive-crud.spec.ts:182:7 › 🏢 Vendor Management CRUD › Vendor Analytics & Reports 

    Error: expect(page).toHaveURL(expected) failed

    Expected pattern: /\/dashboard/
    Received string:  "https://wedding-lk.vercel.app/login"
    Timeout: 30000ms

    Call log:
      - Expect "toHaveURL" with timeout 30000ms
        33 × unexpected value "https://wedding-lk.vercel.app/login"


      186 |     await page.fill('input[name="password"]', testUsers.vendor.password);
      187 |     await page.click('button[type="submit"]');
    > 188 |     await expect(page).toHaveURL(/\/dashboard/);
          |                        ^
      189 |
      190 |     // Navigate to analytics
      191 |     await page.goto('/dashboard/vendor/analytics');
        at /Users/asithalakmal/Documents/web/final project/WeddingLK-next copy/tests/e2e/comprehensive-crud.spec.ts:188:24

    attachment #1: screenshot (image/png) ──────────────────────────────────────────────────────────
    ../../test-results/comprehensive-crud-🏢-Vend-1244e-UD-Vendor-Analytics-Reports-chromium/test-failed-1.png
    ────────────────────────────────────────────────────────────────────────────────────────────────

    attachment #2: video (video/webm) ──────────────────────────────────────────────────────────────
    ../../test-results/comprehensive-crud-🏢-Vend-1244e-UD-Vendor-Analytics-Reports-chromium/video.webm
    ────────────────────────────────────────────────────────────────────────────────────────────────

    Error Context: ../../test-results/comprehensive-crud-🏢-Vend-1244e-UD-Vendor-Analytics-Reports-chromium/error-context.md
]]>
</failure>
<system-out>
<![CDATA[
[[ATTACHMENT|test-results/comprehensive-crud-🏢-Vend-1244e-UD-Vendor-Analytics-Reports-chromium/test-failed-1.png]]

[[ATTACHMENT|test-results/comprehensive-crud-🏢-Vend-1244e-UD-Vendor-Analytics-Reports-chromium/video.webm]]

[[ATTACHMENT|test-results/comprehensive-crud-🏢-Vend-1244e-UD-Vendor-Analytics-Reports-chromium/error-context.md]]
]]>
</system-out>
</testcase>
<testcase name="📅 Booking System CRUD › Create Booking Flow" classname="comprehensive-crud.spec.ts" time="42.477">
<failure message="comprehensive-crud.spec.ts:201:7 Create Booking Flow" type="FAILURE">
<![CDATA[  [chromium] › comprehensive-crud.spec.ts:201:7 › 📅 Booking System CRUD › Create Booking Flow ─────

    Error: expect(page).toHaveURL(expected) failed

    Expected pattern: /\/dashboard/
    Received string:  "https://wedding-lk.vercel.app/login"
    Timeout: 30000ms

    Call log:
      - Expect "toHaveURL" with timeout 30000ms
        33 × unexpected value "https://wedding-lk.vercel.app/login"


      205 |     await page.fill('input[name="password"]', testUsers.regularUser.password);
      206 |     await page.click('button[type="submit"]');
    > 207 |     await expect(page).toHaveURL(/\/dashboard/);
          |                        ^
      208 |
      209 |     // Navigate to venues
      210 |     await page.goto('/venues');
        at /Users/asithalakmal/Documents/web/final project/WeddingLK-next copy/tests/e2e/comprehensive-crud.spec.ts:207:24

    attachment #1: screenshot (image/png) ──────────────────────────────────────────────────────────
    ../../test-results/comprehensive-crud-📅-Book-32257-em-CRUD-Create-Booking-Flow-chromium/test-failed-1.png
    ────────────────────────────────────────────────────────────────────────────────────────────────

    attachment #2: video (video/webm) ──────────────────────────────────────────────────────────────
    ../../test-results/comprehensive-crud-📅-Book-32257-em-CRUD-Create-Booking-Flow-chromium/video.webm
    ────────────────────────────────────────────────────────────────────────────────────────────────

    Error Context: ../../test-results/comprehensive-crud-📅-Book-32257-em-CRUD-Create-Booking-Flow-chromium/error-context.md
]]>
</failure>
<system-out>
<![CDATA[
[[ATTACHMENT|test-results/comprehensive-crud-📅-Book-32257-em-CRUD-Create-Booking-Flow-chromium/test-failed-1.png]]

[[ATTACHMENT|test-results/comprehensive-crud-📅-Book-32257-em-CRUD-Create-Booking-Flow-chromium/video.webm]]

[[ATTACHMENT|test-results/comprehensive-crud-📅-Book-32257-em-CRUD-Create-Booking-Flow-chromium/error-context.md]]
]]>
</system-out>
</testcase>
<testcase name="📅 Booking System CRUD › Booking Management CRUD" classname="comprehensive-crud.spec.ts" time="40.985">
<failure message="comprehensive-crud.spec.ts:228:7 Booking Management CRUD" type="FAILURE">
<![CDATA[  [chromium] › comprehensive-crud.spec.ts:228:7 › 📅 Booking System CRUD › Booking Management CRUD ─

    Error: expect(page).toHaveURL(expected) failed

    Expected pattern: /\/dashboard/
    Received string:  "https://wedding-lk.vercel.app/login"
    Timeout: 30000ms

    Call log:
      - Expect "toHaveURL" with timeout 30000ms
        33 × unexpected value "https://wedding-lk.vercel.app/login"


      232 |     await page.fill('input[name="password"]', testUsers.regularUser.password);
      233 |     await page.click('button[type="submit"]');
    > 234 |     await expect(page).toHaveURL(/\/dashboard/);
          |                        ^
      235 |
      236 |     // Navigate to bookings
      237 |     await page.goto('/dashboard/bookings');
        at /Users/asithalakmal/Documents/web/final project/WeddingLK-next copy/tests/e2e/comprehensive-crud.spec.ts:234:24

    attachment #1: screenshot (image/png) ──────────────────────────────────────────────────────────
    ../../test-results/comprehensive-crud-📅-Book-0046c-RUD-Booking-Management-CRUD-chromium/test-failed-1.png
    ────────────────────────────────────────────────────────────────────────────────────────────────

    attachment #2: video (video/webm) ──────────────────────────────────────────────────────────────
    ../../test-results/comprehensive-crud-📅-Book-0046c-RUD-Booking-Management-CRUD-chromium/video.webm
    ────────────────────────────────────────────────────────────────────────────────────────────────

    Error Context: ../../test-results/comprehensive-crud-📅-Book-0046c-RUD-Booking-Management-CRUD-chromium/error-context.md
]]>
</failure>
<system-out>
<![CDATA[
[[ATTACHMENT|test-results/comprehensive-crud-📅-Book-0046c-RUD-Booking-Management-CRUD-chromium/test-failed-1.png]]

[[ATTACHMENT|test-results/comprehensive-crud-📅-Book-0046c-RUD-Booking-Management-CRUD-chromium/video.webm]]

[[ATTACHMENT|test-results/comprehensive-crud-📅-Book-0046c-RUD-Booking-Management-CRUD-chromium/error-context.md]]
]]>
</system-out>
</testcase>
<testcase name="📅 Booking System CRUD › Booking Status Tracking" classname="comprehensive-crud.spec.ts" time="42.485">
<failure message="comprehensive-crud.spec.ts:258:7 Booking Status Tracking" type="FAILURE">
<![CDATA[  [chromium] › comprehensive-crud.spec.ts:258:7 › 📅 Booking System CRUD › Booking Status Tracking ─

    Error: expect(page).toHaveURL(expected) failed

    Expected pattern: /\/dashboard/
    Received string:  "https://wedding-lk.vercel.app/login"
    Timeout: 30000ms

    Call log:
      - Expect "toHaveURL" with timeout 30000ms
        33 × unexpected value "https://wedding-lk.vercel.app/login"


      262 |     await page.fill('input[name="password"]', testUsers.vendor.password);
      263 |     await page.click('button[type="submit"]');
    > 264 |     await expect(page).toHaveURL(/\/dashboard/);
          |                        ^
      265 |
      266 |     // Navigate to vendor bookings
      267 |     await page.goto('/dashboard/vendor/bookings');
        at /Users/asithalakmal/Documents/web/final project/WeddingLK-next copy/tests/e2e/comprehensive-crud.spec.ts:264:24

    attachment #1: screenshot (image/png) ──────────────────────────────────────────────────────────
    ../../test-results/comprehensive-crud-📅-Book-6532e-RUD-Booking-Status-Tracking-chromium/test-failed-1.png
    ────────────────────────────────────────────────────────────────────────────────────────────────

    attachment #2: video (video/webm) ──────────────────────────────────────────────────────────────
    ../../test-results/comprehensive-crud-📅-Book-6532e-RUD-Booking-Status-Tracking-chromium/video.webm
    ────────────────────────────────────────────────────────────────────────────────────────────────

    Error Context: ../../test-results/comprehensive-crud-📅-Book-6532e-RUD-Booking-Status-Tracking-chromium/error-context.md
]]>
</failure>
<system-out>
<![CDATA[
[[ATTACHMENT|test-results/comprehensive-crud-📅-Book-6532e-RUD-Booking-Status-Tracking-chromium/test-failed-1.png]]

[[ATTACHMENT|test-results/comprehensive-crud-📅-Book-6532e-RUD-Booking-Status-Tracking-chromium/video.webm]]

[[ATTACHMENT|test-results/comprehensive-crud-📅-Book-6532e-RUD-Booking-Status-Tracking-chromium/error-context.md]]
]]>
</system-out>
</testcase>
<testcase name="👥 Wedding Planner CRUD Operations › Planner Client Management" classname="comprehensive-crud.spec.ts" time="45.482">
<failure message="comprehensive-crud.spec.ts:283:7 Planner Client Management" type="FAILURE">
<![CDATA[  [chromium] › comprehensive-crud.spec.ts:283:7 › 👥 Wedding Planner CRUD Operations › Planner Client Management 

    Error: expect(page).toHaveURL(expected) failed

    Expected pattern: /\/dashboard/
    Received string:  "https://wedding-lk.vercel.app/login"
    Timeout: 30000ms

    Call log:
      - Expect "toHaveURL" with timeout 30000ms
        33 × unexpected value "https://wedding-lk.vercel.app/login"


      287 |     await page.fill('input[name="password"]', testUsers.weddingPlanner.password);
      288 |     await page.click('button[type="submit"]');
    > 289 |     await expect(page).toHaveURL(/\/dashboard/);
          |                        ^
      290 |
      291 |     // Navigate to clients
      292 |     await page.goto('/dashboard/planner/clients');
        at /Users/asithalakmal/Documents/web/final project/WeddingLK-next copy/tests/e2e/comprehensive-crud.spec.ts:289:24

    attachment #1: screenshot (image/png) ──────────────────────────────────────────────────────────
    ../../test-results/comprehensive-crud-👥-Wedd-6d749-s-Planner-Client-Management-chromium/test-failed-1.png
    ────────────────────────────────────────────────────────────────────────────────────────────────

    attachment #2: video (video/webm) ──────────────────────────────────────────────────────────────
    ../../test-results/comprehensive-crud-👥-Wedd-6d749-s-Planner-Client-Management-chromium/video.webm
    ────────────────────────────────────────────────────────────────────────────────────────────────

    Error Context: ../../test-results/comprehensive-crud-👥-Wedd-6d749-s-Planner-Client-Management-chromium/error-context.md
]]>
</failure>
<system-out>
<![CDATA[
[[ATTACHMENT|test-results/comprehensive-crud-👥-Wedd-6d749-s-Planner-Client-Management-chromium/test-failed-1.png]]

[[ATTACHMENT|test-results/comprehensive-crud-👥-Wedd-6d749-s-Planner-Client-Management-chromium/video.webm]]

[[ATTACHMENT|test-results/comprehensive-crud-👥-Wedd-6d749-s-Planner-Client-Management-chromium/error-context.md]]
]]>
</system-out>
</testcase>
<testcase name="👥 Wedding Planner CRUD Operations › Planner Task Management" classname="comprehensive-crud.spec.ts" time="45.418">
<failure message="comprehensive-crud.spec.ts:313:7 Planner Task Management" type="FAILURE">
<![CDATA[  [chromium] › comprehensive-crud.spec.ts:313:7 › 👥 Wedding Planner CRUD Operations › Planner Task Management 

    Error: expect(page).toHaveURL(expected) failed

    Expected pattern: /\/dashboard/
    Received string:  "https://wedding-lk.vercel.app/login"
    Timeout: 30000ms

    Call log:
      - Expect "toHaveURL" with timeout 30000ms
        33 × unexpected value "https://wedding-lk.vercel.app/login"


      317 |     await page.fill('input[name="password"]', testUsers.weddingPlanner.password);
      318 |     await page.click('button[type="submit"]');
    > 319 |     await expect(page).toHaveURL(/\/dashboard/);
          |                        ^
      320 |
      321 |     // Navigate to tasks
      322 |     await page.goto('/dashboard/planner/tasks');
        at /Users/asithalakmal/Documents/web/final project/WeddingLK-next copy/tests/e2e/comprehensive-crud.spec.ts:319:24

    attachment #1: screenshot (image/png) ──────────────────────────────────────────────────────────
    ../../test-results/comprehensive-crud-👥-Wedd-50ee2-ons-Planner-Task-Management-chromium/test-failed-1.png
    ────────────────────────────────────────────────────────────────────────────────────────────────

    attachment #2: video (video/webm) ──────────────────────────────────────────────────────────────
    ../../test-results/comprehensive-crud-👥-Wedd-50ee2-ons-Planner-Task-Management-chromium/video.webm
    ────────────────────────────────────────────────────────────────────────────────────────────────

    Error Context: ../../test-results/comprehensive-crud-👥-Wedd-50ee2-ons-Planner-Task-Management-chromium/error-context.md
]]>
</failure>
<system-out>
<![CDATA[
[[ATTACHMENT|test-results/comprehensive-crud-👥-Wedd-50ee2-ons-Planner-Task-Management-chromium/test-failed-1.png]]

[[ATTACHMENT|test-results/comprehensive-crud-👥-Wedd-50ee2-ons-Planner-Task-Management-chromium/video.webm]]

[[ATTACHMENT|test-results/comprehensive-crud-👥-Wedd-50ee2-ons-Planner-Task-Management-chromium/error-context.md]]
]]>
</system-out>
</testcase>
<testcase name="🛡️ RBAC (Role-Based Access Control) Tests › User Role Access Control" classname="comprehensive-crud.spec.ts" time="50.541">
<failure message="comprehensive-crud.spec.ts:342:7 User Role Access Control" type="FAILURE">
<![CDATA[  [chromium] › comprehensive-crud.spec.ts:342:7 › 🛡️ RBAC (Role-Based Access Control) Tests › User Role Access Control 

    Error: expect(page).toHaveURL(expected) failed

    Expected pattern: /\/dashboard/
    Received string:  "https://wedding-lk.vercel.app/login"
    Timeout: 30000ms

    Call log:
      - Expect "toHaveURL" with timeout 30000ms
        33 × unexpected value "https://wedding-lk.vercel.app/login"


      346 |     await page.fill('input[name="password"]', testUsers.regularUser.password);
      347 |     await page.click('button[type="submit"]');
    > 348 |     await expect(page).toHaveURL(/\/dashboard/);
          |                        ^
      349 |
      350 |     // Test user can access their allowed pages
      351 |     await page.goto('/dashboard/planning');
        at /Users/asithalakmal/Documents/web/final project/WeddingLK-next copy/tests/e2e/comprehensive-crud.spec.ts:348:24

    attachment #1: screenshot (image/png) ──────────────────────────────────────────────────────────
    ../../test-results/comprehensive-crud-🛡️-RBA-b8846-ts-User-Role-Access-Control-chromium/test-failed-1.png
    ────────────────────────────────────────────────────────────────────────────────────────────────

    attachment #2: video (video/webm) ──────────────────────────────────────────────────────────────
    ../../test-results/comprehensive-crud-🛡️-RBA-b8846-ts-User-Role-Access-Control-chromium/video.webm
    ────────────────────────────────────────────────────────────────────────────────────────────────

    Error Context: ../../test-results/comprehensive-crud-🛡️-RBA-b8846-ts-User-Role-Access-Control-chromium/error-context.md
]]>
</failure>
<system-out>
<![CDATA[
[[ATTACHMENT|test-results/comprehensive-crud-🛡️-RBA-b8846-ts-User-Role-Access-Control-chromium/test-failed-1.png]]

[[ATTACHMENT|test-results/comprehensive-crud-🛡️-RBA-b8846-ts-User-Role-Access-Control-chromium/video.webm]]

[[ATTACHMENT|test-results/comprehensive-crud-🛡️-RBA-b8846-ts-User-Role-Access-Control-chromium/error-context.md]]
]]>
</system-out>
</testcase>
<testcase name="🛡️ RBAC (Role-Based Access Control) Tests › Vendor Role Access Control" classname="comprehensive-crud.spec.ts" time="50.038">
<failure message="comprehensive-crud.spec.ts:366:7 Vendor Role Access Control" type="FAILURE">
<![CDATA[  [chromium] › comprehensive-crud.spec.ts:366:7 › 🛡️ RBAC (Role-Based Access Control) Tests › Vendor Role Access Control 

    Error: expect(page).toHaveURL(expected) failed

    Expected pattern: /\/dashboard/
    Received string:  "https://wedding-lk.vercel.app/login"
    Timeout: 30000ms

    Call log:
      - Expect "toHaveURL" with timeout 30000ms
        33 × unexpected value "https://wedding-lk.vercel.app/login"


      370 |     await page.fill('input[name="password"]', testUsers.vendor.password);
      371 |     await page.click('button[type="submit"]');
    > 372 |     await expect(page).toHaveURL(/\/dashboard/);
          |                        ^
      373 |
      374 |     // Test vendor can access their allowed pages
      375 |     await page.goto('/dashboard/vendor/services');
        at /Users/asithalakmal/Documents/web/final project/WeddingLK-next copy/tests/e2e/comprehensive-crud.spec.ts:372:24

    attachment #1: screenshot (image/png) ──────────────────────────────────────────────────────────
    ../../test-results/comprehensive-crud-🛡️-RBA-76435--Vendor-Role-Access-Control-chromium/test-failed-1.png
    ────────────────────────────────────────────────────────────────────────────────────────────────

    attachment #2: video (video/webm) ──────────────────────────────────────────────────────────────
    ../../test-results/comprehensive-crud-🛡️-RBA-76435--Vendor-Role-Access-Control-chromium/video.webm
    ────────────────────────────────────────────────────────────────────────────────────────────────

    Error Context: ../../test-results/comprehensive-crud-🛡️-RBA-76435--Vendor-Role-Access-Control-chromium/error-context.md
]]>
</failure>
<system-out>
<![CDATA[
[[ATTACHMENT|test-results/comprehensive-crud-🛡️-RBA-76435--Vendor-Role-Access-Control-chromium/test-failed-1.png]]

[[ATTACHMENT|test-results/comprehensive-crud-🛡️-RBA-76435--Vendor-Role-Access-Control-chromium/video.webm]]

[[ATTACHMENT|test-results/comprehensive-crud-🛡️-RBA-76435--Vendor-Role-Access-Control-chromium/error-context.md]]
]]>
</system-out>
</testcase>
<testcase name="🛡️ RBAC (Role-Based Access Control) Tests › Admin Role Access Control" classname="comprehensive-crud.spec.ts" time="45.109">
<failure message="comprehensive-crud.spec.ts:390:7 Admin Role Access Control" type="FAILURE">
<![CDATA[  [chromium] › comprehensive-crud.spec.ts:390:7 › 🛡️ RBAC (Role-Based Access Control) Tests › Admin Role Access Control 

    Error: expect(page).toHaveURL(expected) failed

    Expected pattern: /\/dashboard/
    Received string:  "https://wedding-lk.vercel.app/login"
    Timeout: 30000ms

    Call log:
      - Expect "toHaveURL" with timeout 30000ms
        33 × unexpected value "https://wedding-lk.vercel.app/login"


      394 |     await page.fill('input[name="password"]', testUsers.admin.password);
      395 |     await page.click('button[type="submit"]');
    > 396 |     await expect(page).toHaveURL(/\/dashboard/);
          |                        ^
      397 |
      398 |     // Test admin can access all pages
      399 |     await page.goto('/dashboard/admin');
        at /Users/asithalakmal/Documents/web/final project/WeddingLK-next copy/tests/e2e/comprehensive-crud.spec.ts:396:24

    attachment #1: screenshot (image/png) ──────────────────────────────────────────────────────────
    ../../test-results/comprehensive-crud-🛡️-RBA-d2e91-s-Admin-Role-Access-Control-chromium/test-failed-1.png
    ────────────────────────────────────────────────────────────────────────────────────────────────

    attachment #2: video (video/webm) ──────────────────────────────────────────────────────────────
    ../../test-results/comprehensive-crud-🛡️-RBA-d2e91-s-Admin-Role-Access-Control-chromium/video.webm
    ────────────────────────────────────────────────────────────────────────────────────────────────

    Error Context: ../../test-results/comprehensive-crud-🛡️-RBA-d2e91-s-Admin-Role-Access-Control-chromium/error-context.md
]]>
</failure>
<system-out>
<![CDATA[
[[ATTACHMENT|test-results/comprehensive-crud-🛡️-RBA-d2e91-s-Admin-Role-Access-Control-chromium/test-failed-1.png]]

[[ATTACHMENT|test-results/comprehensive-crud-🛡️-RBA-d2e91-s-Admin-Role-Access-Control-chromium/video.webm]]

[[ATTACHMENT|test-results/comprehensive-crud-🛡️-RBA-d2e91-s-Admin-Role-Access-Control-chromium/error-context.md]]
]]>
</system-out>
</testcase>
<testcase name="🛡️ RBAC (Role-Based Access Control) Tests › Middleware Route Protection" classname="comprehensive-crud.spec.ts" time="49.261">
<failure message="comprehensive-crud.spec.ts:412:7 Middleware Route Protection" type="FAILURE">
<![CDATA[  [chromium] › comprehensive-crud.spec.ts:412:7 › 🛡️ RBAC (Role-Based Access Control) Tests › Middleware Route Protection 

    Error: expect(page).toHaveURL(expected) failed

    Expected pattern: /\/auth\/signin/
    Received string:  "https://wedding-lk.vercel.app/dashboard"
    Timeout: 30000ms

    Call log:
      - Expect "toHaveURL" with timeout 30000ms
        33 × unexpected value "https://wedding-lk.vercel.app/dashboard"


      413 |     // Test unauthenticated access to protected routes
      414 |     await page.goto('/dashboard');
    > 415 |     await expect(page).toHaveURL(/\/auth\/signin/);
          |                        ^
      416 |     
      417 |     await page.goto('/dashboard/profile');
      418 |     await expect(page).toHaveURL(/\/auth\/signin/);
        at /Users/asithalakmal/Documents/web/final project/WeddingLK-next copy/tests/e2e/comprehensive-crud.spec.ts:415:24

    attachment #1: screenshot (image/png) ──────────────────────────────────────────────────────────
    ../../test-results/comprehensive-crud-🛡️-RBA-c8703-Middleware-Route-Protection-chromium/test-failed-1.png
    ────────────────────────────────────────────────────────────────────────────────────────────────

    attachment #2: video (video/webm) ──────────────────────────────────────────────────────────────
    ../../test-results/comprehensive-crud-🛡️-RBA-c8703-Middleware-Route-Protection-chromium/video.webm
    ────────────────────────────────────────────────────────────────────────────────────────────────

    Error Context: ../../test-results/comprehensive-crud-🛡️-RBA-c8703-Middleware-Route-Protection-chromium/error-context.md
]]>
</failure>
<system-out>
<![CDATA[
[[ATTACHMENT|test-results/comprehensive-crud-🛡️-RBA-c8703-Middleware-Route-Protection-chromium/test-failed-1.png]]

[[ATTACHMENT|test-results/comprehensive-crud-🛡️-RBA-c8703-Middleware-Route-Protection-chromium/video.webm]]

[[ATTACHMENT|test-results/comprehensive-crud-🛡️-RBA-c8703-Middleware-Route-Protection-chromium/error-context.md]]
]]>
</system-out>
</testcase>
<testcase name="💳 Payment &amp; Financial CRUD › Payment Processing Flow" classname="comprehensive-crud.spec.ts" time="47.737">
<failure message="comprehensive-crud.spec.ts:426:7 Payment Processing Flow" type="FAILURE">
<![CDATA[  [chromium] › comprehensive-crud.spec.ts:426:7 › 💳 Payment & Financial CRUD › Payment Processing Flow 

    Error: expect(page).toHaveURL(expected) failed

    Expected pattern: /\/dashboard/
    Received string:  "https://wedding-lk.vercel.app/login"
    Timeout: 30000ms

    Call log:
      - Expect "toHaveURL" with timeout 30000ms
        33 × unexpected value "https://wedding-lk.vercel.app/login"


      430 |     await page.fill('input[name="password"]', testUsers.regularUser.password);
      431 |     await page.click('button[type="submit"]');
    > 432 |     await expect(page).toHaveURL(/\/dashboard/);
          |                        ^
      433 |
      434 |     // Navigate to checkout
      435 |     await page.goto('/checkout');
        at /Users/asithalakmal/Documents/web/final project/WeddingLK-next copy/tests/e2e/comprehensive-crud.spec.ts:432:24

    attachment #1: screenshot (image/png) ──────────────────────────────────────────────────────────
    ../../test-results/comprehensive-crud-💳-Paym-6f1ed-RUD-Payment-Processing-Flow-chromium/test-failed-1.png
    ────────────────────────────────────────────────────────────────────────────────────────────────

    attachment #2: video (video/webm) ──────────────────────────────────────────────────────────────
    ../../test-results/comprehensive-crud-💳-Paym-6f1ed-RUD-Payment-Processing-Flow-chromium/video.webm
    ────────────────────────────────────────────────────────────────────────────────────────────────

    Error Context: ../../test-results/comprehensive-crud-💳-Paym-6f1ed-RUD-Payment-Processing-Flow-chromium/error-context.md
]]>
</failure>
<system-out>
<![CDATA[
[[ATTACHMENT|test-results/comprehensive-crud-💳-Paym-6f1ed-RUD-Payment-Processing-Flow-chromium/test-failed-1.png]]

[[ATTACHMENT|test-results/comprehensive-crud-💳-Paym-6f1ed-RUD-Payment-Processing-Flow-chromium/video.webm]]

[[ATTACHMENT|test-results/comprehensive-crud-💳-Paym-6f1ed-RUD-Payment-Processing-Flow-chromium/error-context.md]]
]]>
</system-out>
</testcase>
<testcase name="💳 Payment &amp; Financial CRUD › Payment History &amp; Management" classname="comprehensive-crud.spec.ts" time="47.091">
<failure message="comprehensive-crud.spec.ts:450:7 Payment History &amp; Management" type="FAILURE">
<![CDATA[  [chromium] › comprehensive-crud.spec.ts:450:7 › 💳 Payment & Financial CRUD › Payment History & Management 

    Error: expect(page).toHaveURL(expected) failed

    Expected pattern: /\/dashboard/
    Received string:  "https://wedding-lk.vercel.app/login"
    Timeout: 30000ms

    Call log:
      - Expect "toHaveURL" with timeout 30000ms
        33 × unexpected value "https://wedding-lk.vercel.app/login"


      454 |     await page.fill('input[name="password"]', testUsers.regularUser.password);
      455 |     await page.click('button[type="submit"]');
    > 456 |     await expect(page).toHaveURL(/\/dashboard/);
          |                        ^
      457 |
      458 |     // Navigate to payments
      459 |     await page.goto('/dashboard/payments');
        at /Users/asithalakmal/Documents/web/final project/WeddingLK-next copy/tests/e2e/comprehensive-crud.spec.ts:456:24

    attachment #1: screenshot (image/png) ──────────────────────────────────────────────────────────
    ../../test-results/comprehensive-crud-💳-Paym-d962d--Payment-History-Management-chromium/test-failed-1.png
    ────────────────────────────────────────────────────────────────────────────────────────────────

    attachment #2: video (video/webm) ──────────────────────────────────────────────────────────────
    ../../test-results/comprehensive-crud-💳-Paym-d962d--Payment-History-Management-chromium/video.webm
    ────────────────────────────────────────────────────────────────────────────────────────────────

    Error Context: ../../test-results/comprehensive-crud-💳-Paym-d962d--Payment-History-Management-chromium/error-context.md
]]>
</failure>
<system-out>
<![CDATA[
[[ATTACHMENT|test-results/comprehensive-crud-💳-Paym-d962d--Payment-History-Management-chromium/test-failed-1.png]]

[[ATTACHMENT|test-results/comprehensive-crud-💳-Paym-d962d--Payment-History-Management-chromium/video.webm]]

[[ATTACHMENT|test-results/comprehensive-crud-💳-Paym-d962d--Payment-History-Management-chromium/error-context.md]]
]]>
</system-out>
</testcase>
<testcase name="📱 Mobile &amp; Responsive CRUD › Mobile Navigation &amp; CRUD Operations" classname="comprehensive-crud.spec.ts" time="42.61">
<failure message="comprehensive-crud.spec.ts:471:7 Mobile Navigation &amp; CRUD Operations" type="FAILURE">
<![CDATA[  [chromium] › comprehensive-crud.spec.ts:471:7 › 📱 Mobile & Responsive CRUD › Mobile Navigation & CRUD Operations 

    Error: expect(page).toHaveURL(expected) failed

    Expected pattern: /\/dashboard/
    Received string:  "https://wedding-lk.vercel.app/login"
    Timeout: 30000ms

    Call log:
      - Expect "toHaveURL" with timeout 30000ms
        33 × unexpected value "https://wedding-lk.vercel.app/login"


      478 |     await page.fill('input[name="password"]', testUsers.regularUser.password);
      479 |     await page.click('button[type="submit"]');
    > 480 |     await expect(page).toHaveURL(/\/dashboard/);
          |                        ^
      481 |
      482 |     // Test mobile navigation
      483 |     await page.click('button[data-testid="mobile-menu"]');
        at /Users/asithalakmal/Documents/web/final project/WeddingLK-next copy/tests/e2e/comprehensive-crud.spec.ts:480:24

    attachment #1: screenshot (image/png) ──────────────────────────────────────────────────────────
    ../../test-results/comprehensive-crud-📱-Mobi-c12a8--Navigation-CRUD-Operations-chromium/test-failed-1.png
    ────────────────────────────────────────────────────────────────────────────────────────────────

    attachment #2: video (video/webm) ──────────────────────────────────────────────────────────────
    ../../test-results/comprehensive-crud-📱-Mobi-c12a8--Navigation-CRUD-Operations-chromium/video.webm
    ────────────────────────────────────────────────────────────────────────────────────────────────

    Error Context: ../../test-results/comprehensive-crud-📱-Mobi-c12a8--Navigation-CRUD-Operations-chromium/error-context.md
]]>
</failure>
<system-out>
<![CDATA[
[[ATTACHMENT|test-results/comprehensive-crud-📱-Mobi-c12a8--Navigation-CRUD-Operations-chromium/test-failed-1.png]]

[[ATTACHMENT|test-results/comprehensive-crud-📱-Mobi-c12a8--Navigation-CRUD-Operations-chromium/video.webm]]

[[ATTACHMENT|test-results/comprehensive-crud-📱-Mobi-c12a8--Navigation-CRUD-Operations-chromium/error-context.md]]
]]>
</system-out>
</testcase>
<testcase name="🔍 Search &amp; Filter CRUD › Venue Search &amp; Filter Operations" classname="comprehensive-crud.spec.ts" time="80.204">
<failure message="comprehensive-crud.spec.ts:501:7 Venue Search &amp; Filter Operations" type="FAILURE">
<![CDATA[  [chromium] › comprehensive-crud.spec.ts:501:7 › 🔍 Search & Filter CRUD › Venue Search & Filter Operations 

    TimeoutError: page.fill: Timeout 60000ms exceeded.
    Call log:
      - waiting for locator('input[placeholder*="Search venues"]')


      503 |     
      504 |     // Search for venues
    > 505 |     await page.fill('input[placeholder*="Search venues"]', 'Colombo');
          |                ^
      506 |     await page.click('button:has-text("Search")');
      507 |     
      508 |     // Apply filters
        at /Users/asithalakmal/Documents/web/final project/WeddingLK-next copy/tests/e2e/comprehensive-crud.spec.ts:505:16

    attachment #1: screenshot (image/png) ──────────────────────────────────────────────────────────
    ../../test-results/comprehensive-crud-🔍-Sear-77ac3-ue-Search-Filter-Operations-chromium/test-failed-1.png
    ────────────────────────────────────────────────────────────────────────────────────────────────

    attachment #2: video (video/webm) ──────────────────────────────────────────────────────────────
    ../../test-results/comprehensive-crud-🔍-Sear-77ac3-ue-Search-Filter-Operations-chromium/video.webm
    ────────────────────────────────────────────────────────────────────────────────────────────────

    Error Context: ../../test-results/comprehensive-crud-🔍-Sear-77ac3-ue-Search-Filter-Operations-chromium/error-context.md
]]>
</failure>
<system-out>
<![CDATA[
[[ATTACHMENT|test-results/comprehensive-crud-🔍-Sear-77ac3-ue-Search-Filter-Operations-chromium/test-failed-1.png]]

[[ATTACHMENT|test-results/comprehensive-crud-🔍-Sear-77ac3-ue-Search-Filter-Operations-chromium/video.webm]]

[[ATTACHMENT|test-results/comprehensive-crud-🔍-Sear-77ac3-ue-Search-Filter-Operations-chromium/error-context.md]]
]]>
</system-out>
</testcase>
<testcase name="🔍 Search &amp; Filter CRUD › Vendor Search &amp; Filter Operations" classname="comprehensive-crud.spec.ts" time="77.691">
<failure message="comprehensive-crud.spec.ts:518:7 Vendor Search &amp; Filter Operations" type="FAILURE">
<![CDATA[  [chromium] › comprehensive-crud.spec.ts:518:7 › 🔍 Search & Filter CRUD › Vendor Search & Filter Operations 

    TimeoutError: page.fill: Timeout 60000ms exceeded.
    Call log:
      - waiting for locator('input[placeholder*="Search vendors"]')


      520 |     
      521 |     // Search for vendors
    > 522 |     await page.fill('input[placeholder*="Search vendors"]', 'photography');
          |                ^
      523 |     await page.click('button:has-text("Search")');
      524 |     
      525 |     // Apply category filters
        at /Users/asithalakmal/Documents/web/final project/WeddingLK-next copy/tests/e2e/comprehensive-crud.spec.ts:522:16

    attachment #1: screenshot (image/png) ──────────────────────────────────────────────────────────
    ../../test-results/comprehensive-crud-🔍-Sear-8b262-or-Search-Filter-Operations-chromium/test-failed-1.png
    ────────────────────────────────────────────────────────────────────────────────────────────────

    attachment #2: video (video/webm) ──────────────────────────────────────────────────────────────
    ../../test-results/comprehensive-crud-🔍-Sear-8b262-or-Search-Filter-Operations-chromium/video.webm
    ────────────────────────────────────────────────────────────────────────────────────────────────

    Error Context: ../../test-results/comprehensive-crud-🔍-Sear-8b262-or-Search-Filter-Operations-chromium/error-context.md
]]>
</failure>
<system-out>
<![CDATA[
[[ATTACHMENT|test-results/comprehensive-crud-🔍-Sear-8b262-or-Search-Filter-Operations-chromium/test-failed-1.png]]

[[ATTACHMENT|test-results/comprehensive-crud-🔍-Sear-8b262-or-Search-Filter-Operations-chromium/video.webm]]

[[ATTACHMENT|test-results/comprehensive-crud-🔍-Sear-8b262-or-Search-Filter-Operations-chromium/error-context.md]]
]]>
</system-out>
</testcase>
<testcase name="📊 Analytics &amp; Reporting CRUD › User Analytics Dashboard" classname="comprehensive-crud.spec.ts" time="42.069">
<failure message="comprehensive-crud.spec.ts:535:7 User Analytics Dashboard" type="FAILURE">
<![CDATA[  [chromium] › comprehensive-crud.spec.ts:535:7 › 📊 Analytics & Reporting CRUD › User Analytics Dashboard 

    Error: expect(page).toHaveURL(expected) failed

    Expected pattern: /\/dashboard/
    Received string:  "https://wedding-lk.vercel.app/login"
    Timeout: 30000ms

    Call log:
      - Expect "toHaveURL" with timeout 30000ms
        33 × unexpected value "https://wedding-lk.vercel.app/login"


      539 |     await page.fill('input[name="password"]', testUsers.regularUser.password);
      540 |     await page.click('button[type="submit"]');
    > 541 |     await expect(page).toHaveURL(/\/dashboard/);
          |                        ^
      542 |
      543 |     // Navigate to analytics
      544 |     await page.goto('/dashboard/analytics');
        at /Users/asithalakmal/Documents/web/final project/WeddingLK-next copy/tests/e2e/comprehensive-crud.spec.ts:541:24

    attachment #1: screenshot (image/png) ──────────────────────────────────────────────────────────
    ../../test-results/comprehensive-crud-📊-Anal-bd0f7-UD-User-Analytics-Dashboard-chromium/test-failed-1.png
    ────────────────────────────────────────────────────────────────────────────────────────────────

    attachment #2: video (video/webm) ──────────────────────────────────────────────────────────────
    ../../test-results/comprehensive-crud-📊-Anal-bd0f7-UD-User-Analytics-Dashboard-chromium/video.webm
    ────────────────────────────────────────────────────────────────────────────────────────────────

    Error Context: ../../test-results/comprehensive-crud-📊-Anal-bd0f7-UD-User-Analytics-Dashboard-chromium/error-context.md
]]>
</failure>
<system-out>
<![CDATA[
[[ATTACHMENT|test-results/comprehensive-crud-📊-Anal-bd0f7-UD-User-Analytics-Dashboard-chromium/test-failed-1.png]]

[[ATTACHMENT|test-results/comprehensive-crud-📊-Anal-bd0f7-UD-User-Analytics-Dashboard-chromium/video.webm]]

[[ATTACHMENT|test-results/comprehensive-crud-📊-Anal-bd0f7-UD-User-Analytics-Dashboard-chromium/error-context.md]]
]]>
</system-out>
</testcase>
<testcase name="📊 Analytics &amp; Reporting CRUD › Admin Analytics &amp; Reports" classname="comprehensive-crud.spec.ts" time="49.518">
<failure message="comprehensive-crud.spec.ts:552:7 Admin Analytics &amp; Reports" type="FAILURE">
<![CDATA[  [chromium] › comprehensive-crud.spec.ts:552:7 › 📊 Analytics & Reporting CRUD › Admin Analytics & Reports 

    Error: expect(page).toHaveURL(expected) failed

    Expected pattern: /\/dashboard/
    Received string:  "https://wedding-lk.vercel.app/login"
    Timeout: 30000ms

    Call log:
      - Expect "toHaveURL" with timeout 30000ms
        33 × unexpected value "https://wedding-lk.vercel.app/login"


      556 |     await page.fill('input[name="password"]', testUsers.admin.password);
      557 |     await page.click('button[type="submit"]');
    > 558 |     await expect(page).toHaveURL(/\/dashboard/);
          |                        ^
      559 |
      560 |     // Navigate to admin analytics
      561 |     await page.goto('/dashboard/admin/reports');
        at /Users/asithalakmal/Documents/web/final project/WeddingLK-next copy/tests/e2e/comprehensive-crud.spec.ts:558:24

    attachment #1: screenshot (image/png) ──────────────────────────────────────────────────────────
    ../../test-results/comprehensive-crud-📊-Anal-de256-RUD-Admin-Analytics-Reports-chromium/test-failed-1.png
    ────────────────────────────────────────────────────────────────────────────────────────────────

    attachment #2: video (video/webm) ──────────────────────────────────────────────────────────────
    ../../test-results/comprehensive-crud-📊-Anal-de256-RUD-Admin-Analytics-Reports-chromium/video.webm
    ────────────────────────────────────────────────────────────────────────────────────────────────

    Error Context: ../../test-results/comprehensive-crud-📊-Anal-de256-RUD-Admin-Analytics-Reports-chromium/error-context.md
]]>
</failure>
<system-out>
<![CDATA[
[[ATTACHMENT|test-results/comprehensive-crud-📊-Anal-de256-RUD-Admin-Analytics-Reports-chromium/test-failed-1.png]]

[[ATTACHMENT|test-results/comprehensive-crud-📊-Anal-de256-RUD-Admin-Analytics-Reports-chromium/video.webm]]

[[ATTACHMENT|test-results/comprehensive-crud-📊-Anal-de256-RUD-Admin-Analytics-Reports-chromium/error-context.md]]
]]>
</system-out>
</testcase>
<testcase name="🔔 Notification &amp; Communication CRUD › Notification Management" classname="comprehensive-crud.spec.ts" time="48.16">
<failure message="comprehensive-crud.spec.ts:581:7 Notification Management" type="FAILURE">
<![CDATA[  [chromium] › comprehensive-crud.spec.ts:581:7 › 🔔 Notification & Communication CRUD › Notification Management 

    Error: expect(page).toHaveURL(expected) failed

    Expected pattern: /\/dashboard/
    Received string:  "https://wedding-lk.vercel.app/login"
    Timeout: 30000ms

    Call log:
      - Expect "toHaveURL" with timeout 30000ms
        33 × unexpected value "https://wedding-lk.vercel.app/login"


      585 |     await page.fill('input[name="password"]', testUsers.regularUser.password);
      586 |     await page.click('button[type="submit"]');
    > 587 |     await expect(page).toHaveURL(/\/dashboard/);
          |                        ^
      588 |
      589 |     // Navigate to notifications
      590 |     await page.goto('/dashboard/notifications');
        at /Users/asithalakmal/Documents/web/final project/WeddingLK-next copy/tests/e2e/comprehensive-crud.spec.ts:587:24

    attachment #1: screenshot (image/png) ──────────────────────────────────────────────────────────
    ../../test-results/comprehensive-crud-🔔-Noti-e4267-RUD-Notification-Management-chromium/test-failed-1.png
    ────────────────────────────────────────────────────────────────────────────────────────────────

    attachment #2: video (video/webm) ──────────────────────────────────────────────────────────────
    ../../test-results/comprehensive-crud-🔔-Noti-e4267-RUD-Notification-Management-chromium/video.webm
    ────────────────────────────────────────────────────────────────────────────────────────────────

    Error Context: ../../test-results/comprehensive-crud-🔔-Noti-e4267-RUD-Notification-Management-chromium/error-context.md
]]>
</failure>
<system-out>
<![CDATA[
[[ATTACHMENT|test-results/comprehensive-crud-🔔-Noti-e4267-RUD-Notification-Management-chromium/test-failed-1.png]]

[[ATTACHMENT|test-results/comprehensive-crud-🔔-Noti-e4267-RUD-Notification-Management-chromium/video.webm]]

[[ATTACHMENT|test-results/comprehensive-crud-🔔-Noti-e4267-RUD-Notification-Management-chromium/error-context.md]]
]]>
</system-out>
</testcase>
<testcase name="🔔 Notification &amp; Communication CRUD › Message System CRUD" classname="comprehensive-crud.spec.ts" time="40.84">
<failure message="comprehensive-crud.spec.ts:605:7 Message System CRUD" type="FAILURE">
<![CDATA[  [chromium] › comprehensive-crud.spec.ts:605:7 › 🔔 Notification & Communication CRUD › Message System CRUD 

    Error: expect(page).toHaveURL(expected) failed

    Expected pattern: /\/dashboard/
    Received string:  "https://wedding-lk.vercel.app/login"
    Timeout: 30000ms

    Call log:
      - Expect "toHaveURL" with timeout 30000ms
        33 × unexpected value "https://wedding-lk.vercel.app/login"


      609 |     await page.fill('input[name="password"]', testUsers.regularUser.password);
      610 |     await page.click('button[type="submit"]');
    > 611 |     await expect(page).toHaveURL(/\/dashboard/);
          |                        ^
      612 |
      613 |     // Navigate to messages
      614 |     await page.goto('/dashboard/messages');
        at /Users/asithalakmal/Documents/web/final project/WeddingLK-next copy/tests/e2e/comprehensive-crud.spec.ts:611:24

    attachment #1: screenshot (image/png) ──────────────────────────────────────────────────────────
    ../../test-results/comprehensive-crud-🔔-Noti-e1c21-on-CRUD-Message-System-CRUD-chromium/test-failed-1.png
    ────────────────────────────────────────────────────────────────────────────────────────────────

    attachment #2: video (video/webm) ──────────────────────────────────────────────────────────────
    ../../test-results/comprehensive-crud-🔔-Noti-e1c21-on-CRUD-Message-System-CRUD-chromium/video.webm
    ────────────────────────────────────────────────────────────────────────────────────────────────

    Error Context: ../../test-results/comprehensive-crud-🔔-Noti-e1c21-on-CRUD-Message-System-CRUD-chromium/error-context.md
]]>
</failure>
<system-out>
<![CDATA[
[[ATTACHMENT|test-results/comprehensive-crud-🔔-Noti-e1c21-on-CRUD-Message-System-CRUD-chromium/test-failed-1.png]]

[[ATTACHMENT|test-results/comprehensive-crud-🔔-Noti-e1c21-on-CRUD-Message-System-CRUD-chromium/video.webm]]

[[ATTACHMENT|test-results/comprehensive-crud-🔔-Noti-e1c21-on-CRUD-Message-System-CRUD-chromium/error-context.md]]
]]>
</system-out>
</testcase>
<testcase name="🔄 Data Synchronization &amp; Cache CRUD › Data Cache Management" classname="comprehensive-crud.spec.ts" time="41.077">
<failure message="comprehensive-crud.spec.ts:633:7 Data Cache Management" type="FAILURE">
<![CDATA[  [chromium] › comprehensive-crud.spec.ts:633:7 › 🔄 Data Synchronization & Cache CRUD › Data Cache Management 

    Error: expect(page).toHaveURL(expected) failed

    Expected pattern: /\/dashboard/
    Received string:  "https://wedding-lk.vercel.app/login"
    Timeout: 30000ms

    Call log:
      - Expect "toHaveURL" with timeout 30000ms
        33 × unexpected value "https://wedding-lk.vercel.app/login"


      637 |     await page.fill('input[name="password"]', testUsers.admin.password);
      638 |     await page.click('button[type="submit"]');
    > 639 |     await expect(page).toHaveURL(/\/dashboard/);
          |                        ^
      640 |
      641 |     // Navigate to cache management
      642 |     await page.goto('/dashboard/cache-demo');
        at /Users/asithalakmal/Documents/web/final project/WeddingLK-next copy/tests/e2e/comprehensive-crud.spec.ts:639:24

    attachment #1: screenshot (image/png) ──────────────────────────────────────────────────────────
    ../../test-results/comprehensive-crud-🔄-Data-ae5cf--CRUD-Data-Cache-Management-chromium/test-failed-1.png
    ────────────────────────────────────────────────────────────────────────────────────────────────

    attachment #2: video (video/webm) ──────────────────────────────────────────────────────────────
    ../../test-results/comprehensive-crud-🔄-Data-ae5cf--CRUD-Data-Cache-Management-chromium/video.webm
    ────────────────────────────────────────────────────────────────────────────────────────────────

    Error Context: ../../test-results/comprehensive-crud-🔄-Data-ae5cf--CRUD-Data-Cache-Management-chromium/error-context.md
]]>
</failure>
<system-out>
<![CDATA[
[[ATTACHMENT|test-results/comprehensive-crud-🔄-Data-ae5cf--CRUD-Data-Cache-Management-chromium/test-failed-1.png]]

[[ATTACHMENT|test-results/comprehensive-crud-🔄-Data-ae5cf--CRUD-Data-Cache-Management-chromium/video.webm]]

[[ATTACHMENT|test-results/comprehensive-crud-🔄-Data-ae5cf--CRUD-Data-Cache-Management-chromium/error-context.md]]
]]>
</system-out>
</testcase>
<testcase name="🛠️ System Administration CRUD › User Management Operations" classname="comprehensive-crud.spec.ts" time="39.086">
<failure message="comprehensive-crud.spec.ts:658:7 User Management Operations" type="FAILURE">
<![CDATA[  [chromium] › comprehensive-crud.spec.ts:658:7 › 🛠️ System Administration CRUD › User Management Operations 

    Error: expect(page).toHaveURL(expected) failed

    Expected pattern: /\/dashboard/
    Received string:  "https://wedding-lk.vercel.app/login"
    Timeout: 30000ms

    Call log:
      - Expect "toHaveURL" with timeout 30000ms
        33 × unexpected value "https://wedding-lk.vercel.app/login"


      662 |     await page.fill('input[name="password"]', testUsers.admin.password);
      663 |     await page.click('button[type="submit"]');
    > 664 |     await expect(page).toHaveURL(/\/dashboard/);
          |                        ^
      665 |
      666 |     // Navigate to user management
      667 |     await page.goto('/dashboard/admin/users');
        at /Users/asithalakmal/Documents/web/final project/WeddingLK-next copy/tests/e2e/comprehensive-crud.spec.ts:664:24

    attachment #1: screenshot (image/png) ──────────────────────────────────────────────────────────
    ../../test-results/comprehensive-crud-🛠️-Sys-e1e93--User-Management-Operations-chromium/test-failed-1.png
    ────────────────────────────────────────────────────────────────────────────────────────────────

    attachment #2: video (video/webm) ──────────────────────────────────────────────────────────────
    ../../test-results/comprehensive-crud-🛠️-Sys-e1e93--User-Management-Operations-chromium/video.webm
    ────────────────────────────────────────────────────────────────────────────────────────────────

    Error Context: ../../test-results/comprehensive-crud-🛠️-Sys-e1e93--User-Management-Operations-chromium/error-context.md
]]>
</failure>
<system-out>
<![CDATA[
[[ATTACHMENT|test-results/comprehensive-crud-🛠️-Sys-e1e93--User-Management-Operations-chromium/test-failed-1.png]]

[[ATTACHMENT|test-results/comprehensive-crud-🛠️-Sys-e1e93--User-Management-Operations-chromium/video.webm]]

[[ATTACHMENT|test-results/comprehensive-crud-🛠️-Sys-e1e93--User-Management-Operations-chromium/error-context.md]]
]]>
</system-out>
</testcase>
<testcase name="🛠️ System Administration CRUD › System Settings Management" classname="comprehensive-crud.spec.ts" time="45.638">
<failure message="comprehensive-crud.spec.ts:686:7 System Settings Management" type="FAILURE">
<![CDATA[  [chromium] › comprehensive-crud.spec.ts:686:7 › 🛠️ System Administration CRUD › System Settings Management 

    Error: expect(page).toHaveURL(expected) failed

    Expected pattern: /\/dashboard/
    Received string:  "https://wedding-lk.vercel.app/login"
    Timeout: 30000ms

    Call log:
      - Expect "toHaveURL" with timeout 30000ms
        33 × unexpected value "https://wedding-lk.vercel.app/login"


      690 |     await page.fill('input[name="password"]', testUsers.admin.password);
      691 |     await page.click('button[type="submit"]');
    > 692 |     await expect(page).toHaveURL(/\/dashboard/);
          |                        ^
      693 |
      694 |     // Navigate to system settings
      695 |     await page.goto('/dashboard/admin/settings');
        at /Users/asithalakmal/Documents/web/final project/WeddingLK-next copy/tests/e2e/comprehensive-crud.spec.ts:692:24

    attachment #1: screenshot (image/png) ──────────────────────────────────────────────────────────
    ../../test-results/comprehensive-crud-🛠️-Sys-350da--System-Settings-Management-chromium/test-failed-1.png
    ────────────────────────────────────────────────────────────────────────────────────────────────

    attachment #2: video (video/webm) ──────────────────────────────────────────────────────────────
    ../../test-results/comprehensive-crud-🛠️-Sys-350da--System-Settings-Management-chromium/video.webm
    ────────────────────────────────────────────────────────────────────────────────────────────────

    Error Context: ../../test-results/comprehensive-crud-🛠️-Sys-350da--System-Settings-Management-chromium/error-context.md
]]>
</failure>
<system-out>
<![CDATA[
[[ATTACHMENT|test-results/comprehensive-crud-🛠️-Sys-350da--System-Settings-Management-chromium/test-failed-1.png]]

[[ATTACHMENT|test-results/comprehensive-crud-🛠️-Sys-350da--System-Settings-Management-chromium/video.webm]]

[[ATTACHMENT|test-results/comprehensive-crud-🛠️-Sys-350da--System-Settings-Management-chromium/error-context.md]]
]]>
</system-out>
</testcase>
</testsuite>
<testsuite name="comprehensive-live-deployment.spec.ts" timestamp="2025-10-24T06:04:58.917Z" hostname="chromium" tests="14" failures="11" skipped="0" time="428.823" errors="0">
<testcase name="🚀 COMPREHENSIVE LIVE DEPLOYMENT TESTING › 🏠 HOMEPAGE - Complete Frontend Testing" classname="comprehensive-live-deployment.spec.ts" time="7.792">
<failure message="comprehensive-live-deployment.spec.ts:39:7 🏠 HOMEPAGE - Complete Frontend Testing" type="FAILURE">
<![CDATA[  [chromium] › comprehensive-live-deployment.spec.ts:39:7 › 🚀 COMPREHENSIVE LIVE DEPLOYMENT TESTING › 🏠 HOMEPAGE - Complete Frontend Testing 

    Error: expect(locator).toBeVisible() failed

    Locator: locator('text=Wedding.lk')
    Expected: visible
    Error: strict mode violation: locator('text=Wedding.lk') resolved to 3 elements:
        1) <span class="text-xl font-bold text-gray-900 dark:text-white">Wedding.lk</span> aka getByRole('banner').getByRole('link', { name: 'Wedding.lk' })
        2) <span class="text-xl font-bold text-white">Wedding.lk</span> aka getByRole('main').getByRole('link', { name: 'Wedding.lk' })
        3) <p>© 2024 Wedding.lk. All rights reserved.</p> aka getByText('© 2024 Wedding.lk. All rights')

    Call log:
      - Expect "toBeVisible" with timeout 30000ms
      - waiting for locator('text=Wedding.lk')


      41 |     
      42 |     // Test main navigation
    > 43 |     await expect(page.locator('text=Wedding.lk')).toBeVisible();
         |                                                   ^
      44 |     await expect(page.locator('nav a[href="/venues"]')).toBeVisible();
      45 |     await expect(page.locator('nav a[href="/vendors"]')).toBeVisible();
      46 |     await expect(page.locator('nav a[href="/feed"]')).toBeVisible();
        at /Users/asithalakmal/Documents/web/final project/WeddingLK-next copy/tests/e2e/comprehensive-live-deployment.spec.ts:43:51

    attachment #1: screenshot (image/png) ──────────────────────────────────────────────────────────
    ../../test-results/comprehensive-live-deploym-6fa0d---Complete-Frontend-Testing-chromium/test-failed-1.png
    ────────────────────────────────────────────────────────────────────────────────────────────────

    attachment #2: video (video/webm) ──────────────────────────────────────────────────────────────
    ../../test-results/comprehensive-live-deploym-6fa0d---Complete-Frontend-Testing-chromium/video.webm
    ────────────────────────────────────────────────────────────────────────────────────────────────

    Error Context: ../../test-results/comprehensive-live-deploym-6fa0d---Complete-Frontend-Testing-chromium/error-context.md
]]>
</failure>
<system-out>
<![CDATA[🏠 Testing Homepage Components...

[[ATTACHMENT|test-results/comprehensive-live-deploym-6fa0d---Complete-Frontend-Testing-chromium/test-failed-1.png]]

[[ATTACHMENT|test-results/comprehensive-live-deploym-6fa0d---Complete-Frontend-Testing-chromium/video.webm]]

[[ATTACHMENT|test-results/comprehensive-live-deploym-6fa0d---Complete-Frontend-Testing-chromium/error-context.md]]
]]>
</system-out>
</testcase>
<testcase name="🚀 COMPREHENSIVE LIVE DEPLOYMENT TESTING › 🔐 AUTHENTICATION - Complete Auth Flow Testing" classname="comprehensive-live-deployment.spec.ts" time="33.53">
<failure message="comprehensive-live-deployment.spec.ts:132:7 🔐 AUTHENTICATION - Complete Auth Flow Testing" type="FAILURE">
<![CDATA[  [chromium] › comprehensive-live-deployment.spec.ts:132:7 › 🚀 COMPREHENSIVE LIVE DEPLOYMENT TESTING › 🔐 AUTHENTICATION - Complete Auth Flow Testing 

    Test timeout of 30000ms exceeded.

    Error: expect(locator).toBeVisible() failed

    Locator: locator('h1:has-text("Sign In")')
    Expected: visible
    Error: element(s) not found

    Call log:
      - Expect "toBeVisible" with timeout 30000ms
      - waiting for locator('h1:has-text("Sign In")')


      137 |     await page.waitForLoadState('networkidle');
      138 |     
    > 139 |     await expect(page.locator('h1:has-text("Sign In")')).toBeVisible();
          |                                                          ^
      140 |     await expect(page.locator('input[name="email"]')).toBeVisible();
      141 |     await expect(page.locator('input[name="password"]')).toBeVisible();
      142 |     await expect(page.locator('button[type="submit"]')).toBeVisible();
        at /Users/asithalakmal/Documents/web/final project/WeddingLK-next copy/tests/e2e/comprehensive-live-deployment.spec.ts:139:58

    attachment #1: screenshot (image/png) ──────────────────────────────────────────────────────────
    ../../test-results/comprehensive-live-deploym-f8c4e--Complete-Auth-Flow-Testing-chromium/test-failed-1.png
    ────────────────────────────────────────────────────────────────────────────────────────────────

    attachment #2: video (video/webm) ──────────────────────────────────────────────────────────────
    ../../test-results/comprehensive-live-deploym-f8c4e--Complete-Auth-Flow-Testing-chromium/video.webm
    ────────────────────────────────────────────────────────────────────────────────────────────────

    Error Context: ../../test-results/comprehensive-live-deploym-f8c4e--Complete-Auth-Flow-Testing-chromium/error-context.md
]]>
</failure>
<system-out>
<![CDATA[🔐 Testing Authentication System...

[[ATTACHMENT|test-results/comprehensive-live-deploym-f8c4e--Complete-Auth-Flow-Testing-chromium/test-failed-1.png]]

[[ATTACHMENT|test-results/comprehensive-live-deploym-f8c4e--Complete-Auth-Flow-Testing-chromium/video.webm]]

[[ATTACHMENT|test-results/comprehensive-live-deploym-f8c4e--Complete-Auth-Flow-Testing-chromium/error-context.md]]
]]>
</system-out>
</testcase>
<testcase name="🚀 COMPREHENSIVE LIVE DEPLOYMENT TESTING › 🏢 VENUES - Complete Venue CRUD Testing" classname="comprehensive-live-deployment.spec.ts" time="38.125">
<failure message="comprehensive-live-deployment.spec.ts:161:7 🏢 VENUES - Complete Venue CRUD Testing" type="FAILURE">
<![CDATA[  [chromium] › comprehensive-live-deployment.spec.ts:161:7 › 🚀 COMPREHENSIVE LIVE DEPLOYMENT TESTING › 🏢 VENUES - Complete Venue CRUD Testing 

    Test timeout of 30000ms exceeded.

    Error: expect(locator).toBeVisible() failed

    Locator: locator('h1:has-text("Wedding Venues")')
    Expected: visible
    Error: element(s) not found

    Call log:
      - Expect "toBeVisible" with timeout 30000ms
      - waiting for locator('h1:has-text("Wedding Venues")')


      166 |     
      167 |     // Test venue listing page
    > 168 |     await expect(page.locator('h1:has-text("Wedding Venues")')).toBeVisible();
          |                                                                 ^
      169 |     
      170 |     // Test search functionality
      171 |     await expect(page.locator('input[placeholder*="Search venues"]')).toBeVisible();
        at /Users/asithalakmal/Documents/web/final project/WeddingLK-next copy/tests/e2e/comprehensive-live-deployment.spec.ts:168:65

    attachment #1: screenshot (image/png) ──────────────────────────────────────────────────────────
    ../../test-results/comprehensive-live-deploym-ef612-Complete-Venue-CRUD-Testing-chromium/test-failed-1.png
    ────────────────────────────────────────────────────────────────────────────────────────────────

    attachment #2: video (video/webm) ──────────────────────────────────────────────────────────────
    ../../test-results/comprehensive-live-deploym-ef612-Complete-Venue-CRUD-Testing-chromium/video.webm
    ────────────────────────────────────────────────────────────────────────────────────────────────

    Error Context: ../../test-results/comprehensive-live-deploym-ef612-Complete-Venue-CRUD-Testing-chromium/error-context.md
]]>
</failure>
<system-out>
<![CDATA[🏢 Testing Venues System...

[[ATTACHMENT|test-results/comprehensive-live-deploym-ef612-Complete-Venue-CRUD-Testing-chromium/test-failed-1.png]]

[[ATTACHMENT|test-results/comprehensive-live-deploym-ef612-Complete-Venue-CRUD-Testing-chromium/video.webm]]

[[ATTACHMENT|test-results/comprehensive-live-deploym-ef612-Complete-Venue-CRUD-Testing-chromium/error-context.md]]
]]>
</system-out>
</testcase>
<testcase name="🚀 COMPREHENSIVE LIVE DEPLOYMENT TESTING › 🏪 VENDORS - Complete Vendor CRUD Testing" classname="comprehensive-live-deployment.spec.ts" time="33.22">
<failure message="comprehensive-live-deployment.spec.ts:206:7 🏪 VENDORS - Complete Vendor CRUD Testing" type="FAILURE">
<![CDATA[  [chromium] › comprehensive-live-deployment.spec.ts:206:7 › 🚀 COMPREHENSIVE LIVE DEPLOYMENT TESTING › 🏪 VENDORS - Complete Vendor CRUD Testing 

    Test timeout of 30000ms exceeded.

    Error: expect(locator).toBeVisible() failed

    Locator: locator('h1:has-text("Wedding Vendors")')
    Expected: visible
    Error: element(s) not found

    Call log:
      - Expect "toBeVisible" with timeout 30000ms
      - waiting for locator('h1:has-text("Wedding Vendors")')


      211 |     
      212 |     // Test vendor listing page
    > 213 |     await expect(page.locator('h1:has-text("Wedding Vendors")')).toBeVisible();
          |                                                                  ^
      214 |     
      215 |     // Test search functionality
      216 |     await expect(page.locator('input[placeholder*="Search vendors"]')).toBeVisible();
        at /Users/asithalakmal/Documents/web/final project/WeddingLK-next copy/tests/e2e/comprehensive-live-deployment.spec.ts:213:66

    attachment #1: screenshot (image/png) ──────────────────────────────────────────────────────────
    ../../test-results/comprehensive-live-deploym-d944a-omplete-Vendor-CRUD-Testing-chromium/test-failed-1.png
    ────────────────────────────────────────────────────────────────────────────────────────────────

    attachment #2: video (video/webm) ──────────────────────────────────────────────────────────────
    ../../test-results/comprehensive-live-deploym-d944a-omplete-Vendor-CRUD-Testing-chromium/video.webm
    ────────────────────────────────────────────────────────────────────────────────────────────────

    Error Context: ../../test-results/comprehensive-live-deploym-d944a-omplete-Vendor-CRUD-Testing-chromium/error-context.md
]]>
</failure>
<system-out>
<![CDATA[🏪 Testing Vendors System...

[[ATTACHMENT|test-results/comprehensive-live-deploym-d944a-omplete-Vendor-CRUD-Testing-chromium/test-failed-1.png]]

[[ATTACHMENT|test-results/comprehensive-live-deploym-d944a-omplete-Vendor-CRUD-Testing-chromium/video.webm]]

[[ATTACHMENT|test-results/comprehensive-live-deploym-d944a-omplete-Vendor-CRUD-Testing-chromium/error-context.md]]
]]>
</system-out>
</testcase>
<testcase name="🚀 COMPREHENSIVE LIVE DEPLOYMENT TESTING › 📱 FEED - Complete Social Feed Testing" classname="comprehensive-live-deployment.spec.ts" time="37.527">
<failure message="comprehensive-live-deployment.spec.ts:251:7 📱 FEED - Complete Social Feed Testing" type="FAILURE">
<![CDATA[  [chromium] › comprehensive-live-deployment.spec.ts:251:7 › 🚀 COMPREHENSIVE LIVE DEPLOYMENT TESTING › 📱 FEED - Complete Social Feed Testing 

    Test timeout of 30000ms exceeded.

    Error: expect(locator).toBeVisible() failed

    Locator: locator('h1:has-text("Wedding Feed")')
    Expected: visible
    Error: element(s) not found

    Call log:
      - Expect "toBeVisible" with timeout 30000ms
      - waiting for locator('h1:has-text("Wedding Feed")')


      256 |     
      257 |     // Test feed page
    > 258 |     await expect(page.locator('h1:has-text("Wedding Feed")')).toBeVisible();
          |                                                               ^
      259 |     
      260 |     // Test feed filters
      261 |     const filters = ['All', 'Venues', 'Vendors', 'Planning', 'Inspiration'];
        at /Users/asithalakmal/Documents/web/final project/WeddingLK-next copy/tests/e2e/comprehensive-live-deployment.spec.ts:258:63

    attachment #1: screenshot (image/png) ──────────────────────────────────────────────────────────
    ../../test-results/comprehensive-live-deploym-b9f37-omplete-Social-Feed-Testing-chromium/test-failed-1.png
    ────────────────────────────────────────────────────────────────────────────────────────────────

    attachment #2: video (video/webm) ──────────────────────────────────────────────────────────────
    ../../test-results/comprehensive-live-deploym-b9f37-omplete-Social-Feed-Testing-chromium/video.webm
    ────────────────────────────────────────────────────────────────────────────────────────────────

    Error Context: ../../test-results/comprehensive-live-deploym-b9f37-omplete-Social-Feed-Testing-chromium/error-context.md
]]>
</failure>
<system-out>
<![CDATA[📱 Testing Social Feed System...

[[ATTACHMENT|test-results/comprehensive-live-deploym-b9f37-omplete-Social-Feed-Testing-chromium/test-failed-1.png]]

[[ATTACHMENT|test-results/comprehensive-live-deploym-b9f37-omplete-Social-Feed-Testing-chromium/video.webm]]

[[ATTACHMENT|test-results/comprehensive-live-deploym-b9f37-omplete-Social-Feed-Testing-chromium/error-context.md]]
]]>
</system-out>
</testcase>
<testcase name="🚀 COMPREHENSIVE LIVE DEPLOYMENT TESTING › 🖼️ GALLERY - Complete Gallery Testing" classname="comprehensive-live-deployment.spec.ts" time="8.993">
<failure message="comprehensive-live-deployment.spec.ts:295:7 🖼️ GALLERY - Complete Gallery Testing" type="FAILURE">
<![CDATA[  [chromium] › comprehensive-live-deployment.spec.ts:295:7 › 🚀 COMPREHENSIVE LIVE DEPLOYMENT TESTING › 🖼️ GALLERY - Complete Gallery Testing 

    Error: expect(locator).toBeVisible() failed

    Locator: locator('button:has-text("All")')
    Expected: visible
    Error: strict mode violation: locator('button:has-text("All")') resolved to 3 elements:
        1) <button dir="ltr" type="button" role="combobox" data-state="closed" aria-expanded="false" aria-autocomplete="none" aria-controls="radix-«r3»" class="flex h-10 items-center justify-between rounded-md border border-input bg-background px-3 py-2 text-sm ring-offset-background placeholder:text-muted-foreground focus:outline-none focus:ring-2 focus:ring-ring focus:ring-offset-2 disabled:cursor-not-allowed disabled:opacity-50 [&>span]:line-clamp-1 w-[200px]">…</button> aka getByRole('combobox').filter({ hasText: 'All Photos0' })
        2) <button dir="ltr" type="button" role="combobox" data-state="closed" aria-expanded="false" aria-autocomplete="none" aria-controls="radix-«r4»" class="flex h-10 items-center justify-between rounded-md border border-input bg-background px-3 py-2 text-sm ring-offset-background placeholder:text-muted-foreground focus:outline-none focus:ring-2 focus:ring-ring focus:ring-offset-2 disabled:cursor-not-allowed disabled:opacity-50 [&>span]:line-clamp-1 w-[200px]">…</button> aka getByRole('combobox').filter({ hasText: 'All Venues' })
        3) <button tabindex="0" class="px-4 py-2 rounded-full text-sm font-medium transition-all duration-200 bg-rose-500 text-white shadow-lg">…</button> aka getByRole('button', { name: 'All Photos' })

    Call log:
      - Expect "toBeVisible" with timeout 30000ms
      - waiting for locator('button:has-text("All")')


      305 |     const categories = ['All', 'Venues', 'Decorations', 'Photography', 'Catering'];
      306 |     for (const category of categories) {
    > 307 |       await expect(page.locator(`button:has-text("${category}")`)).toBeVisible();
          |                                                                    ^
      308 |     }
      309 |     
      310 |     // Test gallery images
        at /Users/asithalakmal/Documents/web/final project/WeddingLK-next copy/tests/e2e/comprehensive-live-deployment.spec.ts:307:68

    attachment #1: screenshot (image/png) ──────────────────────────────────────────────────────────
    ../../test-results/comprehensive-live-deploym-caa8a----Complete-Gallery-Testing-chromium/test-failed-1.png
    ────────────────────────────────────────────────────────────────────────────────────────────────

    attachment #2: video (video/webm) ──────────────────────────────────────────────────────────────
    ../../test-results/comprehensive-live-deploym-caa8a----Complete-Gallery-Testing-chromium/video.webm
    ────────────────────────────────────────────────────────────────────────────────────────────────

    Error Context: ../../test-results/comprehensive-live-deploym-caa8a----Complete-Gallery-Testing-chromium/error-context.md
]]>
</failure>
<system-out>
<![CDATA[🖼️ Testing Gallery System...

[[ATTACHMENT|test-results/comprehensive-live-deploym-caa8a----Complete-Gallery-Testing-chromium/test-failed-1.png]]

[[ATTACHMENT|test-results/comprehensive-live-deploym-caa8a----Complete-Gallery-Testing-chromium/video.webm]]

[[ATTACHMENT|test-results/comprehensive-live-deploym-caa8a----Complete-Gallery-Testing-chromium/error-context.md]]
]]>
</system-out>
</testcase>
<testcase name="🚀 COMPREHENSIVE LIVE DEPLOYMENT TESTING › 📊 DASHBOARD - Complete Dashboard Testing" classname="comprehensive-live-deployment.spec.ts" time="38.545">
<failure message="comprehensive-live-deployment.spec.ts:329:7 📊 DASHBOARD - Complete Dashboard Testing" type="FAILURE">
<![CDATA[  [chromium] › comprehensive-live-deployment.spec.ts:329:7 › 🚀 COMPREHENSIVE LIVE DEPLOYMENT TESTING › 📊 DASHBOARD - Complete Dashboard Testing 

    Test timeout of 30000ms exceeded.

    Error: expect(locator).toBeVisible() failed

    Locator: locator('text=Dashboard')
    Expected: visible
    Error: element(s) not found

    Call log:
      - Expect "toBeVisible" with timeout 30000ms
      - waiting for locator('text=Dashboard')


      380 |       
      381 |       // Test dashboard components
    > 382 |       await expect(page.locator('text=Dashboard')).toBeVisible();
          |                                                    ^
      383 |     }
      384 |     
      385 |     console.log('✅ Dashboard testing completed successfully');
        at /Users/asithalakmal/Documents/web/final project/WeddingLK-next copy/tests/e2e/comprehensive-live-deployment.spec.ts:382:52

    attachment #1: screenshot (image/png) ──────────────────────────────────────────────────────────
    ../../test-results/comprehensive-live-deploym-06825--Complete-Dashboard-Testing-chromium/test-failed-1.png
    ────────────────────────────────────────────────────────────────────────────────────────────────

    attachment #2: video (video/webm) ──────────────────────────────────────────────────────────────
    ../../test-results/comprehensive-live-deploym-06825--Complete-Dashboard-Testing-chromium/video.webm
    ────────────────────────────────────────────────────────────────────────────────────────────────

    Error Context: ../../test-results/comprehensive-live-deploym-06825--Complete-Dashboard-Testing-chromium/error-context.md
]]>
</failure>
<system-out>
<![CDATA[📊 Testing Dashboard System...
✅ Dashboard is accessible (already authenticated or public)

[[ATTACHMENT|test-results/comprehensive-live-deploym-06825--Complete-Dashboard-Testing-chromium/test-failed-1.png]]

[[ATTACHMENT|test-results/comprehensive-live-deploym-06825--Complete-Dashboard-Testing-chromium/video.webm]]

[[ATTACHMENT|test-results/comprehensive-live-deploym-06825--Complete-Dashboard-Testing-chromium/error-context.md]]
]]>
</system-out>
</testcase>
<testcase name="🚀 COMPREHENSIVE LIVE DEPLOYMENT TESTING › 🔧 API ENDPOINTS - Complete API Testing" classname="comprehensive-live-deployment.spec.ts" time="32.465">
<failure message="comprehensive-live-deployment.spec.ts:388:7 🔧 API ENDPOINTS - Complete API Testing" type="FAILURE">
<![CDATA[  [chromium] › comprehensive-live-deployment.spec.ts:388:7 › 🚀 COMPREHENSIVE LIVE DEPLOYMENT TESTING › 🔧 API ENDPOINTS - Complete API Testing 

    Test timeout of 30000ms exceeded.

    Error: apiRequestContext.get: Target page, context or browser has been closed
    Call log:
      - → GET https://wedding-lk.vercel.app/api/health
        - user-agent: Mozilla/5.0 (Windows NT 10.0; Win64; x64) AppleWebKit/537.36 (KHTML, like Gecko) Chrome/141.0.7390.37 Safari/537.36
        - accept: */*
        - accept-encoding: gzip,deflate,br


      390 |     
      391 |     // Test health endpoint
    > 392 |     const healthResponse = await page.request.get(`${BASE_URL}/api/health`);
          |                                               ^
      393 |     expect(healthResponse.status()).toBe(200);
      394 |     
      395 |     // Test venues API
        at /Users/asithalakmal/Documents/web/final project/WeddingLK-next copy/tests/e2e/comprehensive-live-deployment.spec.ts:392:47

    attachment #1: screenshot (image/png) ──────────────────────────────────────────────────────────
    ../../test-results/comprehensive-live-deploym-3e5dc-INTS---Complete-API-Testing-chromium/test-failed-1.png
    ────────────────────────────────────────────────────────────────────────────────────────────────

    attachment #2: video (video/webm) ──────────────────────────────────────────────────────────────
    ../../test-results/comprehensive-live-deploym-3e5dc-INTS---Complete-API-Testing-chromium/video.webm
    ────────────────────────────────────────────────────────────────────────────────────────────────

    Error Context: ../../test-results/comprehensive-live-deploym-3e5dc-INTS---Complete-API-Testing-chromium/error-context.md
]]>
</failure>
<system-out>
<![CDATA[🔧 Testing API Endpoints...

[[ATTACHMENT|test-results/comprehensive-live-deploym-3e5dc-INTS---Complete-API-Testing-chromium/test-failed-1.png]]

[[ATTACHMENT|test-results/comprehensive-live-deploym-3e5dc-INTS---Complete-API-Testing-chromium/video.webm]]

[[ATTACHMENT|test-results/comprehensive-live-deploym-3e5dc-INTS---Complete-API-Testing-chromium/error-context.md]]
]]>
</system-out>
</testcase>
<testcase name="🚀 COMPREHENSIVE LIVE DEPLOYMENT TESTING › 📱 RESPONSIVE DESIGN - Complete Mobile Testing" classname="comprehensive-live-deployment.spec.ts" time="35.17">
<failure message="comprehensive-live-deployment.spec.ts:414:7 📱 RESPONSIVE DESIGN - Complete Mobile Testing" type="FAILURE">
<![CDATA[  [chromium] › comprehensive-live-deployment.spec.ts:414:7 › 🚀 COMPREHENSIVE LIVE DEPLOYMENT TESTING › 📱 RESPONSIVE DESIGN - Complete Mobile Testing 

    Test timeout of 30000ms exceeded.

    Error: expect(locator).toBeVisible() failed

    Locator: locator('button[aria-label="Open menu"], button:has-text("Menu")')
    Expected: visible
    Error: element(s) not found

    Call log:
      - Expect "toBeVisible" with timeout 30000ms
      - waiting for locator('button[aria-label="Open menu"], button:has-text("Menu")')


      421 |     
      422 |     // Test mobile navigation
    > 423 |     await expect(page.locator('button[aria-label="Open menu"], button:has-text("Menu")')).toBeVisible();
          |                                                                                           ^
      424 |     
      425 |     // Test mobile menu
      426 |     const menuButton = page.locator('button[aria-label="Open menu"], button:has-text("Menu")');
        at /Users/asithalakmal/Documents/web/final project/WeddingLK-next copy/tests/e2e/comprehensive-live-deployment.spec.ts:423:91

    attachment #1: screenshot (image/png) ──────────────────────────────────────────────────────────
    ../../test-results/comprehensive-live-deploym-279a2-N---Complete-Mobile-Testing-chromium/test-failed-1.png
    ────────────────────────────────────────────────────────────────────────────────────────────────

    attachment #2: video (video/webm) ──────────────────────────────────────────────────────────────
    ../../test-results/comprehensive-live-deploym-279a2-N---Complete-Mobile-Testing-chromium/video.webm
    ────────────────────────────────────────────────────────────────────────────────────────────────

    Error Context: ../../test-results/comprehensive-live-deploym-279a2-N---Complete-Mobile-Testing-chromium/error-context.md
]]>
</failure>
<system-out>
<![CDATA[📱 Testing Responsive Design...

[[ATTACHMENT|test-results/comprehensive-live-deploym-279a2-N---Complete-Mobile-Testing-chromium/test-failed-1.png]]

[[ATTACHMENT|test-results/comprehensive-live-deploym-279a2-N---Complete-Mobile-Testing-chromium/video.webm]]

[[ATTACHMENT|test-results/comprehensive-live-deploym-279a2-N---Complete-Mobile-Testing-chromium/error-context.md]]
]]>
</system-out>
</testcase>
<testcase name="🚀 COMPREHENSIVE LIVE DEPLOYMENT TESTING › 🎨 UI COMPONENTS - Complete Component Testing" classname="comprehensive-live-deployment.spec.ts" time="19.431">
<system-out>
<![CDATA[🎨 Testing UI Components...
Found 14 buttons
Found 3 input fields
Found 16 links
Found 0 images
✅ UI components testing completed successfully
]]>
</system-out>
</testcase>
<testcase name="🚀 COMPREHENSIVE LIVE DEPLOYMENT TESTING › ⚡ PERFORMANCE - Complete Performance Testing" classname="comprehensive-live-deployment.spec.ts" time="8.747">
<system-out>
<![CDATA[⚡ Testing Performance...
Page load time: 488ms
✅ Performance testing completed successfully
]]>
</system-out>
</testcase>
<testcase name="🚀 COMPREHENSIVE LIVE DEPLOYMENT TESTING › 🔍 ERROR HANDLING - Complete Error Testing" classname="comprehensive-live-deployment.spec.ts" time="12.651">
<system-out>
<![CDATA[🔍 Testing Error Handling...
✅ Error handling testing completed successfully
]]>
</system-out>
</testcase>
<testcase name="🚀 COMPREHENSIVE LIVE DEPLOYMENT TESTING › 🎯 FINAL INTEGRATION - Complete System Integration" classname="comprehensive-live-deployment.spec.ts" time="35.358">
<failure message="comprehensive-live-deployment.spec.ts:544:7 🎯 FINAL INTEGRATION - Complete System Integration" type="FAILURE">
<![CDATA[  [chromium] › comprehensive-live-deployment.spec.ts:544:7 › 🚀 COMPREHENSIVE LIVE DEPLOYMENT TESTING › 🎯 FINAL INTEGRATION - Complete System Integration 

    Test timeout of 30000ms exceeded.

    Error: apiRequestContext.get: Target page, context or browser has been closed
    Call log:
      - → GET https://wedding-lk.vercel.app/api/health
        - user-agent: Mozilla/5.0 (Windows NT 10.0; Win64; x64) AppleWebKit/537.36 (KHTML, like Gecko) Chrome/141.0.7390.37 Safari/537.36
        - accept: */*
        - accept-encoding: gzip,deflate,br


      573 |     
      574 |     for (const endpoint of apiEndpoints) {
    > 575 |       const response = await page.request.get(`${BASE_URL}${endpoint}`);
          |                                           ^
      576 |       expect(response.status()).toBe(200);
      577 |     }
      578 |     
        at /Users/asithalakmal/Documents/web/final project/WeddingLK-next copy/tests/e2e/comprehensive-live-deployment.spec.ts:575:43

    attachment #1: screenshot (image/png) ──────────────────────────────────────────────────────────
    ../../test-results/comprehensive-live-deploym-c7c0a-Complete-System-Integration-chromium/test-failed-1.png
    ────────────────────────────────────────────────────────────────────────────────────────────────

    attachment #2: video (video/webm) ──────────────────────────────────────────────────────────────
    ../../test-results/comprehensive-live-deploym-c7c0a-Complete-System-Integration-chromium/video.webm
    ────────────────────────────────────────────────────────────────────────────────────────────────

    Error Context: ../../test-results/comprehensive-live-deploym-c7c0a-Complete-System-Integration-chromium/error-context.md
]]>
</failure>
<system-out>
<![CDATA[🎯 Testing Complete System Integration...
Testing section: /venues
Testing section: /vendors
Testing section: /feed
Testing section: /gallery
Testing section: /about

[[ATTACHMENT|test-results/comprehensive-live-deploym-c7c0a-Complete-System-Integration-chromium/test-failed-1.png]]

[[ATTACHMENT|test-results/comprehensive-live-deploym-c7c0a-Complete-System-Integration-chromium/video.webm]]

[[ATTACHMENT|test-results/comprehensive-live-deploym-c7c0a-Complete-System-Integration-chromium/error-context.md]]
]]>
</system-out>
</testcase>
<testcase name="🚀 LIVE DEPLOYMENT STRESS TESTING › ⚡ STRESS TEST - Multiple Concurrent Operations" classname="comprehensive-live-deployment.spec.ts" time="87.269">
<failure message="comprehensive-live-deployment.spec.ts:584:7 ⚡ STRESS TEST - Multiple Concurrent Operations" type="FAILURE">
<![CDATA[  [chromium] › comprehensive-live-deployment.spec.ts:584:7 › 🚀 LIVE DEPLOYMENT STRESS TESTING › ⚡ STRESS TEST - Multiple Concurrent Operations 

    TimeoutError: apiRequestContext.get: Timeout 60000ms exceeded.
    Call log:
      - → GET https://wedding-lk.vercel.app/api/health
        - user-agent: Mozilla/5.0 (Windows NT 10.0; Win64; x64) AppleWebKit/537.36 (KHTML, like Gecko) Chrome/141.0.7390.37 Safari/537.36
        - accept: */*
        - accept-encoding: gzip,deflate,br


      598 |     // Test rapid API calls
      599 |     const apiCalls = [
    > 600 |       page.request.get(`${BASE_URL}/api/health`),
          |                    ^
      601 |       page.request.get(`${BASE_URL}/api/venues`),
      602 |       page.request.get(`${BASE_URL}/api/vendors`),
      603 |       page.request.get(`${BASE_URL}/api/posts`)
        at /Users/asithalakmal/Documents/web/final project/WeddingLK-next copy/tests/e2e/comprehensive-live-deployment.spec.ts:600:20

    attachment #1: screenshot (image/png) ──────────────────────────────────────────────────────────
    ../../test-results/comprehensive-live-deploym-5eba8-tiple-Concurrent-Operations-chromium/test-failed-1.png
    ────────────────────────────────────────────────────────────────────────────────────────────────

    attachment #2: video (video/webm) ──────────────────────────────────────────────────────────────
    ../../test-results/comprehensive-live-deploym-5eba8-tiple-Concurrent-Operations-chromium/video.webm
    ────────────────────────────────────────────────────────────────────────────────────────────────

    Error Context: ../../test-results/comprehensive-live-deploym-5eba8-tiple-Concurrent-Operations-chromium/error-context.md
]]>
</failure>
<system-out>
<![CDATA[⚡ Running Stress Tests...

[[ATTACHMENT|test-results/comprehensive-live-deploym-5eba8-tiple-Concurrent-Operations-chromium/test-failed-1.png]]

[[ATTACHMENT|test-results/comprehensive-live-deploym-5eba8-tiple-Concurrent-Operations-chromium/video.webm]]

[[ATTACHMENT|test-results/comprehensive-live-deploym-5eba8-tiple-Concurrent-Operations-chromium/error-context.md]]
]]>
</system-out>
</testcase>
</testsuite>
<testsuite name="payment.spec.ts" timestamp="2025-10-24T06:04:58.917Z" hostname="chromium" tests="7" failures="7" skipped="0" time="396.464" errors="0">
<testcase name="Payment System › Stripe payment integration with mock" classname="payment.spec.ts" time="82.325">
<failure message="payment.spec.ts:5:7 Stripe payment integration with mock" type="FAILURE">
<![CDATA[  [chromium] › payment.spec.ts:5:7 › Payment System › Stripe payment integration with mock ─────────

    TimeoutError: page.fill: Timeout 60000ms exceeded.
    Call log:
      - waiting for locator('input[name="customerName"]')


      13 |     
      14 |     // Fill checkout form
    > 15 |     await page.fill('input[name="customerName"]', customer.name);
         |                ^
      16 |     await page.fill('input[name="customerEmail"]', customer.email);
      17 |     await page.fill('input[name="customerPhone"]', customer.phone);
      18 |     await page.fill('input[name="billingAddress"]', faker.location.streetAddress());
        at /Users/asithalakmal/Documents/web/final project/WeddingLK-next copy/tests/e2e/payment.spec.ts:15:16

    attachment #1: screenshot (image/png) ──────────────────────────────────────────────────────────
    ../../test-results/payment-Payment-System-Stripe-payment-integration-with-mock-chromium/test-failed-1.png
    ────────────────────────────────────────────────────────────────────────────────────────────────

    attachment #2: video (video/webm) ──────────────────────────────────────────────────────────────
    ../../test-results/payment-Payment-System-Stripe-payment-integration-with-mock-chromium/video.webm
    ────────────────────────────────────────────────────────────────────────────────────────────────

    Error Context: ../../test-results/payment-Payment-System-Stripe-payment-integration-with-mock-chromium/error-context.md
]]>
</failure>
<system-out>
<![CDATA[
[[ATTACHMENT|test-results/payment-Payment-System-Stripe-payment-integration-with-mock-chromium/test-failed-1.png]]

[[ATTACHMENT|test-results/payment-Payment-System-Stripe-payment-integration-with-mock-chromium/video.webm]]

[[ATTACHMENT|test-results/payment-Payment-System-Stripe-payment-integration-with-mock-chromium/error-context.md]]
]]>
</system-out>
</testcase>
<testcase name="Payment System › PayHere payment integration" classname="payment.spec.ts" time="73.619">
<failure message="payment.spec.ts:62:7 PayHere payment integration" type="FAILURE">
<![CDATA[  [chromium] › payment.spec.ts:62:7 › Payment System › PayHere payment integration ─────────────────

    TimeoutError: page.click: Timeout 60000ms exceeded.
    Call log:
      - waiting for locator('input[name="paymentMethod"][value="payhere"]')


      64 |     
      65 |     // Select PayHere payment method
    > 66 |     await page.click('input[name="paymentMethod"][value="payhere"]');
         |                ^
      67 |     
      68 |     // Mock PayHere payment
      69 |     await page.route('**/api/payments/payhere/create', route => {
        at /Users/asithalakmal/Documents/web/final project/WeddingLK-next copy/tests/e2e/payment.spec.ts:66:16

    attachment #1: screenshot (image/png) ──────────────────────────────────────────────────────────
    ../../test-results/payment-Payment-System-PayHere-payment-integration-chromium/test-failed-1.png
    ────────────────────────────────────────────────────────────────────────────────────────────────

    attachment #2: video (video/webm) ──────────────────────────────────────────────────────────────
    ../../test-results/payment-Payment-System-PayHere-payment-integration-chromium/video.webm
    ────────────────────────────────────────────────────────────────────────────────────────────────

    Error Context: ../../test-results/payment-Payment-System-PayHere-payment-integration-chromium/error-context.md
]]>
</failure>
<system-out>
<![CDATA[
[[ATTACHMENT|test-results/payment-Payment-System-PayHere-payment-integration-chromium/test-failed-1.png]]

[[ATTACHMENT|test-results/payment-Payment-System-PayHere-payment-integration-chromium/video.webm]]

[[ATTACHMENT|test-results/payment-Payment-System-PayHere-payment-integration-chromium/error-context.md]]
]]>
</system-out>
</testcase>
<testcase name="Payment System › Payment failure handling" classname="payment.spec.ts" time="84.068">
<failure message="payment.spec.ts:101:7 Payment failure handling" type="FAILURE">
<![CDATA[  [chromium] › payment.spec.ts:101:7 › Payment System › Payment failure handling ───────────────────

    TimeoutError: page.fill: Timeout 60000ms exceeded.
    Call log:
      - waiting for locator('input[name="cardNumber"]')


      114 |     });
      115 |
    > 116 |     await page.fill('input[name="cardNumber"]', '4000000000000002'); // Declined card
          |                ^
      117 |     await page.fill('input[name="expiryDate"]', '12/25');
      118 |     await page.fill('input[name="cvv"]', '123');
      119 |     
        at /Users/asithalakmal/Documents/web/final project/WeddingLK-next copy/tests/e2e/payment.spec.ts:116:16

    attachment #1: screenshot (image/png) ──────────────────────────────────────────────────────────
    ../../test-results/payment-Payment-System-Payment-failure-handling-chromium/test-failed-1.png
    ────────────────────────────────────────────────────────────────────────────────────────────────

    attachment #2: video (video/webm) ──────────────────────────────────────────────────────────────
    ../../test-results/payment-Payment-System-Payment-failure-handling-chromium/video.webm
    ────────────────────────────────────────────────────────────────────────────────────────────────

    Error Context: ../../test-results/payment-Payment-System-Payment-failure-handling-chromium/error-context.md
]]>
</failure>
<system-out>
<![CDATA[
[[ATTACHMENT|test-results/payment-Payment-System-Payment-failure-handling-chromium/test-failed-1.png]]

[[ATTACHMENT|test-results/payment-Payment-System-Payment-failure-handling-chromium/video.webm]]

[[ATTACHMENT|test-results/payment-Payment-System-Payment-failure-handling-chromium/error-context.md]]
]]>
</system-out>
</testcase>
<testcase name="Payment System › Payment refund processing" classname="payment.spec.ts" time="51.737">
<failure message="payment.spec.ts:126:7 Payment refund processing" type="FAILURE">
<![CDATA[  [chromium] › payment.spec.ts:126:7 › Payment System › Payment refund processing ──────────────────

    Error: expect(locator).toBeVisible() failed

    Locator: locator('text=Payment Management')
    Expected: visible
    Timeout: 30000ms
    Error: element(s) not found

    Call log:
      - Expect "toBeVisible" with timeout 30000ms
      - waiting for locator('text=Payment Management')


      134 |     // Go to payment management
      135 |     await page.goto('/dashboard/admin/payments');
    > 136 |     await expect(page.locator('text=Payment Management')).toBeVisible();
          |                                                           ^
      137 |     
      138 |     // Create test payment first
      139 |     const paymentResponse = await page.request.post('/api/test/create-payment', {
        at /Users/asithalakmal/Documents/web/final project/WeddingLK-next copy/tests/e2e/payment.spec.ts:136:59

    attachment #1: screenshot (image/png) ──────────────────────────────────────────────────────────
    ../../test-results/payment-Payment-System-Payment-refund-processing-chromium/test-failed-1.png
    ────────────────────────────────────────────────────────────────────────────────────────────────

    attachment #2: video (video/webm) ──────────────────────────────────────────────────────────────
    ../../test-results/payment-Payment-System-Payment-refund-processing-chromium/video.webm
    ────────────────────────────────────────────────────────────────────────────────────────────────

    Error Context: ../../test-results/payment-Payment-System-Payment-refund-processing-chromium/error-context.md
]]>
</failure>
<system-out>
<![CDATA[
[[ATTACHMENT|test-results/payment-Payment-System-Payment-refund-processing-chromium/test-failed-1.png]]

[[ATTACHMENT|test-results/payment-Payment-System-Payment-refund-processing-chromium/video.webm]]

[[ATTACHMENT|test-results/payment-Payment-System-Payment-refund-processing-chromium/error-context.md]]
]]>
</system-out>
</testcase>
<testcase name="Payment System › Payment history and analytics" classname="payment.spec.ts" time="39.247">
<failure message="payment.spec.ts:173:7 Payment history and analytics" type="FAILURE">
<![CDATA[  [chromium] › payment.spec.ts:173:7 › Payment System › Payment history and analytics ──────────────

    Error: expect(page).toHaveURL(expected) failed

    Expected pattern: /\/dashboard/
    Received string:  "https://wedding-lk.vercel.app/login"
    Timeout: 30000ms

    Call log:
      - Expect "toHaveURL" with timeout 30000ms
        33 × unexpected value "https://wedding-lk.vercel.app/login"


      177 |     await page.fill('input[name="password"]', process.env.TEST_CUSTOMER_PASSWORD || 'CustomerPass123!');
      178 |     await page.click('button[type="submit"]');
    > 179 |     await expect(page).toHaveURL(/\/dashboard/);
          |                        ^
      180 |
      181 |     // Go to payment history
      182 |     await page.goto('/dashboard/payments/history');
        at /Users/asithalakmal/Documents/web/final project/WeddingLK-next copy/tests/e2e/payment.spec.ts:179:24

    attachment #1: screenshot (image/png) ──────────────────────────────────────────────────────────
    ../../test-results/payment-Payment-System-Payment-history-and-analytics-chromium/test-failed-1.png
    ────────────────────────────────────────────────────────────────────────────────────────────────

    attachment #2: video (video/webm) ──────────────────────────────────────────────────────────────
    ../../test-results/payment-Payment-System-Payment-history-and-analytics-chromium/video.webm
    ────────────────────────────────────────────────────────────────────────────────────────────────

    Error Context: ../../test-results/payment-Payment-System-Payment-history-and-analytics-chromium/error-context.md
]]>
</failure>
<system-out>
<![CDATA[
[[ATTACHMENT|test-results/payment-Payment-System-Payment-history-and-analytics-chromium/test-failed-1.png]]

[[ATTACHMENT|test-results/payment-Payment-System-Payment-history-and-analytics-chromium/video.webm]]

[[ATTACHMENT|test-results/payment-Payment-System-Payment-history-and-analytics-chromium/error-context.md]]
]]>
</system-out>
</testcase>
<testcase name="Payment System › Subscription payment management" classname="payment.spec.ts" time="62.34">
<failure message="payment.spec.ts:195:7 Subscription payment management" type="FAILURE">
<![CDATA[  [chromium] › payment.spec.ts:195:7 › Payment System › Subscription payment management ────────────

    Error: expect(locator).toBeVisible() failed

    Locator: locator('text=Subscription Management')
    Expected: visible
    Timeout: 30000ms
    Error: element(s) not found

    Call log:
      - Expect "toBeVisible" with timeout 30000ms
      - waiting for locator('text=Subscription Management')


      203 |     // Go to subscription management
      204 |     await page.goto('/dashboard/vendor/subscription');
    > 205 |     await expect(page.locator('text=Subscription Management')).toBeVisible();
          |                                                                ^
      206 |     
      207 |     // Select premium plan
      208 |     await page.click('button:has-text("Upgrade to Premium"), [data-testid="upgrade-button"]');
        at /Users/asithalakmal/Documents/web/final project/WeddingLK-next copy/tests/e2e/payment.spec.ts:205:64

    attachment #1: screenshot (image/png) ──────────────────────────────────────────────────────────
    ../../test-results/payment-Payment-System-Subscription-payment-management-chromium/test-failed-1.png
    ────────────────────────────────────────────────────────────────────────────────────────────────

    attachment #2: video (video/webm) ──────────────────────────────────────────────────────────────
    ../../test-results/payment-Payment-System-Subscription-payment-management-chromium/video.webm
    ────────────────────────────────────────────────────────────────────────────────────────────────

    Error Context: ../../test-results/payment-Payment-System-Subscription-payment-management-chromium/error-context.md
]]>
</failure>
<system-out>
<![CDATA[
[[ATTACHMENT|test-results/payment-Payment-System-Subscription-payment-management-chromium/test-failed-1.png]]

[[ATTACHMENT|test-results/payment-Payment-System-Subscription-payment-management-chromium/video.webm]]

[[ATTACHMENT|test-results/payment-Payment-System-Subscription-payment-management-chromium/error-context.md]]
]]>
</system-out>
</testcase>
<testcase name="Payment System › Payment webhook handling" classname="payment.spec.ts" time="3.128">
<failure message="payment.spec.ts:231:7 Payment webhook handling" type="FAILURE">
<![CDATA[  [chromium] › payment.spec.ts:231:7 › Payment System › Payment webhook handling ───────────────────

    Error: expect(received).toBeTruthy()

    Received: false

      245 |     });
      246 |     
    > 247 |     expect(webhookResponse.ok()).toBeTruthy();
          |                                  ^
      248 |   });
      249 | });
      250 |
        at /Users/asithalakmal/Documents/web/final project/WeddingLK-next copy/tests/e2e/payment.spec.ts:247:34

    attachment #1: screenshot (image/png) ──────────────────────────────────────────────────────────
    ../../test-results/payment-Payment-System-Payment-webhook-handling-chromium/test-failed-1.png
    ────────────────────────────────────────────────────────────────────────────────────────────────

    attachment #2: video (video/webm) ──────────────────────────────────────────────────────────────
    ../../test-results/payment-Payment-System-Payment-webhook-handling-chromium/video.webm
    ────────────────────────────────────────────────────────────────────────────────────────────────
]]>
</failure>
<system-out>
<![CDATA[
[[ATTACHMENT|test-results/payment-Payment-System-Payment-webhook-handling-chromium/test-failed-1.png]]

[[ATTACHMENT|test-results/payment-Payment-System-Payment-webhook-handling-chromium/video.webm]]
]]>
</system-out>
</testcase>
</testsuite>
<testsuite name="production.spec.ts" timestamp="2025-10-24T06:04:58.917Z" hostname="chromium" tests="6" failures="3" skipped="0" time="87.652" errors="0">
<testcase name="Production Site Tests › Homepage loads correctly" classname="production.spec.ts" time="10.148">
</testcase>
<testcase name="Production Site Tests › Navigation works correctly" classname="production.spec.ts" time="9.076">
<failure message="production.spec.ts:19:7 Navigation works correctly" type="FAILURE">
<![CDATA[  [chromium] › production.spec.ts:19:7 › Production Site Tests › Navigation works correctly ────────

    Error: expect(received).toContain(expected) // indexOf

    Expected substring: "venues"
    Received string:    "https://wedding-lk.vercel.app/"

      28 |     // Check that we're on the venues page (it may redirect or show loading)
      29 |     const currentUrl = page.url();
    > 30 |     expect(currentUrl).toContain('venues');
         |                        ^
      31 |     
      32 |     // Go back to home
      33 |     await page.goto('/');
        at /Users/asithalakmal/Documents/web/final project/WeddingLK-next copy/tests/e2e/production.spec.ts:30:24

    attachment #1: screenshot (image/png) ──────────────────────────────────────────────────────────
    ../../test-results/production-Production-Site-Tests-Navigation-works-correctly-chromium/test-failed-1.png
    ────────────────────────────────────────────────────────────────────────────────────────────────

    attachment #2: video (video/webm) ──────────────────────────────────────────────────────────────
    ../../test-results/production-Production-Site-Tests-Navigation-works-correctly-chromium/video.webm
    ────────────────────────────────────────────────────────────────────────────────────────────────

    Error Context: ../../test-results/production-Production-Site-Tests-Navigation-works-correctly-chromium/error-context.md
]]>
</failure>
<system-out>
<![CDATA[
[[ATTACHMENT|test-results/production-Production-Site-Tests-Navigation-works-correctly-chromium/test-failed-1.png]]

[[ATTACHMENT|test-results/production-Production-Site-Tests-Navigation-works-correctly-chromium/video.webm]]

[[ATTACHMENT|test-results/production-Production-Site-Tests-Navigation-works-correctly-chromium/error-context.md]]
]]>
</system-out>
</testcase>
<testcase name="Production Site Tests › Search functionality is present" classname="production.spec.ts" time="38.837">
<failure message="production.spec.ts:37:7 Search functionality is present" type="FAILURE">
<![CDATA[  [chromium] › production.spec.ts:37:7 › Production Site Tests › Search functionality is present ───

    Error: expect(locator).toBeVisible() failed

    Locator: locator('input[placeholder*="dream wedding"]')
    Expected: visible
    Timeout: 30000ms
    Error: element(s) not found

    Call log:
      - Expect "toBeVisible" with timeout 30000ms
      - waiting for locator('input[placeholder*="dream wedding"]')


      39 |     
      40 |     // Check that the search input is present (try different placeholder text)
    > 41 |     await expect(page.locator('input[placeholder*="dream wedding"]')).toBeVisible();
         |                                                                       ^
      42 |     
      43 |     // Check that the search button is present
      44 |     await expect(page.locator('button:has-text("Find My Perfect Wedding")')).toBeVisible();
        at /Users/asithalakmal/Documents/web/final project/WeddingLK-next copy/tests/e2e/production.spec.ts:41:71

    attachment #1: screenshot (image/png) ──────────────────────────────────────────────────────────
    ../../test-results/production-Production-Site-101a3-ch-functionality-is-present-chromium/test-failed-1.png
    ────────────────────────────────────────────────────────────────────────────────────────────────

    attachment #2: video (video/webm) ──────────────────────────────────────────────────────────────
    ../../test-results/production-Production-Site-101a3-ch-functionality-is-present-chromium/video.webm
    ────────────────────────────────────────────────────────────────────────────────────────────────

    Error Context: ../../test-results/production-Production-Site-101a3-ch-functionality-is-present-chromium/error-context.md
]]>
</failure>
<system-out>
<![CDATA[
[[ATTACHMENT|test-results/production-Production-Site-101a3-ch-functionality-is-present-chromium/test-failed-1.png]]

[[ATTACHMENT|test-results/production-Production-Site-101a3-ch-functionality-is-present-chromium/video.webm]]

[[ATTACHMENT|test-results/production-Production-Site-101a3-ch-functionality-is-present-chromium/error-context.md]]
]]>
</system-out>
</testcase>
<testcase name="Production Site Tests › Footer links are present" classname="production.spec.ts" time="12.853">
<failure message="production.spec.ts:47:7 Footer links are present" type="FAILURE">
<![CDATA[  [chromium] › production.spec.ts:47:7 › Production Site Tests › Footer links are present ──────────

    Error: expect(locator).toBeVisible() failed

    Locator: locator('footer a[href="/about"], footer a[href="/contact"]')
    Expected: visible
    Error: strict mode violation: locator('footer a[href="/about"], footer a[href="/contact"]') resolved to 2 elements:
        1) <a href="/about" class="hover:text-white transition-colors">About</a> aka getByRole('main').getByRole('link', { name: 'About' })
        2) <a href="/contact" class="hover:text-white transition-colors">Contact</a> aka getByRole('link', { name: 'Contact', exact: true })

    Call log:
      - Expect "toBeVisible" with timeout 30000ms
      - waiting for locator('footer a[href="/about"], footer a[href="/contact"]')


      56 |     await expect(page.locator('footer a[href="/gallery"]')).toBeVisible();
      57 |     // Check for about link in footer (may be in different section)
    > 58 |     await expect(page.locator('footer a[href="/about"], footer a[href="/contact"]')).toBeVisible();
         |                                                                                      ^
      59 |   });
      60 |
      61 |   test('Responsive design works', async ({ page }) => {
        at /Users/asithalakmal/Documents/web/final project/WeddingLK-next copy/tests/e2e/production.spec.ts:58:86

    attachment #1: screenshot (image/png) ──────────────────────────────────────────────────────────
    ../../test-results/production-Production-Site-Tests-Footer-links-are-present-chromium/test-failed-1.png
    ────────────────────────────────────────────────────────────────────────────────────────────────

    attachment #2: video (video/webm) ──────────────────────────────────────────────────────────────
    ../../test-results/production-Production-Site-Tests-Footer-links-are-present-chromium/video.webm
    ────────────────────────────────────────────────────────────────────────────────────────────────

    Error Context: ../../test-results/production-Production-Site-Tests-Footer-links-are-present-chromium/error-context.md
]]>
</failure>
<system-out>
<![CDATA[
[[ATTACHMENT|test-results/production-Production-Site-Tests-Footer-links-are-present-chromium/test-failed-1.png]]

[[ATTACHMENT|test-results/production-Production-Site-Tests-Footer-links-are-present-chromium/video.webm]]

[[ATTACHMENT|test-results/production-Production-Site-Tests-Footer-links-are-present-chromium/error-context.md]]
]]>
</system-out>
</testcase>
<testcase name="Production Site Tests › Responsive design works" classname="production.spec.ts" time="10.015">
</testcase>
<testcase name="Production Site Tests › Page metadata is correct" classname="production.spec.ts" time="6.723">
</testcase>
</testsuite>
<testsuite name="quick-verification.spec.ts" timestamp="2025-10-24T06:04:58.917Z" hostname="chromium" tests="6" failures="0" skipped="1" time="46.193" errors="0">
<testcase name="🚀 Quick Production Verification › Homepage loads and basic functionality works" classname="quick-verification.spec.ts" time="11.368">
</testcase>
<testcase name="🚀 Quick Production Verification › API endpoints are responding" classname="quick-verification.spec.ts" time="2.982">
</testcase>
<testcase name="🚀 Quick Production Verification › Database connection is working - DISABLED (Slow endpoint)" classname="quick-verification.spec.ts" time="0">
<properties>
<property name="skip" value="">
</property>
</properties>
<skipped>
</skipped>
</testcase>
<testcase name="🚀 Quick Production Verification › Navigation works correctly" classname="quick-verification.spec.ts" time="11.674">
</testcase>
<testcase name="🚀 Quick Production Verification › Page is responsive" classname="quick-verification.spec.ts" time="12.092">
</testcase>
<testcase name="🚀 Quick Production Verification › No critical JavaScript errors" classname="quick-verification.spec.ts" time="8.077">
</testcase>
</testsuite>
<testsuite name="rbac-comprehensive.spec.ts" timestamp="2025-10-24T06:04:58.917Z" hostname="chromium" tests="28" failures="28" skipped="0" time="1294.221" errors="0">
<testcase name="🔐 User Role RBAC Tests › User Role - Allowed Access" classname="rbac-comprehensive.spec.ts" time="42.568">
<failure message="rbac-comprehensive.spec.ts:76:7 User Role - Allowed Access" type="FAILURE">
<![CDATA[  [chromium] › rbac-comprehensive.spec.ts:76:7 › 🔐 User Role RBAC Tests › User Role - Allowed Access 

    Error: expect(page).toHaveURL(expected) failed

    Expected pattern: /\/dashboard/
    Received string:  "https://wedding-lk.vercel.app/login"
    Timeout: 30000ms

    Call log:
      - Expect "toHaveURL" with timeout 30000ms
        33 × unexpected value "https://wedding-lk.vercel.app/login"


      53 |   await page.fill('input[name="password"]', user.password);
      54 |   await page.click('button[type="submit"]');
    > 55 |   await expect(page).toHaveURL(/\/dashboard/);
         |                      ^
      56 | }
      57 |
      58 | // Helper function to test navigation access
        at loginAsRole (/Users/asithalakmal/Documents/web/final project/WeddingLK-next copy/tests/e2e/rbac-comprehensive.spec.ts:55:22)
        at /Users/asithalakmal/Documents/web/final project/WeddingLK-next copy/tests/e2e/rbac-comprehensive.spec.ts:77:5

    attachment #1: screenshot (image/png) ──────────────────────────────────────────────────────────
    ../../test-results/rbac-comprehensive-🔐-User-6e635--User-Role---Allowed-Access-chromium/test-failed-1.png
    ────────────────────────────────────────────────────────────────────────────────────────────────

    attachment #2: video (video/webm) ──────────────────────────────────────────────────────────────
    ../../test-results/rbac-comprehensive-🔐-User-6e635--User-Role---Allowed-Access-chromium/video.webm
    ────────────────────────────────────────────────────────────────────────────────────────────────

    Error Context: ../../test-results/rbac-comprehensive-🔐-User-6e635--User-Role---Allowed-Access-chromium/error-context.md
]]>
</failure>
<system-out>
<![CDATA[
[[ATTACHMENT|test-results/rbac-comprehensive-🔐-User-6e635--User-Role---Allowed-Access-chromium/test-failed-1.png]]

[[ATTACHMENT|test-results/rbac-comprehensive-🔐-User-6e635--User-Role---Allowed-Access-chromium/video.webm]]

[[ATTACHMENT|test-results/rbac-comprehensive-🔐-User-6e635--User-Role---Allowed-Access-chromium/error-context.md]]
]]>
</system-out>
</testcase>
<testcase name="🔐 User Role RBAC Tests › User Role - Navigation Items Visibility" classname="rbac-comprehensive.spec.ts" time="43.81">
<failure message="rbac-comprehensive.spec.ts:106:7 User Role - Navigation Items Visibility" type="FAILURE">
<![CDATA[  [chromium] › rbac-comprehensive.spec.ts:106:7 › 🔐 User Role RBAC Tests › User Role - Navigation Items Visibility 

    Error: expect(page).toHaveURL(expected) failed

    Expected pattern: /\/dashboard/
    Received string:  "https://wedding-lk.vercel.app/login"
    Timeout: 30000ms

    Call log:
      - Expect "toHaveURL" with timeout 30000ms
        33 × unexpected value "https://wedding-lk.vercel.app/login"


      53 |   await page.fill('input[name="password"]', user.password);
      54 |   await page.click('button[type="submit"]');
    > 55 |   await expect(page).toHaveURL(/\/dashboard/);
         |                      ^
      56 | }
      57 |
      58 | // Helper function to test navigation access
        at loginAsRole (/Users/asithalakmal/Documents/web/final project/WeddingLK-next copy/tests/e2e/rbac-comprehensive.spec.ts:55:22)
        at /Users/asithalakmal/Documents/web/final project/WeddingLK-next copy/tests/e2e/rbac-comprehensive.spec.ts:107:5

    attachment #1: screenshot (image/png) ──────────────────────────────────────────────────────────
    ../../test-results/rbac-comprehensive-🔐-User-608d2-Navigation-Items-Visibility-chromium/test-failed-1.png
    ────────────────────────────────────────────────────────────────────────────────────────────────

    attachment #2: video (video/webm) ──────────────────────────────────────────────────────────────
    ../../test-results/rbac-comprehensive-🔐-User-608d2-Navigation-Items-Visibility-chromium/video.webm
    ────────────────────────────────────────────────────────────────────────────────────────────────

    Error Context: ../../test-results/rbac-comprehensive-🔐-User-608d2-Navigation-Items-Visibility-chromium/error-context.md
]]>
</failure>
<system-out>
<![CDATA[
[[ATTACHMENT|test-results/rbac-comprehensive-🔐-User-608d2-Navigation-Items-Visibility-chromium/test-failed-1.png]]

[[ATTACHMENT|test-results/rbac-comprehensive-🔐-User-608d2-Navigation-Items-Visibility-chromium/video.webm]]

[[ATTACHMENT|test-results/rbac-comprehensive-🔐-User-608d2-Navigation-Items-Visibility-chromium/error-context.md]]
]]>
</system-out>
</testcase>
<testcase name="🔐 User Role RBAC Tests › User Role - Feature Access Control" classname="rbac-comprehensive.spec.ts" time="42.198">
<failure message="rbac-comprehensive.spec.ts:126:7 User Role - Feature Access Control" type="FAILURE">
<![CDATA[  [chromium] › rbac-comprehensive.spec.ts:126:7 › 🔐 User Role RBAC Tests › User Role - Feature Access Control 

    Error: expect(page).toHaveURL(expected) failed

    Expected pattern: /\/dashboard/
    Received string:  "https://wedding-lk.vercel.app/login"
    Timeout: 30000ms

    Call log:
      - Expect "toHaveURL" with timeout 30000ms
        25 × unexpected value "https://wedding-lk.vercel.app/login"


      53 |   await page.fill('input[name="password"]', user.password);
      54 |   await page.click('button[type="submit"]');
    > 55 |   await expect(page).toHaveURL(/\/dashboard/);
         |                      ^
      56 | }
      57 |
      58 | // Helper function to test navigation access
        at loginAsRole (/Users/asithalakmal/Documents/web/final project/WeddingLK-next copy/tests/e2e/rbac-comprehensive.spec.ts:55:22)
        at /Users/asithalakmal/Documents/web/final project/WeddingLK-next copy/tests/e2e/rbac-comprehensive.spec.ts:127:5

    attachment #1: screenshot (image/png) ──────────────────────────────────────────────────────────
    ../../test-results/rbac-comprehensive-🔐-User-8f46f-le---Feature-Access-Control-chromium/test-failed-1.png
    ────────────────────────────────────────────────────────────────────────────────────────────────

    attachment #2: video (video/webm) ──────────────────────────────────────────────────────────────
    ../../test-results/rbac-comprehensive-🔐-User-8f46f-le---Feature-Access-Control-chromium/video.webm
    ────────────────────────────────────────────────────────────────────────────────────────────────

    Error Context: ../../test-results/rbac-comprehensive-🔐-User-8f46f-le---Feature-Access-Control-chromium/error-context.md
]]>
</failure>
<system-out>
<![CDATA[
[[ATTACHMENT|test-results/rbac-comprehensive-🔐-User-8f46f-le---Feature-Access-Control-chromium/test-failed-1.png]]

[[ATTACHMENT|test-results/rbac-comprehensive-🔐-User-8f46f-le---Feature-Access-Control-chromium/video.webm]]

[[ATTACHMENT|test-results/rbac-comprehensive-🔐-User-8f46f-le---Feature-Access-Control-chromium/error-context.md]]
]]>
</system-out>
</testcase>
<testcase name="🏢 Vendor Role RBAC Tests › Vendor Role - Allowed Access" classname="rbac-comprehensive.spec.ts" time="44.839">
<failure message="rbac-comprehensive.spec.ts:146:7 Vendor Role - Allowed Access" type="FAILURE">
<![CDATA[  [chromium] › rbac-comprehensive.spec.ts:146:7 › 🏢 Vendor Role RBAC Tests › Vendor Role - Allowed Access 

    Error: expect(page).toHaveURL(expected) failed

    Expected pattern: /\/dashboard/
    Received string:  "https://wedding-lk.vercel.app/login"
    Timeout: 30000ms

    Call log:
      - Expect "toHaveURL" with timeout 30000ms
        33 × unexpected value "https://wedding-lk.vercel.app/login"


      53 |   await page.fill('input[name="password"]', user.password);
      54 |   await page.click('button[type="submit"]');
    > 55 |   await expect(page).toHaveURL(/\/dashboard/);
         |                      ^
      56 | }
      57 |
      58 | // Helper function to test navigation access
        at loginAsRole (/Users/asithalakmal/Documents/web/final project/WeddingLK-next copy/tests/e2e/rbac-comprehensive.spec.ts:55:22)
        at /Users/asithalakmal/Documents/web/final project/WeddingLK-next copy/tests/e2e/rbac-comprehensive.spec.ts:147:5

    attachment #1: screenshot (image/png) ──────────────────────────────────────────────────────────
    ../../test-results/rbac-comprehensive-🏢-Vend-c71ca-endor-Role---Allowed-Access-chromium/test-failed-1.png
    ────────────────────────────────────────────────────────────────────────────────────────────────

    attachment #2: video (video/webm) ──────────────────────────────────────────────────────────────
    ../../test-results/rbac-comprehensive-🏢-Vend-c71ca-endor-Role---Allowed-Access-chromium/video.webm
    ────────────────────────────────────────────────────────────────────────────────────────────────

    Error Context: ../../test-results/rbac-comprehensive-🏢-Vend-c71ca-endor-Role---Allowed-Access-chromium/error-context.md
]]>
</failure>
<system-out>
<![CDATA[
[[ATTACHMENT|test-results/rbac-comprehensive-🏢-Vend-c71ca-endor-Role---Allowed-Access-chromium/test-failed-1.png]]

[[ATTACHMENT|test-results/rbac-comprehensive-🏢-Vend-c71ca-endor-Role---Allowed-Access-chromium/video.webm]]

[[ATTACHMENT|test-results/rbac-comprehensive-🏢-Vend-c71ca-endor-Role---Allowed-Access-chromium/error-context.md]]
]]>
</system-out>
</testcase>
<testcase name="🏢 Vendor Role RBAC Tests › Vendor Role - Navigation Items Visibility" classname="rbac-comprehensive.spec.ts" time="46.598">
<failure message="rbac-comprehensive.spec.ts:175:7 Vendor Role - Navigation Items Visibility" type="FAILURE">
<![CDATA[  [chromium] › rbac-comprehensive.spec.ts:175:7 › 🏢 Vendor Role RBAC Tests › Vendor Role - Navigation Items Visibility 

    Error: expect(page).toHaveURL(expected) failed

    Expected pattern: /\/dashboard/
    Received string:  "https://wedding-lk.vercel.app/login"
    Timeout: 30000ms

    Call log:
      - Expect "toHaveURL" with timeout 30000ms
        26 × unexpected value "https://wedding-lk.vercel.app/login"


      53 |   await page.fill('input[name="password"]', user.password);
      54 |   await page.click('button[type="submit"]');
    > 55 |   await expect(page).toHaveURL(/\/dashboard/);
         |                      ^
      56 | }
      57 |
      58 | // Helper function to test navigation access
        at loginAsRole (/Users/asithalakmal/Documents/web/final project/WeddingLK-next copy/tests/e2e/rbac-comprehensive.spec.ts:55:22)
        at /Users/asithalakmal/Documents/web/final project/WeddingLK-next copy/tests/e2e/rbac-comprehensive.spec.ts:176:5

    attachment #1: screenshot (image/png) ──────────────────────────────────────────────────────────
    ../../test-results/rbac-comprehensive-🏢-Vend-6301d-Navigation-Items-Visibility-chromium/test-failed-1.png
    ────────────────────────────────────────────────────────────────────────────────────────────────

    attachment #2: video (video/webm) ──────────────────────────────────────────────────────────────
    ../../test-results/rbac-comprehensive-🏢-Vend-6301d-Navigation-Items-Visibility-chromium/video.webm
    ────────────────────────────────────────────────────────────────────────────────────────────────

    Error Context: ../../test-results/rbac-comprehensive-🏢-Vend-6301d-Navigation-Items-Visibility-chromium/error-context.md
]]>
</failure>
<system-out>
<![CDATA[
[[ATTACHMENT|test-results/rbac-comprehensive-🏢-Vend-6301d-Navigation-Items-Visibility-chromium/test-failed-1.png]]

[[ATTACHMENT|test-results/rbac-comprehensive-🏢-Vend-6301d-Navigation-Items-Visibility-chromium/video.webm]]

[[ATTACHMENT|test-results/rbac-comprehensive-🏢-Vend-6301d-Navigation-Items-Visibility-chromium/error-context.md]]
]]>
</system-out>
</testcase>
<testcase name="🏢 Vendor Role RBAC Tests › Vendor Role - Feature Access Control" classname="rbac-comprehensive.spec.ts" time="47.893">
<failure message="rbac-comprehensive.spec.ts:196:7 Vendor Role - Feature Access Control" type="FAILURE">
<![CDATA[  [chromium] › rbac-comprehensive.spec.ts:196:7 › 🏢 Vendor Role RBAC Tests › Vendor Role - Feature Access Control 

    Error: expect(page).toHaveURL(expected) failed

    Expected pattern: /\/dashboard/
    Received string:  "https://wedding-lk.vercel.app/login"
    Timeout: 30000ms

    Call log:
      - Expect "toHaveURL" with timeout 30000ms
        33 × unexpected value "https://wedding-lk.vercel.app/login"


      53 |   await page.fill('input[name="password"]', user.password);
      54 |   await page.click('button[type="submit"]');
    > 55 |   await expect(page).toHaveURL(/\/dashboard/);
         |                      ^
      56 | }
      57 |
      58 | // Helper function to test navigation access
        at loginAsRole (/Users/asithalakmal/Documents/web/final project/WeddingLK-next copy/tests/e2e/rbac-comprehensive.spec.ts:55:22)
        at /Users/asithalakmal/Documents/web/final project/WeddingLK-next copy/tests/e2e/rbac-comprehensive.spec.ts:197:5

    attachment #1: screenshot (image/png) ──────────────────────────────────────────────────────────
    ../../test-results/rbac-comprehensive-🏢-Vend-6d7ff-le---Feature-Access-Control-chromium/test-failed-1.png
    ────────────────────────────────────────────────────────────────────────────────────────────────

    attachment #2: video (video/webm) ──────────────────────────────────────────────────────────────
    ../../test-results/rbac-comprehensive-🏢-Vend-6d7ff-le---Feature-Access-Control-chromium/video.webm
    ────────────────────────────────────────────────────────────────────────────────────────────────

    Error Context: ../../test-results/rbac-comprehensive-🏢-Vend-6d7ff-le---Feature-Access-Control-chromium/error-context.md
]]>
</failure>
<system-out>
<![CDATA[
[[ATTACHMENT|test-results/rbac-comprehensive-🏢-Vend-6d7ff-le---Feature-Access-Control-chromium/test-failed-1.png]]

[[ATTACHMENT|test-results/rbac-comprehensive-🏢-Vend-6d7ff-le---Feature-Access-Control-chromium/video.webm]]

[[ATTACHMENT|test-results/rbac-comprehensive-🏢-Vend-6d7ff-le---Feature-Access-Control-chromium/error-context.md]]
]]>
</system-out>
</testcase>
<testcase name="👥 Wedding Planner Role RBAC Tests › Wedding Planner Role - Allowed Access" classname="rbac-comprehensive.spec.ts" time="54.442">
<failure message="rbac-comprehensive.spec.ts:220:7 Wedding Planner Role - Allowed Access" type="FAILURE">
<![CDATA[  [chromium] › rbac-comprehensive.spec.ts:220:7 › 👥 Wedding Planner Role RBAC Tests › Wedding Planner Role - Allowed Access 

    Error: expect(page).toHaveURL(expected) failed

    Expected pattern: /\/dashboard/
    Received string:  "https://wedding-lk.vercel.app/login"
    Timeout: 30000ms

    Call log:
      - Expect "toHaveURL" with timeout 30000ms
        33 × unexpected value "https://wedding-lk.vercel.app/login"


      53 |   await page.fill('input[name="password"]', user.password);
      54 |   await page.click('button[type="submit"]');
    > 55 |   await expect(page).toHaveURL(/\/dashboard/);
         |                      ^
      56 | }
      57 |
      58 | // Helper function to test navigation access
        at loginAsRole (/Users/asithalakmal/Documents/web/final project/WeddingLK-next copy/tests/e2e/rbac-comprehensive.spec.ts:55:22)
        at /Users/asithalakmal/Documents/web/final project/WeddingLK-next copy/tests/e2e/rbac-comprehensive.spec.ts:221:5

    attachment #1: screenshot (image/png) ──────────────────────────────────────────────────────────
    ../../test-results/rbac-comprehensive-👥-Wedd-e2018-anner-Role---Allowed-Access-chromium/test-failed-1.png
    ────────────────────────────────────────────────────────────────────────────────────────────────

    attachment #2: video (video/webm) ──────────────────────────────────────────────────────────────
    ../../test-results/rbac-comprehensive-👥-Wedd-e2018-anner-Role---Allowed-Access-chromium/video.webm
    ────────────────────────────────────────────────────────────────────────────────────────────────

    Error Context: ../../test-results/rbac-comprehensive-👥-Wedd-e2018-anner-Role---Allowed-Access-chromium/error-context.md
]]>
</failure>
<system-out>
<![CDATA[
[[ATTACHMENT|test-results/rbac-comprehensive-👥-Wedd-e2018-anner-Role---Allowed-Access-chromium/test-failed-1.png]]

[[ATTACHMENT|test-results/rbac-comprehensive-👥-Wedd-e2018-anner-Role---Allowed-Access-chromium/video.webm]]

[[ATTACHMENT|test-results/rbac-comprehensive-👥-Wedd-e2018-anner-Role---Allowed-Access-chromium/error-context.md]]
]]>
</system-out>
</testcase>
<testcase name="👥 Wedding Planner Role RBAC Tests › Wedding Planner Role - Navigation Items Visibility" classname="rbac-comprehensive.spec.ts" time="88.639">
<failure message="rbac-comprehensive.spec.ts:249:7 Wedding Planner Role - Navigation Items Visibility" type="FAILURE">
<![CDATA[  [chromium] › rbac-comprehensive.spec.ts:249:7 › 👥 Wedding Planner Role RBAC Tests › Wedding Planner Role - Navigation Items Visibility 

    Error: expect(page).toHaveURL(expected) failed

    Expected pattern: /\/dashboard/
    Received string:  "https://wedding-lk.vercel.app/login"
    Timeout: 30000ms

    Call log:
      - Expect "toHaveURL" with timeout 30000ms
        20 × unexpected value "https://wedding-lk.vercel.app/login"


      53 |   await page.fill('input[name="password"]', user.password);
      54 |   await page.click('button[type="submit"]');
    > 55 |   await expect(page).toHaveURL(/\/dashboard/);
         |                      ^
      56 | }
      57 |
      58 | // Helper function to test navigation access
        at loginAsRole (/Users/asithalakmal/Documents/web/final project/WeddingLK-next copy/tests/e2e/rbac-comprehensive.spec.ts:55:22)
        at /Users/asithalakmal/Documents/web/final project/WeddingLK-next copy/tests/e2e/rbac-comprehensive.spec.ts:250:5

    attachment #1: video (video/webm) ──────────────────────────────────────────────────────────────
    ../../test-results/rbac-comprehensive-👥-Wedd-a3027-Navigation-Items-Visibility-chromium/video.webm
    ────────────────────────────────────────────────────────────────────────────────────────────────
]]>
</failure>
<system-out>
<![CDATA[
[[ATTACHMENT|test-results/rbac-comprehensive-👥-Wedd-a3027-Navigation-Items-Visibility-chromium/video.webm]]
]]>
</system-out>
</testcase>
<testcase name="👥 Wedding Planner Role RBAC Tests › Wedding Planner Role - Feature Access Control" classname="rbac-comprehensive.spec.ts" time="42.491">
<failure message="rbac-comprehensive.spec.ts:270:7 Wedding Planner Role - Feature Access Control" type="FAILURE">
<![CDATA[  [chromium] › rbac-comprehensive.spec.ts:270:7 › 👥 Wedding Planner Role RBAC Tests › Wedding Planner Role - Feature Access Control 

    Error: expect(page).toHaveURL(expected) failed

    Expected pattern: /\/dashboard/
    Received string:  "https://wedding-lk.vercel.app/login"
    Timeout: 30000ms

    Call log:
      - Expect "toHaveURL" with timeout 30000ms
        33 × unexpected value "https://wedding-lk.vercel.app/login"


      53 |   await page.fill('input[name="password"]', user.password);
      54 |   await page.click('button[type="submit"]');
    > 55 |   await expect(page).toHaveURL(/\/dashboard/);
         |                      ^
      56 | }
      57 |
      58 | // Helper function to test navigation access
        at loginAsRole (/Users/asithalakmal/Documents/web/final project/WeddingLK-next copy/tests/e2e/rbac-comprehensive.spec.ts:55:22)
        at /Users/asithalakmal/Documents/web/final project/WeddingLK-next copy/tests/e2e/rbac-comprehensive.spec.ts:271:5

    attachment #1: screenshot (image/png) ──────────────────────────────────────────────────────────
    ../../test-results/rbac-comprehensive-👥-Wedd-afe80-le---Feature-Access-Control-chromium/test-failed-1.png
    ────────────────────────────────────────────────────────────────────────────────────────────────

    attachment #2: video (video/webm) ──────────────────────────────────────────────────────────────
    ../../test-results/rbac-comprehensive-👥-Wedd-afe80-le---Feature-Access-Control-chromium/video.webm
    ────────────────────────────────────────────────────────────────────────────────────────────────

    Error Context: ../../test-results/rbac-comprehensive-👥-Wedd-afe80-le---Feature-Access-Control-chromium/error-context.md
]]>
</failure>
<system-out>
<![CDATA[
[[ATTACHMENT|test-results/rbac-comprehensive-👥-Wedd-afe80-le---Feature-Access-Control-chromium/test-failed-1.png]]

[[ATTACHMENT|test-results/rbac-comprehensive-👥-Wedd-afe80-le---Feature-Access-Control-chromium/video.webm]]

[[ATTACHMENT|test-results/rbac-comprehensive-👥-Wedd-afe80-le---Feature-Access-Control-chromium/error-context.md]]
]]>
</system-out>
</testcase>
<testcase name="👑 Admin Role RBAC Tests › Admin Role - Allowed Access" classname="rbac-comprehensive.spec.ts" time="41.129">
<failure message="rbac-comprehensive.spec.ts:294:7 Admin Role - Allowed Access" type="FAILURE">
<![CDATA[  [chromium] › rbac-comprehensive.spec.ts:294:7 › 👑 Admin Role RBAC Tests › Admin Role - Allowed Access 

    Error: expect(page).toHaveURL(expected) failed

    Expected pattern: /\/dashboard/
    Received string:  "https://wedding-lk.vercel.app/login"
    Timeout: 30000ms

    Call log:
      - Expect "toHaveURL" with timeout 30000ms
        33 × unexpected value "https://wedding-lk.vercel.app/login"


      53 |   await page.fill('input[name="password"]', user.password);
      54 |   await page.click('button[type="submit"]');
    > 55 |   await expect(page).toHaveURL(/\/dashboard/);
         |                      ^
      56 | }
      57 |
      58 | // Helper function to test navigation access
        at loginAsRole (/Users/asithalakmal/Documents/web/final project/WeddingLK-next copy/tests/e2e/rbac-comprehensive.spec.ts:55:22)
        at /Users/asithalakmal/Documents/web/final project/WeddingLK-next copy/tests/e2e/rbac-comprehensive.spec.ts:295:5

    attachment #1: screenshot (image/png) ──────────────────────────────────────────────────────────
    ../../test-results/rbac-comprehensive-👑-Admi-1dca0-Admin-Role---Allowed-Access-chromium/test-failed-1.png
    ────────────────────────────────────────────────────────────────────────────────────────────────

    attachment #2: video (video/webm) ──────────────────────────────────────────────────────────────
    ../../test-results/rbac-comprehensive-👑-Admi-1dca0-Admin-Role---Allowed-Access-chromium/video.webm
    ────────────────────────────────────────────────────────────────────────────────────────────────

    Error Context: ../../test-results/rbac-comprehensive-👑-Admi-1dca0-Admin-Role---Allowed-Access-chromium/error-context.md
]]>
</failure>
<system-out>
<![CDATA[
[[ATTACHMENT|test-results/rbac-comprehensive-👑-Admi-1dca0-Admin-Role---Allowed-Access-chromium/test-failed-1.png]]

[[ATTACHMENT|test-results/rbac-comprehensive-👑-Admi-1dca0-Admin-Role---Allowed-Access-chromium/video.webm]]

[[ATTACHMENT|test-results/rbac-comprehensive-👑-Admi-1dca0-Admin-Role---Allowed-Access-chromium/error-context.md]]
]]>
</system-out>
</testcase>
<testcase name="👑 Admin Role RBAC Tests › Admin Role - Navigation Items Visibility" classname="rbac-comprehensive.spec.ts" time="46.353">
<failure message="rbac-comprehensive.spec.ts:323:7 Admin Role - Navigation Items Visibility" type="FAILURE">
<![CDATA[  [chromium] › rbac-comprehensive.spec.ts:323:7 › 👑 Admin Role RBAC Tests › Admin Role - Navigation Items Visibility 

    Error: expect(page).toHaveURL(expected) failed

    Expected pattern: /\/dashboard/
    Received string:  "https://wedding-lk.vercel.app/login"
    Timeout: 30000ms

    Call log:
      - Expect "toHaveURL" with timeout 30000ms
        33 × unexpected value "https://wedding-lk.vercel.app/login"


      53 |   await page.fill('input[name="password"]', user.password);
      54 |   await page.click('button[type="submit"]');
    > 55 |   await expect(page).toHaveURL(/\/dashboard/);
         |                      ^
      56 | }
      57 |
      58 | // Helper function to test navigation access
        at loginAsRole (/Users/asithalakmal/Documents/web/final project/WeddingLK-next copy/tests/e2e/rbac-comprehensive.spec.ts:55:22)
        at /Users/asithalakmal/Documents/web/final project/WeddingLK-next copy/tests/e2e/rbac-comprehensive.spec.ts:324:5

    attachment #1: screenshot (image/png) ──────────────────────────────────────────────────────────
    ../../test-results/rbac-comprehensive-👑-Admi-df4c3-Navigation-Items-Visibility-chromium/test-failed-1.png
    ────────────────────────────────────────────────────────────────────────────────────────────────

    attachment #2: video (video/webm) ──────────────────────────────────────────────────────────────
    ../../test-results/rbac-comprehensive-👑-Admi-df4c3-Navigation-Items-Visibility-chromium/video.webm
    ────────────────────────────────────────────────────────────────────────────────────────────────

    Error Context: ../../test-results/rbac-comprehensive-👑-Admi-df4c3-Navigation-Items-Visibility-chromium/error-context.md
]]>
</failure>
<system-out>
<![CDATA[
[[ATTACHMENT|test-results/rbac-comprehensive-👑-Admi-df4c3-Navigation-Items-Visibility-chromium/test-failed-1.png]]

[[ATTACHMENT|test-results/rbac-comprehensive-👑-Admi-df4c3-Navigation-Items-Visibility-chromium/video.webm]]

[[ATTACHMENT|test-results/rbac-comprehensive-👑-Admi-df4c3-Navigation-Items-Visibility-chromium/error-context.md]]
]]>
</system-out>
</testcase>
<testcase name="👑 Admin Role RBAC Tests › Admin Role - Feature Access Control" classname="rbac-comprehensive.spec.ts" time="51.484">
<failure message="rbac-comprehensive.spec.ts:346:7 Admin Role - Feature Access Control" type="FAILURE">
<![CDATA[  [chromium] › rbac-comprehensive.spec.ts:346:7 › 👑 Admin Role RBAC Tests › Admin Role - Feature Access Control 

    Error: expect(page).toHaveURL(expected) failed

    Expected pattern: /\/dashboard/
    Received string:  "https://wedding-lk.vercel.app/login"
    Timeout: 30000ms

    Call log:
      - Expect "toHaveURL" with timeout 30000ms
        33 × unexpected value "https://wedding-lk.vercel.app/login"


      53 |   await page.fill('input[name="password"]', user.password);
      54 |   await page.click('button[type="submit"]');
    > 55 |   await expect(page).toHaveURL(/\/dashboard/);
         |                      ^
      56 | }
      57 |
      58 | // Helper function to test navigation access
        at loginAsRole (/Users/asithalakmal/Documents/web/final project/WeddingLK-next copy/tests/e2e/rbac-comprehensive.spec.ts:55:22)
        at /Users/asithalakmal/Documents/web/final project/WeddingLK-next copy/tests/e2e/rbac-comprehensive.spec.ts:347:5

    attachment #1: screenshot (image/png) ──────────────────────────────────────────────────────────
    ../../test-results/rbac-comprehensive-👑-Admi-503af-le---Feature-Access-Control-chromium/test-failed-1.png
    ────────────────────────────────────────────────────────────────────────────────────────────────

    attachment #2: video (video/webm) ──────────────────────────────────────────────────────────────
    ../../test-results/rbac-comprehensive-👑-Admi-503af-le---Feature-Access-Control-chromium/video.webm
    ────────────────────────────────────────────────────────────────────────────────────────────────

    Error Context: ../../test-results/rbac-comprehensive-👑-Admi-503af-le---Feature-Access-Control-chromium/error-context.md
]]>
</failure>
<system-out>
<![CDATA[
[[ATTACHMENT|test-results/rbac-comprehensive-👑-Admi-503af-le---Feature-Access-Control-chromium/test-failed-1.png]]

[[ATTACHMENT|test-results/rbac-comprehensive-👑-Admi-503af-le---Feature-Access-Control-chromium/video.webm]]

[[ATTACHMENT|test-results/rbac-comprehensive-👑-Admi-503af-le---Feature-Access-Control-chromium/error-context.md]]
]]>
</system-out>
</testcase>
<testcase name="🔧 Maintainer Role RBAC Tests › Maintainer Role - Allowed Access" classname="rbac-comprehensive.spec.ts" time="55.925">
<failure message="rbac-comprehensive.spec.ts:372:7 Maintainer Role - Allowed Access" type="FAILURE">
<![CDATA[  [chromium] › rbac-comprehensive.spec.ts:372:7 › 🔧 Maintainer Role RBAC Tests › Maintainer Role - Allowed Access 

    Error: expect(page).toHaveURL(expected) failed

    Expected pattern: /\/dashboard/
    Received string:  "https://wedding-lk.vercel.app/login"
    Timeout: 30000ms

    Call log:
      - Expect "toHaveURL" with timeout 30000ms
        33 × unexpected value "https://wedding-lk.vercel.app/login"


      53 |   await page.fill('input[name="password"]', user.password);
      54 |   await page.click('button[type="submit"]');
    > 55 |   await expect(page).toHaveURL(/\/dashboard/);
         |                      ^
      56 | }
      57 |
      58 | // Helper function to test navigation access
        at loginAsRole (/Users/asithalakmal/Documents/web/final project/WeddingLK-next copy/tests/e2e/rbac-comprehensive.spec.ts:55:22)
        at /Users/asithalakmal/Documents/web/final project/WeddingLK-next copy/tests/e2e/rbac-comprehensive.spec.ts:373:5

    attachment #1: screenshot (image/png) ──────────────────────────────────────────────────────────
    ../../test-results/rbac-comprehensive-🔧-Main-a39b7-ainer-Role---Allowed-Access-chromium/test-failed-1.png
    ────────────────────────────────────────────────────────────────────────────────────────────────

    attachment #2: video (video/webm) ──────────────────────────────────────────────────────────────
    ../../test-results/rbac-comprehensive-🔧-Main-a39b7-ainer-Role---Allowed-Access-chromium/video.webm
    ────────────────────────────────────────────────────────────────────────────────────────────────

    Error Context: ../../test-results/rbac-comprehensive-🔧-Main-a39b7-ainer-Role---Allowed-Access-chromium/error-context.md
]]>
</failure>
<system-out>
<![CDATA[
[[ATTACHMENT|test-results/rbac-comprehensive-🔧-Main-a39b7-ainer-Role---Allowed-Access-chromium/test-failed-1.png]]

[[ATTACHMENT|test-results/rbac-comprehensive-🔧-Main-a39b7-ainer-Role---Allowed-Access-chromium/video.webm]]

[[ATTACHMENT|test-results/rbac-comprehensive-🔧-Main-a39b7-ainer-Role---Allowed-Access-chromium/error-context.md]]
]]>
</system-out>
</testcase>
<testcase name="🔧 Maintainer Role RBAC Tests › Maintainer Role - Debug Access" classname="rbac-comprehensive.spec.ts" time="48.498">
<failure message="rbac-comprehensive.spec.ts:406:7 Maintainer Role - Debug Access" type="FAILURE">
<![CDATA[  [chromium] › rbac-comprehensive.spec.ts:406:7 › 🔧 Maintainer Role RBAC Tests › Maintainer Role - Debug Access 

    Error: expect(page).toHaveURL(expected) failed

    Expected pattern: /\/dashboard/
    Received string:  "https://wedding-lk.vercel.app/login"
    Timeout: 30000ms

    Call log:
      - Expect "toHaveURL" with timeout 30000ms
        23 × unexpected value "https://wedding-lk.vercel.app/login"


      53 |   await page.fill('input[name="password"]', user.password);
      54 |   await page.click('button[type="submit"]');
    > 55 |   await expect(page).toHaveURL(/\/dashboard/);
         |                      ^
      56 | }
      57 |
      58 | // Helper function to test navigation access
        at loginAsRole (/Users/asithalakmal/Documents/web/final project/WeddingLK-next copy/tests/e2e/rbac-comprehensive.spec.ts:55:22)
        at /Users/asithalakmal/Documents/web/final project/WeddingLK-next copy/tests/e2e/rbac-comprehensive.spec.ts:407:5

    attachment #1: screenshot (image/png) ──────────────────────────────────────────────────────────
    ../../test-results/rbac-comprehensive-🔧-Main-5e06e-ntainer-Role---Debug-Access-chromium/test-failed-1.png
    ────────────────────────────────────────────────────────────────────────────────────────────────

    attachment #2: video (video/webm) ──────────────────────────────────────────────────────────────
    ../../test-results/rbac-comprehensive-🔧-Main-5e06e-ntainer-Role---Debug-Access-chromium/video.webm
    ────────────────────────────────────────────────────────────────────────────────────────────────

    Error Context: ../../test-results/rbac-comprehensive-🔧-Main-5e06e-ntainer-Role---Debug-Access-chromium/error-context.md
]]>
</failure>
<system-out>
<![CDATA[
[[ATTACHMENT|test-results/rbac-comprehensive-🔧-Main-5e06e-ntainer-Role---Debug-Access-chromium/test-failed-1.png]]

[[ATTACHMENT|test-results/rbac-comprehensive-🔧-Main-5e06e-ntainer-Role---Debug-Access-chromium/video.webm]]

[[ATTACHMENT|test-results/rbac-comprehensive-🔧-Main-5e06e-ntainer-Role---Debug-Access-chromium/error-context.md]]
]]>
</system-out>
</testcase>
<testcase name="🛡️ Middleware Route Protection Tests › Unauthenticated Access Protection" classname="rbac-comprehensive.spec.ts" time="52.557">
<failure message="rbac-comprehensive.spec.ts:420:7 Unauthenticated Access Protection" type="FAILURE">
<![CDATA[  [chromium] › rbac-comprehensive.spec.ts:420:7 › 🛡️ Middleware Route Protection Tests › Unauthenticated Access Protection 

    Error: expect(page).toHaveURL(expected) failed

    Expected pattern: /\/auth\/signin/
    Received string:  "https://wedding-lk.vercel.app/dashboard"
    Timeout: 30000ms

    Call log:
      - Expect "toHaveURL" with timeout 30000ms
        33 × unexpected value "https://wedding-lk.vercel.app/dashboard"


      431 |     for (const route of protectedRoutes) {
      432 |       await page.goto(route);
    > 433 |       await expect(page).toHaveURL(/\/auth\/signin/);
          |                          ^
      434 |     }
      435 |   });
      436 |
        at /Users/asithalakmal/Documents/web/final project/WeddingLK-next copy/tests/e2e/rbac-comprehensive.spec.ts:433:26

    attachment #1: screenshot (image/png) ──────────────────────────────────────────────────────────
    ../../test-results/rbac-comprehensive-🛡️-Mid-97211-enticated-Access-Protection-chromium/test-failed-1.png
    ────────────────────────────────────────────────────────────────────────────────────────────────

    attachment #2: video (video/webm) ──────────────────────────────────────────────────────────────
    ../../test-results/rbac-comprehensive-🛡️-Mid-97211-enticated-Access-Protection-chromium/video.webm
    ────────────────────────────────────────────────────────────────────────────────────────────────

    Error Context: ../../test-results/rbac-comprehensive-🛡️-Mid-97211-enticated-Access-Protection-chromium/error-context.md
]]>
</failure>
<system-out>
<![CDATA[
[[ATTACHMENT|test-results/rbac-comprehensive-🛡️-Mid-97211-enticated-Access-Protection-chromium/test-failed-1.png]]

[[ATTACHMENT|test-results/rbac-comprehensive-🛡️-Mid-97211-enticated-Access-Protection-chromium/video.webm]]

[[ATTACHMENT|test-results/rbac-comprehensive-🛡️-Mid-97211-enticated-Access-Protection-chromium/error-context.md]]
]]>
</system-out>
</testcase>
<testcase name="🛡️ Middleware Route Protection Tests › Role-Based Route Protection" classname="rbac-comprehensive.spec.ts" time="46.923">
<failure message="rbac-comprehensive.spec.ts:437:7 Role-Based Route Protection" type="FAILURE">
<![CDATA[  [chromium] › rbac-comprehensive.spec.ts:437:7 › 🛡️ Middleware Route Protection Tests › Role-Based Route Protection 

    Error: expect(page).toHaveURL(expected) failed

    Expected pattern: /\/dashboard/
    Received string:  "https://wedding-lk.vercel.app/login"
    Timeout: 30000ms

    Call log:
      - Expect "toHaveURL" with timeout 30000ms
        33 × unexpected value "https://wedding-lk.vercel.app/login"


      53 |   await page.fill('input[name="password"]', user.password);
      54 |   await page.click('button[type="submit"]');
    > 55 |   await expect(page).toHaveURL(/\/dashboard/);
         |                      ^
      56 | }
      57 |
      58 | // Helper function to test navigation access
        at loginAsRole (/Users/asithalakmal/Documents/web/final project/WeddingLK-next copy/tests/e2e/rbac-comprehensive.spec.ts:55:22)
        at /Users/asithalakmal/Documents/web/final project/WeddingLK-next copy/tests/e2e/rbac-comprehensive.spec.ts:439:5

    attachment #1: screenshot (image/png) ──────────────────────────────────────────────────────────
    ../../test-results/rbac-comprehensive-🛡️-Mid-4d0bc-Role-Based-Route-Protection-chromium/test-failed-1.png
    ────────────────────────────────────────────────────────────────────────────────────────────────

    attachment #2: video (video/webm) ──────────────────────────────────────────────────────────────
    ../../test-results/rbac-comprehensive-🛡️-Mid-4d0bc-Role-Based-Route-Protection-chromium/video.webm
    ────────────────────────────────────────────────────────────────────────────────────────────────

    Error Context: ../../test-results/rbac-comprehensive-🛡️-Mid-4d0bc-Role-Based-Route-Protection-chromium/error-context.md
]]>
</failure>
<system-out>
<![CDATA[
[[ATTACHMENT|test-results/rbac-comprehensive-🛡️-Mid-4d0bc-Role-Based-Route-Protection-chromium/test-failed-1.png]]

[[ATTACHMENT|test-results/rbac-comprehensive-🛡️-Mid-4d0bc-Role-Based-Route-Protection-chromium/video.webm]]

[[ATTACHMENT|test-results/rbac-comprehensive-🛡️-Mid-4d0bc-Role-Based-Route-Protection-chromium/error-context.md]]
]]>
</system-out>
</testcase>
<testcase name="🔌 API Endpoint Authorization Tests › API Authentication Requirements" classname="rbac-comprehensive.spec.ts" time="5.658">
<failure message="rbac-comprehensive.spec.ts:461:7 API Authentication Requirements" type="FAILURE">
<![CDATA[  [chromium] › rbac-comprehensive.spec.ts:461:7 › 🔌 API Endpoint Authorization Tests › API Authentication Requirements 

    Error: expect(received).toBe(expected) // Object.is equality

    Expected: 401
    Received: 200

      471 |     for (const endpoint of apiEndpoints) {
      472 |       const response = await page.request.get(endpoint);
    > 473 |       expect(response.status()).toBe(401);
          |                                 ^
      474 |     }
      475 |   });
      476 |
        at /Users/asithalakmal/Documents/web/final project/WeddingLK-next copy/tests/e2e/rbac-comprehensive.spec.ts:473:33

    attachment #1: screenshot (image/png) ──────────────────────────────────────────────────────────
    ../../test-results/rbac-comprehensive-🔌-API--57edd-Authentication-Requirements-chromium/test-failed-1.png
    ────────────────────────────────────────────────────────────────────────────────────────────────

    attachment #2: video (video/webm) ──────────────────────────────────────────────────────────────
    ../../test-results/rbac-comprehensive-🔌-API--57edd-Authentication-Requirements-chromium/video.webm
    ────────────────────────────────────────────────────────────────────────────────────────────────
]]>
</failure>
<system-out>
<![CDATA[
[[ATTACHMENT|test-results/rbac-comprehensive-🔌-API--57edd-Authentication-Requirements-chromium/test-failed-1.png]]

[[ATTACHMENT|test-results/rbac-comprehensive-🔌-API--57edd-Authentication-Requirements-chromium/video.webm]]
]]>
</system-out>
</testcase>
<testcase name="🔌 API Endpoint Authorization Tests › API Role-Based Authorization" classname="rbac-comprehensive.spec.ts" time="44.949">
<failure message="rbac-comprehensive.spec.ts:477:7 API Role-Based Authorization" type="FAILURE">
<![CDATA[  [chromium] › rbac-comprehensive.spec.ts:477:7 › 🔌 API Endpoint Authorization Tests › API Role-Based Authorization 

    Error: expect(page).toHaveURL(expected) failed

    Expected pattern: /\/dashboard/
    Received string:  "https://wedding-lk.vercel.app/login"
    Timeout: 30000ms

    Call log:
      - Expect "toHaveURL" with timeout 30000ms
        30 × unexpected value "https://wedding-lk.vercel.app/login"


      53 |   await page.fill('input[name="password"]', user.password);
      54 |   await page.click('button[type="submit"]');
    > 55 |   await expect(page).toHaveURL(/\/dashboard/);
         |                      ^
      56 | }
      57 |
      58 | // Helper function to test navigation access
        at loginAsRole (/Users/asithalakmal/Documents/web/final project/WeddingLK-next copy/tests/e2e/rbac-comprehensive.spec.ts:55:22)
        at /Users/asithalakmal/Documents/web/final project/WeddingLK-next copy/tests/e2e/rbac-comprehensive.spec.ts:479:5

    attachment #1: screenshot (image/png) ──────────────────────────────────────────────────────────
    ../../test-results/rbac-comprehensive-🔌-API--a5bf9-PI-Role-Based-Authorization-chromium/test-failed-1.png
    ────────────────────────────────────────────────────────────────────────────────────────────────

    attachment #2: video (video/webm) ──────────────────────────────────────────────────────────────
    ../../test-results/rbac-comprehensive-🔌-API--a5bf9-PI-Role-Based-Authorization-chromium/video.webm
    ────────────────────────────────────────────────────────────────────────────────────────────────

    Error Context: ../../test-results/rbac-comprehensive-🔌-API--a5bf9-PI-Role-Based-Authorization-chromium/error-context.md
]]>
</failure>
<system-out>
<![CDATA[
[[ATTACHMENT|test-results/rbac-comprehensive-🔌-API--a5bf9-PI-Role-Based-Authorization-chromium/test-failed-1.png]]

[[ATTACHMENT|test-results/rbac-comprehensive-🔌-API--a5bf9-PI-Role-Based-Authorization-chromium/video.webm]]

[[ATTACHMENT|test-results/rbac-comprehensive-🔌-API--a5bf9-PI-Role-Based-Authorization-chromium/error-context.md]]
]]>
</system-out>
</testcase>
<testcase name="🔌 API Endpoint Authorization Tests › API Permission-Based Authorization" classname="rbac-comprehensive.spec.ts" time="44.556">
<failure message="rbac-comprehensive.spec.ts:494:7 API Permission-Based Authorization" type="FAILURE">
<![CDATA[  [chromium] › rbac-comprehensive.spec.ts:494:7 › 🔌 API Endpoint Authorization Tests › API Permission-Based Authorization 

    Error: expect(page).toHaveURL(expected) failed

    Expected pattern: /\/dashboard/
    Received string:  "https://wedding-lk.vercel.app/login"
    Timeout: 30000ms

    Call log:
      - Expect "toHaveURL" with timeout 30000ms
        33 × unexpected value "https://wedding-lk.vercel.app/login"


      53 |   await page.fill('input[name="password"]', user.password);
      54 |   await page.click('button[type="submit"]');
    > 55 |   await expect(page).toHaveURL(/\/dashboard/);
         |                      ^
      56 | }
      57 |
      58 | // Helper function to test navigation access
        at loginAsRole (/Users/asithalakmal/Documents/web/final project/WeddingLK-next copy/tests/e2e/rbac-comprehensive.spec.ts:55:22)
        at /Users/asithalakmal/Documents/web/final project/WeddingLK-next copy/tests/e2e/rbac-comprehensive.spec.ts:496:5

    attachment #1: screenshot (image/png) ──────────────────────────────────────────────────────────
    ../../test-results/rbac-comprehensive-🔌-API--eb92c-mission-Based-Authorization-chromium/test-failed-1.png
    ────────────────────────────────────────────────────────────────────────────────────────────────

    attachment #2: video (video/webm) ──────────────────────────────────────────────────────────────
    ../../test-results/rbac-comprehensive-🔌-API--eb92c-mission-Based-Authorization-chromium/video.webm
    ────────────────────────────────────────────────────────────────────────────────────────────────

    Error Context: ../../test-results/rbac-comprehensive-🔌-API--eb92c-mission-Based-Authorization-chromium/error-context.md
]]>
</failure>
<system-out>
<![CDATA[
[[ATTACHMENT|test-results/rbac-comprehensive-🔌-API--eb92c-mission-Based-Authorization-chromium/test-failed-1.png]]

[[ATTACHMENT|test-results/rbac-comprehensive-🔌-API--eb92c-mission-Based-Authorization-chromium/video.webm]]

[[ATTACHMENT|test-results/rbac-comprehensive-🔌-API--eb92c-mission-Based-Authorization-chromium/error-context.md]]
]]>
</system-out>
</testcase>
<testcase name="🎨 UI Component Visibility Tests › Dashboard Components Based on Role" classname="rbac-comprehensive.spec.ts" time="46.283">
<failure message="rbac-comprehensive.spec.ts:511:7 Dashboard Components Based on Role" type="FAILURE">
<![CDATA[  [chromium] › rbac-comprehensive.spec.ts:511:7 › 🎨 UI Component Visibility Tests › Dashboard Components Based on Role 

    Error: expect(page).toHaveURL(expected) failed

    Expected pattern: /\/dashboard/
    Received string:  "https://wedding-lk.vercel.app/login"
    Timeout: 30000ms

    Call log:
      - Expect "toHaveURL" with timeout 30000ms
        33 × unexpected value "https://wedding-lk.vercel.app/login"


      53 |   await page.fill('input[name="password"]', user.password);
      54 |   await page.click('button[type="submit"]');
    > 55 |   await expect(page).toHaveURL(/\/dashboard/);
         |                      ^
      56 | }
      57 |
      58 | // Helper function to test navigation access
        at loginAsRole (/Users/asithalakmal/Documents/web/final project/WeddingLK-next copy/tests/e2e/rbac-comprehensive.spec.ts:55:22)
        at /Users/asithalakmal/Documents/web/final project/WeddingLK-next copy/tests/e2e/rbac-comprehensive.spec.ts:513:5

    attachment #1: screenshot (image/png) ──────────────────────────────────────────────────────────
    ../../test-results/rbac-comprehensive-🎨-UI-C-12201-rd-Components-Based-on-Role-chromium/test-failed-1.png
    ────────────────────────────────────────────────────────────────────────────────────────────────

    attachment #2: video (video/webm) ──────────────────────────────────────────────────────────────
    ../../test-results/rbac-comprehensive-🎨-UI-C-12201-rd-Components-Based-on-Role-chromium/video.webm
    ────────────────────────────────────────────────────────────────────────────────────────────────

    Error Context: ../../test-results/rbac-comprehensive-🎨-UI-C-12201-rd-Components-Based-on-Role-chromium/error-context.md
]]>
</failure>
<system-out>
<![CDATA[
[[ATTACHMENT|test-results/rbac-comprehensive-🎨-UI-C-12201-rd-Components-Based-on-Role-chromium/test-failed-1.png]]

[[ATTACHMENT|test-results/rbac-comprehensive-🎨-UI-C-12201-rd-Components-Based-on-Role-chromium/video.webm]]

[[ATTACHMENT|test-results/rbac-comprehensive-🎨-UI-C-12201-rd-Components-Based-on-Role-chromium/error-context.md]]
]]>
</system-out>
</testcase>
<testcase name="🎨 UI Component Visibility Tests › Navigation Menu Based on Role" classname="rbac-comprehensive.spec.ts" time="47.01">
<failure message="rbac-comprehensive.spec.ts:525:7 Navigation Menu Based on Role" type="FAILURE">
<![CDATA[  [chromium] › rbac-comprehensive.spec.ts:525:7 › 🎨 UI Component Visibility Tests › Navigation Menu Based on Role 

    Error: expect(page).toHaveURL(expected) failed

    Expected pattern: /\/dashboard/
    Received string:  "https://wedding-lk.vercel.app/login"
    Timeout: 30000ms

    Call log:
      - Expect "toHaveURL" with timeout 30000ms
        33 × unexpected value "https://wedding-lk.vercel.app/login"


      53 |   await page.fill('input[name="password"]', user.password);
      54 |   await page.click('button[type="submit"]');
    > 55 |   await expect(page).toHaveURL(/\/dashboard/);
         |                      ^
      56 | }
      57 |
      58 | // Helper function to test navigation access
        at loginAsRole (/Users/asithalakmal/Documents/web/final project/WeddingLK-next copy/tests/e2e/rbac-comprehensive.spec.ts:55:22)
        at /Users/asithalakmal/Documents/web/final project/WeddingLK-next copy/tests/e2e/rbac-comprehensive.spec.ts:527:5

    attachment #1: screenshot (image/png) ──────────────────────────────────────────────────────────
    ../../test-results/rbac-comprehensive-🎨-UI-C-60cb7-vigation-Menu-Based-on-Role-chromium/test-failed-1.png
    ────────────────────────────────────────────────────────────────────────────────────────────────

    attachment #2: video (video/webm) ──────────────────────────────────────────────────────────────
    ../../test-results/rbac-comprehensive-🎨-UI-C-60cb7-vigation-Menu-Based-on-Role-chromium/video.webm
    ────────────────────────────────────────────────────────────────────────────────────────────────

    Error Context: ../../test-results/rbac-comprehensive-🎨-UI-C-60cb7-vigation-Menu-Based-on-Role-chromium/error-context.md
]]>
</failure>
<system-out>
<![CDATA[
[[ATTACHMENT|test-results/rbac-comprehensive-🎨-UI-C-60cb7-vigation-Menu-Based-on-Role-chromium/test-failed-1.png]]

[[ATTACHMENT|test-results/rbac-comprehensive-🎨-UI-C-60cb7-vigation-Menu-Based-on-Role-chromium/video.webm]]

[[ATTACHMENT|test-results/rbac-comprehensive-🎨-UI-C-60cb7-vigation-Menu-Based-on-Role-chromium/error-context.md]]
]]>
</system-out>
</testcase>
<testcase name="🎨 UI Component Visibility Tests › Action Buttons Based on Permissions" classname="rbac-comprehensive.spec.ts" time="44.739">
<failure message="rbac-comprehensive.spec.ts:539:7 Action Buttons Based on Permissions" type="FAILURE">
<![CDATA[  [chromium] › rbac-comprehensive.spec.ts:539:7 › 🎨 UI Component Visibility Tests › Action Buttons Based on Permissions 

    Error: expect(page).toHaveURL(expected) failed

    Expected pattern: /\/dashboard/
    Received string:  "https://wedding-lk.vercel.app/login"
    Timeout: 30000ms

    Call log:
      - Expect "toHaveURL" with timeout 30000ms
        33 × unexpected value "https://wedding-lk.vercel.app/login"


      53 |   await page.fill('input[name="password"]', user.password);
      54 |   await page.click('button[type="submit"]');
    > 55 |   await expect(page).toHaveURL(/\/dashboard/);
         |                      ^
      56 | }
      57 |
      58 | // Helper function to test navigation access
        at loginAsRole (/Users/asithalakmal/Documents/web/final project/WeddingLK-next copy/tests/e2e/rbac-comprehensive.spec.ts:55:22)
        at /Users/asithalakmal/Documents/web/final project/WeddingLK-next copy/tests/e2e/rbac-comprehensive.spec.ts:541:5

    attachment #1: screenshot (image/png) ──────────────────────────────────────────────────────────
    ../../test-results/rbac-comprehensive-🎨-UI-C-06271-uttons-Based-on-Permissions-chromium/test-failed-1.png
    ────────────────────────────────────────────────────────────────────────────────────────────────

    attachment #2: video (video/webm) ──────────────────────────────────────────────────────────────
    ../../test-results/rbac-comprehensive-🎨-UI-C-06271-uttons-Based-on-Permissions-chromium/video.webm
    ────────────────────────────────────────────────────────────────────────────────────────────────

    Error Context: ../../test-results/rbac-comprehensive-🎨-UI-C-06271-uttons-Based-on-Permissions-chromium/error-context.md
]]>
</failure>
<system-out>
<![CDATA[
[[ATTACHMENT|test-results/rbac-comprehensive-🎨-UI-C-06271-uttons-Based-on-Permissions-chromium/test-failed-1.png]]

[[ATTACHMENT|test-results/rbac-comprehensive-🎨-UI-C-06271-uttons-Based-on-Permissions-chromium/video.webm]]

[[ATTACHMENT|test-results/rbac-comprehensive-🎨-UI-C-06271-uttons-Based-on-Permissions-chromium/error-context.md]]
]]>
</system-out>
</testcase>
<testcase name="🔄 Role Switching and Session Management › Role-Based Session Persistence" classname="rbac-comprehensive.spec.ts" time="44.533">
<failure message="rbac-comprehensive.spec.ts:558:7 Role-Based Session Persistence" type="FAILURE">
<![CDATA[  [chromium] › rbac-comprehensive.spec.ts:558:7 › 🔄 Role Switching and Session Management › Role-Based Session Persistence 

    Error: expect(page).toHaveURL(expected) failed

    Expected pattern: /\/dashboard/
    Received string:  "https://wedding-lk.vercel.app/login"
    Timeout: 30000ms

    Call log:
      - Expect "toHaveURL" with timeout 30000ms
        33 × unexpected value "https://wedding-lk.vercel.app/login"


      53 |   await page.fill('input[name="password"]', user.password);
      54 |   await page.click('button[type="submit"]');
    > 55 |   await expect(page).toHaveURL(/\/dashboard/);
         |                      ^
      56 | }
      57 |
      58 | // Helper function to test navigation access
        at loginAsRole (/Users/asithalakmal/Documents/web/final project/WeddingLK-next copy/tests/e2e/rbac-comprehensive.spec.ts:55:22)
        at /Users/asithalakmal/Documents/web/final project/WeddingLK-next copy/tests/e2e/rbac-comprehensive.spec.ts:560:5

    attachment #1: screenshot (image/png) ──────────────────────────────────────────────────────────
    ../../test-results/rbac-comprehensive-🔄-Role-ddb92-e-Based-Session-Persistence-chromium/test-failed-1.png
    ────────────────────────────────────────────────────────────────────────────────────────────────

    attachment #2: video (video/webm) ──────────────────────────────────────────────────────────────
    ../../test-results/rbac-comprehensive-🔄-Role-ddb92-e-Based-Session-Persistence-chromium/video.webm
    ────────────────────────────────────────────────────────────────────────────────────────────────

    Error Context: ../../test-results/rbac-comprehensive-🔄-Role-ddb92-e-Based-Session-Persistence-chromium/error-context.md
]]>
</failure>
<system-out>
<![CDATA[
[[ATTACHMENT|test-results/rbac-comprehensive-🔄-Role-ddb92-e-Based-Session-Persistence-chromium/test-failed-1.png]]

[[ATTACHMENT|test-results/rbac-comprehensive-🔄-Role-ddb92-e-Based-Session-Persistence-chromium/video.webm]]

[[ATTACHMENT|test-results/rbac-comprehensive-🔄-Role-ddb92-e-Based-Session-Persistence-chromium/error-context.md]]
]]>
</system-out>
</testcase>
<testcase name="🔄 Role Switching and Session Management › Role-Based Data Filtering" classname="rbac-comprehensive.spec.ts" time="40.37">
<failure message="rbac-comprehensive.spec.ts:575:7 Role-Based Data Filtering" type="FAILURE">
<![CDATA[  [chromium] › rbac-comprehensive.spec.ts:575:7 › 🔄 Role Switching and Session Management › Role-Based Data Filtering 

    Error: expect(page).toHaveURL(expected) failed

    Expected pattern: /\/dashboard/
    Received string:  "https://wedding-lk.vercel.app/login"
    Timeout: 30000ms

    Call log:
      - Expect "toHaveURL" with timeout 30000ms
        33 × unexpected value "https://wedding-lk.vercel.app/login"


      53 |   await page.fill('input[name="password"]', user.password);
      54 |   await page.click('button[type="submit"]');
    > 55 |   await expect(page).toHaveURL(/\/dashboard/);
         |                      ^
      56 | }
      57 |
      58 | // Helper function to test navigation access
        at loginAsRole (/Users/asithalakmal/Documents/web/final project/WeddingLK-next copy/tests/e2e/rbac-comprehensive.spec.ts:55:22)
        at /Users/asithalakmal/Documents/web/final project/WeddingLK-next copy/tests/e2e/rbac-comprehensive.spec.ts:577:5

    attachment #1: screenshot (image/png) ──────────────────────────────────────────────────────────
    ../../test-results/rbac-comprehensive-🔄-Role-b4167-t-Role-Based-Data-Filtering-chromium/test-failed-1.png
    ────────────────────────────────────────────────────────────────────────────────────────────────

    attachment #2: video (video/webm) ──────────────────────────────────────────────────────────────
    ../../test-results/rbac-comprehensive-🔄-Role-b4167-t-Role-Based-Data-Filtering-chromium/video.webm
    ────────────────────────────────────────────────────────────────────────────────────────────────

    Error Context: ../../test-results/rbac-comprehensive-🔄-Role-b4167-t-Role-Based-Data-Filtering-chromium/error-context.md
]]>
</failure>
<system-out>
<![CDATA[
[[ATTACHMENT|test-results/rbac-comprehensive-🔄-Role-b4167-t-Role-Based-Data-Filtering-chromium/test-failed-1.png]]

[[ATTACHMENT|test-results/rbac-comprehensive-🔄-Role-b4167-t-Role-Based-Data-Filtering-chromium/video.webm]]

[[ATTACHMENT|test-results/rbac-comprehensive-🔄-Role-b4167-t-Role-Based-Data-Filtering-chromium/error-context.md]]
]]>
</system-out>
</testcase>
<testcase name="🚨 Security and Error Handling › Unauthorized Access Attempts" classname="rbac-comprehensive.spec.ts" time="47.609">
<failure message="rbac-comprehensive.spec.ts:589:7 Unauthorized Access Attempts" type="FAILURE">
<![CDATA[  [chromium] › rbac-comprehensive.spec.ts:589:7 › 🚨 Security and Error Handling › Unauthorized Access Attempts 

    Error: expect(page).toHaveURL(expected) failed

    Expected pattern: /\/auth\/signin/
    Received string:  "https://wedding-lk.vercel.app/dashboard/admin/users"
    Timeout: 30000ms

    Call log:
      - Expect "toHaveURL" with timeout 30000ms
        33 × unexpected value "https://wedding-lk.vercel.app/dashboard/admin/users"


      590 |     // Test direct URL access without authentication
      591 |     await page.goto('/dashboard/admin/users');
    > 592 |     await expect(page).toHaveURL(/\/auth\/signin/);
          |                        ^
      593 |     
      594 |     // Test role escalation attempts
      595 |     await loginAsRole(page, 'user');
        at /Users/asithalakmal/Documents/web/final project/WeddingLK-next copy/tests/e2e/rbac-comprehensive.spec.ts:592:24

    attachment #1: screenshot (image/png) ──────────────────────────────────────────────────────────
    ../../test-results/rbac-comprehensive-🚨-Secu-f1efc-nauthorized-Access-Attempts-chromium/test-failed-1.png
    ────────────────────────────────────────────────────────────────────────────────────────────────

    attachment #2: video (video/webm) ──────────────────────────────────────────────────────────────
    ../../test-results/rbac-comprehensive-🚨-Secu-f1efc-nauthorized-Access-Attempts-chromium/video.webm
    ────────────────────────────────────────────────────────────────────────────────────────────────

    Error Context: ../../test-results/rbac-comprehensive-🚨-Secu-f1efc-nauthorized-Access-Attempts-chromium/error-context.md
]]>
</failure>
<system-out>
<![CDATA[
[[ATTACHMENT|test-results/rbac-comprehensive-🚨-Secu-f1efc-nauthorized-Access-Attempts-chromium/test-failed-1.png]]

[[ATTACHMENT|test-results/rbac-comprehensive-🚨-Secu-f1efc-nauthorized-Access-Attempts-chromium/video.webm]]

[[ATTACHMENT|test-results/rbac-comprehensive-🚨-Secu-f1efc-nauthorized-Access-Attempts-chromium/error-context.md]]
]]>
</system-out>
</testcase>
<testcase name="🚨 Security and Error Handling › Permission Denied Handling" classname="rbac-comprehensive.spec.ts" time="41.176">
<failure message="rbac-comprehensive.spec.ts:600:7 Permission Denied Handling" type="FAILURE">
<![CDATA[  [chromium] › rbac-comprehensive.spec.ts:600:7 › 🚨 Security and Error Handling › Permission Denied Handling 

    Error: expect(page).toHaveURL(expected) failed

    Expected pattern: /\/dashboard/
    Received string:  "https://wedding-lk.vercel.app/login"
    Timeout: 30000ms

    Call log:
      - Expect "toHaveURL" with timeout 30000ms
        33 × unexpected value "https://wedding-lk.vercel.app/login"


      53 |   await page.fill('input[name="password"]', user.password);
      54 |   await page.click('button[type="submit"]');
    > 55 |   await expect(page).toHaveURL(/\/dashboard/);
         |                      ^
      56 | }
      57 |
      58 | // Helper function to test navigation access
        at loginAsRole (/Users/asithalakmal/Documents/web/final project/WeddingLK-next copy/tests/e2e/rbac-comprehensive.spec.ts:55:22)
        at /Users/asithalakmal/Documents/web/final project/WeddingLK-next copy/tests/e2e/rbac-comprehensive.spec.ts:602:5

    attachment #1: screenshot (image/png) ──────────────────────────────────────────────────────────
    ../../test-results/rbac-comprehensive-🚨-Secu-133ab--Permission-Denied-Handling-chromium/test-failed-1.png
    ────────────────────────────────────────────────────────────────────────────────────────────────

    attachment #2: video (video/webm) ──────────────────────────────────────────────────────────────
    ../../test-results/rbac-comprehensive-🚨-Secu-133ab--Permission-Denied-Handling-chromium/video.webm
    ────────────────────────────────────────────────────────────────────────────────────────────────

    Error Context: ../../test-results/rbac-comprehensive-🚨-Secu-133ab--Permission-Denied-Handling-chromium/error-context.md
]]>
</failure>
<system-out>
<![CDATA[
[[ATTACHMENT|test-results/rbac-comprehensive-🚨-Secu-133ab--Permission-Denied-Handling-chromium/test-failed-1.png]]

[[ATTACHMENT|test-results/rbac-comprehensive-🚨-Secu-133ab--Permission-Denied-Handling-chromium/video.webm]]

[[ATTACHMENT|test-results/rbac-comprehensive-🚨-Secu-133ab--Permission-Denied-Handling-chromium/error-context.md]]
]]>
</system-out>
</testcase>
<testcase name="📊 Analytics and Reporting RBAC › Role-Based Analytics Access" classname="rbac-comprehensive.spec.ts" time="44.349">
<failure message="rbac-comprehensive.spec.ts:615:7 Role-Based Analytics Access" type="FAILURE">
<![CDATA[  [chromium] › rbac-comprehensive.spec.ts:615:7 › 📊 Analytics and Reporting RBAC › Role-Based Analytics Access 

    Error: expect(page).toHaveURL(expected) failed

    Expected pattern: /\/dashboard/
    Received string:  "https://wedding-lk.vercel.app/login"
    Timeout: 30000ms

    Call log:
      - Expect "toHaveURL" with timeout 30000ms
        33 × unexpected value "https://wedding-lk.vercel.app/login"


      53 |   await page.fill('input[name="password"]', user.password);
      54 |   await page.click('button[type="submit"]');
    > 55 |   await expect(page).toHaveURL(/\/dashboard/);
         |                      ^
      56 | }
      57 |
      58 | // Helper function to test navigation access
        at loginAsRole (/Users/asithalakmal/Documents/web/final project/WeddingLK-next copy/tests/e2e/rbac-comprehensive.spec.ts:55:22)
        at /Users/asithalakmal/Documents/web/final project/WeddingLK-next copy/tests/e2e/rbac-comprehensive.spec.ts:617:5

    attachment #1: screenshot (image/png) ──────────────────────────────────────────────────────────
    ../../test-results/rbac-comprehensive-📊-Anal-803d8-Role-Based-Analytics-Access-chromium/test-failed-1.png
    ────────────────────────────────────────────────────────────────────────────────────────────────

    attachment #2: video (video/webm) ──────────────────────────────────────────────────────────────
    ../../test-results/rbac-comprehensive-📊-Anal-803d8-Role-Based-Analytics-Access-chromium/video.webm
    ────────────────────────────────────────────────────────────────────────────────────────────────

    Error Context: ../../test-results/rbac-comprehensive-📊-Anal-803d8-Role-Based-Analytics-Access-chromium/error-context.md
]]>
</failure>
<system-out>
<![CDATA[
[[ATTACHMENT|test-results/rbac-comprehensive-📊-Anal-803d8-Role-Based-Analytics-Access-chromium/test-failed-1.png]]

[[ATTACHMENT|test-results/rbac-comprehensive-📊-Anal-803d8-Role-Based-Analytics-Access-chromium/video.webm]]

[[ATTACHMENT|test-results/rbac-comprehensive-📊-Anal-803d8-Role-Based-Analytics-Access-chromium/error-context.md]]
]]>
</system-out>
</testcase>
<testcase name="📊 Analytics and Reporting RBAC › Data Visibility Based on Role" classname="rbac-comprehensive.spec.ts" time="46.642">
<failure message="rbac-comprehensive.spec.ts:635:7 Data Visibility Based on Role" type="FAILURE">
<![CDATA[  [chromium] › rbac-comprehensive.spec.ts:635:7 › 📊 Analytics and Reporting RBAC › Data Visibility Based on Role 

    Error: expect(page).toHaveURL(expected) failed

    Expected pattern: /\/dashboard/
    Received string:  "https://wedding-lk.vercel.app/login"
    Timeout: 30000ms

    Call log:
      - Expect "toHaveURL" with timeout 30000ms
        33 × unexpected value "https://wedding-lk.vercel.app/login"


      53 |   await page.fill('input[name="password"]', user.password);
      54 |   await page.click('button[type="submit"]');
    > 55 |   await expect(page).toHaveURL(/\/dashboard/);
         |                      ^
      56 | }
      57 |
      58 | // Helper function to test navigation access
        at loginAsRole (/Users/asithalakmal/Documents/web/final project/WeddingLK-next copy/tests/e2e/rbac-comprehensive.spec.ts:55:22)
        at /Users/asithalakmal/Documents/web/final project/WeddingLK-next copy/tests/e2e/rbac-comprehensive.spec.ts:637:5

    attachment #1: screenshot (image/png) ──────────────────────────────────────────────────────────
    ../../test-results/rbac-comprehensive-📊-Anal-f385e-ta-Visibility-Based-on-Role-chromium/test-failed-1.png
    ────────────────────────────────────────────────────────────────────────────────────────────────

    attachment #2: video (video/webm) ──────────────────────────────────────────────────────────────
    ../../test-results/rbac-comprehensive-📊-Anal-f385e-ta-Visibility-Based-on-Role-chromium/video.webm
    ────────────────────────────────────────────────────────────────────────────────────────────────

    Error Context: ../../test-results/rbac-comprehensive-📊-Anal-f385e-ta-Visibility-Based-on-Role-chromium/error-context.md
]]>
</failure>
<system-out>
<![CDATA[
[[ATTACHMENT|test-results/rbac-comprehensive-📊-Anal-f385e-ta-Visibility-Based-on-Role-chromium/test-failed-1.png]]

[[ATTACHMENT|test-results/rbac-comprehensive-📊-Anal-f385e-ta-Visibility-Based-on-Role-chromium/video.webm]]

[[ATTACHMENT|test-results/rbac-comprehensive-📊-Anal-f385e-ta-Visibility-Based-on-Role-chromium/error-context.md]]
]]>
</system-out>
</testcase>
</testsuite>
<testsuite name="realistic-live-deployment.spec.ts" timestamp="2025-10-24T06:04:58.917Z" hostname="chromium" tests="14" failures="2" skipped="0" time="325.603" errors="0">
<testcase name="🚀 REALISTIC LIVE DEPLOYMENT TESTING › 🏠 HOMEPAGE - Realistic Frontend Testing" classname="realistic-live-deployment.spec.ts" time="18.459">
<system-out>
<![CDATA[🏠 Testing Homepage Components...
✅ Homepage testing completed successfully
]]>
</system-out>
</testcase>
<testcase name="🚀 REALISTIC LIVE DEPLOYMENT TESTING › 🔐 AUTHENTICATION - Realistic Auth Flow Testing" classname="realistic-live-deployment.spec.ts" time="12.517">
<system-out>
<![CDATA[🔐 Testing Authentication System...
ℹ️ Login page structure different than expected
ℹ️ Registration page structure different than expected
✅ Authentication testing completed
]]>
</system-out>
</testcase>
<testcase name="🚀 REALISTIC LIVE DEPLOYMENT TESTING › 🏢 VENUES - Realistic Venue Testing" classname="realistic-live-deployment.spec.ts" time="14.096">
<system-out>
<![CDATA[🏢 Testing Venues System...
ℹ️ Venues page structure different than expected
✅ Venues testing completed
]]>
</system-out>
</testcase>
<testcase name="🚀 REALISTIC LIVE DEPLOYMENT TESTING › 🏪 VENDORS - Realistic Vendor Testing" classname="realistic-live-deployment.spec.ts" time="12.042">
<system-out>
<![CDATA[🏪 Testing Vendors System...
ℹ️ Vendors page structure different than expected
✅ Vendors testing completed
]]>
</system-out>
</testcase>
<testcase name="🚀 REALISTIC LIVE DEPLOYMENT TESTING › 📱 FEED - Realistic Social Feed Testing" classname="realistic-live-deployment.spec.ts" time="11.937">
<system-out>
<![CDATA[📱 Testing Social Feed System...
ℹ️ Feed page structure different than expected
✅ Feed testing completed
]]>
</system-out>
</testcase>
<testcase name="🚀 REALISTIC LIVE DEPLOYMENT TESTING › 🖼️ GALLERY - Realistic Gallery Testing" classname="realistic-live-deployment.spec.ts" time="16.45">
<system-out>
<![CDATA[🖼️ Testing Gallery System...
✅ Gallery page found
✅ Found 5 gallery filters
✅ Gallery testing completed
]]>
</system-out>
</testcase>
<testcase name="🚀 REALISTIC LIVE DEPLOYMENT TESTING › 📊 DASHBOARD - Realistic Dashboard Testing" classname="realistic-live-deployment.spec.ts" time="12.589">
<system-out>
<![CDATA[📊 Testing Dashboard System...
✅ Dashboard is accessible
✅ Dashboard testing completed
]]>
</system-out>
</testcase>
<testcase name="🚀 REALISTIC LIVE DEPLOYMENT TESTING › 🔧 API ENDPOINTS - Realistic API Testing" classname="realistic-live-deployment.spec.ts" time="66.805">
<failure message="realistic-live-deployment.spec.ts:273:7 🔧 API ENDPOINTS - Realistic API Testing" type="FAILURE">
<![CDATA[  [chromium] › realistic-live-deployment.spec.ts:273:7 › 🚀 REALISTIC LIVE DEPLOYMENT TESTING › 🔧 API ENDPOINTS - Realistic API Testing 

    Test timeout of 60000ms exceeded.

    attachment #1: screenshot (image/png) ──────────────────────────────────────────────────────────
    ../../test-results/realistic-live-deployment--c664b-NTS---Realistic-API-Testing-chromium/test-failed-1.png
    ────────────────────────────────────────────────────────────────────────────────────────────────

    attachment #2: video (video/webm) ──────────────────────────────────────────────────────────────
    ../../test-results/realistic-live-deployment--c664b-NTS---Realistic-API-Testing-chromium/video.webm
    ────────────────────────────────────────────────────────────────────────────────────────────────

    Error Context: ../../test-results/realistic-live-deployment--c664b-NTS---Realistic-API-Testing-chromium/error-context.md
]]>
</failure>
<system-out>
<![CDATA[🔧 Testing API Endpoints...
❌ /api/health: Error - apiRequestContext.get: Target page, context or browser has been closed
Call log:
[2m  - → GET https://wedding-lk.vercel.app/api/health[22m
[2m    - user-agent: Mozilla/5.0 (Windows NT 10.0; Win64; x64) AppleWebKit/537.36 (KHTML, like Gecko) Chrome/141.0.7390.37 Safari/537.36[22m
[2m    - accept: */*[22m
[2m    - accept-encoding: gzip,deflate,br[22m

❌ /api/venues: Error - apiRequestContext.get: Test timeout of 60000ms exceeded.
❌ /api/vendors: Error - apiRequestContext.get: Test timeout of 60000ms exceeded.
❌ /api/posts: Error - apiRequestContext.get: Test timeout of 60000ms exceeded.
❌ /api/analytics: Error - apiRequestContext.get: Test timeout of 60000ms exceeded.
✅ API endpoints testing completed

[[ATTACHMENT|test-results/realistic-live-deployment--c664b-NTS---Realistic-API-Testing-chromium/test-failed-1.png]]

[[ATTACHMENT|test-results/realistic-live-deployment--c664b-NTS---Realistic-API-Testing-chromium/video.webm]]

[[ATTACHMENT|test-results/realistic-live-deployment--c664b-NTS---Realistic-API-Testing-chromium/error-context.md]]
]]>
</system-out>
</testcase>
<testcase name="🚀 REALISTIC LIVE DEPLOYMENT TESTING › 📱 RESPONSIVE DESIGN - Realistic Mobile Testing" classname="realistic-live-deployment.spec.ts" time="23.146">
<system-out>
<![CDATA[📱 Testing Responsive Design...
✅ Tablet viewport tested
✅ Desktop viewport tested
✅ Responsive design testing completed
]]>
</system-out>
</testcase>
<testcase name="🚀 REALISTIC LIVE DEPLOYMENT TESTING › 🎨 UI COMPONENTS - Realistic Component Testing" classname="realistic-live-deployment.spec.ts" time="13.702">
<system-out>
<![CDATA[🎨 Testing UI Components...
Found 13 buttons
Found 3 input fields
Found 16 links
Found 0 images
✅ UI components testing completed
]]>
</system-out>
</testcase>
<testcase name="🚀 REALISTIC LIVE DEPLOYMENT TESTING › ⚡ PERFORMANCE - Realistic Performance Testing" classname="realistic-live-deployment.spec.ts" time="17.614">
<system-out>
<![CDATA[⚡ Testing Performance...
Page load time: 1385ms
✅ Page loads within acceptable time
✅ Theme toggle responsive
✅ Performance testing completed
]]>
</system-out>
</testcase>
<testcase name="🚀 REALISTIC LIVE DEPLOYMENT TESTING › 🔍 ERROR HANDLING - Realistic Error Testing" classname="realistic-live-deployment.spec.ts" time="12.059">
<system-out>
<![CDATA[🔍 Testing Error Handling...
ℹ️ 404 page behavior different than expected
Invalid API endpoint status: 404
✅ Error handling testing completed
]]>
</system-out>
</testcase>
<testcase name="🚀 REALISTIC LIVE DEPLOYMENT TESTING › 🎯 FINAL INTEGRATION - Realistic System Integration" classname="realistic-live-deployment.spec.ts" time="19.455">
<system-out>
<![CDATA[🎯 Testing Complete System Integration...
Testing section: /venues
Page title: WeddingLK - Sri Lanka's Premier Wedding Planning Platform
Testing section: /vendors
Page title: WeddingLK - Sri Lanka's Premier Wedding Planning Platform
Testing section: /feed
Page title: 404: This page could not be found.
Testing section: /gallery
Page title: WeddingLK - Sri Lanka's Premier Wedding Planning Platform
Testing section: /about
Page title: WeddingLK - Sri Lanka's Premier Wedding Planning Platform
✅ Complete system integration testing completed
]]>
</system-out>
</testcase>
<testcase name="🚀 REALISTIC LIVE DEPLOYMENT TESTING › 📊 LIVE DEPLOYMENT STATUS REPORT" classname="realistic-live-deployment.spec.ts" time="74.732">
<failure message="realistic-live-deployment.spec.ts:463:7 📊 LIVE DEPLOYMENT STATUS REPORT" type="FAILURE">
<![CDATA[  [chromium] › realistic-live-deployment.spec.ts:463:7 › 🚀 REALISTIC LIVE DEPLOYMENT TESTING › 📊 LIVE DEPLOYMENT STATUS REPORT 

    Test timeout of 60000ms exceeded.

    attachment #1: screenshot (image/png) ──────────────────────────────────────────────────────────
    ../../test-results/realistic-live-deployment--2c52c-VE-DEPLOYMENT-STATUS-REPORT-chromium/test-failed-1.png
    ────────────────────────────────────────────────────────────────────────────────────────────────

    attachment #2: video (video/webm) ──────────────────────────────────────────────────────────────
    ../../test-results/realistic-live-deployment--2c52c-VE-DEPLOYMENT-STATUS-REPORT-chromium/video.webm
    ────────────────────────────────────────────────────────────────────────────────────────────────

    Error Context: ../../test-results/realistic-live-deployment--2c52c-VE-DEPLOYMENT-STATUS-REPORT-chromium/error-context.md
]]>
</failure>
<system-out>
<![CDATA[📊 Generating Live Deployment Status Report...
📊 LIVE DEPLOYMENT STATUS REPORT:
{
  "timestamp": "2025-10-24T06:52:46.140Z",
  "baseUrl": "https://wedding-lk.vercel.app",
  "tests": [
    {
      "name": "Homepage",
      "status": "PASS",
      "details": {
        "title": "WeddingLK - Sri Lanka's Premier Wedding Planning Platform",
        "url": "https://wedding-lk.vercel.app/",
        "hasNavigation": true,
        "hasHero": true,
        "hasFooter": true
      }
    },
    {
      "name": "Venues",
      "status": "PASS",
      "details": {
        "title": "WeddingLK - Sri Lanka's Premier Wedding Planning Platform",
        "url": "https://wedding-lk.vercel.app/venues",
        "hasContent": true
      }
    },
    {
      "name": "Vendors",
      "status": "PASS",
      "details": {
        "title": "WeddingLK - Sri Lanka's Premier Wedding Planning Platform",
        "url": "https://wedding-lk.vercel.app/vendors",
        "hasContent": true
      }
    },
    {
      "name": "Feed",
      "status": "PASS",
      "details": {
        "title": "404: This page could not be found.",
        "url": "https://wedding-lk.vercel.app/feed",
        "hasContent": true
      }
    },
    {
      "name": "Gallery",
      "status": "PASS",
      "details": {
        "title": "WeddingLK - Sri Lanka's Premier Wedding Planning Platform",
        "url": "https://wedding-lk.vercel.app/gallery",
        "hasContent": true
      }
    },
    {
      "name": "Dashboard",
      "status": "PASS",
      "details": {
        "title": "WeddingLK - Sri Lanka's Premier Wedding Planning Platform",
        "url": "https://wedding-lk.vercel.app/dashboard",
        "redirected": false
      }
    },
    {
      "name": "API Endpoints",
      "status": "MIXED",
      "details": {
        "/api/health": "ERROR",
        "/api/venues": "ERROR",
        "/api/vendors": "ERROR",
        "/api/posts": "ERROR"
      }
    }
  ]
}
✅ Live deployment status report generated

[[ATTACHMENT|test-results/realistic-live-deployment--2c52c-VE-DEPLOYMENT-STATUS-REPORT-chromium/test-failed-1.png]]

[[ATTACHMENT|test-results/realistic-live-deployment--2c52c-VE-DEPLOYMENT-STATUS-REPORT-chromium/video.webm]]

[[ATTACHMENT|test-results/realistic-live-deployment--2c52c-VE-DEPLOYMENT-STATUS-REPORT-chromium/error-context.md]]
]]>
</system-out>
</testcase>
</testsuite>
<testsuite name="simple.spec.ts" timestamp="2025-10-24T06:04:58.917Z" hostname="chromium" tests="5" failures="3" skipped="0" time="33.154" errors="0">
<testcase name="Simple Production Tests › Homepage loads and has basic content" classname="simple.spec.ts" time="9.293">
<failure message="simple.spec.ts:4:7 Homepage loads and has basic content" type="FAILURE">
<![CDATA[  [chromium] › simple.spec.ts:4:7 › Simple Production Tests › Homepage loads and has basic content ─

    Error: expect(locator).toBeVisible() failed

    Locator: locator('text=Wedding.lk')
    Expected: visible
    Error: strict mode violation: locator('text=Wedding.lk') resolved to 3 elements:
        1) <span class="text-xl font-bold text-gray-900 dark:text-white">Wedding.lk</span> aka getByRole('banner').getByRole('link', { name: 'Wedding.lk' })
        2) <span class="text-xl font-bold text-white">Wedding.lk</span> aka getByRole('main').getByRole('link', { name: 'Wedding.lk' })
        3) <p>© 2024 Wedding.lk. All rights reserved.</p> aka getByText('© 2024 Wedding.lk. All rights')

    Call log:
      - Expect "toBeVisible" with timeout 30000ms
      - waiting for locator('text=Wedding.lk')


      12 |     
      13 |     // Check that the Wedding.lk logo is visible somewhere on the page
    > 14 |     await expect(page.locator('text=Wedding.lk')).toBeVisible();
         |                                                   ^
      15 |   });
      16 |
      17 |   test('Page has navigation elements', async ({ page }) => {
        at /Users/asithalakmal/Documents/web/final project/WeddingLK-next copy/tests/e2e/simple.spec.ts:14:51

    attachment #1: screenshot (image/png) ──────────────────────────────────────────────────────────
    ../../test-results/simple-Simple-Production-T-a7c1e-loads-and-has-basic-content-chromium/test-failed-1.png
    ────────────────────────────────────────────────────────────────────────────────────────────────

    attachment #2: video (video/webm) ──────────────────────────────────────────────────────────────
    ../../test-results/simple-Simple-Production-T-a7c1e-loads-and-has-basic-content-chromium/video.webm
    ────────────────────────────────────────────────────────────────────────────────────────────────

    Error Context: ../../test-results/simple-Simple-Production-T-a7c1e-loads-and-has-basic-content-chromium/error-context.md
]]>
</failure>
<system-out>
<![CDATA[
[[ATTACHMENT|test-results/simple-Simple-Production-T-a7c1e-loads-and-has-basic-content-chromium/test-failed-1.png]]

[[ATTACHMENT|test-results/simple-Simple-Production-T-a7c1e-loads-and-has-basic-content-chromium/video.webm]]

[[ATTACHMENT|test-results/simple-Simple-Production-T-a7c1e-loads-and-has-basic-content-chromium/error-context.md]]
]]>
</system-out>
</testcase>
<testcase name="Simple Production Tests › Page has navigation elements" classname="simple.spec.ts" time="7.18">
<failure message="simple.spec.ts:17:7 Page has navigation elements" type="FAILURE">
<![CDATA[  [chromium] › simple.spec.ts:17:7 › Simple Production Tests › Page has navigation elements ────────

    Error: expect(locator).toBeVisible() failed

    Locator: locator('a[href="/venues"]')
    Expected: visible
    Error: strict mode violation: locator('a[href="/venues"]') resolved to 2 elements:
        1) <a href="/venues" class="text-gray-700 hover:text-rose-500 dark:text-gray-300 dark:hover:text-rose-400 font-medium transition-colors">Venues</a> aka getByRole('navigation').getByRole('link', { name: 'Venues' })
        2) <a href="/venues" class="hover:text-white transition-colors">Venues</a> aka getByRole('main').getByRole('link', { name: 'Venues' })

    Call log:
      - Expect "toBeVisible" with timeout 30000ms
      - waiting for locator('a[href="/venues"]')


      19 |     
      20 |     // Check that navigation elements exist (may be in different locations)
    > 21 |     await expect(page.locator('a[href="/venues"]')).toBeVisible();
         |                                                     ^
      22 |     await expect(page.locator('a[href="/gallery"]')).toBeVisible();
      23 |   });
      24 |
        at /Users/asithalakmal/Documents/web/final project/WeddingLK-next copy/tests/e2e/simple.spec.ts:21:53

    attachment #1: screenshot (image/png) ──────────────────────────────────────────────────────────
    ../../test-results/simple-Simple-Production-Tests-Page-has-navigation-elements-chromium/test-failed-1.png
    ────────────────────────────────────────────────────────────────────────────────────────────────

    attachment #2: video (video/webm) ──────────────────────────────────────────────────────────────
    ../../test-results/simple-Simple-Production-Tests-Page-has-navigation-elements-chromium/video.webm
    ────────────────────────────────────────────────────────────────────────────────────────────────

    Error Context: ../../test-results/simple-Simple-Production-Tests-Page-has-navigation-elements-chromium/error-context.md
]]>
</failure>
<system-out>
<![CDATA[
[[ATTACHMENT|test-results/simple-Simple-Production-Tests-Page-has-navigation-elements-chromium/test-failed-1.png]]

[[ATTACHMENT|test-results/simple-Simple-Production-Tests-Page-has-navigation-elements-chromium/video.webm]]

[[ATTACHMENT|test-results/simple-Simple-Production-Tests-Page-has-navigation-elements-chromium/error-context.md]]
]]>
</system-out>
</testcase>
<testcase name="Simple Production Tests › Page has footer content" classname="simple.spec.ts" time="4.946">
<failure message="simple.spec.ts:25:7 Page has footer content" type="FAILURE">
<![CDATA[  [chromium] › simple.spec.ts:25:7 › Simple Production Tests › Page has footer content ─────────────

    Error: expect(locator).toBeVisible() failed

    Locator: locator('text=Wedding.lk')
    Expected: visible
    Error: strict mode violation: locator('text=Wedding.lk') resolved to 3 elements:
        1) <span class="text-xl font-bold text-gray-900 dark:text-white">Wedding.lk</span> aka getByRole('banner').getByRole('link', { name: 'Wedding.lk' })
        2) <span class="text-xl font-bold text-white">Wedding.lk</span> aka getByRole('main').getByRole('link', { name: 'Wedding.lk' })
        3) <p>© 2024 Wedding.lk. All rights reserved.</p> aka getByText('© 2024 Wedding.lk. All rights')

    Call log:
      - Expect "toBeVisible" with timeout 30000ms
      - waiting for locator('text=Wedding.lk')


      30 |     
      31 |     // Check that footer content exists
    > 32 |     await expect(page.locator('text=Wedding.lk')).toBeVisible();
         |                                                   ^
      33 |     await expect(page.locator('text=2024')).toBeVisible();
      34 |   });
      35 |
        at /Users/asithalakmal/Documents/web/final project/WeddingLK-next copy/tests/e2e/simple.spec.ts:32:51

    attachment #1: screenshot (image/png) ──────────────────────────────────────────────────────────
    ../../test-results/simple-Simple-Production-Tests-Page-has-footer-content-chromium/test-failed-1.png
    ────────────────────────────────────────────────────────────────────────────────────────────────

    attachment #2: video (video/webm) ──────────────────────────────────────────────────────────────
    ../../test-results/simple-Simple-Production-Tests-Page-has-footer-content-chromium/video.webm
    ────────────────────────────────────────────────────────────────────────────────────────────────

    Error Context: ../../test-results/simple-Simple-Production-Tests-Page-has-footer-content-chromium/error-context.md
]]>
</failure>
<system-out>
<![CDATA[
[[ATTACHMENT|test-results/simple-Simple-Production-Tests-Page-has-footer-content-chromium/test-failed-1.png]]

[[ATTACHMENT|test-results/simple-Simple-Production-Tests-Page-has-footer-content-chromium/video.webm]]

[[ATTACHMENT|test-results/simple-Simple-Production-Tests-Page-has-footer-content-chromium/error-context.md]]
]]>
</system-out>
</testcase>
<testcase name="Simple Production Tests › Page is responsive" classname="simple.spec.ts" time="8.557">
</testcase>
<testcase name="Simple Production Tests › Page has correct metadata" classname="simple.spec.ts" time="3.178">
</testcase>
</testsuite>
<testsuite name="user-journey.spec.ts" timestamp="2025-10-24T06:04:58.917Z" hostname="chromium" tests="6" failures="6" skipped="0" time="289.301" errors="0">
<testcase name="💑 Complete Couple Wedding Planning Journey › End-to-End Wedding Planning Journey" classname="user-journey.spec.ts" time="37.574">
<failure message="user-journey.spec.ts:43:7 End-to-End Wedding Planning Journey" type="FAILURE">
<![CDATA[  [chromium] › user-journey.spec.ts:43:7 › 💑 Complete Couple Wedding Planning Journey › End-to-End Wedding Planning Journey 

    Error: expect(locator).toBeVisible() failed

    Locator: locator('text=Registration successful')
    Expected: visible
    Timeout: 30000ms
    Error: element(s) not found

    Call log:
      - Expect "toBeVisible" with timeout 30000ms
      - waiting for locator('text=Registration successful')


      51 |     
      52 |     // Verify registration success
    > 53 |     await expect(page.locator('text=Registration successful')).toBeVisible();
         |                                                                ^
      54 |     
      55 |     // Step 2: Email Verification (simulated)
      56 |     await page.goto('/auth/verify-email');
        at /Users/asithalakmal/Documents/web/final project/WeddingLK-next copy/tests/e2e/user-journey.spec.ts:53:64

    attachment #1: screenshot (image/png) ──────────────────────────────────────────────────────────
    ../../test-results/user-journey-💑-Complete-C-f3f75-nd-Wedding-Planning-Journey-chromium/test-failed-1.png
    ────────────────────────────────────────────────────────────────────────────────────────────────

    attachment #2: video (video/webm) ──────────────────────────────────────────────────────────────
    ../../test-results/user-journey-💑-Complete-C-f3f75-nd-Wedding-Planning-Journey-chromium/video.webm
    ────────────────────────────────────────────────────────────────────────────────────────────────

    Error Context: ../../test-results/user-journey-💑-Complete-C-f3f75-nd-Wedding-Planning-Journey-chromium/error-context.md
]]>
</failure>
<system-out>
<![CDATA[
[[ATTACHMENT|test-results/user-journey-💑-Complete-C-f3f75-nd-Wedding-Planning-Journey-chromium/test-failed-1.png]]

[[ATTACHMENT|test-results/user-journey-💑-Complete-C-f3f75-nd-Wedding-Planning-Journey-chromium/video.webm]]

[[ATTACHMENT|test-results/user-journey-💑-Complete-C-f3f75-nd-Wedding-Planning-Journey-chromium/error-context.md]]
]]>
</system-out>
</testcase>
<testcase name="📸 Vendor Business Journey › Complete Vendor Onboarding and Management Journey" classname="user-journey.spec.ts" time="63.006">
<failure message="user-journey.spec.ts:186:7 Complete Vendor Onboarding and Management Journey" type="FAILURE">
<![CDATA[  [chromium] › user-journey.spec.ts:186:7 › 📸 Vendor Business Journey › Complete Vendor Onboarding and Management Journey 

    TimeoutError: page.fill: Timeout 60000ms exceeded.
    Call log:
      - waiting for locator('input[name="businessName"]')


      187 |     // Step 1: Vendor Registration
      188 |     await page.goto('/vendor/register');
    > 189 |     await page.fill('input[name="businessName"]', journeyData.photographer.businessName);
          |                ^
      190 |     await page.fill('input[name="email"]', journeyData.photographer.email);
      191 |     await page.fill('input[name="password"]', journeyData.photographer.password);
      192 |     await page.fill('input[name="phone"]', journeyData.photographer.phone);
        at /Users/asithalakmal/Documents/web/final project/WeddingLK-next copy/tests/e2e/user-journey.spec.ts:189:16

    attachment #1: screenshot (image/png) ──────────────────────────────────────────────────────────
    ../../test-results/user-journey-📸-Vendor-Bus-f59b2-ding-and-Management-Journey-chromium/test-failed-1.png
    ────────────────────────────────────────────────────────────────────────────────────────────────

    attachment #2: video (video/webm) ──────────────────────────────────────────────────────────────
    ../../test-results/user-journey-📸-Vendor-Bus-f59b2-ding-and-Management-Journey-chromium/video.webm
    ────────────────────────────────────────────────────────────────────────────────────────────────

    Error Context: ../../test-results/user-journey-📸-Vendor-Bus-f59b2-ding-and-Management-Journey-chromium/error-context.md
]]>
</failure>
<system-out>
<![CDATA[
[[ATTACHMENT|test-results/user-journey-📸-Vendor-Bus-f59b2-ding-and-Management-Journey-chromium/test-failed-1.png]]

[[ATTACHMENT|test-results/user-journey-📸-Vendor-Bus-f59b2-ding-and-Management-Journey-chromium/video.webm]]

[[ATTACHMENT|test-results/user-journey-📸-Vendor-Bus-f59b2-ding-and-Management-Journey-chromium/error-context.md]]
]]>
</system-out>
</testcase>
<testcase name="👰 Wedding Planner Professional Journey › Complete Wedding Planner Workflow" classname="user-journey.spec.ts" time="67.32">
<failure message="user-journey.spec.ts:308:7 Complete Wedding Planner Workflow" type="FAILURE">
<![CDATA[  [chromium] › user-journey.spec.ts:308:7 › 👰 Wedding Planner Professional Journey › Complete Wedding Planner Workflow 

    TimeoutError: page.selectOption: Timeout 60000ms exceeded.
    Call log:
      - waiting for locator('select[name="role"]')


      313 |     await page.fill('input[name="password"]', 'PlannerPass123!');
      314 |     await page.fill('input[name="confirmPassword"]', 'PlannerPass123!');
    > 315 |     await page.selectOption('select[name="role"]', 'wedding_planner');
          |                ^
      316 |     await page.click('button[type="submit"]');
      317 |     
      318 |     await expect(page.locator('text=Registration successful')).toBeVisible();
        at /Users/asithalakmal/Documents/web/final project/WeddingLK-next copy/tests/e2e/user-journey.spec.ts:315:16

    attachment #1: screenshot (image/png) ──────────────────────────────────────────────────────────
    ../../test-results/user-journey-👰-Wedding-Pl-e1fa7-te-Wedding-Planner-Workflow-chromium/test-failed-1.png
    ────────────────────────────────────────────────────────────────────────────────────────────────

    attachment #2: video (video/webm) ──────────────────────────────────────────────────────────────
    ../../test-results/user-journey-👰-Wedding-Pl-e1fa7-te-Wedding-Planner-Workflow-chromium/video.webm
    ────────────────────────────────────────────────────────────────────────────────────────────────

    Error Context: ../../test-results/user-journey-👰-Wedding-Pl-e1fa7-te-Wedding-Planner-Workflow-chromium/error-context.md
]]>
</failure>
<system-out>
<![CDATA[
[[ATTACHMENT|test-results/user-journey-👰-Wedding-Pl-e1fa7-te-Wedding-Planner-Workflow-chromium/test-failed-1.png]]

[[ATTACHMENT|test-results/user-journey-👰-Wedding-Pl-e1fa7-te-Wedding-Planner-Workflow-chromium/video.webm]]

[[ATTACHMENT|test-results/user-journey-👰-Wedding-Pl-e1fa7-te-Wedding-Planner-Workflow-chromium/error-context.md]]
]]>
</system-out>
</testcase>
<testcase name="👑 Admin Platform Management Journey › Complete Admin Platform Management" classname="user-journey.spec.ts" time="42.934">
<failure message="user-journey.spec.ts:442:7 Complete Admin Platform Management" type="FAILURE">
<![CDATA[  [chromium] › user-journey.spec.ts:442:7 › 👑 Admin Platform Management Journey › Complete Admin Platform Management 

    Error: expect(page).toHaveURL(expected) failed

    Expected pattern: /\/dashboard/
    Received string:  "https://wedding-lk.vercel.app/login"
    Timeout: 30000ms

    Call log:
      - Expect "toHaveURL" with timeout 30000ms
        33 × unexpected value "https://wedding-lk.vercel.app/login"


      446 |     await page.fill('input[name="password"]', 'AdminPass123!');
      447 |     await page.click('button[type="submit"]');
    > 448 |     await expect(page).toHaveURL(/\/dashboard/);
          |                        ^
      449 |     
      450 |     // Step 2: Admin Dashboard Overview
      451 |     await page.goto('/dashboard/admin');
        at /Users/asithalakmal/Documents/web/final project/WeddingLK-next copy/tests/e2e/user-journey.spec.ts:448:24

    attachment #1: screenshot (image/png) ──────────────────────────────────────────────────────────
    ../../test-results/user-journey-👑-Admin-Plat-9a1c7-e-Admin-Platform-Management-chromium/test-failed-1.png
    ────────────────────────────────────────────────────────────────────────────────────────────────

    attachment #2: video (video/webm) ──────────────────────────────────────────────────────────────
    ../../test-results/user-journey-👑-Admin-Plat-9a1c7-e-Admin-Platform-Management-chromium/video.webm
    ────────────────────────────────────────────────────────────────────────────────────────────────

    Error Context: ../../test-results/user-journey-👑-Admin-Plat-9a1c7-e-Admin-Platform-Management-chromium/error-context.md
]]>
</failure>
<system-out>
<![CDATA[
[[ATTACHMENT|test-results/user-journey-👑-Admin-Plat-9a1c7-e-Admin-Platform-Management-chromium/test-failed-1.png]]

[[ATTACHMENT|test-results/user-journey-👑-Admin-Plat-9a1c7-e-Admin-Platform-Management-chromium/video.webm]]

[[ATTACHMENT|test-results/user-journey-👑-Admin-Plat-9a1c7-e-Admin-Platform-Management-chromium/error-context.md]]
]]>
</system-out>
</testcase>
<testcase name="🔄 Cross-Platform Integration Journey › Mobile and Web Integration" classname="user-journey.spec.ts" time="45.624">
<failure message="user-journey.spec.ts:555:7 Mobile and Web Integration" type="FAILURE">
<![CDATA[  [chromium] › user-journey.spec.ts:555:7 › 🔄 Cross-Platform Integration Journey › Mobile and Web Integration 

    Error: expect(page).toHaveURL(expected) failed

    Expected pattern: /\/dashboard/
    Received string:  "https://wedding-lk.vercel.app/login"
    Timeout: 30000ms

    Call log:
      - Expect "toHaveURL" with timeout 30000ms
        33 × unexpected value "https://wedding-lk.vercel.app/login"


      562 |     await page.fill('input[name="password"]', journeyData.couple.password);
      563 |     await page.click('button[type="submit"]');
    > 564 |     await expect(page).toHaveURL(/\/dashboard/);
          |                        ^
      565 |     
      566 |     // Mobile navigation
      567 |     await page.click('button[data-testid="mobile-menu"]');
        at /Users/asithalakmal/Documents/web/final project/WeddingLK-next copy/tests/e2e/user-journey.spec.ts:564:24

    attachment #1: screenshot (image/png) ──────────────────────────────────────────────────────────
    ../../test-results/user-journey-🔄-Cross-Plat-3bd25--Mobile-and-Web-Integration-chromium/test-failed-1.png
    ────────────────────────────────────────────────────────────────────────────────────────────────

    attachment #2: video (video/webm) ──────────────────────────────────────────────────────────────
    ../../test-results/user-journey-🔄-Cross-Plat-3bd25--Mobile-and-Web-Integration-chromium/video.webm
    ────────────────────────────────────────────────────────────────────────────────────────────────

    Error Context: ../../test-results/user-journey-🔄-Cross-Plat-3bd25--Mobile-and-Web-Integration-chromium/error-context.md
]]>
</failure>
<system-out>
<![CDATA[
[[ATTACHMENT|test-results/user-journey-🔄-Cross-Plat-3bd25--Mobile-and-Web-Integration-chromium/test-failed-1.png]]

[[ATTACHMENT|test-results/user-journey-🔄-Cross-Plat-3bd25--Mobile-and-Web-Integration-chromium/video.webm]]

[[ATTACHMENT|test-results/user-journey-🔄-Cross-Plat-3bd25--Mobile-and-Web-Integration-chromium/error-context.md]]
]]>
</system-out>
</testcase>
<testcase name="🚨 Error Handling and Recovery Journey › Application Error Recovery" classname="user-journey.spec.ts" time="32.843">
<failure message="user-journey.spec.ts:597:7 Application Error Recovery" type="FAILURE">
<![CDATA[  [chromium] › user-journey.spec.ts:597:7 › 🚨 Error Handling and Recovery Journey › Application Error Recovery 

    Error: expect(locator).toBeVisible() failed

    Locator: locator('text=Unable to load venues')
    Expected: visible
    Timeout: 30000ms
    Error: element(s) not found

    Call log:
      - Expect "toBeVisible" with timeout 30000ms
      - waiting for locator('text=Unable to load venues')


      600 |     
      601 |     await page.goto('/venues');
    > 602 |     await expect(page.locator('text=Unable to load venues')).toBeVisible();
          |                                                              ^
      603 |     await expect(page.locator('button:has-text("Retry")')).toBeVisible();
      604 |     
      605 |     // Test retry functionality
        at /Users/asithalakmal/Documents/web/final project/WeddingLK-next copy/tests/e2e/user-journey.spec.ts:602:62

    attachment #1: screenshot (image/png) ──────────────────────────────────────────────────────────
    ../../test-results/user-journey-🚨-Error-Hand-919af--Application-Error-Recovery-chromium/test-failed-1.png
    ────────────────────────────────────────────────────────────────────────────────────────────────

    attachment #2: video (video/webm) ──────────────────────────────────────────────────────────────
    ../../test-results/user-journey-🚨-Error-Hand-919af--Application-Error-Recovery-chromium/video.webm
    ────────────────────────────────────────────────────────────────────────────────────────────────

    Error Context: ../../test-results/user-journey-🚨-Error-Hand-919af--Application-Error-Recovery-chromium/error-context.md
]]>
</failure>
<system-out>
<![CDATA[
[[ATTACHMENT|test-results/user-journey-🚨-Error-Hand-919af--Application-Error-Recovery-chromium/test-failed-1.png]]

[[ATTACHMENT|test-results/user-journey-🚨-Error-Hand-919af--Application-Error-Recovery-chromium/video.webm]]

[[ATTACHMENT|test-results/user-journey-🚨-Error-Hand-919af--Application-Error-Recovery-chromium/error-context.md]]
]]>
</system-out>
</testcase>
</testsuite>
<testsuite name="vendor.spec.ts" timestamp="2025-10-24T06:04:58.917Z" hostname="chromium" tests="5" failures="5" skipped="0" time="297.5" errors="0">
<testcase name="Vendor Management › Vendor registration and onboarding" classname="vendor.spec.ts" time="62.273">
<failure message="vendor.spec.ts:5:7 Vendor registration and onboarding" type="FAILURE">
<![CDATA[  [chromium] › vendor.spec.ts:5:7 › Vendor Management › Vendor registration and onboarding ─────────

    TimeoutError: page.fill: Timeout 60000ms exceeded.
    Call log:
      - waiting for locator('input[name="name"]')


      14 |     // Register as vendor
      15 |     await page.goto('/vendor/register');
    > 16 |     await page.fill('input[name="name"]', vendor.name);
         |                ^
      17 |     await page.fill('input[name="email"]', vendor.email);
      18 |     await page.fill('input[name="businessName"]', vendor.businessName);
      19 |     await page.fill('input[name="phone"]', vendor.phone);
        at /Users/asithalakmal/Documents/web/final project/WeddingLK-next copy/tests/e2e/vendor.spec.ts:16:16

    attachment #1: screenshot (image/png) ──────────────────────────────────────────────────────────
    ../../test-results/vendor-Vendor-Management-Vendor-registration-and-onboarding-chromium/test-failed-1.png
    ────────────────────────────────────────────────────────────────────────────────────────────────

    attachment #2: video (video/webm) ──────────────────────────────────────────────────────────────
    ../../test-results/vendor-Vendor-Management-Vendor-registration-and-onboarding-chromium/video.webm
    ────────────────────────────────────────────────────────────────────────────────────────────────

    Error Context: ../../test-results/vendor-Vendor-Management-Vendor-registration-and-onboarding-chromium/error-context.md
]]>
</failure>
<system-out>
<![CDATA[
[[ATTACHMENT|test-results/vendor-Vendor-Management-Vendor-registration-and-onboarding-chromium/test-failed-1.png]]

[[ATTACHMENT|test-results/vendor-Vendor-Management-Vendor-registration-and-onboarding-chromium/video.webm]]

[[ATTACHMENT|test-results/vendor-Vendor-Management-Vendor-registration-and-onboarding-chromium/error-context.md]]
]]>
</system-out>
</testcase>
<testcase name="Vendor Management › Vendor service creation and portfolio upload" classname="vendor.spec.ts" time="88.389">
<failure message="vendor.spec.ts:39:7 Vendor service creation and portfolio upload" type="FAILURE">
<![CDATA[  [chromium] › vendor.spec.ts:39:7 › Vendor Management › Vendor service creation and portfolio upload 

    TimeoutError: page.click: Timeout 60000ms exceeded.
    Call log:
      - waiting for locator('text=Create Service, [data-testid="create-service"]')


      47 |     // Create service
      48 |     await page.goto('/dashboard/vendor/services');
    > 49 |     await page.click('text=Create Service, [data-testid="create-service"]');
         |                ^
      50 |     
      51 |     await page.fill('input[name="title"]', 'Wedding Photography Premium');
      52 |     await page.fill('textarea[name="description"]', 'Premium wedding photography package with 8 hours coverage, 500+ edited photos, and online gallery');
        at /Users/asithalakmal/Documents/web/final project/WeddingLK-next copy/tests/e2e/vendor.spec.ts:49:16

    attachment #1: screenshot (image/png) ──────────────────────────────────────────────────────────
    ../../test-results/vendor-Vendor-Management-V-1cf6a-eation-and-portfolio-upload-chromium/test-failed-1.png
    ────────────────────────────────────────────────────────────────────────────────────────────────

    attachment #2: video (video/webm) ──────────────────────────────────────────────────────────────
    ../../test-results/vendor-Vendor-Management-V-1cf6a-eation-and-portfolio-upload-chromium/video.webm
    ────────────────────────────────────────────────────────────────────────────────────────────────

    Error Context: ../../test-results/vendor-Vendor-Management-V-1cf6a-eation-and-portfolio-upload-chromium/error-context.md
]]>
</failure>
<system-out>
<![CDATA[
[[ATTACHMENT|test-results/vendor-Vendor-Management-V-1cf6a-eation-and-portfolio-upload-chromium/test-failed-1.png]]

[[ATTACHMENT|test-results/vendor-Vendor-Management-V-1cf6a-eation-and-portfolio-upload-chromium/video.webm]]

[[ATTACHMENT|test-results/vendor-Vendor-Management-V-1cf6a-eation-and-portfolio-upload-chromium/error-context.md]]
]]>
</system-out>
</testcase>
<testcase name="Vendor Management › Vendor booking management" classname="vendor.spec.ts" time="7.256">
<failure message="vendor.spec.ts:67:7 Vendor booking management" type="FAILURE">
<![CDATA[  [chromium] › vendor.spec.ts:67:7 › Vendor Management › Vendor booking management ─────────────────

    Error: expect(received).toBeTruthy()

    Received: false

      89 |       }
      90 |     });
    > 91 |     expect(bookingResponse.ok()).toBeTruthy();
         |                                  ^
      92 |
      93 |     // Go to bookings and manage
      94 |     await page.goto('/dashboard/vendor/bookings');
        at /Users/asithalakmal/Documents/web/final project/WeddingLK-next copy/tests/e2e/vendor.spec.ts:91:34

    attachment #1: screenshot (image/png) ──────────────────────────────────────────────────────────
    ../../test-results/vendor-Vendor-Management-Vendor-booking-management-chromium/test-failed-1.png
    ────────────────────────────────────────────────────────────────────────────────────────────────

    attachment #2: video (video/webm) ──────────────────────────────────────────────────────────────
    ../../test-results/vendor-Vendor-Management-Vendor-booking-management-chromium/video.webm
    ────────────────────────────────────────────────────────────────────────────────────────────────

    Error Context: ../../test-results/vendor-Vendor-Management-Vendor-booking-management-chromium/error-context.md
]]>
</failure>
<system-out>
<![CDATA[
[[ATTACHMENT|test-results/vendor-Vendor-Management-Vendor-booking-management-chromium/test-failed-1.png]]

[[ATTACHMENT|test-results/vendor-Vendor-Management-Vendor-booking-management-chromium/video.webm]]

[[ATTACHMENT|test-results/vendor-Vendor-Management-Vendor-booking-management-chromium/error-context.md]]
]]>
</system-out>
</testcase>
<testcase name="Vendor Management › Vendor profile and portfolio management" classname="vendor.spec.ts" time="85.152">
<failure message="vendor.spec.ts:106:7 Vendor profile and portfolio management" type="FAILURE">
<![CDATA[  [chromium] › vendor.spec.ts:106:7 › Vendor Management › Vendor profile and portfolio management ──

    TimeoutError: page.fill: Timeout 60000ms exceeded.
    Call log:
      - waiting for locator('textarea[name="bio"]')


      114 |     // Update profile
      115 |     await page.goto('/dashboard/vendor/profile');
    > 116 |     await page.fill('textarea[name="bio"]', 'Professional wedding photographer with 10+ years experience');
          |                ^
      117 |     await page.fill('input[name="website"]', 'https://myphotography.com');
      118 |     await page.fill('input[name="instagram"]', '@myphotography');
      119 |     
        at /Users/asithalakmal/Documents/web/final project/WeddingLK-next copy/tests/e2e/vendor.spec.ts:116:16

    attachment #1: screenshot (image/png) ──────────────────────────────────────────────────────────
    ../../test-results/vendor-Vendor-Management-V-1bdb8-le-and-portfolio-management-chromium/test-failed-1.png
    ────────────────────────────────────────────────────────────────────────────────────────────────

    attachment #2: video (video/webm) ──────────────────────────────────────────────────────────────
    ../../test-results/vendor-Vendor-Management-V-1bdb8-le-and-portfolio-management-chromium/video.webm
    ────────────────────────────────────────────────────────────────────────────────────────────────

    Error Context: ../../test-results/vendor-Vendor-Management-V-1bdb8-le-and-portfolio-management-chromium/error-context.md
]]>
</failure>
<system-out>
<![CDATA[
[[ATTACHMENT|test-results/vendor-Vendor-Management-V-1bdb8-le-and-portfolio-management-chromium/test-failed-1.png]]

[[ATTACHMENT|test-results/vendor-Vendor-Management-V-1bdb8-le-and-portfolio-management-chromium/video.webm]]

[[ATTACHMENT|test-results/vendor-Vendor-Management-V-1bdb8-le-and-portfolio-management-chromium/error-context.md]]
]]>
</system-out>
</testcase>
<testcase name="Vendor Management › Vendor analytics and performance tracking" classname="vendor.spec.ts" time="54.43">
<failure message="vendor.spec.ts:127:7 Vendor analytics and performance tracking" type="FAILURE">
<![CDATA[  [chromium] › vendor.spec.ts:127:7 › Vendor Management › Vendor analytics and performance tracking 

    Error: expect(locator).toBeVisible() failed

    Locator: locator('text=Performance Overview')
    Expected: visible
    Timeout: 30000ms
    Error: element(s) not found

    Call log:
      - Expect "toBeVisible" with timeout 30000ms
      - waiting for locator('text=Performance Overview')


      135 |     // Check analytics dashboard
      136 |     await page.goto('/dashboard/vendor/analytics');
    > 137 |     await expect(page.locator('text=Performance Overview')).toBeVisible();
          |                                                             ^
      138 |     await expect(page.locator('text=Total Bookings')).toBeVisible();
      139 |     await expect(page.locator('text=Revenue')).toBeVisible();
      140 |     await expect(page.locator('text=Reviews')).toBeVisible();
        at /Users/asithalakmal/Documents/web/final project/WeddingLK-next copy/tests/e2e/vendor.spec.ts:137:61

    attachment #1: screenshot (image/png) ──────────────────────────────────────────────────────────
    ../../test-results/vendor-Vendor-Management-V-453fa-cs-and-performance-tracking-chromium/test-failed-1.png
    ────────────────────────────────────────────────────────────────────────────────────────────────

    attachment #2: video (video/webm) ──────────────────────────────────────────────────────────────
    ../../test-results/vendor-Vendor-Management-V-453fa-cs-and-performance-tracking-chromium/video.webm
    ────────────────────────────────────────────────────────────────────────────────────────────────

    Error Context: ../../test-results/vendor-Vendor-Management-V-453fa-cs-and-performance-tracking-chromium/error-context.md
]]>
</failure>
<system-out>
<![CDATA[
[[ATTACHMENT|test-results/vendor-Vendor-Management-V-453fa-cs-and-performance-tracking-chromium/test-failed-1.png]]

[[ATTACHMENT|test-results/vendor-Vendor-Management-V-453fa-cs-and-performance-tracking-chromium/video.webm]]

[[ATTACHMENT|test-results/vendor-Vendor-Management-V-453fa-cs-and-performance-tracking-chromium/error-context.md]]
]]>
</system-out>
</testcase>
</testsuite>
<testsuite name="venue.spec.ts" timestamp="2025-10-24T06:04:58.917Z" hostname="chromium" tests="6" failures="6" skipped="0" time="424.877" errors="0">
<testcase name="Venue Management › Venue search and filtering" classname="venue.spec.ts" time="82.911">
<failure message="venue.spec.ts:5:7 Venue search and filtering" type="FAILURE">
<![CDATA[  [chromium] › venue.spec.ts:5:7 › Venue Management › Venue search and filtering ───────────────────

    TimeoutError: page.fill: Timeout 60000ms exceeded.
    Call log:
      - waiting for locator('input[placeholder*="Search venues"], input[name="search"]')


       7 |     
       8 |     // Search for venues
    >  9 |     await page.fill('input[placeholder*="Search venues"], input[name="search"]', 'Colombo');
         |                ^
      10 |     await page.click('button[type="submit"], button:has-text("Search")');
      11 |     
      12 |     // Apply filters
        at /Users/asithalakmal/Documents/web/final project/WeddingLK-next copy/tests/e2e/venue.spec.ts:9:16

    attachment #1: screenshot (image/png) ──────────────────────────────────────────────────────────
    ../../test-results/venue-Venue-Management-Venue-search-and-filtering-chromium/test-failed-1.png
    ────────────────────────────────────────────────────────────────────────────────────────────────

    attachment #2: video (video/webm) ──────────────────────────────────────────────────────────────
    ../../test-results/venue-Venue-Management-Venue-search-and-filtering-chromium/video.webm
    ────────────────────────────────────────────────────────────────────────────────────────────────

    Error Context: ../../test-results/venue-Venue-Management-Venue-search-and-filtering-chromium/error-context.md
]]>
</failure>
<system-out>
<![CDATA[
[[ATTACHMENT|test-results/venue-Venue-Management-Venue-search-and-filtering-chromium/test-failed-1.png]]

[[ATTACHMENT|test-results/venue-Venue-Management-Venue-search-and-filtering-chromium/video.webm]]

[[ATTACHMENT|test-results/venue-Venue-Management-Venue-search-and-filtering-chromium/error-context.md]]
]]>
</system-out>
</testcase>
<testcase name="Venue Management › Venue details and booking inquiry" classname="venue.spec.ts" time="84.402">
<failure message="venue.spec.ts:24:7 Venue details and booking inquiry" type="FAILURE">
<![CDATA[  [chromium] › venue.spec.ts:24:7 › Venue Management › Venue details and booking inquiry ───────────

    TimeoutError: page.click: Timeout 60000ms exceeded.
    Call log:
      - waiting for locator('.venue-card:first-child, [data-testid="venue-card"]:first-child')


      26 |     
      27 |     // Click on first venue
    > 28 |     await page.click('.venue-card:first-child, [data-testid="venue-card"]:first-child');
         |                ^
      29 |     await expect(page).toHaveURL(/\/venues\/\d+/);
      30 |     
      31 |     // Check venue details
        at /Users/asithalakmal/Documents/web/final project/WeddingLK-next copy/tests/e2e/venue.spec.ts:28:16

    attachment #1: screenshot (image/png) ──────────────────────────────────────────────────────────
    ../../test-results/venue-Venue-Management-Venue-details-and-booking-inquiry-chromium/test-failed-1.png
    ────────────────────────────────────────────────────────────────────────────────────────────────

    attachment #2: video (video/webm) ──────────────────────────────────────────────────────────────
    ../../test-results/venue-Venue-Management-Venue-details-and-booking-inquiry-chromium/video.webm
    ────────────────────────────────────────────────────────────────────────────────────────────────

    Error Context: ../../test-results/venue-Venue-Management-Venue-details-and-booking-inquiry-chromium/error-context.md
]]>
</failure>
<system-out>
<![CDATA[
[[ATTACHMENT|test-results/venue-Venue-Management-Venue-details-and-booking-inquiry-chromium/test-failed-1.png]]

[[ATTACHMENT|test-results/venue-Venue-Management-Venue-details-and-booking-inquiry-chromium/video.webm]]

[[ATTACHMENT|test-results/venue-Venue-Management-Venue-details-and-booking-inquiry-chromium/error-context.md]]
]]>
</system-out>
</testcase>
<testcase name="Venue Management › Venue availability calendar" classname="venue.spec.ts" time="76.26">
<failure message="venue.spec.ts:60:7 Venue availability calendar" type="FAILURE">
<![CDATA[  [chromium] › venue.spec.ts:60:7 › Venue Management › Venue availability calendar ─────────────────

    TimeoutError: page.click: Timeout 60000ms exceeded.
    Call log:
      - waiting for locator('.venue-card:first-child, [data-testid="venue-card"]:first-child')


      60 |   test('Venue availability calendar', async ({ page }) => {
      61 |     await page.goto('/venues');
    > 62 |     await page.click('.venue-card:first-child, [data-testid="venue-card"]:first-child');
         |                ^
      63 |     
      64 |     // Check availability calendar
      65 |     await page.click('text=Check Availability, [data-testid="availability-button"]');
        at /Users/asithalakmal/Documents/web/final project/WeddingLK-next copy/tests/e2e/venue.spec.ts:62:16

    attachment #1: screenshot (image/png) ──────────────────────────────────────────────────────────
    ../../test-results/venue-Venue-Management-Venue-availability-calendar-chromium/test-failed-1.png
    ────────────────────────────────────────────────────────────────────────────────────────────────

    attachment #2: video (video/webm) ──────────────────────────────────────────────────────────────
    ../../test-results/venue-Venue-Management-Venue-availability-calendar-chromium/video.webm
    ────────────────────────────────────────────────────────────────────────────────────────────────

    Error Context: ../../test-results/venue-Venue-Management-Venue-availability-calendar-chromium/error-context.md
]]>
</failure>
<system-out>
<![CDATA[
[[ATTACHMENT|test-results/venue-Venue-Management-Venue-availability-calendar-chromium/test-failed-1.png]]

[[ATTACHMENT|test-results/venue-Venue-Management-Venue-availability-calendar-chromium/video.webm]]

[[ATTACHMENT|test-results/venue-Venue-Management-Venue-availability-calendar-chromium/error-context.md]]
]]>
</system-out>
</testcase>
<testcase name="Venue Management › Venue reviews and ratings" classname="venue.spec.ts" time="90.022">
<failure message="venue.spec.ts:73:7 Venue reviews and ratings" type="FAILURE">
<![CDATA[  [chromium] › venue.spec.ts:73:7 › Venue Management › Venue reviews and ratings ───────────────────

    TimeoutError: page.click: Timeout 60000ms exceeded.
    Call log:
      - waiting for locator('.venue-card:first-child, [data-testid="venue-card"]:first-child')


      73 |   test('Venue reviews and ratings', async ({ page }) => {
      74 |     await page.goto('/venues');
    > 75 |     await page.click('.venue-card:first-child, [data-testid="venue-card"]:first-child');
         |                ^
      76 |     
      77 |     // Check reviews section
      78 |     await page.click('text=Reviews, [data-testid="reviews-tab"]');
        at /Users/asithalakmal/Documents/web/final project/WeddingLK-next copy/tests/e2e/venue.spec.ts:75:16

    attachment #1: screenshot (image/png) ──────────────────────────────────────────────────────────
    ../../test-results/venue-Venue-Management-Venue-reviews-and-ratings-chromium/test-failed-1.png
    ────────────────────────────────────────────────────────────────────────────────────────────────

    attachment #2: video (video/webm) ──────────────────────────────────────────────────────────────
    ../../test-results/venue-Venue-Management-Venue-reviews-and-ratings-chromium/video.webm
    ────────────────────────────────────────────────────────────────────────────────────────────────

    Error Context: ../../test-results/venue-Venue-Management-Venue-reviews-and-ratings-chromium/error-context.md
]]>
</failure>
<system-out>
<![CDATA[
[[ATTACHMENT|test-results/venue-Venue-Management-Venue-reviews-and-ratings-chromium/test-failed-1.png]]

[[ATTACHMENT|test-results/venue-Venue-Management-Venue-reviews-and-ratings-chromium/video.webm]]

[[ATTACHMENT|test-results/venue-Venue-Management-Venue-reviews-and-ratings-chromium/error-context.md]]
]]>
</system-out>
</testcase>
<testcase name="Venue Management › Venue owner management" classname="venue.spec.ts" time="43.552">
<failure message="venue.spec.ts:85:7 Venue owner management" type="FAILURE">
<![CDATA[  [chromium] › venue.spec.ts:85:7 › Venue Management › Venue owner management ──────────────────────

    Error: expect(page).toHaveURL(expected) failed

    Expected pattern: /\/dashboard/
    Received string:  "https://wedding-lk.vercel.app/login"
    Timeout: 30000ms

    Call log:
      - Expect "toHaveURL" with timeout 30000ms
        33 × unexpected value "https://wedding-lk.vercel.app/login"


      89 |     await page.fill('input[name="password"]', process.env.TEST_VENUE_OWNER_PASSWORD || 'VenuePass123!');
      90 |     await page.click('button[type="submit"]');
    > 91 |     await expect(page).toHaveURL(/\/dashboard/);
         |                        ^
      92 |
      93 |     // Create new venue
      94 |     await page.goto('/dashboard/venue/create');
        at /Users/asithalakmal/Documents/web/final project/WeddingLK-next copy/tests/e2e/venue.spec.ts:91:24

    attachment #1: screenshot (image/png) ──────────────────────────────────────────────────────────
    ../../test-results/venue-Venue-Management-Venue-owner-management-chromium/test-failed-1.png
    ────────────────────────────────────────────────────────────────────────────────────────────────

    attachment #2: video (video/webm) ──────────────────────────────────────────────────────────────
    ../../test-results/venue-Venue-Management-Venue-owner-management-chromium/video.webm
    ────────────────────────────────────────────────────────────────────────────────────────────────

    Error Context: ../../test-results/venue-Venue-Management-Venue-owner-management-chromium/error-context.md
]]>
</failure>
<system-out>
<![CDATA[
[[ATTACHMENT|test-results/venue-Venue-Management-Venue-owner-management-chromium/test-failed-1.png]]

[[ATTACHMENT|test-results/venue-Venue-Management-Venue-owner-management-chromium/video.webm]]

[[ATTACHMENT|test-results/venue-Venue-Management-Venue-owner-management-chromium/error-context.md]]
]]>
</system-out>
</testcase>
<testcase name="Venue Management › Venue booking management" classname="venue.spec.ts" time="47.73">
<failure message="venue.spec.ts:123:7 Venue booking management" type="FAILURE">
<![CDATA[  [chromium] › venue.spec.ts:123:7 › Venue Management › Venue booking management ───────────────────

    Error: expect(page).toHaveURL(expected) failed

    Expected pattern: /\/dashboard/
    Received string:  "https://wedding-lk.vercel.app/login"
    Timeout: 30000ms

    Call log:
      - Expect "toHaveURL" with timeout 30000ms
        33 × unexpected value "https://wedding-lk.vercel.app/login"


      127 |     await page.fill('input[name="password"]', process.env.TEST_VENUE_OWNER_PASSWORD || 'VenuePass123!');
      128 |     await page.click('button[type="submit"]');
    > 129 |     await expect(page).toHaveURL(/\/dashboard/);
          |                        ^
      130 |
      131 |     // Go to bookings
      132 |     await page.goto('/dashboard/venue/bookings');
        at /Users/asithalakmal/Documents/web/final project/WeddingLK-next copy/tests/e2e/venue.spec.ts:129:24

    attachment #1: screenshot (image/png) ──────────────────────────────────────────────────────────
    ../../test-results/venue-Venue-Management-Venue-booking-management-chromium/test-failed-1.png
    ────────────────────────────────────────────────────────────────────────────────────────────────

    attachment #2: video (video/webm) ──────────────────────────────────────────────────────────────
    ../../test-results/venue-Venue-Management-Venue-booking-management-chromium/video.webm
    ────────────────────────────────────────────────────────────────────────────────────────────────

    Error Context: ../../test-results/venue-Venue-Management-Venue-booking-management-chromium/error-context.md
]]>
</failure>
<system-out>
<![CDATA[
[[ATTACHMENT|test-results/venue-Venue-Management-Venue-booking-management-chromium/test-failed-1.png]]

[[ATTACHMENT|test-results/venue-Venue-Management-Venue-booking-management-chromium/video.webm]]

[[ATTACHMENT|test-results/venue-Venue-Management-Venue-booking-management-chromium/error-context.md]]
]]>
</system-out>
</testcase>
</testsuite>
<testsuite name="api-integration.spec.ts" timestamp="2025-10-24T06:04:58.917Z" hostname="firefox" tests="55" failures="49" skipped="0" time="735.245" errors="0">
<testcase name="🔐 Authentication API Tests › User Registration API" classname="api-integration.spec.ts" time="11.575">
<failure message="api-integration.spec.ts:56:7 User Registration API" type="FAILURE">
<![CDATA[  [firefox] › api-integration.spec.ts:56:7 › 🔐 Authentication API Tests › User Registration API ───

    Error: expect(received).toBe(expected) // Object.is equality

    Expected: 201
    Received: 400

      64 |     });
      65 |     
    > 66 |     expect(response.status()).toBe(201);
         |                               ^
      67 |     const data = await response.json();
      68 |     expect(data.success).toBe(true);
      69 |     expect(data.message).toContain('User registered successfully');
        at /Users/asithalakmal/Documents/web/final project/WeddingLK-next copy/tests/e2e/api-integration.spec.ts:66:31

    attachment #1: screenshot (image/png) ──────────────────────────────────────────────────────────
    ../../test-results/api-integration-🔐-Authent-2e205-Tests-User-Registration-API-firefox/test-failed-1.png
    ────────────────────────────────────────────────────────────────────────────────────────────────

    attachment #2: video (video/webm) ──────────────────────────────────────────────────────────────
    ../../test-results/api-integration-🔐-Authent-2e205-Tests-User-Registration-API-firefox/video.webm
    ────────────────────────────────────────────────────────────────────────────────────────────────
]]>
</failure>
<system-out>
<![CDATA[
[[ATTACHMENT|test-results/api-integration-🔐-Authent-2e205-Tests-User-Registration-API-firefox/test-failed-1.png]]

[[ATTACHMENT|test-results/api-integration-🔐-Authent-2e205-Tests-User-Registration-API-firefox/video.webm]]
]]>
</system-out>
</testcase>
<testcase name="🔐 Authentication API Tests › User Login API" classname="api-integration.spec.ts" time="20.744">
<failure message="api-integration.spec.ts:72:7 User Login API" type="FAILURE">
<![CDATA[  [firefox] › api-integration.spec.ts:72:7 › 🔐 Authentication API Tests › User Login API ──────────

    Error: expect(received).toBe(expected) // Object.is equality

    Expected: 200
    Received: 405

      78 |     });
      79 |     
    > 80 |     expect(response.status()).toBe(200);
         |                               ^
      81 |     const data = await response.json();
      82 |     expect(data.success).toBe(true);
      83 |     expect(data.token).toBeDefined();
        at /Users/asithalakmal/Documents/web/final project/WeddingLK-next copy/tests/e2e/api-integration.spec.ts:80:31

    attachment #1: screenshot (image/png) ──────────────────────────────────────────────────────────
    ../../test-results/api-integration-🔐-Authentication-API-Tests-User-Login-API-firefox/test-failed-1.png
    ────────────────────────────────────────────────────────────────────────────────────────────────

    attachment #2: video (video/webm) ──────────────────────────────────────────────────────────────
    ../../test-results/api-integration-🔐-Authentication-API-Tests-User-Login-API-firefox/video.webm
    ────────────────────────────────────────────────────────────────────────────────────────────────
]]>
</failure>
<system-out>
<![CDATA[
[[ATTACHMENT|test-results/api-integration-🔐-Authentication-API-Tests-User-Login-API-firefox/test-failed-1.png]]

[[ATTACHMENT|test-results/api-integration-🔐-Authentication-API-Tests-User-Login-API-firefox/video.webm]]
]]>
</system-out>
</testcase>
<testcase name="🔐 Authentication API Tests › Invalid Login API" classname="api-integration.spec.ts" time="19.855">
<failure message="api-integration.spec.ts:87:7 Invalid Login API" type="FAILURE">
<![CDATA[  [firefox] › api-integration.spec.ts:87:7 › 🔐 Authentication API Tests › Invalid Login API ───────

    Error: expect(received).toBe(expected) // Object.is equality

    Expected: 401
    Received: 405

      93 |     });
      94 |     
    > 95 |     expect(response.status()).toBe(401);
         |                               ^
      96 |     const data = await response.json();
      97 |     expect(data.success).toBe(false);
      98 |     expect(data.message).toContain('Invalid credentials');
        at /Users/asithalakmal/Documents/web/final project/WeddingLK-next copy/tests/e2e/api-integration.spec.ts:95:31

    attachment #1: screenshot (image/png) ──────────────────────────────────────────────────────────
    ../../test-results/api-integration-🔐-Authent-4b7fb-API-Tests-Invalid-Login-API-firefox/test-failed-1.png
    ────────────────────────────────────────────────────────────────────────────────────────────────

    attachment #2: video (video/webm) ──────────────────────────────────────────────────────────────
    ../../test-results/api-integration-🔐-Authent-4b7fb-API-Tests-Invalid-Login-API-firefox/video.webm
    ────────────────────────────────────────────────────────────────────────────────────────────────
]]>
</failure>
<system-out>
<![CDATA[
[[ATTACHMENT|test-results/api-integration-🔐-Authent-4b7fb-API-Tests-Invalid-Login-API-firefox/test-failed-1.png]]

[[ATTACHMENT|test-results/api-integration-🔐-Authent-4b7fb-API-Tests-Invalid-Login-API-firefox/video.webm]]
]]>
</system-out>
</testcase>
<testcase name="🔐 Authentication API Tests › Password Reset API" classname="api-integration.spec.ts" time="17.263">
<failure message="api-integration.spec.ts:101:7 Password Reset API" type="FAILURE">
<![CDATA[  [firefox] › api-integration.spec.ts:101:7 › 🔐 Authentication API Tests › Password Reset API ─────

    Error: expect(received).toBe(expected) // Object.is equality

    Expected: 200
    Received: 405

      104 |     });
      105 |     
    > 106 |     expect(response.status()).toBe(200);
          |                               ^
      107 |     const data = await response.json();
      108 |     expect(data.success).toBe(true);
      109 |     expect(data.message).toContain('Password reset email sent');
        at /Users/asithalakmal/Documents/web/final project/WeddingLK-next copy/tests/e2e/api-integration.spec.ts:106:31

    attachment #1: screenshot (image/png) ──────────────────────────────────────────────────────────
    ../../test-results/api-integration-🔐-Authent-64b4c-PI-Tests-Password-Reset-API-firefox/test-failed-1.png
    ────────────────────────────────────────────────────────────────────────────────────────────────

    attachment #2: video (video/webm) ──────────────────────────────────────────────────────────────
    ../../test-results/api-integration-🔐-Authent-64b4c-PI-Tests-Password-Reset-API-firefox/video.webm
    ────────────────────────────────────────────────────────────────────────────────────────────────
]]>
</failure>
<system-out>
<![CDATA[
[[ATTACHMENT|test-results/api-integration-🔐-Authent-64b4c-PI-Tests-Password-Reset-API-firefox/test-failed-1.png]]

[[ATTACHMENT|test-results/api-integration-🔐-Authent-64b4c-PI-Tests-Password-Reset-API-firefox/video.webm]]
]]>
</system-out>
</testcase>
<testcase name="🔐 Authentication API Tests › Email Verification API" classname="api-integration.spec.ts" time="18.904">
<failure message="api-integration.spec.ts:112:7 Email Verification API" type="FAILURE">
<![CDATA[  [firefox] › api-integration.spec.ts:112:7 › 🔐 Authentication API Tests › Email Verification API ─

    Error: expect(received).toBe(expected) // Object.is equality

    Expected: 200
    Received: 400

      115 |     });
      116 |     
    > 117 |     expect(response.status()).toBe(200);
          |                               ^
      118 |     const data = await response.json();
      119 |     expect(data.success).toBe(true);
      120 |   });
        at /Users/asithalakmal/Documents/web/final project/WeddingLK-next copy/tests/e2e/api-integration.spec.ts:117:31

    attachment #1: screenshot (image/png) ──────────────────────────────────────────────────────────
    ../../test-results/api-integration-🔐-Authent-28344-ests-Email-Verification-API-firefox/test-failed-1.png
    ────────────────────────────────────────────────────────────────────────────────────────────────

    attachment #2: video (video/webm) ──────────────────────────────────────────────────────────────
    ../../test-results/api-integration-🔐-Authent-28344-ests-Email-Verification-API-firefox/video.webm
    ────────────────────────────────────────────────────────────────────────────────────────────────
]]>
</failure>
<system-out>
<![CDATA[
[[ATTACHMENT|test-results/api-integration-🔐-Authent-28344-ests-Email-Verification-API-firefox/test-failed-1.png]]

[[ATTACHMENT|test-results/api-integration-🔐-Authent-28344-ests-Email-Verification-API-firefox/video.webm]]
]]>
</system-out>
</testcase>
<testcase name="👤 User Management API Tests › Get User Profile API" classname="api-integration.spec.ts" time="8.343">
<failure message="api-integration.spec.ts:124:7 Get User Profile API" type="FAILURE">
<![CDATA[  [firefox] › api-integration.spec.ts:124:7 › 👤 User Management API Tests › Get User Profile API ──

    SyntaxError: Unexpected end of JSON input

      43 |     data: { email, password }
      44 |   });
    > 45 |   const data = await response.json();
         |                ^
      46 |   return data.token;
      47 | }
      48 |
        at getAuthToken (/Users/asithalakmal/Documents/web/final project/WeddingLK-next copy/tests/e2e/api-integration.spec.ts:45:16)
        at /Users/asithalakmal/Documents/web/final project/WeddingLK-next copy/tests/e2e/api-integration.spec.ts:125:19

    attachment #1: screenshot (image/png) ──────────────────────────────────────────────────────────
    ../../test-results/api-integration-👤-User-Ma-c1c93--Tests-Get-User-Profile-API-firefox/test-failed-1.png
    ────────────────────────────────────────────────────────────────────────────────────────────────

    attachment #2: video (video/webm) ──────────────────────────────────────────────────────────────
    ../../test-results/api-integration-👤-User-Ma-c1c93--Tests-Get-User-Profile-API-firefox/video.webm
    ────────────────────────────────────────────────────────────────────────────────────────────────
]]>
</failure>
<system-out>
<![CDATA[
[[ATTACHMENT|test-results/api-integration-👤-User-Ma-c1c93--Tests-Get-User-Profile-API-firefox/test-failed-1.png]]

[[ATTACHMENT|test-results/api-integration-👤-User-Ma-c1c93--Tests-Get-User-Profile-API-firefox/video.webm]]
]]>
</system-out>
</testcase>
<testcase name="👤 User Management API Tests › Update User Profile API" classname="api-integration.spec.ts" time="10.267">
<failure message="api-integration.spec.ts:136:7 Update User Profile API" type="FAILURE">
<![CDATA[  [firefox] › api-integration.spec.ts:136:7 › 👤 User Management API Tests › Update User Profile API 

    SyntaxError: Unexpected end of JSON input

      43 |     data: { email, password }
      44 |   });
    > 45 |   const data = await response.json();
         |                ^
      46 |   return data.token;
      47 | }
      48 |
        at getAuthToken (/Users/asithalakmal/Documents/web/final project/WeddingLK-next copy/tests/e2e/api-integration.spec.ts:45:16)
        at /Users/asithalakmal/Documents/web/final project/WeddingLK-next copy/tests/e2e/api-integration.spec.ts:137:19

    attachment #1: screenshot (image/png) ──────────────────────────────────────────────────────────
    ../../test-results/api-integration-👤-User-Ma-6e586-sts-Update-User-Profile-API-firefox/test-failed-1.png
    ────────────────────────────────────────────────────────────────────────────────────────────────

    attachment #2: video (video/webm) ──────────────────────────────────────────────────────────────
    ../../test-results/api-integration-👤-User-Ma-6e586-sts-Update-User-Profile-API-firefox/video.webm
    ────────────────────────────────────────────────────────────────────────────────────────────────
]]>
</failure>
<system-out>
<![CDATA[
[[ATTACHMENT|test-results/api-integration-👤-User-Ma-6e586-sts-Update-User-Profile-API-firefox/test-failed-1.png]]

[[ATTACHMENT|test-results/api-integration-👤-User-Ma-6e586-sts-Update-User-Profile-API-firefox/video.webm]]
]]>
</system-out>
</testcase>
<testcase name="👤 User Management API Tests › Get User Favorites API" classname="api-integration.spec.ts" time="11.938">
<failure message="api-integration.spec.ts:150:7 Get User Favorites API" type="FAILURE">
<![CDATA[  [firefox] › api-integration.spec.ts:150:7 › 👤 User Management API Tests › Get User Favorites API 

    SyntaxError: Unexpected end of JSON input

      43 |     data: { email, password }
      44 |   });
    > 45 |   const data = await response.json();
         |                ^
      46 |   return data.token;
      47 | }
      48 |
        at getAuthToken (/Users/asithalakmal/Documents/web/final project/WeddingLK-next copy/tests/e2e/api-integration.spec.ts:45:16)
        at /Users/asithalakmal/Documents/web/final project/WeddingLK-next copy/tests/e2e/api-integration.spec.ts:151:19

    attachment #1: screenshot (image/png) ──────────────────────────────────────────────────────────
    ../../test-results/api-integration-👤-User-Ma-2df14-ests-Get-User-Favorites-API-firefox/test-failed-1.png
    ────────────────────────────────────────────────────────────────────────────────────────────────

    attachment #2: video (video/webm) ──────────────────────────────────────────────────────────────
    ../../test-results/api-integration-👤-User-Ma-2df14-ests-Get-User-Favorites-API-firefox/video.webm
    ────────────────────────────────────────────────────────────────────────────────────────────────
]]>
</failure>
<system-out>
<![CDATA[
[[ATTACHMENT|test-results/api-integration-👤-User-Ma-2df14-ests-Get-User-Favorites-API-firefox/test-failed-1.png]]

[[ATTACHMENT|test-results/api-integration-👤-User-Ma-2df14-ests-Get-User-Favorites-API-firefox/video.webm]]
]]>
</system-out>
</testcase>
<testcase name="👤 User Management API Tests › Add User Favorite API" classname="api-integration.spec.ts" time="14.651">
<failure message="api-integration.spec.ts:161:7 Add User Favorite API" type="FAILURE">
<![CDATA[  [firefox] › api-integration.spec.ts:161:7 › 👤 User Management API Tests › Add User Favorite API ─

    SyntaxError: Unexpected end of JSON input

      43 |     data: { email, password }
      44 |   });
    > 45 |   const data = await response.json();
         |                ^
      46 |   return data.token;
      47 | }
      48 |
        at getAuthToken (/Users/asithalakmal/Documents/web/final project/WeddingLK-next copy/tests/e2e/api-integration.spec.ts:45:16)
        at /Users/asithalakmal/Documents/web/final project/WeddingLK-next copy/tests/e2e/api-integration.spec.ts:162:19

    attachment #1: screenshot (image/png) ──────────────────────────────────────────────────────────
    ../../test-results/api-integration-👤-User-Ma-0917f-Tests-Add-User-Favorite-API-firefox/test-failed-1.png
    ────────────────────────────────────────────────────────────────────────────────────────────────

    attachment #2: video (video/webm) ──────────────────────────────────────────────────────────────
    ../../test-results/api-integration-👤-User-Ma-0917f-Tests-Add-User-Favorite-API-firefox/video.webm
    ────────────────────────────────────────────────────────────────────────────────────────────────
]]>
</failure>
<system-out>
<![CDATA[
[[ATTACHMENT|test-results/api-integration-👤-User-Ma-0917f-Tests-Add-User-Favorite-API-firefox/test-failed-1.png]]

[[ATTACHMENT|test-results/api-integration-👤-User-Ma-0917f-Tests-Add-User-Favorite-API-firefox/video.webm]]
]]>
</system-out>
</testcase>
<testcase name="🏢 Vendor Management API Tests › Vendor Registration API" classname="api-integration.spec.ts" time="8.375">
<failure message="api-integration.spec.ts:177:7 Vendor Registration API" type="FAILURE">
<![CDATA[  [firefox] › api-integration.spec.ts:177:7 › 🏢 Vendor Management API Tests › Vendor Registration API 

    Error: expect(received).toBe(expected) // Object.is equality

    Expected: 201
    Received: 401

      186 |     });
      187 |     
    > 188 |     expect(response.status()).toBe(201);
          |                               ^
      189 |     const data = await response.json();
      190 |     expect(data.success).toBe(true);
      191 |     expect(data.message).toContain('Vendor registration submitted');
        at /Users/asithalakmal/Documents/web/final project/WeddingLK-next copy/tests/e2e/api-integration.spec.ts:188:31

    attachment #1: screenshot (image/png) ──────────────────────────────────────────────────────────
    ../../test-results/api-integration-🏢-Vendor--a5f85-sts-Vendor-Registration-API-firefox/test-failed-1.png
    ────────────────────────────────────────────────────────────────────────────────────────────────

    attachment #2: video (video/webm) ──────────────────────────────────────────────────────────────
    ../../test-results/api-integration-🏢-Vendor--a5f85-sts-Vendor-Registration-API-firefox/video.webm
    ────────────────────────────────────────────────────────────────────────────────────────────────
]]>
</failure>
<system-out>
<![CDATA[
[[ATTACHMENT|test-results/api-integration-🏢-Vendor--a5f85-sts-Vendor-Registration-API-firefox/test-failed-1.png]]

[[ATTACHMENT|test-results/api-integration-🏢-Vendor--a5f85-sts-Vendor-Registration-API-firefox/video.webm]]
]]>
</system-out>
</testcase>
<testcase name="🏢 Vendor Management API Tests › Get Vendor Services API" classname="api-integration.spec.ts" time="9.429">
<failure message="api-integration.spec.ts:194:7 Get Vendor Services API" type="FAILURE">
<![CDATA[  [firefox] › api-integration.spec.ts:194:7 › 🏢 Vendor Management API Tests › Get Vendor Services API 

    SyntaxError: Unexpected end of JSON input

      43 |     data: { email, password }
      44 |   });
    > 45 |   const data = await response.json();
         |                ^
      46 |   return data.token;
      47 | }
      48 |
        at getAuthToken (/Users/asithalakmal/Documents/web/final project/WeddingLK-next copy/tests/e2e/api-integration.spec.ts:45:16)
        at /Users/asithalakmal/Documents/web/final project/WeddingLK-next copy/tests/e2e/api-integration.spec.ts:195:19

    attachment #1: screenshot (image/png) ──────────────────────────────────────────────────────────
    ../../test-results/api-integration-🏢-Vendor--4dc71-sts-Get-Vendor-Services-API-firefox/test-failed-1.png
    ────────────────────────────────────────────────────────────────────────────────────────────────

    attachment #2: video (video/webm) ──────────────────────────────────────────────────────────────
    ../../test-results/api-integration-🏢-Vendor--4dc71-sts-Get-Vendor-Services-API-firefox/video.webm
    ────────────────────────────────────────────────────────────────────────────────────────────────
]]>
</failure>
<system-out>
<![CDATA[
[[ATTACHMENT|test-results/api-integration-🏢-Vendor--4dc71-sts-Get-Vendor-Services-API-firefox/test-failed-1.png]]

[[ATTACHMENT|test-results/api-integration-🏢-Vendor--4dc71-sts-Get-Vendor-Services-API-firefox/video.webm]]
]]>
</system-out>
</testcase>
<testcase name="🏢 Vendor Management API Tests › Create Vendor Service API" classname="api-integration.spec.ts" time="12.81">
<failure message="api-integration.spec.ts:205:7 Create Vendor Service API" type="FAILURE">
<![CDATA[  [firefox] › api-integration.spec.ts:205:7 › 🏢 Vendor Management API Tests › Create Vendor Service API 

    SyntaxError: Unexpected end of JSON input

      43 |     data: { email, password }
      44 |   });
    > 45 |   const data = await response.json();
         |                ^
      46 |   return data.token;
      47 | }
      48 |
        at getAuthToken (/Users/asithalakmal/Documents/web/final project/WeddingLK-next copy/tests/e2e/api-integration.spec.ts:45:16)
        at /Users/asithalakmal/Documents/web/final project/WeddingLK-next copy/tests/e2e/api-integration.spec.ts:206:19

    attachment #1: screenshot (image/png) ──────────────────────────────────────────────────────────
    ../../test-results/api-integration-🏢-Vendor--32b06-s-Create-Vendor-Service-API-firefox/test-failed-1.png
    ────────────────────────────────────────────────────────────────────────────────────────────────

    attachment #2: video (video/webm) ──────────────────────────────────────────────────────────────
    ../../test-results/api-integration-🏢-Vendor--32b06-s-Create-Vendor-Service-API-firefox/video.webm
    ────────────────────────────────────────────────────────────────────────────────────────────────
]]>
</failure>
<system-out>
<![CDATA[
[[ATTACHMENT|test-results/api-integration-🏢-Vendor--32b06-s-Create-Vendor-Service-API-firefox/test-failed-1.png]]

[[ATTACHMENT|test-results/api-integration-🏢-Vendor--32b06-s-Create-Vendor-Service-API-firefox/video.webm]]
]]>
</system-out>
</testcase>
<testcase name="🏢 Vendor Management API Tests › Update Vendor Service API" classname="api-integration.spec.ts" time="16.212">
<failure message="api-integration.spec.ts:221:7 Update Vendor Service API" type="FAILURE">
<![CDATA[  [firefox] › api-integration.spec.ts:221:7 › 🏢 Vendor Management API Tests › Update Vendor Service API 

    SyntaxError: Unexpected end of JSON input

      43 |     data: { email, password }
      44 |   });
    > 45 |   const data = await response.json();
         |                ^
      46 |   return data.token;
      47 | }
      48 |
        at getAuthToken (/Users/asithalakmal/Documents/web/final project/WeddingLK-next copy/tests/e2e/api-integration.spec.ts:45:16)
        at /Users/asithalakmal/Documents/web/final project/WeddingLK-next copy/tests/e2e/api-integration.spec.ts:222:19

    attachment #1: screenshot (image/png) ──────────────────────────────────────────────────────────
    ../../test-results/api-integration-🏢-Vendor--8ad41-s-Update-Vendor-Service-API-firefox/test-failed-1.png
    ────────────────────────────────────────────────────────────────────────────────────────────────

    attachment #2: video (video/webm) ──────────────────────────────────────────────────────────────
    ../../test-results/api-integration-🏢-Vendor--8ad41-s-Update-Vendor-Service-API-firefox/video.webm
    ────────────────────────────────────────────────────────────────────────────────────────────────
]]>
</failure>
<system-out>
<![CDATA[
[[ATTACHMENT|test-results/api-integration-🏢-Vendor--8ad41-s-Update-Vendor-Service-API-firefox/test-failed-1.png]]

[[ATTACHMENT|test-results/api-integration-🏢-Vendor--8ad41-s-Update-Vendor-Service-API-firefox/video.webm]]
]]>
</system-out>
</testcase>
<testcase name="🏢 Vendor Management API Tests › Delete Vendor Service API" classname="api-integration.spec.ts" time="11.979">
<failure message="api-integration.spec.ts:235:7 Delete Vendor Service API" type="FAILURE">
<![CDATA[  [firefox] › api-integration.spec.ts:235:7 › 🏢 Vendor Management API Tests › Delete Vendor Service API 

    SyntaxError: Unexpected end of JSON input

      43 |     data: { email, password }
      44 |   });
    > 45 |   const data = await response.json();
         |                ^
      46 |   return data.token;
      47 | }
      48 |
        at getAuthToken (/Users/asithalakmal/Documents/web/final project/WeddingLK-next copy/tests/e2e/api-integration.spec.ts:45:16)
        at /Users/asithalakmal/Documents/web/final project/WeddingLK-next copy/tests/e2e/api-integration.spec.ts:236:19

    attachment #1: screenshot (image/png) ──────────────────────────────────────────────────────────
    ../../test-results/api-integration-🏢-Vendor--3ac39-s-Delete-Vendor-Service-API-firefox/test-failed-1.png
    ────────────────────────────────────────────────────────────────────────────────────────────────

    attachment #2: video (video/webm) ──────────────────────────────────────────────────────────────
    ../../test-results/api-integration-🏢-Vendor--3ac39-s-Delete-Vendor-Service-API-firefox/video.webm
    ────────────────────────────────────────────────────────────────────────────────────────────────
]]>
</failure>
<system-out>
<![CDATA[
[[ATTACHMENT|test-results/api-integration-🏢-Vendor--3ac39-s-Delete-Vendor-Service-API-firefox/test-failed-1.png]]

[[ATTACHMENT|test-results/api-integration-🏢-Vendor--3ac39-s-Delete-Vendor-Service-API-firefox/video.webm]]
]]>
</system-out>
</testcase>
<testcase name="🏢 Vendor Management API Tests › Get Vendor Analytics API" classname="api-integration.spec.ts" time="10.061">
<failure message="api-integration.spec.ts:246:7 Get Vendor Analytics API" type="FAILURE">
<![CDATA[  [firefox] › api-integration.spec.ts:246:7 › 🏢 Vendor Management API Tests › Get Vendor Analytics API 

    SyntaxError: Unexpected end of JSON input

      43 |     data: { email, password }
      44 |   });
    > 45 |   const data = await response.json();
         |                ^
      46 |   return data.token;
      47 | }
      48 |
        at getAuthToken (/Users/asithalakmal/Documents/web/final project/WeddingLK-next copy/tests/e2e/api-integration.spec.ts:45:16)
        at /Users/asithalakmal/Documents/web/final project/WeddingLK-next copy/tests/e2e/api-integration.spec.ts:247:19

    attachment #1: screenshot (image/png) ──────────────────────────────────────────────────────────
    ../../test-results/api-integration-🏢-Vendor--6b8fc-ts-Get-Vendor-Analytics-API-firefox/test-failed-1.png
    ────────────────────────────────────────────────────────────────────────────────────────────────

    attachment #2: video (video/webm) ──────────────────────────────────────────────────────────────
    ../../test-results/api-integration-🏢-Vendor--6b8fc-ts-Get-Vendor-Analytics-API-firefox/video.webm
    ────────────────────────────────────────────────────────────────────────────────────────────────
]]>
</failure>
<system-out>
<![CDATA[
[[ATTACHMENT|test-results/api-integration-🏢-Vendor--6b8fc-ts-Get-Vendor-Analytics-API-firefox/test-failed-1.png]]

[[ATTACHMENT|test-results/api-integration-🏢-Vendor--6b8fc-ts-Get-Vendor-Analytics-API-firefox/video.webm]]
]]>
</system-out>
</testcase>
<testcase name="📅 Booking Management API Tests › Create Booking API" classname="api-integration.spec.ts" time="10.593">
<failure message="api-integration.spec.ts:261:7 Create Booking API" type="FAILURE">
<![CDATA[  [firefox] › api-integration.spec.ts:261:7 › 📅 Booking Management API Tests › Create Booking API ─

    SyntaxError: Unexpected end of JSON input

      43 |     data: { email, password }
      44 |   });
    > 45 |   const data = await response.json();
         |                ^
      46 |   return data.token;
      47 | }
      48 |
        at getAuthToken (/Users/asithalakmal/Documents/web/final project/WeddingLK-next copy/tests/e2e/api-integration.spec.ts:45:16)
        at /Users/asithalakmal/Documents/web/final project/WeddingLK-next copy/tests/e2e/api-integration.spec.ts:262:19

    attachment #1: screenshot (image/png) ──────────────────────────────────────────────────────────
    ../../test-results/api-integration-📅-Booking-f6016-PI-Tests-Create-Booking-API-firefox/test-failed-1.png
    ────────────────────────────────────────────────────────────────────────────────────────────────

    attachment #2: video (video/webm) ──────────────────────────────────────────────────────────────
    ../../test-results/api-integration-📅-Booking-f6016-PI-Tests-Create-Booking-API-firefox/video.webm
    ────────────────────────────────────────────────────────────────────────────────────────────────
]]>
</failure>
<system-out>
<![CDATA[
[[ATTACHMENT|test-results/api-integration-📅-Booking-f6016-PI-Tests-Create-Booking-API-firefox/test-failed-1.png]]

[[ATTACHMENT|test-results/api-integration-📅-Booking-f6016-PI-Tests-Create-Booking-API-firefox/video.webm]]
]]>
</system-out>
</testcase>
<testcase name="📅 Booking Management API Tests › Get User Bookings API" classname="api-integration.spec.ts" time="10.566">
<failure message="api-integration.spec.ts:279:7 Get User Bookings API" type="FAILURE">
<![CDATA[  [firefox] › api-integration.spec.ts:279:7 › 📅 Booking Management API Tests › Get User Bookings API 

    SyntaxError: Unexpected end of JSON input

      43 |     data: { email, password }
      44 |   });
    > 45 |   const data = await response.json();
         |                ^
      46 |   return data.token;
      47 | }
      48 |
        at getAuthToken (/Users/asithalakmal/Documents/web/final project/WeddingLK-next copy/tests/e2e/api-integration.spec.ts:45:16)
        at /Users/asithalakmal/Documents/web/final project/WeddingLK-next copy/tests/e2e/api-integration.spec.ts:280:19

    attachment #1: screenshot (image/png) ──────────────────────────────────────────────────────────
    ../../test-results/api-integration-📅-Booking-0e3ce-Tests-Get-User-Bookings-API-firefox/test-failed-1.png
    ────────────────────────────────────────────────────────────────────────────────────────────────

    attachment #2: video (video/webm) ──────────────────────────────────────────────────────────────
    ../../test-results/api-integration-📅-Booking-0e3ce-Tests-Get-User-Bookings-API-firefox/video.webm
    ────────────────────────────────────────────────────────────────────────────────────────────────
]]>
</failure>
<system-out>
<![CDATA[
[[ATTACHMENT|test-results/api-integration-📅-Booking-0e3ce-Tests-Get-User-Bookings-API-firefox/test-failed-1.png]]

[[ATTACHMENT|test-results/api-integration-📅-Booking-0e3ce-Tests-Get-User-Bookings-API-firefox/video.webm]]
]]>
</system-out>
</testcase>
<testcase name="📅 Booking Management API Tests › Update Booking API" classname="api-integration.spec.ts" time="8.34">
<failure message="api-integration.spec.ts:290:7 Update Booking API" type="FAILURE">
<![CDATA[  [firefox] › api-integration.spec.ts:290:7 › 📅 Booking Management API Tests › Update Booking API ─

    SyntaxError: Unexpected end of JSON input

      43 |     data: { email, password }
      44 |   });
    > 45 |   const data = await response.json();
         |                ^
      46 |   return data.token;
      47 | }
      48 |
        at getAuthToken (/Users/asithalakmal/Documents/web/final project/WeddingLK-next copy/tests/e2e/api-integration.spec.ts:45:16)
        at /Users/asithalakmal/Documents/web/final project/WeddingLK-next copy/tests/e2e/api-integration.spec.ts:291:19

    attachment #1: screenshot (image/png) ──────────────────────────────────────────────────────────
    ../../test-results/api-integration-📅-Booking-a7a44-PI-Tests-Update-Booking-API-firefox/test-failed-1.png
    ────────────────────────────────────────────────────────────────────────────────────────────────

    attachment #2: video (video/webm) ──────────────────────────────────────────────────────────────
    ../../test-results/api-integration-📅-Booking-a7a44-PI-Tests-Update-Booking-API-firefox/video.webm
    ────────────────────────────────────────────────────────────────────────────────────────────────
]]>
</failure>
<system-out>
<![CDATA[
[[ATTACHMENT|test-results/api-integration-📅-Booking-a7a44-PI-Tests-Update-Booking-API-firefox/test-failed-1.png]]

[[ATTACHMENT|test-results/api-integration-📅-Booking-a7a44-PI-Tests-Update-Booking-API-firefox/video.webm]]
]]>
</system-out>
</testcase>
<testcase name="📅 Booking Management API Tests › Cancel Booking API" classname="api-integration.spec.ts" time="10.839">
<failure message="api-integration.spec.ts:304:7 Cancel Booking API" type="FAILURE">
<![CDATA[  [firefox] › api-integration.spec.ts:304:7 › 📅 Booking Management API Tests › Cancel Booking API ─

    SyntaxError: Unexpected end of JSON input

      43 |     data: { email, password }
      44 |   });
    > 45 |   const data = await response.json();
         |                ^
      46 |   return data.token;
      47 | }
      48 |
        at getAuthToken (/Users/asithalakmal/Documents/web/final project/WeddingLK-next copy/tests/e2e/api-integration.spec.ts:45:16)
        at /Users/asithalakmal/Documents/web/final project/WeddingLK-next copy/tests/e2e/api-integration.spec.ts:305:19

    attachment #1: screenshot (image/png) ──────────────────────────────────────────────────────────
    ../../test-results/api-integration-📅-Booking-7c911-PI-Tests-Cancel-Booking-API-firefox/test-failed-1.png
    ────────────────────────────────────────────────────────────────────────────────────────────────

    attachment #2: video (video/webm) ──────────────────────────────────────────────────────────────
    ../../test-results/api-integration-📅-Booking-7c911-PI-Tests-Cancel-Booking-API-firefox/video.webm
    ────────────────────────────────────────────────────────────────────────────────────────────────
]]>
</failure>
<system-out>
<![CDATA[
[[ATTACHMENT|test-results/api-integration-📅-Booking-7c911-PI-Tests-Cancel-Booking-API-firefox/test-failed-1.png]]

[[ATTACHMENT|test-results/api-integration-📅-Booking-7c911-PI-Tests-Cancel-Booking-API-firefox/video.webm]]
]]>
</system-out>
</testcase>
<testcase name="📅 Booking Management API Tests › Get Vendor Bookings API" classname="api-integration.spec.ts" time="9.985">
<failure message="api-integration.spec.ts:315:7 Get Vendor Bookings API" type="FAILURE">
<![CDATA[  [firefox] › api-integration.spec.ts:315:7 › 📅 Booking Management API Tests › Get Vendor Bookings API 

    SyntaxError: Unexpected end of JSON input

      43 |     data: { email, password }
      44 |   });
    > 45 |   const data = await response.json();
         |                ^
      46 |   return data.token;
      47 | }
      48 |
        at getAuthToken (/Users/asithalakmal/Documents/web/final project/WeddingLK-next copy/tests/e2e/api-integration.spec.ts:45:16)
        at /Users/asithalakmal/Documents/web/final project/WeddingLK-next copy/tests/e2e/api-integration.spec.ts:316:19

    attachment #1: screenshot (image/png) ──────────────────────────────────────────────────────────
    ../../test-results/api-integration-📅-Booking-a710b-sts-Get-Vendor-Bookings-API-firefox/test-failed-1.png
    ────────────────────────────────────────────────────────────────────────────────────────────────

    attachment #2: video (video/webm) ──────────────────────────────────────────────────────────────
    ../../test-results/api-integration-📅-Booking-a710b-sts-Get-Vendor-Bookings-API-firefox/video.webm
    ────────────────────────────────────────────────────────────────────────────────────────────────
]]>
</failure>
<system-out>
<![CDATA[
[[ATTACHMENT|test-results/api-integration-📅-Booking-a710b-sts-Get-Vendor-Bookings-API-firefox/test-failed-1.png]]

[[ATTACHMENT|test-results/api-integration-📅-Booking-a710b-sts-Get-Vendor-Bookings-API-firefox/video.webm]]
]]>
</system-out>
</testcase>
<testcase name="📅 Booking Management API Tests › Update Booking Status API" classname="api-integration.spec.ts" time="14.344">
<failure message="api-integration.spec.ts:326:7 Update Booking Status API" type="FAILURE">
<![CDATA[  [firefox] › api-integration.spec.ts:326:7 › 📅 Booking Management API Tests › Update Booking Status API 

    SyntaxError: Unexpected end of JSON input

      43 |     data: { email, password }
      44 |   });
    > 45 |   const data = await response.json();
         |                ^
      46 |   return data.token;
      47 | }
      48 |
        at getAuthToken (/Users/asithalakmal/Documents/web/final project/WeddingLK-next copy/tests/e2e/api-integration.spec.ts:45:16)
        at /Users/asithalakmal/Documents/web/final project/WeddingLK-next copy/tests/e2e/api-integration.spec.ts:327:19

    attachment #1: screenshot (image/png) ──────────────────────────────────────────────────────────
    ../../test-results/api-integration-📅-Booking-458f2-s-Update-Booking-Status-API-firefox/test-failed-1.png
    ────────────────────────────────────────────────────────────────────────────────────────────────

    attachment #2: video (video/webm) ──────────────────────────────────────────────────────────────
    ../../test-results/api-integration-📅-Booking-458f2-s-Update-Booking-Status-API-firefox/video.webm
    ────────────────────────────────────────────────────────────────────────────────────────────────
]]>
</failure>
<system-out>
<![CDATA[
[[ATTACHMENT|test-results/api-integration-📅-Booking-458f2-s-Update-Booking-Status-API-firefox/test-failed-1.png]]

[[ATTACHMENT|test-results/api-integration-📅-Booking-458f2-s-Update-Booking-Status-API-firefox/video.webm]]
]]>
</system-out>
</testcase>
<testcase name="🏛️ Venue Management API Tests › Get Venues API" classname="api-integration.spec.ts" time="10.406">
</testcase>
<testcase name="🏛️ Venue Management API Tests › Get Venue by ID API" classname="api-integration.spec.ts" time="13.729">
<failure message="api-integration.spec.ts:350:7 Get Venue by ID API" type="FAILURE">
<![CDATA[  [firefox] › api-integration.spec.ts:350:7 › 🏛️ Venue Management API Tests › Get Venue by ID API ─

    Error: expect(received).toBe(expected) // Object.is equality

    Expected: 200
    Received: 500

      350 |   test('Get Venue by ID API', async ({ page }) => {
      351 |     const response = await page.request.get('/api/venues/test-venue-id');
    > 352 |     expect(response.status()).toBe(200);
          |                               ^
      353 |     
      354 |     const data = await response.json();
      355 |     expect(data.success).toBe(true);
        at /Users/asithalakmal/Documents/web/final project/WeddingLK-next copy/tests/e2e/api-integration.spec.ts:352:31

    attachment #1: screenshot (image/png) ──────────────────────────────────────────────────────────
    ../../test-results/api-integration-🏛️-Venue--f15e9-I-Tests-Get-Venue-by-ID-API-firefox/test-failed-1.png
    ────────────────────────────────────────────────────────────────────────────────────────────────

    attachment #2: video (video/webm) ──────────────────────────────────────────────────────────────
    ../../test-results/api-integration-🏛️-Venue--f15e9-I-Tests-Get-Venue-by-ID-API-firefox/video.webm
    ────────────────────────────────────────────────────────────────────────────────────────────────
]]>
</failure>
<system-out>
<![CDATA[
[[ATTACHMENT|test-results/api-integration-🏛️-Venue--f15e9-I-Tests-Get-Venue-by-ID-API-firefox/test-failed-1.png]]

[[ATTACHMENT|test-results/api-integration-🏛️-Venue--f15e9-I-Tests-Get-Venue-by-ID-API-firefox/video.webm]]
]]>
</system-out>
</testcase>
<testcase name="🏛️ Venue Management API Tests › Search Venues API" classname="api-integration.spec.ts" time="6.46">
</testcase>
<testcase name="🏛️ Venue Management API Tests › Get Venue Availability API" classname="api-integration.spec.ts" time="4.682">
<failure message="api-integration.spec.ts:368:7 Get Venue Availability API" type="FAILURE">
<![CDATA[  [firefox] › api-integration.spec.ts:368:7 › 🏛️ Venue Management API Tests › Get Venue Availability API 

    Error: expect(received).toBe(expected) // Object.is equality

    Expected: 200
    Received: 500

      368 |   test('Get Venue Availability API', async ({ page }) => {
      369 |     const response = await page.request.get('/api/venues/availability?venueId=test-venue-id&date=2024-12-25');
    > 370 |     expect(response.status()).toBe(200);
          |                               ^
      371 |     
      372 |     const data = await response.json();
      373 |     expect(data.success).toBe(true);
        at /Users/asithalakmal/Documents/web/final project/WeddingLK-next copy/tests/e2e/api-integration.spec.ts:370:31

    attachment #1: screenshot (image/png) ──────────────────────────────────────────────────────────
    ../../test-results/api-integration-🏛️-Venue--1dc52--Get-Venue-Availability-API-firefox/test-failed-1.png
    ────────────────────────────────────────────────────────────────────────────────────────────────

    attachment #2: video (video/webm) ──────────────────────────────────────────────────────────────
    ../../test-results/api-integration-🏛️-Venue--1dc52--Get-Venue-Availability-API-firefox/video.webm
    ────────────────────────────────────────────────────────────────────────────────────────────────
]]>
</failure>
<system-out>
<![CDATA[
[[ATTACHMENT|test-results/api-integration-🏛️-Venue--1dc52--Get-Venue-Availability-API-firefox/test-failed-1.png]]

[[ATTACHMENT|test-results/api-integration-🏛️-Venue--1dc52--Get-Venue-Availability-API-firefox/video.webm]]
]]>
</system-out>
</testcase>
<testcase name="💳 Payment API Tests › Create Payment Intent API" classname="api-integration.spec.ts" time="13.106">
<failure message="api-integration.spec.ts:379:7 Create Payment Intent API" type="FAILURE">
<![CDATA[  [firefox] › api-integration.spec.ts:379:7 › 💳 Payment API Tests › Create Payment Intent API ─────

    SyntaxError: Unexpected end of JSON input

      43 |     data: { email, password }
      44 |   });
    > 45 |   const data = await response.json();
         |                ^
      46 |   return data.token;
      47 | }
      48 |
        at getAuthToken (/Users/asithalakmal/Documents/web/final project/WeddingLK-next copy/tests/e2e/api-integration.spec.ts:45:16)
        at /Users/asithalakmal/Documents/web/final project/WeddingLK-next copy/tests/e2e/api-integration.spec.ts:380:19

    attachment #1: screenshot (image/png) ──────────────────────────────────────────────────────────
    ../../test-results/api-integration-💳-Payment-a4c14-s-Create-Payment-Intent-API-firefox/test-failed-1.png
    ────────────────────────────────────────────────────────────────────────────────────────────────

    attachment #2: video (video/webm) ──────────────────────────────────────────────────────────────
    ../../test-results/api-integration-💳-Payment-a4c14-s-Create-Payment-Intent-API-firefox/video.webm
    ────────────────────────────────────────────────────────────────────────────────────────────────
]]>
</failure>
<system-out>
<![CDATA[
[[ATTACHMENT|test-results/api-integration-💳-Payment-a4c14-s-Create-Payment-Intent-API-firefox/test-failed-1.png]]

[[ATTACHMENT|test-results/api-integration-💳-Payment-a4c14-s-Create-Payment-Intent-API-firefox/video.webm]]
]]>
</system-out>
</testcase>
<testcase name="💳 Payment API Tests › Get Payment History API" classname="api-integration.spec.ts" time="15.378">
<failure message="api-integration.spec.ts:394:7 Get Payment History API" type="FAILURE">
<![CDATA[  [firefox] › api-integration.spec.ts:394:7 › 💳 Payment API Tests › Get Payment History API ───────

    SyntaxError: Unexpected end of JSON input

      43 |     data: { email, password }
      44 |   });
    > 45 |   const data = await response.json();
         |                ^
      46 |   return data.token;
      47 | }
      48 |
        at getAuthToken (/Users/asithalakmal/Documents/web/final project/WeddingLK-next copy/tests/e2e/api-integration.spec.ts:45:16)
        at /Users/asithalakmal/Documents/web/final project/WeddingLK-next copy/tests/e2e/api-integration.spec.ts:395:19

    attachment #1: screenshot (image/png) ──────────────────────────────────────────────────────────
    ../../test-results/api-integration-💳-Payment-API-Tests-Get-Payment-History-API-firefox/test-failed-1.png
    ────────────────────────────────────────────────────────────────────────────────────────────────

    attachment #2: video (video/webm) ──────────────────────────────────────────────────────────────
    ../../test-results/api-integration-💳-Payment-API-Tests-Get-Payment-History-API-firefox/video.webm
    ────────────────────────────────────────────────────────────────────────────────────────────────
]]>
</failure>
<system-out>
<![CDATA[
[[ATTACHMENT|test-results/api-integration-💳-Payment-API-Tests-Get-Payment-History-API-firefox/test-failed-1.png]]

[[ATTACHMENT|test-results/api-integration-💳-Payment-API-Tests-Get-Payment-History-API-firefox/video.webm]]
]]>
</system-out>
</testcase>
<testcase name="💳 Payment API Tests › Get Payment by ID API" classname="api-integration.spec.ts" time="13.201">
<failure message="api-integration.spec.ts:405:7 Get Payment by ID API" type="FAILURE">
<![CDATA[  [firefox] › api-integration.spec.ts:405:7 › 💳 Payment API Tests › Get Payment by ID API ─────────

    SyntaxError: Unexpected end of JSON input

      43 |     data: { email, password }
      44 |   });
    > 45 |   const data = await response.json();
         |                ^
      46 |   return data.token;
      47 | }
      48 |
        at getAuthToken (/Users/asithalakmal/Documents/web/final project/WeddingLK-next copy/tests/e2e/api-integration.spec.ts:45:16)
        at /Users/asithalakmal/Documents/web/final project/WeddingLK-next copy/tests/e2e/api-integration.spec.ts:406:19

    attachment #1: screenshot (image/png) ──────────────────────────────────────────────────────────
    ../../test-results/api-integration-💳-Payment-API-Tests-Get-Payment-by-ID-API-firefox/test-failed-1.png
    ────────────────────────────────────────────────────────────────────────────────────────────────

    attachment #2: video (video/webm) ──────────────────────────────────────────────────────────────
    ../../test-results/api-integration-💳-Payment-API-Tests-Get-Payment-by-ID-API-firefox/video.webm
    ────────────────────────────────────────────────────────────────────────────────────────────────
]]>
</failure>
<system-out>
<![CDATA[
[[ATTACHMENT|test-results/api-integration-💳-Payment-API-Tests-Get-Payment-by-ID-API-firefox/test-failed-1.png]]

[[ATTACHMENT|test-results/api-integration-💳-Payment-API-Tests-Get-Payment-by-ID-API-firefox/video.webm]]
]]>
</system-out>
</testcase>
<testcase name="📊 Dashboard API Tests › Get Dashboard Stats API" classname="api-integration.spec.ts" time="13.29">
<failure message="api-integration.spec.ts:418:7 Get Dashboard Stats API" type="FAILURE">
<![CDATA[  [firefox] › api-integration.spec.ts:418:7 › 📊 Dashboard API Tests › Get Dashboard Stats API ─────

    SyntaxError: Unexpected end of JSON input

      43 |     data: { email, password }
      44 |   });
    > 45 |   const data = await response.json();
         |                ^
      46 |   return data.token;
      47 | }
      48 |
        at getAuthToken (/Users/asithalakmal/Documents/web/final project/WeddingLK-next copy/tests/e2e/api-integration.spec.ts:45:16)
        at /Users/asithalakmal/Documents/web/final project/WeddingLK-next copy/tests/e2e/api-integration.spec.ts:419:19

    attachment #1: screenshot (image/png) ──────────────────────────────────────────────────────────
    ../../test-results/api-integration-📊-Dashboa-bf9ef-sts-Get-Dashboard-Stats-API-firefox/test-failed-1.png
    ────────────────────────────────────────────────────────────────────────────────────────────────

    attachment #2: video (video/webm) ──────────────────────────────────────────────────────────────
    ../../test-results/api-integration-📊-Dashboa-bf9ef-sts-Get-Dashboard-Stats-API-firefox/video.webm
    ────────────────────────────────────────────────────────────────────────────────────────────────
]]>
</failure>
<system-out>
<![CDATA[
[[ATTACHMENT|test-results/api-integration-📊-Dashboa-bf9ef-sts-Get-Dashboard-Stats-API-firefox/test-failed-1.png]]

[[ATTACHMENT|test-results/api-integration-📊-Dashboa-bf9ef-sts-Get-Dashboard-Stats-API-firefox/video.webm]]
]]>
</system-out>
</testcase>
<testcase name="📊 Dashboard API Tests › Get Dashboard Activity API" classname="api-integration.spec.ts" time="8.277">
<failure message="api-integration.spec.ts:431:7 Get Dashboard Activity API" type="FAILURE">
<![CDATA[  [firefox] › api-integration.spec.ts:431:7 › 📊 Dashboard API Tests › Get Dashboard Activity API ──

    SyntaxError: Unexpected end of JSON input

      43 |     data: { email, password }
      44 |   });
    > 45 |   const data = await response.json();
         |                ^
      46 |   return data.token;
      47 | }
      48 |
        at getAuthToken (/Users/asithalakmal/Documents/web/final project/WeddingLK-next copy/tests/e2e/api-integration.spec.ts:45:16)
        at /Users/asithalakmal/Documents/web/final project/WeddingLK-next copy/tests/e2e/api-integration.spec.ts:432:19

    attachment #1: screenshot (image/png) ──────────────────────────────────────────────────────────
    ../../test-results/api-integration-📊-Dashboa-0cd31--Get-Dashboard-Activity-API-firefox/test-failed-1.png
    ────────────────────────────────────────────────────────────────────────────────────────────────

    attachment #2: video (video/webm) ──────────────────────────────────────────────────────────────
    ../../test-results/api-integration-📊-Dashboa-0cd31--Get-Dashboard-Activity-API-firefox/video.webm
    ────────────────────────────────────────────────────────────────────────────────────────────────
]]>
</failure>
<system-out>
<![CDATA[
[[ATTACHMENT|test-results/api-integration-📊-Dashboa-0cd31--Get-Dashboard-Activity-API-firefox/test-failed-1.png]]

[[ATTACHMENT|test-results/api-integration-📊-Dashboa-0cd31--Get-Dashboard-Activity-API-firefox/video.webm]]
]]>
</system-out>
</testcase>
<testcase name="📊 Dashboard API Tests › Get User Dashboard Stats API" classname="api-integration.spec.ts" time="10.474">
<failure message="api-integration.spec.ts:442:7 Get User Dashboard Stats API" type="FAILURE">
<![CDATA[  [firefox] › api-integration.spec.ts:442:7 › 📊 Dashboard API Tests › Get User Dashboard Stats API 

    SyntaxError: Unexpected end of JSON input

      43 |     data: { email, password }
      44 |   });
    > 45 |   const data = await response.json();
         |                ^
      46 |   return data.token;
      47 | }
      48 |
        at getAuthToken (/Users/asithalakmal/Documents/web/final project/WeddingLK-next copy/tests/e2e/api-integration.spec.ts:45:16)
        at /Users/asithalakmal/Documents/web/final project/WeddingLK-next copy/tests/e2e/api-integration.spec.ts:443:19

    attachment #1: screenshot (image/png) ──────────────────────────────────────────────────────────
    ../../test-results/api-integration-📊-Dashboa-f50b7-et-User-Dashboard-Stats-API-firefox/test-failed-1.png
    ────────────────────────────────────────────────────────────────────────────────────────────────

    attachment #2: video (video/webm) ──────────────────────────────────────────────────────────────
    ../../test-results/api-integration-📊-Dashboa-f50b7-et-User-Dashboard-Stats-API-firefox/video.webm
    ────────────────────────────────────────────────────────────────────────────────────────────────
]]>
</failure>
<system-out>
<![CDATA[
[[ATTACHMENT|test-results/api-integration-📊-Dashboa-f50b7-et-User-Dashboard-Stats-API-firefox/test-failed-1.png]]

[[ATTACHMENT|test-results/api-integration-📊-Dashboa-f50b7-et-User-Dashboard-Stats-API-firefox/video.webm]]
]]>
</system-out>
</testcase>
<testcase name="📊 Dashboard API Tests › Get Vendor Dashboard Stats API" classname="api-integration.spec.ts" time="11.375">
<failure message="api-integration.spec.ts:453:7 Get Vendor Dashboard Stats API" type="FAILURE">
<![CDATA[  [firefox] › api-integration.spec.ts:453:7 › 📊 Dashboard API Tests › Get Vendor Dashboard Stats API 

    SyntaxError: Unexpected end of JSON input

      43 |     data: { email, password }
      44 |   });
    > 45 |   const data = await response.json();
         |                ^
      46 |   return data.token;
      47 | }
      48 |
        at getAuthToken (/Users/asithalakmal/Documents/web/final project/WeddingLK-next copy/tests/e2e/api-integration.spec.ts:45:16)
        at /Users/asithalakmal/Documents/web/final project/WeddingLK-next copy/tests/e2e/api-integration.spec.ts:454:19

    attachment #1: screenshot (image/png) ──────────────────────────────────────────────────────────
    ../../test-results/api-integration-📊-Dashboa-87572--Vendor-Dashboard-Stats-API-firefox/test-failed-1.png
    ────────────────────────────────────────────────────────────────────────────────────────────────

    attachment #2: video (video/webm) ──────────────────────────────────────────────────────────────
    ../../test-results/api-integration-📊-Dashboa-87572--Vendor-Dashboard-Stats-API-firefox/video.webm
    ────────────────────────────────────────────────────────────────────────────────────────────────
]]>
</failure>
<system-out>
<![CDATA[
[[ATTACHMENT|test-results/api-integration-📊-Dashboa-87572--Vendor-Dashboard-Stats-API-firefox/test-failed-1.png]]

[[ATTACHMENT|test-results/api-integration-📊-Dashboa-87572--Vendor-Dashboard-Stats-API-firefox/video.webm]]
]]>
</system-out>
</testcase>
<testcase name="📊 Dashboard API Tests › Get Admin Dashboard Stats API" classname="api-integration.spec.ts" time="12.927">
<failure message="api-integration.spec.ts:464:7 Get Admin Dashboard Stats API" type="FAILURE">
<![CDATA[  [firefox] › api-integration.spec.ts:464:7 › 📊 Dashboard API Tests › Get Admin Dashboard Stats API 

    SyntaxError: Unexpected end of JSON input

      43 |     data: { email, password }
      44 |   });
    > 45 |   const data = await response.json();
         |                ^
      46 |   return data.token;
      47 | }
      48 |
        at getAuthToken (/Users/asithalakmal/Documents/web/final project/WeddingLK-next copy/tests/e2e/api-integration.spec.ts:45:16)
        at /Users/asithalakmal/Documents/web/final project/WeddingLK-next copy/tests/e2e/api-integration.spec.ts:465:19

    attachment #1: screenshot (image/png) ──────────────────────────────────────────────────────────
    ../../test-results/api-integration-📊-Dashboa-9ac1f-t-Admin-Dashboard-Stats-API-firefox/test-failed-1.png
    ────────────────────────────────────────────────────────────────────────────────────────────────

    attachment #2: video (video/webm) ──────────────────────────────────────────────────────────────
    ../../test-results/api-integration-📊-Dashboa-9ac1f-t-Admin-Dashboard-Stats-API-firefox/video.webm
    ────────────────────────────────────────────────────────────────────────────────────────────────
]]>
</failure>
<system-out>
<![CDATA[
[[ATTACHMENT|test-results/api-integration-📊-Dashboa-9ac1f-t-Admin-Dashboard-Stats-API-firefox/test-failed-1.png]]

[[ATTACHMENT|test-results/api-integration-📊-Dashboa-9ac1f-t-Admin-Dashboard-Stats-API-firefox/video.webm]]
]]>
</system-out>
</testcase>
<testcase name="👥 Wedding Planner API Tests › Get Planner Clients API" classname="api-integration.spec.ts" time="15.091">
<failure message="api-integration.spec.ts:477:7 Get Planner Clients API" type="FAILURE">
<![CDATA[  [firefox] › api-integration.spec.ts:477:7 › 👥 Wedding Planner API Tests › Get Planner Clients API 

    SyntaxError: Unexpected end of JSON input

      43 |     data: { email, password }
      44 |   });
    > 45 |   const data = await response.json();
         |                ^
      46 |   return data.token;
      47 | }
      48 |
        at getAuthToken (/Users/asithalakmal/Documents/web/final project/WeddingLK-next copy/tests/e2e/api-integration.spec.ts:45:16)
        at /Users/asithalakmal/Documents/web/final project/WeddingLK-next copy/tests/e2e/api-integration.spec.ts:478:19

    attachment #1: screenshot (image/png) ──────────────────────────────────────────────────────────
    ../../test-results/api-integration-👥-Wedding-2c0a3-sts-Get-Planner-Clients-API-firefox/test-failed-1.png
    ────────────────────────────────────────────────────────────────────────────────────────────────

    attachment #2: video (video/webm) ──────────────────────────────────────────────────────────────
    ../../test-results/api-integration-👥-Wedding-2c0a3-sts-Get-Planner-Clients-API-firefox/video.webm
    ────────────────────────────────────────────────────────────────────────────────────────────────
]]>
</failure>
<system-out>
<![CDATA[
[[ATTACHMENT|test-results/api-integration-👥-Wedding-2c0a3-sts-Get-Planner-Clients-API-firefox/test-failed-1.png]]

[[ATTACHMENT|test-results/api-integration-👥-Wedding-2c0a3-sts-Get-Planner-Clients-API-firefox/video.webm]]
]]>
</system-out>
</testcase>
<testcase name="👥 Wedding Planner API Tests › Create Planner Client API" classname="api-integration.spec.ts" time="17.786">
<failure message="api-integration.spec.ts:488:7 Create Planner Client API" type="FAILURE">
<![CDATA[  [firefox] › api-integration.spec.ts:488:7 › 👥 Wedding Planner API Tests › Create Planner Client API 

    SyntaxError: Unexpected end of JSON input

      43 |     data: { email, password }
      44 |   });
    > 45 |   const data = await response.json();
         |                ^
      46 |   return data.token;
      47 | }
      48 |
        at getAuthToken (/Users/asithalakmal/Documents/web/final project/WeddingLK-next copy/tests/e2e/api-integration.spec.ts:45:16)
        at /Users/asithalakmal/Documents/web/final project/WeddingLK-next copy/tests/e2e/api-integration.spec.ts:489:19

    attachment #1: screenshot (image/png) ──────────────────────────────────────────────────────────
    ../../test-results/api-integration-👥-Wedding-61866-s-Create-Planner-Client-API-firefox/test-failed-1.png
    ────────────────────────────────────────────────────────────────────────────────────────────────

    attachment #2: video (video/webm) ──────────────────────────────────────────────────────────────
    ../../test-results/api-integration-👥-Wedding-61866-s-Create-Planner-Client-API-firefox/video.webm
    ────────────────────────────────────────────────────────────────────────────────────────────────
]]>
</failure>
<system-out>
<![CDATA[
[[ATTACHMENT|test-results/api-integration-👥-Wedding-61866-s-Create-Planner-Client-API-firefox/test-failed-1.png]]

[[ATTACHMENT|test-results/api-integration-👥-Wedding-61866-s-Create-Planner-Client-API-firefox/video.webm]]
]]>
</system-out>
</testcase>
<testcase name="👥 Wedding Planner API Tests › Get Planner Tasks API" classname="api-integration.spec.ts" time="18.759">
<failure message="api-integration.spec.ts:504:7 Get Planner Tasks API" type="FAILURE">
<![CDATA[  [firefox] › api-integration.spec.ts:504:7 › 👥 Wedding Planner API Tests › Get Planner Tasks API ─

    SyntaxError: Unexpected end of JSON input

      43 |     data: { email, password }
      44 |   });
    > 45 |   const data = await response.json();
         |                ^
      46 |   return data.token;
      47 | }
      48 |
        at getAuthToken (/Users/asithalakmal/Documents/web/final project/WeddingLK-next copy/tests/e2e/api-integration.spec.ts:45:16)
        at /Users/asithalakmal/Documents/web/final project/WeddingLK-next copy/tests/e2e/api-integration.spec.ts:505:19

    attachment #1: screenshot (image/png) ──────────────────────────────────────────────────────────
    ../../test-results/api-integration-👥-Wedding-8c90f-Tests-Get-Planner-Tasks-API-firefox/test-failed-1.png
    ────────────────────────────────────────────────────────────────────────────────────────────────

    attachment #2: video (video/webm) ──────────────────────────────────────────────────────────────
    ../../test-results/api-integration-👥-Wedding-8c90f-Tests-Get-Planner-Tasks-API-firefox/video.webm
    ────────────────────────────────────────────────────────────────────────────────────────────────
]]>
</failure>
<system-out>
<![CDATA[
[[ATTACHMENT|test-results/api-integration-👥-Wedding-8c90f-Tests-Get-Planner-Tasks-API-firefox/test-failed-1.png]]

[[ATTACHMENT|test-results/api-integration-👥-Wedding-8c90f-Tests-Get-Planner-Tasks-API-firefox/video.webm]]
]]>
</system-out>
</testcase>
<testcase name="👥 Wedding Planner API Tests › Create Planner Task API" classname="api-integration.spec.ts" time="18.091">
<failure message="api-integration.spec.ts:515:7 Create Planner Task API" type="FAILURE">
<![CDATA[  [firefox] › api-integration.spec.ts:515:7 › 👥 Wedding Planner API Tests › Create Planner Task API 

    SyntaxError: Unexpected end of JSON input

      43 |     data: { email, password }
      44 |   });
    > 45 |   const data = await response.json();
         |                ^
      46 |   return data.token;
      47 | }
      48 |
        at getAuthToken (/Users/asithalakmal/Documents/web/final project/WeddingLK-next copy/tests/e2e/api-integration.spec.ts:45:16)
        at /Users/asithalakmal/Documents/web/final project/WeddingLK-next copy/tests/e2e/api-integration.spec.ts:516:19

    attachment #1: screenshot (image/png) ──────────────────────────────────────────────────────────
    ../../test-results/api-integration-👥-Wedding-2690c-sts-Create-Planner-Task-API-firefox/test-failed-1.png
    ────────────────────────────────────────────────────────────────────────────────────────────────

    attachment #2: video (video/webm) ──────────────────────────────────────────────────────────────
    ../../test-results/api-integration-👥-Wedding-2690c-sts-Create-Planner-Task-API-firefox/video.webm
    ────────────────────────────────────────────────────────────────────────────────────────────────
]]>
</failure>
<system-out>
<![CDATA[
[[ATTACHMENT|test-results/api-integration-👥-Wedding-2690c-sts-Create-Planner-Task-API-firefox/test-failed-1.png]]

[[ATTACHMENT|test-results/api-integration-👥-Wedding-2690c-sts-Create-Planner-Task-API-firefox/video.webm]]
]]>
</system-out>
</testcase>
<testcase name="👑 Admin Management API Tests › Get All Users API" classname="api-integration.spec.ts" time="13.729">
<failure message="api-integration.spec.ts:534:7 Get All Users API" type="FAILURE">
<![CDATA[  [firefox] › api-integration.spec.ts:534:7 › 👑 Admin Management API Tests › Get All Users API ────

    SyntaxError: Unexpected end of JSON input

      43 |     data: { email, password }
      44 |   });
    > 45 |   const data = await response.json();
         |                ^
      46 |   return data.token;
      47 | }
      48 |
        at getAuthToken (/Users/asithalakmal/Documents/web/final project/WeddingLK-next copy/tests/e2e/api-integration.spec.ts:45:16)
        at /Users/asithalakmal/Documents/web/final project/WeddingLK-next copy/tests/e2e/api-integration.spec.ts:535:19

    attachment #1: screenshot (image/png) ──────────────────────────────────────────────────────────
    ../../test-results/api-integration-👑-Admin-M-2be62-API-Tests-Get-All-Users-API-firefox/test-failed-1.png
    ────────────────────────────────────────────────────────────────────────────────────────────────

    attachment #2: video (video/webm) ──────────────────────────────────────────────────────────────
    ../../test-results/api-integration-👑-Admin-M-2be62-API-Tests-Get-All-Users-API-firefox/video.webm
    ────────────────────────────────────────────────────────────────────────────────────────────────
]]>
</failure>
<system-out>
<![CDATA[
[[ATTACHMENT|test-results/api-integration-👑-Admin-M-2be62-API-Tests-Get-All-Users-API-firefox/test-failed-1.png]]

[[ATTACHMENT|test-results/api-integration-👑-Admin-M-2be62-API-Tests-Get-All-Users-API-firefox/video.webm]]
]]>
</system-out>
</testcase>
<testcase name="👑 Admin Management API Tests › Get All Vendors API" classname="api-integration.spec.ts" time="14.776">
<failure message="api-integration.spec.ts:545:7 Get All Vendors API" type="FAILURE">
<![CDATA[  [firefox] › api-integration.spec.ts:545:7 › 👑 Admin Management API Tests › Get All Vendors API ──

    SyntaxError: Unexpected end of JSON input

      43 |     data: { email, password }
      44 |   });
    > 45 |   const data = await response.json();
         |                ^
      46 |   return data.token;
      47 | }
      48 |
        at getAuthToken (/Users/asithalakmal/Documents/web/final project/WeddingLK-next copy/tests/e2e/api-integration.spec.ts:45:16)
        at /Users/asithalakmal/Documents/web/final project/WeddingLK-next copy/tests/e2e/api-integration.spec.ts:546:19

    attachment #1: screenshot (image/png) ──────────────────────────────────────────────────────────
    ../../test-results/api-integration-👑-Admin-M-588b2-I-Tests-Get-All-Vendors-API-firefox/test-failed-1.png
    ────────────────────────────────────────────────────────────────────────────────────────────────

    attachment #2: video (video/webm) ──────────────────────────────────────────────────────────────
    ../../test-results/api-integration-👑-Admin-M-588b2-I-Tests-Get-All-Vendors-API-firefox/video.webm
    ────────────────────────────────────────────────────────────────────────────────────────────────
]]>
</failure>
<system-out>
<![CDATA[
[[ATTACHMENT|test-results/api-integration-👑-Admin-M-588b2-I-Tests-Get-All-Vendors-API-firefox/test-failed-1.png]]

[[ATTACHMENT|test-results/api-integration-👑-Admin-M-588b2-I-Tests-Get-All-Vendors-API-firefox/video.webm]]
]]>
</system-out>
</testcase>
<testcase name="👑 Admin Management API Tests › Update User Role API" classname="api-integration.spec.ts" time="11.23">
<failure message="api-integration.spec.ts:556:7 Update User Role API" type="FAILURE">
<![CDATA[  [firefox] › api-integration.spec.ts:556:7 › 👑 Admin Management API Tests › Update User Role API ─

    SyntaxError: Unexpected end of JSON input

      43 |     data: { email, password }
      44 |   });
    > 45 |   const data = await response.json();
         |                ^
      46 |   return data.token;
      47 | }
      48 |
        at getAuthToken (/Users/asithalakmal/Documents/web/final project/WeddingLK-next copy/tests/e2e/api-integration.spec.ts:45:16)
        at /Users/asithalakmal/Documents/web/final project/WeddingLK-next copy/tests/e2e/api-integration.spec.ts:557:19

    attachment #1: screenshot (image/png) ──────────────────────────────────────────────────────────
    ../../test-results/api-integration-👑-Admin-M-426c4--Tests-Update-User-Role-API-firefox/test-failed-1.png
    ────────────────────────────────────────────────────────────────────────────────────────────────

    attachment #2: video (video/webm) ──────────────────────────────────────────────────────────────
    ../../test-results/api-integration-👑-Admin-M-426c4--Tests-Update-User-Role-API-firefox/video.webm
    ────────────────────────────────────────────────────────────────────────────────────────────────
]]>
</failure>
<system-out>
<![CDATA[
[[ATTACHMENT|test-results/api-integration-👑-Admin-M-426c4--Tests-Update-User-Role-API-firefox/test-failed-1.png]]

[[ATTACHMENT|test-results/api-integration-👑-Admin-M-426c4--Tests-Update-User-Role-API-firefox/video.webm]]
]]>
</system-out>
</testcase>
<testcase name="👑 Admin Management API Tests › Get Admin Reports API" classname="api-integration.spec.ts" time="13.046">
<failure message="api-integration.spec.ts:569:7 Get Admin Reports API" type="FAILURE">
<![CDATA[  [firefox] › api-integration.spec.ts:569:7 › 👑 Admin Management API Tests › Get Admin Reports API 

    SyntaxError: Unexpected end of JSON input

      43 |     data: { email, password }
      44 |   });
    > 45 |   const data = await response.json();
         |                ^
      46 |   return data.token;
      47 | }
      48 |
        at getAuthToken (/Users/asithalakmal/Documents/web/final project/WeddingLK-next copy/tests/e2e/api-integration.spec.ts:45:16)
        at /Users/asithalakmal/Documents/web/final project/WeddingLK-next copy/tests/e2e/api-integration.spec.ts:570:19

    attachment #1: screenshot (image/png) ──────────────────────────────────────────────────────────
    ../../test-results/api-integration-👑-Admin-M-bc282-Tests-Get-Admin-Reports-API-firefox/test-failed-1.png
    ────────────────────────────────────────────────────────────────────────────────────────────────

    attachment #2: video (video/webm) ──────────────────────────────────────────────────────────────
    ../../test-results/api-integration-👑-Admin-M-bc282-Tests-Get-Admin-Reports-API-firefox/video.webm
    ────────────────────────────────────────────────────────────────────────────────────────────────
]]>
</failure>
<system-out>
<![CDATA[
[[ATTACHMENT|test-results/api-integration-👑-Admin-M-bc282-Tests-Get-Admin-Reports-API-firefox/test-failed-1.png]]

[[ATTACHMENT|test-results/api-integration-👑-Admin-M-bc282-Tests-Get-Admin-Reports-API-firefox/video.webm]]
]]>
</system-out>
</testcase>
<testcase name="🔍 Search and Filter API Tests › Search Venues API" classname="api-integration.spec.ts" time="11.202">
</testcase>
<testcase name="🔍 Search and Filter API Tests › Search Vendors API" classname="api-integration.spec.ts" time="16.446">
</testcase>
<testcase name="🔍 Search and Filter API Tests › Filter Venues by Price API" classname="api-integration.spec.ts" time="8.116">
</testcase>
<testcase name="📱 Mobile API Tests › Mobile App Data API" classname="api-integration.spec.ts" time="4.989">
<failure message="api-integration.spec.ts:611:7 Mobile App Data API" type="FAILURE">
<![CDATA[  [firefox] › api-integration.spec.ts:611:7 › 📱 Mobile API Tests › Mobile App Data API ────────────

    SyntaxError: Unexpected end of JSON input

      43 |     data: { email, password }
      44 |   });
    > 45 |   const data = await response.json();
         |                ^
      46 |   return data.token;
      47 | }
      48 |
        at getAuthToken (/Users/asithalakmal/Documents/web/final project/WeddingLK-next copy/tests/e2e/api-integration.spec.ts:45:16)
        at /Users/asithalakmal/Documents/web/final project/WeddingLK-next copy/tests/e2e/api-integration.spec.ts:612:19

    attachment #1: screenshot (image/png) ──────────────────────────────────────────────────────────
    ../../test-results/api-integration-📱-Mobile-API-Tests-Mobile-App-Data-API-firefox/test-failed-1.png
    ────────────────────────────────────────────────────────────────────────────────────────────────

    attachment #2: video (video/webm) ──────────────────────────────────────────────────────────────
    ../../test-results/api-integration-📱-Mobile-API-Tests-Mobile-App-Data-API-firefox/video.webm
    ────────────────────────────────────────────────────────────────────────────────────────────────
]]>
</failure>
<system-out>
<![CDATA[
[[ATTACHMENT|test-results/api-integration-📱-Mobile-API-Tests-Mobile-App-Data-API-firefox/test-failed-1.png]]

[[ATTACHMENT|test-results/api-integration-📱-Mobile-API-Tests-Mobile-App-Data-API-firefox/video.webm]]
]]>
</system-out>
</testcase>
<testcase name="📱 Mobile API Tests › Mobile Venues API" classname="api-integration.spec.ts" time="4.951">
<failure message="api-integration.spec.ts:625:7 Mobile Venues API" type="FAILURE">
<![CDATA[  [firefox] › api-integration.spec.ts:625:7 › 📱 Mobile API Tests › Mobile Venues API ──────────────

    SyntaxError: Unexpected end of JSON input

      43 |     data: { email, password }
      44 |   });
    > 45 |   const data = await response.json();
         |                ^
      46 |   return data.token;
      47 | }
      48 |
        at getAuthToken (/Users/asithalakmal/Documents/web/final project/WeddingLK-next copy/tests/e2e/api-integration.spec.ts:45:16)
        at /Users/asithalakmal/Documents/web/final project/WeddingLK-next copy/tests/e2e/api-integration.spec.ts:626:19

    attachment #1: screenshot (image/png) ──────────────────────────────────────────────────────────
    ../../test-results/api-integration-📱-Mobile-API-Tests-Mobile-Venues-API-firefox/test-failed-1.png
    ────────────────────────────────────────────────────────────────────────────────────────────────

    attachment #2: video (video/webm) ──────────────────────────────────────────────────────────────
    ../../test-results/api-integration-📱-Mobile-API-Tests-Mobile-Venues-API-firefox/video.webm
    ────────────────────────────────────────────────────────────────────────────────────────────────
]]>
</failure>
<system-out>
<![CDATA[
[[ATTACHMENT|test-results/api-integration-📱-Mobile-API-Tests-Mobile-Venues-API-firefox/test-failed-1.png]]

[[ATTACHMENT|test-results/api-integration-📱-Mobile-API-Tests-Mobile-Venues-API-firefox/video.webm]]
]]>
</system-out>
</testcase>
<testcase name="🔔 Notification API Tests › Get Notifications API" classname="api-integration.spec.ts" time="12.37">
<failure message="api-integration.spec.ts:641:7 Get Notifications API" type="FAILURE">
<![CDATA[  [firefox] › api-integration.spec.ts:641:7 › 🔔 Notification API Tests › Get Notifications API ────

    SyntaxError: Unexpected end of JSON input

      43 |     data: { email, password }
      44 |   });
    > 45 |   const data = await response.json();
         |                ^
      46 |   return data.token;
      47 | }
      48 |
        at getAuthToken (/Users/asithalakmal/Documents/web/final project/WeddingLK-next copy/tests/e2e/api-integration.spec.ts:45:16)
        at /Users/asithalakmal/Documents/web/final project/WeddingLK-next copy/tests/e2e/api-integration.spec.ts:642:19

    attachment #1: screenshot (image/png) ──────────────────────────────────────────────────────────
    ../../test-results/api-integration-🔔-Notific-9b174-Tests-Get-Notifications-API-firefox/test-failed-1.png
    ────────────────────────────────────────────────────────────────────────────────────────────────

    attachment #2: video (video/webm) ──────────────────────────────────────────────────────────────
    ../../test-results/api-integration-🔔-Notific-9b174-Tests-Get-Notifications-API-firefox/video.webm
    ────────────────────────────────────────────────────────────────────────────────────────────────
]]>
</failure>
<system-out>
<![CDATA[
[[ATTACHMENT|test-results/api-integration-🔔-Notific-9b174-Tests-Get-Notifications-API-firefox/test-failed-1.png]]

[[ATTACHMENT|test-results/api-integration-🔔-Notific-9b174-Tests-Get-Notifications-API-firefox/video.webm]]
]]>
</system-out>
</testcase>
<testcase name="🔔 Notification API Tests › Mark Notification as Read API" classname="api-integration.spec.ts" time="10.78">
<failure message="api-integration.spec.ts:652:7 Mark Notification as Read API" type="FAILURE">
<![CDATA[  [firefox] › api-integration.spec.ts:652:7 › 🔔 Notification API Tests › Mark Notification as Read API 

    SyntaxError: Unexpected end of JSON input

      43 |     data: { email, password }
      44 |   });
    > 45 |   const data = await response.json();
         |                ^
      46 |   return data.token;
      47 | }
      48 |
        at getAuthToken (/Users/asithalakmal/Documents/web/final project/WeddingLK-next copy/tests/e2e/api-integration.spec.ts:45:16)
        at /Users/asithalakmal/Documents/web/final project/WeddingLK-next copy/tests/e2e/api-integration.spec.ts:653:19

    attachment #1: screenshot (image/png) ──────────────────────────────────────────────────────────
    ../../test-results/api-integration-🔔-Notific-6938f-rk-Notification-as-Read-API-firefox/test-failed-1.png
    ────────────────────────────────────────────────────────────────────────────────────────────────

    attachment #2: video (video/webm) ──────────────────────────────────────────────────────────────
    ../../test-results/api-integration-🔔-Notific-6938f-rk-Notification-as-Read-API-firefox/video.webm
    ────────────────────────────────────────────────────────────────────────────────────────────────
]]>
</failure>
<system-out>
<![CDATA[
[[ATTACHMENT|test-results/api-integration-🔔-Notific-6938f-rk-Notification-as-Read-API-firefox/test-failed-1.png]]

[[ATTACHMENT|test-results/api-integration-🔔-Notific-6938f-rk-Notification-as-Read-API-firefox/video.webm]]
]]>
</system-out>
</testcase>
<testcase name="🛡️ Security and Error Handling API Tests › Unauthorized API Access" classname="api-integration.spec.ts" time="11.821">
<failure message="api-integration.spec.ts:665:7 Unauthorized API Access" type="FAILURE">
<![CDATA[  [firefox] › api-integration.spec.ts:665:7 › 🛡️ Security and Error Handling API Tests › Unauthorized API Access 

    Error: expect(received).toContain(expected) // indexOf

    Expected substring: "Unauthorized"
    Received string:    "Authentication required"

      668 |     
      669 |     const data = await response.json();
    > 670 |     expect(data.error).toContain('Unauthorized');
          |                        ^
      671 |   });
      672 |
      673 |   test('Invalid Token API Access', async ({ page }) => {
        at /Users/asithalakmal/Documents/web/final project/WeddingLK-next copy/tests/e2e/api-integration.spec.ts:670:24

    attachment #1: screenshot (image/png) ──────────────────────────────────────────────────────────
    ../../test-results/api-integration-🛡️-Securi-b5273-sts-Unauthorized-API-Access-firefox/test-failed-1.png
    ────────────────────────────────────────────────────────────────────────────────────────────────

    attachment #2: video (video/webm) ──────────────────────────────────────────────────────────────
    ../../test-results/api-integration-🛡️-Securi-b5273-sts-Unauthorized-API-Access-firefox/video.webm
    ────────────────────────────────────────────────────────────────────────────────────────────────
]]>
</failure>
<system-out>
<![CDATA[
[[ATTACHMENT|test-results/api-integration-🛡️-Securi-b5273-sts-Unauthorized-API-Access-firefox/test-failed-1.png]]

[[ATTACHMENT|test-results/api-integration-🛡️-Securi-b5273-sts-Unauthorized-API-Access-firefox/video.webm]]
]]>
</system-out>
</testcase>
<testcase name="🛡️ Security and Error Handling API Tests › Invalid Token API Access" classname="api-integration.spec.ts" time="12.983">
</testcase>
<testcase name="🛡️ Security and Error Handling API Tests › Rate Limiting API" classname="api-integration.spec.ts" time="11.275">
<failure message="api-integration.spec.ts:680:7 Rate Limiting API" type="FAILURE">
<![CDATA[  [firefox] › api-integration.spec.ts:680:7 › 🛡️ Security and Error Handling API Tests › Rate Limiting API 

    Error: expect(received).toBeGreaterThan(expected)

    Expected: > 0
    Received:   0

      688 |     
      689 |     // At least one request should be rate limited
    > 690 |     expect(rateLimitedResponses.length).toBeGreaterThan(0);
          |                                         ^
      691 |   });
      692 |
      693 |   test('Input Validation API', async ({ page }) => {
        at /Users/asithalakmal/Documents/web/final project/WeddingLK-next copy/tests/e2e/api-integration.spec.ts:690:41

    attachment #1: screenshot (image/png) ──────────────────────────────────────────────────────────
    ../../test-results/api-integration-🛡️-Securi-733b3-API-Tests-Rate-Limiting-API-firefox/test-failed-1.png
    ────────────────────────────────────────────────────────────────────────────────────────────────

    attachment #2: video (video/webm) ──────────────────────────────────────────────────────────────
    ../../test-results/api-integration-🛡️-Securi-733b3-API-Tests-Rate-Limiting-API-firefox/video.webm
    ────────────────────────────────────────────────────────────────────────────────────────────────
]]>
</failure>
<system-out>
<![CDATA[
[[ATTACHMENT|test-results/api-integration-🛡️-Securi-733b3-API-Tests-Rate-Limiting-API-firefox/test-failed-1.png]]

[[ATTACHMENT|test-results/api-integration-🛡️-Securi-733b3-API-Tests-Rate-Limiting-API-firefox/video.webm]]
]]>
</system-out>
</testcase>
<testcase name="🛡️ Security and Error Handling API Tests › Input Validation API" classname="api-integration.spec.ts" time="12.63">
<failure message="api-integration.spec.ts:693:7 Input Validation API" type="FAILURE">
<![CDATA[  [firefox] › api-integration.spec.ts:693:7 › 🛡️ Security and Error Handling API Tests › Input Validation API 

    Error: expect(received).toBeDefined()

    Received: undefined

      702 |     expect(response.status()).toBe(400);
      703 |     const data = await response.json();
    > 704 |     expect(data.errors).toBeDefined();
          |                         ^
      705 |   });
      706 | });
      707 |
        at /Users/asithalakmal/Documents/web/final project/WeddingLK-next copy/tests/e2e/api-integration.spec.ts:704:25

    attachment #1: screenshot (image/png) ──────────────────────────────────────────────────────────
    ../../test-results/api-integration-🛡️-Securi-8d139--Tests-Input-Validation-API-firefox/test-failed-1.png
    ────────────────────────────────────────────────────────────────────────────────────────────────

    attachment #2: video (video/webm) ──────────────────────────────────────────────────────────────
    ../../test-results/api-integration-🛡️-Securi-8d139--Tests-Input-Validation-API-firefox/video.webm
    ────────────────────────────────────────────────────────────────────────────────────────────────
]]>
</failure>
<system-out>
<![CDATA[
[[ATTACHMENT|test-results/api-integration-🛡️-Securi-8d139--Tests-Input-Validation-API-firefox/test-failed-1.png]]

[[ATTACHMENT|test-results/api-integration-🛡️-Securi-8d139--Tests-Input-Validation-API-firefox/video.webm]]
]]>
</system-out>
</testcase>
<testcase name="📊 Analytics and Monitoring API Tests › Performance Monitoring API" classname="api-integration.spec.ts" time="13.757">
<failure message="api-integration.spec.ts:709:7 Performance Monitoring API" type="FAILURE">
<![CDATA[  [firefox] › api-integration.spec.ts:709:7 › 📊 Analytics and Monitoring API Tests › Performance Monitoring API 

    Error: expect(received).toBeDefined()

    Received: undefined

      713 |     const data = await response.json();
      714 |     expect(data.success).toBe(true);
    > 715 |     expect(data.metrics).toBeDefined();
          |                          ^
      716 |   });
      717 |
      718 |   test('Health Check API', async ({ page }) => {
        at /Users/asithalakmal/Documents/web/final project/WeddingLK-next copy/tests/e2e/api-integration.spec.ts:715:26

    attachment #1: screenshot (image/png) ──────────────────────────────────────────────────────────
    ../../test-results/api-integration-📊-Analyti-8d4fe--Performance-Monitoring-API-firefox/test-failed-1.png
    ────────────────────────────────────────────────────────────────────────────────────────────────

    attachment #2: video (video/webm) ──────────────────────────────────────────────────────────────
    ../../test-results/api-integration-📊-Analyti-8d4fe--Performance-Monitoring-API-firefox/video.webm
    ────────────────────────────────────────────────────────────────────────────────────────────────
]]>
</failure>
<system-out>
<![CDATA[
[[ATTACHMENT|test-results/api-integration-📊-Analyti-8d4fe--Performance-Monitoring-API-firefox/test-failed-1.png]]

[[ATTACHMENT|test-results/api-integration-📊-Analyti-8d4fe--Performance-Monitoring-API-firefox/video.webm]]
]]>
</system-out>
</testcase>
<testcase name="📊 Analytics and Monitoring API Tests › Health Check API" classname="api-integration.spec.ts" time="68.861">
<failure message="api-integration.spec.ts:718:7 Health Check API" type="FAILURE">
<![CDATA[  [firefox] › api-integration.spec.ts:718:7 › 📊 Analytics and Monitoring API Tests › Health Check API 

    TimeoutError: apiRequestContext.get: Timeout 60000ms exceeded.
    Call log:
      - → GET https://wedding-lk.vercel.app/api/health
        - user-agent: Mozilla/5.0 (Windows NT 10.0; Win64; x64; rv:142.0.1) Gecko/20100101 Firefox/142.0.1
        - accept: */*
        - accept-encoding: gzip,deflate,br


      717 |
      718 |   test('Health Check API', async ({ page }) => {
    > 719 |     const response = await page.request.get('/api/health');
          |                                         ^
      720 |     expect(response.status()).toBe(200);
      721 |     
      722 |     const data = await response.json();
        at /Users/asithalakmal/Documents/web/final project/WeddingLK-next copy/tests/e2e/api-integration.spec.ts:719:41

    attachment #1: screenshot (image/png) ──────────────────────────────────────────────────────────
    ../../test-results/api-integration-📊-Analyti-e1193--API-Tests-Health-Check-API-firefox/test-failed-1.png
    ────────────────────────────────────────────────────────────────────────────────────────────────

    attachment #2: video (video/webm) ──────────────────────────────────────────────────────────────
    ../../test-results/api-integration-📊-Analyti-e1193--API-Tests-Health-Check-API-firefox/video.webm
    ────────────────────────────────────────────────────────────────────────────────────────────────
]]>
</failure>
<system-out>
<![CDATA[
[[ATTACHMENT|test-results/api-integration-📊-Analyti-e1193--API-Tests-Health-Check-API-firefox/test-failed-1.png]]

[[ATTACHMENT|test-results/api-integration-📊-Analyti-e1193--API-Tests-Health-Check-API-firefox/video.webm]]
]]>
</system-out>
</testcase>
<testcase name="📊 Analytics and Monitoring API Tests › Error Tracking API" classname="api-integration.spec.ts" time="12.178">
<failure message="api-integration.spec.ts:727:7 Error Tracking API" type="FAILURE">
<![CDATA[  [firefox] › api-integration.spec.ts:727:7 › 📊 Analytics and Monitoring API Tests › Error Tracking API 

    Error: expect(received).toBe(expected) // Object.is equality

    Expected: 200
    Received: 401

      727 |   test('Error Tracking API', async ({ page }) => {
      728 |     const response = await page.request.get('/api/errors');
    > 729 |     expect(response.status()).toBe(200);
          |                               ^
      730 |     
      731 |     const data = await response.json();
      732 |     expect(data.success).toBe(true);
        at /Users/asithalakmal/Documents/web/final project/WeddingLK-next copy/tests/e2e/api-integration.spec.ts:729:31

    attachment #1: screenshot (image/png) ──────────────────────────────────────────────────────────
    ../../test-results/api-integration-📊-Analyti-cbfaa-PI-Tests-Error-Tracking-API-firefox/test-failed-1.png
    ────────────────────────────────────────────────────────────────────────────────────────────────

    attachment #2: video (video/webm) ──────────────────────────────────────────────────────────────
    ../../test-results/api-integration-📊-Analyti-cbfaa-PI-Tests-Error-Tracking-API-firefox/video.webm
    ────────────────────────────────────────────────────────────────────────────────────────────────
]]>
</failure>
<system-out>
<![CDATA[
[[ATTACHMENT|test-results/api-integration-📊-Analyti-cbfaa-PI-Tests-Error-Tracking-API-firefox/test-failed-1.png]]

[[ATTACHMENT|test-results/api-integration-📊-Analyti-cbfaa-PI-Tests-Error-Tracking-API-firefox/video.webm]]
]]>
</system-out>
</testcase>
</testsuite>
<testsuite name="auth.spec.ts" timestamp="2025-10-24T06:04:58.917Z" hostname="firefox" tests="8" failures="0" skipped="7" time="22.717" errors="0">
<testcase name="Authentication Flows › User registration -&gt; email verification -&gt; login -&gt; logout - DISABLED (Registration flow needs fixing)" classname="auth.spec.ts" time="0">
<properties>
<property name="skip" value="">
</property>
</properties>
<skipped>
</skipped>
</testcase>
<testcase name="Authentication Flows › Login with invalid credentials should show error" classname="auth.spec.ts" time="22.717">
<system-out>
<![CDATA[Test users might already exist
]]>
</system-out>
</testcase>
<testcase name="Authentication Flows › Forgot password flow - DISABLED (Feature removed)" classname="auth.spec.ts" time="0">
<properties>
<property name="skip" value="">
</property>
</properties>
<skipped>
</skipped>
</testcase>
<testcase name="Authentication Flows › Social login with Google - DISABLED (Social login removed)" classname="auth.spec.ts" time="0">
<properties>
<property name="skip" value="">
</property>
</properties>
<skipped>
</skipped>
</testcase>
<testcase name="Authentication Flows › Two-factor authentication setup - DISABLED (Feature removed)" classname="auth.spec.ts" time="0">
<properties>
<property name="skip" value="">
</property>
</properties>
<skipped>
</skipped>
</testcase>
<testcase name="Authentication Flows › Login with test user credentials - DISABLED (Database connection issue)" classname="auth.spec.ts" time="0">
<properties>
<property name="skip" value="">
</property>
</properties>
<skipped>
</skipped>
</testcase>
<testcase name="Authentication Flows › Login with test vendor credentials - DISABLED (Database connection issue)" classname="auth.spec.ts" time="0">
<properties>
<property name="skip" value="">
</property>
</properties>
<skipped>
</skipped>
</testcase>
<testcase name="Authentication Flows › Login with test admin credentials - DISABLED (Database connection issue)" classname="auth.spec.ts" time="0">
<properties>
<property name="skip" value="">
</property>
</properties>
<skipped>
</skipped>
</testcase>
</testsuite>
<testsuite name="booking.spec.ts" timestamp="2025-10-24T06:04:58.917Z" hostname="firefox" tests="6" failures="6" skipped="0" time="317.213" errors="0">
<testcase name="Booking System › Complete booking flow with payment mock" classname="booking.spec.ts" time="72.002">
<failure message="booking.spec.ts:5:7 Complete booking flow with payment mock" type="FAILURE">
<![CDATA[  [firefox] › booking.spec.ts:5:7 › Booking System › Complete booking flow with payment mock ───────

    TimeoutError: page.fill: Timeout 60000ms exceeded.
    Call log:
      - waiting for locator('input[placeholder*="Search"], input[name="search"]')


      13 |
      14 |     // Search for vendors/venues
    > 15 |     await page.fill('input[placeholder*="Search"], input[name="search"]', 'photography');
         |                ^
      16 |     await page.click('button:has-text("Search"), button[type="submit"]');
      17 |
      18 |     // Select a vendor
        at /Users/asithalakmal/Documents/web/final project/WeddingLK-next copy/tests/e2e/booking.spec.ts:15:16

    attachment #1: screenshot (image/png) ──────────────────────────────────────────────────────────
    ../../test-results/booking-Booking-System-Com-f0892-king-flow-with-payment-mock-firefox/test-failed-1.png
    ────────────────────────────────────────────────────────────────────────────────────────────────

    attachment #2: video (video/webm) ──────────────────────────────────────────────────────────────
    ../../test-results/booking-Booking-System-Com-f0892-king-flow-with-payment-mock-firefox/video.webm
    ────────────────────────────────────────────────────────────────────────────────────────────────

    Error Context: ../../test-results/booking-Booking-System-Com-f0892-king-flow-with-payment-mock-firefox/error-context.md
]]>
</failure>
<system-out>
<![CDATA[
[[ATTACHMENT|test-results/booking-Booking-System-Com-f0892-king-flow-with-payment-mock-firefox/test-failed-1.png]]

[[ATTACHMENT|test-results/booking-Booking-System-Com-f0892-king-flow-with-payment-mock-firefox/video.webm]]

[[ATTACHMENT|test-results/booking-Booking-System-Com-f0892-king-flow-with-payment-mock-firefox/error-context.md]]
]]>
</system-out>
</testcase>
<testcase name="Booking System › Booking modification and cancellation" classname="booking.spec.ts" time="51.176">
<failure message="booking.spec.ts:64:7 Booking modification and cancellation" type="FAILURE">
<![CDATA[  [firefox] › booking.spec.ts:64:7 › Booking System › Booking modification and cancellation ────────

    Error: expect(page).toHaveURL(expected) failed

    Expected pattern: /\/dashboard/
    Received string:  "https://wedding-lk.vercel.app/login"
    Timeout: 30000ms

    Call log:
      - Expect "toHaveURL" with timeout 30000ms
        33 × unexpected value "https://wedding-lk.vercel.app/login"


      68 |     await page.fill('input[name="password"]', process.env.TEST_CUSTOMER_PASSWORD || 'CustomerPass123!');
      69 |     await page.click('button[type="submit"]');
    > 70 |     await expect(page).toHaveURL(/\/dashboard/);
         |                        ^
      71 |
      72 |     // Go to bookings
      73 |     await page.goto('/dashboard/bookings');
        at /Users/asithalakmal/Documents/web/final project/WeddingLK-next copy/tests/e2e/booking.spec.ts:70:24

    attachment #1: screenshot (image/png) ──────────────────────────────────────────────────────────
    ../../test-results/booking-Booking-System-Booking-modification-and-cancellation-firefox/test-failed-1.png
    ────────────────────────────────────────────────────────────────────────────────────────────────

    attachment #2: video (video/webm) ──────────────────────────────────────────────────────────────
    ../../test-results/booking-Booking-System-Booking-modification-and-cancellation-firefox/video.webm
    ────────────────────────────────────────────────────────────────────────────────────────────────

    Error Context: ../../test-results/booking-Booking-System-Booking-modification-and-cancellation-firefox/error-context.md
]]>
</failure>
<system-out>
<![CDATA[
[[ATTACHMENT|test-results/booking-Booking-System-Booking-modification-and-cancellation-firefox/test-failed-1.png]]

[[ATTACHMENT|test-results/booking-Booking-System-Booking-modification-and-cancellation-firefox/video.webm]]

[[ATTACHMENT|test-results/booking-Booking-System-Booking-modification-and-cancellation-firefox/error-context.md]]
]]>
</system-out>
</testcase>
<testcase name="Booking System › Booking status tracking" classname="booking.spec.ts" time="49.375">
<failure message="booking.spec.ts:110:7 Booking status tracking" type="FAILURE">
<![CDATA[  [firefox] › booking.spec.ts:110:7 › Booking System › Booking status tracking ─────────────────────

    Error: expect(page).toHaveURL(expected) failed

    Expected pattern: /\/dashboard/
    Received string:  "https://wedding-lk.vercel.app/login"
    Timeout: 30000ms

    Call log:
      - Expect "toHaveURL" with timeout 30000ms
        33 × unexpected value "https://wedding-lk.vercel.app/login"


      114 |     await page.fill('input[name="password"]', process.env.TEST_CUSTOMER_PASSWORD || 'CustomerPass123!');
      115 |     await page.click('button[type="submit"]');
    > 116 |     await expect(page).toHaveURL(/\/dashboard/);
          |                        ^
      117 |
      118 |     // Go to booking details
      119 |     await page.goto('/dashboard/bookings');
        at /Users/asithalakmal/Documents/web/final project/WeddingLK-next copy/tests/e2e/booking.spec.ts:116:24

    attachment #1: screenshot (image/png) ──────────────────────────────────────────────────────────
    ../../test-results/booking-Booking-System-Booking-status-tracking-firefox/test-failed-1.png
    ────────────────────────────────────────────────────────────────────────────────────────────────

    attachment #2: video (video/webm) ──────────────────────────────────────────────────────────────
    ../../test-results/booking-Booking-System-Booking-status-tracking-firefox/video.webm
    ────────────────────────────────────────────────────────────────────────────────────────────────

    Error Context: ../../test-results/booking-Booking-System-Booking-status-tracking-firefox/error-context.md
]]>
</failure>
<system-out>
<![CDATA[
[[ATTACHMENT|test-results/booking-Booking-System-Booking-status-tracking-firefox/test-failed-1.png]]

[[ATTACHMENT|test-results/booking-Booking-System-Booking-status-tracking-firefox/video.webm]]

[[ATTACHMENT|test-results/booking-Booking-System-Booking-status-tracking-firefox/error-context.md]]
]]>
</system-out>
</testcase>
<testcase name="Booking System › Vendor booking acceptance workflow" classname="booking.spec.ts" time="52.92">
<failure message="booking.spec.ts:131:7 Vendor booking acceptance workflow" type="FAILURE">
<![CDATA[  [firefox] › booking.spec.ts:131:7 › Booking System › Vendor booking acceptance workflow ──────────

    Error: expect(locator).toBeVisible() failed

    Locator: locator('text=Vendor Bookings')
    Expected: visible
    Timeout: 30000ms
    Error: element(s) not found

    Call log:
      - Expect "toBeVisible" with timeout 30000ms
      - waiting for locator('text=Vendor Bookings')


      139 |     // Go to vendor bookings
      140 |     await page.goto('/dashboard/vendor/bookings');
    > 141 |     await expect(page.locator('text=Vendor Bookings')).toBeVisible();
          |                                                        ^
      142 |     
      143 |     // Create test booking request
      144 |     const bookingRequestResponse = await page.request.post('/api/test/create-booking-request', {
        at /Users/asithalakmal/Documents/web/final project/WeddingLK-next copy/tests/e2e/booking.spec.ts:141:56

    attachment #1: screenshot (image/png) ──────────────────────────────────────────────────────────
    ../../test-results/booking-Booking-System-Vendor-booking-acceptance-workflow-firefox/test-failed-1.png
    ────────────────────────────────────────────────────────────────────────────────────────────────

    attachment #2: video (video/webm) ──────────────────────────────────────────────────────────────
    ../../test-results/booking-Booking-System-Vendor-booking-acceptance-workflow-firefox/video.webm
    ────────────────────────────────────────────────────────────────────────────────────────────────

    Error Context: ../../test-results/booking-Booking-System-Vendor-booking-acceptance-workflow-firefox/error-context.md
]]>
</failure>
<system-out>
<![CDATA[
[[ATTACHMENT|test-results/booking-Booking-System-Vendor-booking-acceptance-workflow-firefox/test-failed-1.png]]

[[ATTACHMENT|test-results/booking-Booking-System-Vendor-booking-acceptance-workflow-firefox/video.webm]]

[[ATTACHMENT|test-results/booking-Booking-System-Vendor-booking-acceptance-workflow-firefox/error-context.md]]
]]>
</system-out>
</testcase>
<testcase name="Booking System › Booking communication and messaging" classname="booking.spec.ts" time="48.966">
<failure message="booking.spec.ts:170:7 Booking communication and messaging" type="FAILURE">
<![CDATA[  [firefox] › booking.spec.ts:170:7 › Booking System › Booking communication and messaging ─────────

    Error: expect(page).toHaveURL(expected) failed

    Expected pattern: /\/dashboard/
    Received string:  "https://wedding-lk.vercel.app/login"
    Timeout: 30000ms

    Call log:
      - Expect "toHaveURL" with timeout 30000ms
        33 × unexpected value "https://wedding-lk.vercel.app/login"


      174 |     await page.fill('input[name="password"]', process.env.TEST_CUSTOMER_PASSWORD || 'CustomerPass123!');
      175 |     await page.click('button[type="submit"]');
    > 176 |     await expect(page).toHaveURL(/\/dashboard/);
          |                        ^
      177 |
      178 |     // Go to booking messages
      179 |     await page.goto('/dashboard/bookings');
        at /Users/asithalakmal/Documents/web/final project/WeddingLK-next copy/tests/e2e/booking.spec.ts:176:24

    attachment #1: screenshot (image/png) ──────────────────────────────────────────────────────────
    ../../test-results/booking-Booking-System-Booking-communication-and-messaging-firefox/test-failed-1.png
    ────────────────────────────────────────────────────────────────────────────────────────────────

    attachment #2: video (video/webm) ──────────────────────────────────────────────────────────────
    ../../test-results/booking-Booking-System-Booking-communication-and-messaging-firefox/video.webm
    ────────────────────────────────────────────────────────────────────────────────────────────────

    Error Context: ../../test-results/booking-Booking-System-Booking-communication-and-messaging-firefox/error-context.md
]]>
</failure>
<system-out>
<![CDATA[
[[ATTACHMENT|test-results/booking-Booking-System-Booking-communication-and-messaging-firefox/test-failed-1.png]]

[[ATTACHMENT|test-results/booking-Booking-System-Booking-communication-and-messaging-firefox/video.webm]]

[[ATTACHMENT|test-results/booking-Booking-System-Booking-communication-and-messaging-firefox/error-context.md]]
]]>
</system-out>
</testcase>
<testcase name="Booking System › Booking payment and refund processing" classname="booking.spec.ts" time="42.774">
<failure message="booking.spec.ts:191:7 Booking payment and refund processing" type="FAILURE">
<![CDATA[  [firefox] › booking.spec.ts:191:7 › Booking System › Booking payment and refund processing ───────

    Error: expect(page).toHaveURL(expected) failed

    Expected pattern: /\/dashboard/
    Received string:  "https://wedding-lk.vercel.app/login"
    Timeout: 30000ms

    Call log:
      - Expect "toHaveURL" with timeout 30000ms
        33 × unexpected value "https://wedding-lk.vercel.app/login"


      195 |     await page.fill('input[name="password"]', process.env.TEST_CUSTOMER_PASSWORD || 'CustomerPass123!');
      196 |     await page.click('button[type="submit"]');
    > 197 |     await expect(page).toHaveURL(/\/dashboard/);
          |                        ^
      198 |
      199 |     // Go to booking payments
      200 |     await page.goto('/dashboard/bookings');
        at /Users/asithalakmal/Documents/web/final project/WeddingLK-next copy/tests/e2e/booking.spec.ts:197:24

    attachment #1: screenshot (image/png) ──────────────────────────────────────────────────────────
    ../../test-results/booking-Booking-System-Booking-payment-and-refund-processing-firefox/test-failed-1.png
    ────────────────────────────────────────────────────────────────────────────────────────────────

    attachment #2: video (video/webm) ──────────────────────────────────────────────────────────────
    ../../test-results/booking-Booking-System-Booking-payment-and-refund-processing-firefox/video.webm
    ────────────────────────────────────────────────────────────────────────────────────────────────

    Error Context: ../../test-results/booking-Booking-System-Booking-payment-and-refund-processing-firefox/error-context.md
]]>
</failure>
<system-out>
<![CDATA[
[[ATTACHMENT|test-results/booking-Booking-System-Booking-payment-and-refund-processing-firefox/test-failed-1.png]]

[[ATTACHMENT|test-results/booking-Booking-System-Booking-payment-and-refund-processing-firefox/video.webm]]

[[ATTACHMENT|test-results/booking-Booking-System-Booking-payment-and-refund-processing-firefox/error-context.md]]
]]>
</system-out>
</testcase>
</testsuite>
<testsuite name="comprehensive-crud.spec.ts" timestamp="2025-10-24T06:04:58.917Z" hostname="firefox" tests="28" failures="28" skipped="0" time="1297.321" errors="0">
<testcase name="🔐 Authentication &amp; User Management CRUD › User Registration Flow" classname="comprehensive-crud.spec.ts" time="30.616">
<failure message="comprehensive-crud.spec.ts:52:7 User Registration Flow" type="FAILURE">
<![CDATA[  [firefox] › comprehensive-crud.spec.ts:52:7 › 🔐 Authentication & User Management CRUD › User Registration Flow 

    Error: expect(locator).toBeVisible() failed

    Locator: locator('text=Registration successful')
    Expected: visible
    Timeout: 10000ms
    Error: element(s) not found

    Call log:
      - Expect "toBeVisible" with timeout 10000ms
      - waiting for locator('text=Registration successful')


      63 |     
      64 |     // Verify success message or redirect
    > 65 |     await expect(page.locator('text=Registration successful')).toBeVisible({ timeout: 10000 });
         |                                                                ^
      66 |   });
      67 |
      68 |   test('User Login Flow', async ({ page }) => {
        at /Users/asithalakmal/Documents/web/final project/WeddingLK-next copy/tests/e2e/comprehensive-crud.spec.ts:65:64

    attachment #1: screenshot (image/png) ──────────────────────────────────────────────────────────
    ../../test-results/comprehensive-crud-🔐-Auth-d5d79-CRUD-User-Registration-Flow-firefox/test-failed-1.png
    ────────────────────────────────────────────────────────────────────────────────────────────────

    attachment #2: video (video/webm) ──────────────────────────────────────────────────────────────
    ../../test-results/comprehensive-crud-🔐-Auth-d5d79-CRUD-User-Registration-Flow-firefox/video.webm
    ────────────────────────────────────────────────────────────────────────────────────────────────

    Error Context: ../../test-results/comprehensive-crud-🔐-Auth-d5d79-CRUD-User-Registration-Flow-firefox/error-context.md
]]>
</failure>
<system-out>
<![CDATA[
[[ATTACHMENT|test-results/comprehensive-crud-🔐-Auth-d5d79-CRUD-User-Registration-Flow-firefox/test-failed-1.png]]

[[ATTACHMENT|test-results/comprehensive-crud-🔐-Auth-d5d79-CRUD-User-Registration-Flow-firefox/video.webm]]

[[ATTACHMENT|test-results/comprehensive-crud-🔐-Auth-d5d79-CRUD-User-Registration-Flow-firefox/error-context.md]]
]]>
</system-out>
</testcase>
<testcase name="🔐 Authentication &amp; User Management CRUD › User Login Flow" classname="comprehensive-crud.spec.ts" time="33.87">
<failure message="comprehensive-crud.spec.ts:68:7 User Login Flow" type="FAILURE">
<![CDATA[  [firefox] › comprehensive-crud.spec.ts:68:7 › 🔐 Authentication & User Management CRUD › User Login Flow 

    Error: expect(page).toHaveURL(expected) failed

    Expected pattern: /\/dashboard/
    Received string:  "https://wedding-lk.vercel.app/login"
    Timeout: 10000ms

    Call log:
      - Expect "toHaveURL" with timeout 10000ms
        12 × unexpected value "https://wedding-lk.vercel.app/login"


      77 |     
      78 |     // Verify redirect to dashboard
    > 79 |     await expect(page).toHaveURL(/\/dashboard/, { timeout: 10000 });
         |                        ^
      80 |   });
      81 |
      82 |   test('User Profile CRUD Operations', async ({ page }) => {
        at /Users/asithalakmal/Documents/web/final project/WeddingLK-next copy/tests/e2e/comprehensive-crud.spec.ts:79:24

    attachment #1: screenshot (image/png) ──────────────────────────────────────────────────────────
    ../../test-results/comprehensive-crud-🔐-Auth-b3a02-gement-CRUD-User-Login-Flow-firefox/test-failed-1.png
    ────────────────────────────────────────────────────────────────────────────────────────────────

    attachment #2: video (video/webm) ──────────────────────────────────────────────────────────────
    ../../test-results/comprehensive-crud-🔐-Auth-b3a02-gement-CRUD-User-Login-Flow-firefox/video.webm
    ────────────────────────────────────────────────────────────────────────────────────────────────

    Error Context: ../../test-results/comprehensive-crud-🔐-Auth-b3a02-gement-CRUD-User-Login-Flow-firefox/error-context.md
]]>
</failure>
<system-out>
<![CDATA[
[[ATTACHMENT|test-results/comprehensive-crud-🔐-Auth-b3a02-gement-CRUD-User-Login-Flow-firefox/test-failed-1.png]]

[[ATTACHMENT|test-results/comprehensive-crud-🔐-Auth-b3a02-gement-CRUD-User-Login-Flow-firefox/video.webm]]

[[ATTACHMENT|test-results/comprehensive-crud-🔐-Auth-b3a02-gement-CRUD-User-Login-Flow-firefox/error-context.md]]
]]>
</system-out>
</testcase>
<testcase name="🔐 Authentication &amp; User Management CRUD › User Profile CRUD Operations" classname="comprehensive-crud.spec.ts" time="73.886">
<failure message="comprehensive-crud.spec.ts:82:7 User Profile CRUD Operations" type="FAILURE">
<![CDATA[  [firefox] › comprehensive-crud.spec.ts:82:7 › 🔐 Authentication & User Management CRUD › User Profile CRUD Operations 

    Error: expect(page).toHaveURL(expected) failed

    Expected pattern: /\/dashboard/
    Received string:  "https://wedding-lk.vercel.app/login"
    Timeout: 30000ms

    Call log:
      - Expect "toHaveURL" with timeout 30000ms
        28 × unexpected value "https://wedding-lk.vercel.app/login"


      86 |     await page.fill('input[name="password"]', testUsers.regularUser.password);
      87 |     await page.click('button[type="submit"]');
    > 88 |     await expect(page).toHaveURL(/\/dashboard/);
         |                        ^
      89 |
      90 |     // Navigate to profile
      91 |     await page.goto('/dashboard/profile');
        at /Users/asithalakmal/Documents/web/final project/WeddingLK-next copy/tests/e2e/comprehensive-crud.spec.ts:88:24

    attachment #1: screenshot (image/png) ──────────────────────────────────────────────────────────
    ../../test-results/comprehensive-crud-🔐-Auth-7a9a3-ser-Profile-CRUD-Operations-firefox/test-failed-1.png
    ────────────────────────────────────────────────────────────────────────────────────────────────

    attachment #2: video (video/webm) ──────────────────────────────────────────────────────────────
    ../../test-results/comprehensive-crud-🔐-Auth-7a9a3-ser-Profile-CRUD-Operations-firefox/video.webm
    ────────────────────────────────────────────────────────────────────────────────────────────────

    Error Context: ../../test-results/comprehensive-crud-🔐-Auth-7a9a3-ser-Profile-CRUD-Operations-firefox/error-context.md
]]>
</failure>
<system-out>
<![CDATA[
[[ATTACHMENT|test-results/comprehensive-crud-🔐-Auth-7a9a3-ser-Profile-CRUD-Operations-firefox/test-failed-1.png]]

[[ATTACHMENT|test-results/comprehensive-crud-🔐-Auth-7a9a3-ser-Profile-CRUD-Operations-firefox/video.webm]]

[[ATTACHMENT|test-results/comprehensive-crud-🔐-Auth-7a9a3-ser-Profile-CRUD-Operations-firefox/error-context.md]]
]]>
</system-out>
</testcase>
<testcase name="🔐 Authentication &amp; User Management CRUD › User Settings CRUD Operations" classname="comprehensive-crud.spec.ts" time="58.595">
<failure message="comprehensive-crud.spec.ts:106:7 User Settings CRUD Operations" type="FAILURE">
<![CDATA[  [firefox] › comprehensive-crud.spec.ts:106:7 › 🔐 Authentication & User Management CRUD › User Settings CRUD Operations 

    Error: expect(page).toHaveURL(expected) failed

    Expected pattern: /\/dashboard/
    Received string:  "https://wedding-lk.vercel.app/login"
    Timeout: 30000ms

    Call log:
      - Expect "toHaveURL" with timeout 30000ms
        32 × unexpected value "https://wedding-lk.vercel.app/login"


      110 |     await page.fill('input[name="password"]', testUsers.regularUser.password);
      111 |     await page.click('button[type="submit"]');
    > 112 |     await expect(page).toHaveURL(/\/dashboard/);
          |                        ^
      113 |
      114 |     // Navigate to settings
      115 |     await page.goto('/dashboard/settings');
        at /Users/asithalakmal/Documents/web/final project/WeddingLK-next copy/tests/e2e/comprehensive-crud.spec.ts:112:24

    attachment #1: screenshot (image/png) ──────────────────────────────────────────────────────────
    ../../test-results/comprehensive-crud-🔐-Auth-e8e4d-er-Settings-CRUD-Operations-firefox/test-failed-1.png
    ────────────────────────────────────────────────────────────────────────────────────────────────

    attachment #2: video (video/webm) ──────────────────────────────────────────────────────────────
    ../../test-results/comprehensive-crud-🔐-Auth-e8e4d-er-Settings-CRUD-Operations-firefox/video.webm
    ────────────────────────────────────────────────────────────────────────────────────────────────

    Error Context: ../../test-results/comprehensive-crud-🔐-Auth-e8e4d-er-Settings-CRUD-Operations-firefox/error-context.md
]]>
</failure>
<system-out>
<![CDATA[
[[ATTACHMENT|test-results/comprehensive-crud-🔐-Auth-e8e4d-er-Settings-CRUD-Operations-firefox/test-failed-1.png]]

[[ATTACHMENT|test-results/comprehensive-crud-🔐-Auth-e8e4d-er-Settings-CRUD-Operations-firefox/video.webm]]

[[ATTACHMENT|test-results/comprehensive-crud-🔐-Auth-e8e4d-er-Settings-CRUD-Operations-firefox/error-context.md]]
]]>
</system-out>
</testcase>
<testcase name="🏢 Vendor Management CRUD › Vendor Registration Flow" classname="comprehensive-crud.spec.ts" time="72.421">
<failure message="comprehensive-crud.spec.ts:131:7 Vendor Registration Flow" type="FAILURE">
<![CDATA[  [firefox] › comprehensive-crud.spec.ts:131:7 › 🏢 Vendor Management CRUD › Vendor Registration Flow 

    TimeoutError: page.fill: Timeout 60000ms exceeded.
    Call log:
      - waiting for locator('input[name="businessName"]')


      133 |     
      134 |     // Fill vendor registration form
    > 135 |     await page.fill('input[name="businessName"]', testUsers.vendor.name);
          |                ^
      136 |     await page.fill('input[name="email"]', testUsers.vendor.email);
      137 |     await page.fill('input[name="password"]', testUsers.vendor.password);
      138 |     await page.fill('input[name="phone"]', '+94771234567');
        at /Users/asithalakmal/Documents/web/final project/WeddingLK-next copy/tests/e2e/comprehensive-crud.spec.ts:135:16

    attachment #1: screenshot (image/png) ──────────────────────────────────────────────────────────
    ../../test-results/comprehensive-crud-🏢-Vend-4884e-UD-Vendor-Registration-Flow-firefox/test-failed-1.png
    ────────────────────────────────────────────────────────────────────────────────────────────────

    attachment #2: video (video/webm) ──────────────────────────────────────────────────────────────
    ../../test-results/comprehensive-crud-🏢-Vend-4884e-UD-Vendor-Registration-Flow-firefox/video.webm
    ────────────────────────────────────────────────────────────────────────────────────────────────

    Error Context: ../../test-results/comprehensive-crud-🏢-Vend-4884e-UD-Vendor-Registration-Flow-firefox/error-context.md
]]>
</failure>
<system-out>
<![CDATA[
[[ATTACHMENT|test-results/comprehensive-crud-🏢-Vend-4884e-UD-Vendor-Registration-Flow-firefox/test-failed-1.png]]

[[ATTACHMENT|test-results/comprehensive-crud-🏢-Vend-4884e-UD-Vendor-Registration-Flow-firefox/video.webm]]

[[ATTACHMENT|test-results/comprehensive-crud-🏢-Vend-4884e-UD-Vendor-Registration-Flow-firefox/error-context.md]]
]]>
</system-out>
</testcase>
<testcase name="🏢 Vendor Management CRUD › Vendor Services CRUD Operations" classname="comprehensive-crud.spec.ts" time="52.512">
<failure message="comprehensive-crud.spec.ts:148:7 Vendor Services CRUD Operations" type="FAILURE">
<![CDATA[  [firefox] › comprehensive-crud.spec.ts:148:7 › 🏢 Vendor Management CRUD › Vendor Services CRUD Operations 

    Error: expect(page).toHaveURL(expected) failed

    Expected pattern: /\/dashboard/
    Received string:  "https://wedding-lk.vercel.app/login"
    Timeout: 30000ms

    Call log:
      - Expect "toHaveURL" with timeout 30000ms
        33 × unexpected value "https://wedding-lk.vercel.app/login"


      152 |     await page.fill('input[name="password"]', testUsers.vendor.password);
      153 |     await page.click('button[type="submit"]');
    > 154 |     await expect(page).toHaveURL(/\/dashboard/);
          |                        ^
      155 |
      156 |     // Navigate to services
      157 |     await page.goto('/dashboard/vendor/services');
        at /Users/asithalakmal/Documents/web/final project/WeddingLK-next copy/tests/e2e/comprehensive-crud.spec.ts:154:24

    attachment #1: screenshot (image/png) ──────────────────────────────────────────────────────────
    ../../test-results/comprehensive-crud-🏢-Vend-64218-or-Services-CRUD-Operations-firefox/test-failed-1.png
    ────────────────────────────────────────────────────────────────────────────────────────────────

    attachment #2: video (video/webm) ──────────────────────────────────────────────────────────────
    ../../test-results/comprehensive-crud-🏢-Vend-64218-or-Services-CRUD-Operations-firefox/video.webm
    ────────────────────────────────────────────────────────────────────────────────────────────────

    Error Context: ../../test-results/comprehensive-crud-🏢-Vend-64218-or-Services-CRUD-Operations-firefox/error-context.md
]]>
</failure>
<system-out>
<![CDATA[
[[ATTACHMENT|test-results/comprehensive-crud-🏢-Vend-64218-or-Services-CRUD-Operations-firefox/test-failed-1.png]]

[[ATTACHMENT|test-results/comprehensive-crud-🏢-Vend-64218-or-Services-CRUD-Operations-firefox/video.webm]]

[[ATTACHMENT|test-results/comprehensive-crud-🏢-Vend-64218-or-Services-CRUD-Operations-firefox/error-context.md]]
]]>
</system-out>
</testcase>
<testcase name="🏢 Vendor Management CRUD › Vendor Analytics &amp; Reports" classname="comprehensive-crud.spec.ts" time="47.401">
<failure message="comprehensive-crud.spec.ts:182:7 Vendor Analytics &amp; Reports" type="FAILURE">
<![CDATA[  [firefox] › comprehensive-crud.spec.ts:182:7 › 🏢 Vendor Management CRUD › Vendor Analytics & Reports 

    Error: expect(page).toHaveURL(expected) failed

    Expected pattern: /\/dashboard/
    Received string:  "https://wedding-lk.vercel.app/login"
    Timeout: 30000ms

    Call log:
      - Expect "toHaveURL" with timeout 30000ms
        33 × unexpected value "https://wedding-lk.vercel.app/login"


      186 |     await page.fill('input[name="password"]', testUsers.vendor.password);
      187 |     await page.click('button[type="submit"]');
    > 188 |     await expect(page).toHaveURL(/\/dashboard/);
          |                        ^
      189 |
      190 |     // Navigate to analytics
      191 |     await page.goto('/dashboard/vendor/analytics');
        at /Users/asithalakmal/Documents/web/final project/WeddingLK-next copy/tests/e2e/comprehensive-crud.spec.ts:188:24

    attachment #1: screenshot (image/png) ──────────────────────────────────────────────────────────
    ../../test-results/comprehensive-crud-🏢-Vend-1244e-UD-Vendor-Analytics-Reports-firefox/test-failed-1.png
    ────────────────────────────────────────────────────────────────────────────────────────────────

    attachment #2: video (video/webm) ──────────────────────────────────────────────────────────────
    ../../test-results/comprehensive-crud-🏢-Vend-1244e-UD-Vendor-Analytics-Reports-firefox/video.webm
    ────────────────────────────────────────────────────────────────────────────────────────────────

    Error Context: ../../test-results/comprehensive-crud-🏢-Vend-1244e-UD-Vendor-Analytics-Reports-firefox/error-context.md
]]>
</failure>
<system-out>
<![CDATA[
[[ATTACHMENT|test-results/comprehensive-crud-🏢-Vend-1244e-UD-Vendor-Analytics-Reports-firefox/test-failed-1.png]]

[[ATTACHMENT|test-results/comprehensive-crud-🏢-Vend-1244e-UD-Vendor-Analytics-Reports-firefox/video.webm]]

[[ATTACHMENT|test-results/comprehensive-crud-🏢-Vend-1244e-UD-Vendor-Analytics-Reports-firefox/error-context.md]]
]]>
</system-out>
</testcase>
<testcase name="📅 Booking System CRUD › Create Booking Flow" classname="comprehensive-crud.spec.ts" time="46.742">
<failure message="comprehensive-crud.spec.ts:201:7 Create Booking Flow" type="FAILURE">
<![CDATA[  [firefox] › comprehensive-crud.spec.ts:201:7 › 📅 Booking System CRUD › Create Booking Flow ──────

    Error: expect(page).toHaveURL(expected) failed

    Expected pattern: /\/dashboard/
    Received string:  "https://wedding-lk.vercel.app/login"
    Timeout: 30000ms

    Call log:
      - Expect "toHaveURL" with timeout 30000ms
        33 × unexpected value "https://wedding-lk.vercel.app/login"


      205 |     await page.fill('input[name="password"]', testUsers.regularUser.password);
      206 |     await page.click('button[type="submit"]');
    > 207 |     await expect(page).toHaveURL(/\/dashboard/);
          |                        ^
      208 |
      209 |     // Navigate to venues
      210 |     await page.goto('/venues');
        at /Users/asithalakmal/Documents/web/final project/WeddingLK-next copy/tests/e2e/comprehensive-crud.spec.ts:207:24

    attachment #1: screenshot (image/png) ──────────────────────────────────────────────────────────
    ../../test-results/comprehensive-crud-📅-Book-32257-em-CRUD-Create-Booking-Flow-firefox/test-failed-1.png
    ────────────────────────────────────────────────────────────────────────────────────────────────

    attachment #2: video (video/webm) ──────────────────────────────────────────────────────────────
    ../../test-results/comprehensive-crud-📅-Book-32257-em-CRUD-Create-Booking-Flow-firefox/video.webm
    ────────────────────────────────────────────────────────────────────────────────────────────────

    Error Context: ../../test-results/comprehensive-crud-📅-Book-32257-em-CRUD-Create-Booking-Flow-firefox/error-context.md
]]>
</failure>
<system-out>
<![CDATA[
[[ATTACHMENT|test-results/comprehensive-crud-📅-Book-32257-em-CRUD-Create-Booking-Flow-firefox/test-failed-1.png]]

[[ATTACHMENT|test-results/comprehensive-crud-📅-Book-32257-em-CRUD-Create-Booking-Flow-firefox/video.webm]]

[[ATTACHMENT|test-results/comprehensive-crud-📅-Book-32257-em-CRUD-Create-Booking-Flow-firefox/error-context.md]]
]]>
</system-out>
</testcase>
<testcase name="📅 Booking System CRUD › Booking Management CRUD" classname="comprehensive-crud.spec.ts" time="45.865">
<failure message="comprehensive-crud.spec.ts:228:7 Booking Management CRUD" type="FAILURE">
<![CDATA[  [firefox] › comprehensive-crud.spec.ts:228:7 › 📅 Booking System CRUD › Booking Management CRUD ──

    Error: expect(page).toHaveURL(expected) failed

    Expected pattern: /\/dashboard/
    Received string:  "https://wedding-lk.vercel.app/login"
    Timeout: 30000ms

    Call log:
      - Expect "toHaveURL" with timeout 30000ms
        33 × unexpected value "https://wedding-lk.vercel.app/login"


      232 |     await page.fill('input[name="password"]', testUsers.regularUser.password);
      233 |     await page.click('button[type="submit"]');
    > 234 |     await expect(page).toHaveURL(/\/dashboard/);
          |                        ^
      235 |
      236 |     // Navigate to bookings
      237 |     await page.goto('/dashboard/bookings');
        at /Users/asithalakmal/Documents/web/final project/WeddingLK-next copy/tests/e2e/comprehensive-crud.spec.ts:234:24

    attachment #1: screenshot (image/png) ──────────────────────────────────────────────────────────
    ../../test-results/comprehensive-crud-📅-Book-0046c-RUD-Booking-Management-CRUD-firefox/test-failed-1.png
    ────────────────────────────────────────────────────────────────────────────────────────────────

    attachment #2: video (video/webm) ──────────────────────────────────────────────────────────────
    ../../test-results/comprehensive-crud-📅-Book-0046c-RUD-Booking-Management-CRUD-firefox/video.webm
    ────────────────────────────────────────────────────────────────────────────────────────────────

    Error Context: ../../test-results/comprehensive-crud-📅-Book-0046c-RUD-Booking-Management-CRUD-firefox/error-context.md
]]>
</failure>
<system-out>
<![CDATA[
[[ATTACHMENT|test-results/comprehensive-crud-📅-Book-0046c-RUD-Booking-Management-CRUD-firefox/test-failed-1.png]]

[[ATTACHMENT|test-results/comprehensive-crud-📅-Book-0046c-RUD-Booking-Management-CRUD-firefox/video.webm]]

[[ATTACHMENT|test-results/comprehensive-crud-📅-Book-0046c-RUD-Booking-Management-CRUD-firefox/error-context.md]]
]]>
</system-out>
</testcase>
<testcase name="📅 Booking System CRUD › Booking Status Tracking" classname="comprehensive-crud.spec.ts" time="49.074">
<failure message="comprehensive-crud.spec.ts:258:7 Booking Status Tracking" type="FAILURE">
<![CDATA[  [firefox] › comprehensive-crud.spec.ts:258:7 › 📅 Booking System CRUD › Booking Status Tracking ──

    Error: expect(page).toHaveURL(expected) failed

    Expected pattern: /\/dashboard/
    Received string:  "https://wedding-lk.vercel.app/login"
    Timeout: 30000ms

    Call log:
      - Expect "toHaveURL" with timeout 30000ms
        33 × unexpected value "https://wedding-lk.vercel.app/login"


      262 |     await page.fill('input[name="password"]', testUsers.vendor.password);
      263 |     await page.click('button[type="submit"]');
    > 264 |     await expect(page).toHaveURL(/\/dashboard/);
          |                        ^
      265 |
      266 |     // Navigate to vendor bookings
      267 |     await page.goto('/dashboard/vendor/bookings');
        at /Users/asithalakmal/Documents/web/final project/WeddingLK-next copy/tests/e2e/comprehensive-crud.spec.ts:264:24

    attachment #1: screenshot (image/png) ──────────────────────────────────────────────────────────
    ../../test-results/comprehensive-crud-📅-Book-6532e-RUD-Booking-Status-Tracking-firefox/test-failed-1.png
    ────────────────────────────────────────────────────────────────────────────────────────────────

    attachment #2: video (video/webm) ──────────────────────────────────────────────────────────────
    ../../test-results/comprehensive-crud-📅-Book-6532e-RUD-Booking-Status-Tracking-firefox/video.webm
    ────────────────────────────────────────────────────────────────────────────────────────────────

    Error Context: ../../test-results/comprehensive-crud-📅-Book-6532e-RUD-Booking-Status-Tracking-firefox/error-context.md
]]>
</failure>
<system-out>
<![CDATA[
[[ATTACHMENT|test-results/comprehensive-crud-📅-Book-6532e-RUD-Booking-Status-Tracking-firefox/test-failed-1.png]]

[[ATTACHMENT|test-results/comprehensive-crud-📅-Book-6532e-RUD-Booking-Status-Tracking-firefox/video.webm]]

[[ATTACHMENT|test-results/comprehensive-crud-📅-Book-6532e-RUD-Booking-Status-Tracking-firefox/error-context.md]]
]]>
</system-out>
</testcase>
<testcase name="👥 Wedding Planner CRUD Operations › Planner Client Management" classname="comprehensive-crud.spec.ts" time="51.533">
<failure message="comprehensive-crud.spec.ts:283:7 Planner Client Management" type="FAILURE">
<![CDATA[  [firefox] › comprehensive-crud.spec.ts:283:7 › 👥 Wedding Planner CRUD Operations › Planner Client Management 

    Error: expect(page).toHaveURL(expected) failed

    Expected pattern: /\/dashboard/
    Received string:  "https://wedding-lk.vercel.app/login"
    Timeout: 30000ms

    Call log:
      - Expect "toHaveURL" with timeout 30000ms
        33 × unexpected value "https://wedding-lk.vercel.app/login"


      287 |     await page.fill('input[name="password"]', testUsers.weddingPlanner.password);
      288 |     await page.click('button[type="submit"]');
    > 289 |     await expect(page).toHaveURL(/\/dashboard/);
          |                        ^
      290 |
      291 |     // Navigate to clients
      292 |     await page.goto('/dashboard/planner/clients');
        at /Users/asithalakmal/Documents/web/final project/WeddingLK-next copy/tests/e2e/comprehensive-crud.spec.ts:289:24

    attachment #1: screenshot (image/png) ──────────────────────────────────────────────────────────
    ../../test-results/comprehensive-crud-👥-Wedd-6d749-s-Planner-Client-Management-firefox/test-failed-1.png
    ────────────────────────────────────────────────────────────────────────────────────────────────

    attachment #2: video (video/webm) ──────────────────────────────────────────────────────────────
    ../../test-results/comprehensive-crud-👥-Wedd-6d749-s-Planner-Client-Management-firefox/video.webm
    ────────────────────────────────────────────────────────────────────────────────────────────────

    Error Context: ../../test-results/comprehensive-crud-👥-Wedd-6d749-s-Planner-Client-Management-firefox/error-context.md
]]>
</failure>
<system-out>
<![CDATA[
[[ATTACHMENT|test-results/comprehensive-crud-👥-Wedd-6d749-s-Planner-Client-Management-firefox/test-failed-1.png]]

[[ATTACHMENT|test-results/comprehensive-crud-👥-Wedd-6d749-s-Planner-Client-Management-firefox/video.webm]]

[[ATTACHMENT|test-results/comprehensive-crud-👥-Wedd-6d749-s-Planner-Client-Management-firefox/error-context.md]]
]]>
</system-out>
</testcase>
<testcase name="👥 Wedding Planner CRUD Operations › Planner Task Management" classname="comprehensive-crud.spec.ts" time="51.912">
<failure message="comprehensive-crud.spec.ts:313:7 Planner Task Management" type="FAILURE">
<![CDATA[  [firefox] › comprehensive-crud.spec.ts:313:7 › 👥 Wedding Planner CRUD Operations › Planner Task Management 

    Error: expect(page).toHaveURL(expected) failed

    Expected pattern: /\/dashboard/
    Received string:  "https://wedding-lk.vercel.app/login"
    Timeout: 30000ms

    Call log:
      - Expect "toHaveURL" with timeout 30000ms
        33 × unexpected value "https://wedding-lk.vercel.app/login"


      317 |     await page.fill('input[name="password"]', testUsers.weddingPlanner.password);
      318 |     await page.click('button[type="submit"]');
    > 319 |     await expect(page).toHaveURL(/\/dashboard/);
          |                        ^
      320 |
      321 |     // Navigate to tasks
      322 |     await page.goto('/dashboard/planner/tasks');
        at /Users/asithalakmal/Documents/web/final project/WeddingLK-next copy/tests/e2e/comprehensive-crud.spec.ts:319:24

    attachment #1: screenshot (image/png) ──────────────────────────────────────────────────────────
    ../../test-results/comprehensive-crud-👥-Wedd-50ee2-ons-Planner-Task-Management-firefox/test-failed-1.png
    ────────────────────────────────────────────────────────────────────────────────────────────────

    attachment #2: video (video/webm) ──────────────────────────────────────────────────────────────
    ../../test-results/comprehensive-crud-👥-Wedd-50ee2-ons-Planner-Task-Management-firefox/video.webm
    ────────────────────────────────────────────────────────────────────────────────────────────────

    Error Context: ../../test-results/comprehensive-crud-👥-Wedd-50ee2-ons-Planner-Task-Management-firefox/error-context.md
]]>
</failure>
<system-out>
<![CDATA[
[[ATTACHMENT|test-results/comprehensive-crud-👥-Wedd-50ee2-ons-Planner-Task-Management-firefox/test-failed-1.png]]

[[ATTACHMENT|test-results/comprehensive-crud-👥-Wedd-50ee2-ons-Planner-Task-Management-firefox/video.webm]]

[[ATTACHMENT|test-results/comprehensive-crud-👥-Wedd-50ee2-ons-Planner-Task-Management-firefox/error-context.md]]
]]>
</system-out>
</testcase>
<testcase name="🛡️ RBAC (Role-Based Access Control) Tests › User Role Access Control" classname="comprehensive-crud.spec.ts" time="47.391">
<failure message="comprehensive-crud.spec.ts:342:7 User Role Access Control" type="FAILURE">
<![CDATA[  [firefox] › comprehensive-crud.spec.ts:342:7 › 🛡️ RBAC (Role-Based Access Control) Tests › User Role Access Control 

    Error: expect(page).toHaveURL(expected) failed

    Expected pattern: /\/dashboard/
    Received string:  "https://wedding-lk.vercel.app/login"
    Timeout: 30000ms

    Call log:
      - Expect "toHaveURL" with timeout 30000ms
        32 × unexpected value "https://wedding-lk.vercel.app/login"


      346 |     await page.fill('input[name="password"]', testUsers.regularUser.password);
      347 |     await page.click('button[type="submit"]');
    > 348 |     await expect(page).toHaveURL(/\/dashboard/);
          |                        ^
      349 |
      350 |     // Test user can access their allowed pages
      351 |     await page.goto('/dashboard/planning');
        at /Users/asithalakmal/Documents/web/final project/WeddingLK-next copy/tests/e2e/comprehensive-crud.spec.ts:348:24

    attachment #1: screenshot (image/png) ──────────────────────────────────────────────────────────
    ../../test-results/comprehensive-crud-🛡️-RBA-b8846-ts-User-Role-Access-Control-firefox/test-failed-1.png
    ────────────────────────────────────────────────────────────────────────────────────────────────

    attachment #2: video (video/webm) ──────────────────────────────────────────────────────────────
    ../../test-results/comprehensive-crud-🛡️-RBA-b8846-ts-User-Role-Access-Control-firefox/video.webm
    ────────────────────────────────────────────────────────────────────────────────────────────────

    Error Context: ../../test-results/comprehensive-crud-🛡️-RBA-b8846-ts-User-Role-Access-Control-firefox/error-context.md
]]>
</failure>
<system-out>
<![CDATA[
[[ATTACHMENT|test-results/comprehensive-crud-🛡️-RBA-b8846-ts-User-Role-Access-Control-firefox/test-failed-1.png]]

[[ATTACHMENT|test-results/comprehensive-crud-🛡️-RBA-b8846-ts-User-Role-Access-Control-firefox/video.webm]]

[[ATTACHMENT|test-results/comprehensive-crud-🛡️-RBA-b8846-ts-User-Role-Access-Control-firefox/error-context.md]]
]]>
</system-out>
</testcase>
<testcase name="🛡️ RBAC (Role-Based Access Control) Tests › Vendor Role Access Control" classname="comprehensive-crud.spec.ts" time="39.68">
<failure message="comprehensive-crud.spec.ts:366:7 Vendor Role Access Control" type="FAILURE">
<![CDATA[  [firefox] › comprehensive-crud.spec.ts:366:7 › 🛡️ RBAC (Role-Based Access Control) Tests › Vendor Role Access Control 

    Error: expect(page).toHaveURL(expected) failed

    Expected pattern: /\/dashboard/
    Received string:  "https://wedding-lk.vercel.app/login"
    Timeout: 30000ms

    Call log:
      - Expect "toHaveURL" with timeout 30000ms
        33 × unexpected value "https://wedding-lk.vercel.app/login"


      370 |     await page.fill('input[name="password"]', testUsers.vendor.password);
      371 |     await page.click('button[type="submit"]');
    > 372 |     await expect(page).toHaveURL(/\/dashboard/);
          |                        ^
      373 |
      374 |     // Test vendor can access their allowed pages
      375 |     await page.goto('/dashboard/vendor/services');
        at /Users/asithalakmal/Documents/web/final project/WeddingLK-next copy/tests/e2e/comprehensive-crud.spec.ts:372:24

    attachment #1: screenshot (image/png) ──────────────────────────────────────────────────────────
    ../../test-results/comprehensive-crud-🛡️-RBA-76435--Vendor-Role-Access-Control-firefox/test-failed-1.png
    ────────────────────────────────────────────────────────────────────────────────────────────────

    attachment #2: video (video/webm) ──────────────────────────────────────────────────────────────
    ../../test-results/comprehensive-crud-🛡️-RBA-76435--Vendor-Role-Access-Control-firefox/video.webm
    ────────────────────────────────────────────────────────────────────────────────────────────────

    Error Context: ../../test-results/comprehensive-crud-🛡️-RBA-76435--Vendor-Role-Access-Control-firefox/error-context.md
]]>
</failure>
<system-out>
<![CDATA[
[[ATTACHMENT|test-results/comprehensive-crud-🛡️-RBA-76435--Vendor-Role-Access-Control-firefox/test-failed-1.png]]

[[ATTACHMENT|test-results/comprehensive-crud-🛡️-RBA-76435--Vendor-Role-Access-Control-firefox/video.webm]]

[[ATTACHMENT|test-results/comprehensive-crud-🛡️-RBA-76435--Vendor-Role-Access-Control-firefox/error-context.md]]
]]>
</system-out>
</testcase>
<testcase name="🛡️ RBAC (Role-Based Access Control) Tests › Admin Role Access Control" classname="comprehensive-crud.spec.ts" time="40.304">
<failure message="comprehensive-crud.spec.ts:390:7 Admin Role Access Control" type="FAILURE">
<![CDATA[  [firefox] › comprehensive-crud.spec.ts:390:7 › 🛡️ RBAC (Role-Based Access Control) Tests › Admin Role Access Control 

    Error: expect(page).toHaveURL(expected) failed

    Expected pattern: /\/dashboard/
    Received string:  "https://wedding-lk.vercel.app/login"
    Timeout: 30000ms

    Call log:
      - Expect "toHaveURL" with timeout 30000ms
        33 × unexpected value "https://wedding-lk.vercel.app/login"


      394 |     await page.fill('input[name="password"]', testUsers.admin.password);
      395 |     await page.click('button[type="submit"]');
    > 396 |     await expect(page).toHaveURL(/\/dashboard/);
          |                        ^
      397 |
      398 |     // Test admin can access all pages
      399 |     await page.goto('/dashboard/admin');
        at /Users/asithalakmal/Documents/web/final project/WeddingLK-next copy/tests/e2e/comprehensive-crud.spec.ts:396:24

    attachment #1: screenshot (image/png) ──────────────────────────────────────────────────────────
    ../../test-results/comprehensive-crud-🛡️-RBA-d2e91-s-Admin-Role-Access-Control-firefox/test-failed-1.png
    ────────────────────────────────────────────────────────────────────────────────────────────────

    attachment #2: video (video/webm) ──────────────────────────────────────────────────────────────
    ../../test-results/comprehensive-crud-🛡️-RBA-d2e91-s-Admin-Role-Access-Control-firefox/video.webm
    ────────────────────────────────────────────────────────────────────────────────────────────────

    Error Context: ../../test-results/comprehensive-crud-🛡️-RBA-d2e91-s-Admin-Role-Access-Control-firefox/error-context.md
]]>
</failure>
<system-out>
<![CDATA[
[[ATTACHMENT|test-results/comprehensive-crud-🛡️-RBA-d2e91-s-Admin-Role-Access-Control-firefox/test-failed-1.png]]

[[ATTACHMENT|test-results/comprehensive-crud-🛡️-RBA-d2e91-s-Admin-Role-Access-Control-firefox/video.webm]]

[[ATTACHMENT|test-results/comprehensive-crud-🛡️-RBA-d2e91-s-Admin-Role-Access-Control-firefox/error-context.md]]
]]>
</system-out>
</testcase>
<testcase name="🛡️ RBAC (Role-Based Access Control) Tests › Middleware Route Protection" classname="comprehensive-crud.spec.ts" time="37.58">
<failure message="comprehensive-crud.spec.ts:412:7 Middleware Route Protection" type="FAILURE">
<![CDATA[  [firefox] › comprehensive-crud.spec.ts:412:7 › 🛡️ RBAC (Role-Based Access Control) Tests › Middleware Route Protection 

    Error: expect(page).toHaveURL(expected) failed

    Expected pattern: /\/auth\/signin/
    Received string:  "https://wedding-lk.vercel.app/dashboard"
    Timeout: 30000ms

    Call log:
      - Expect "toHaveURL" with timeout 30000ms
        33 × unexpected value "https://wedding-lk.vercel.app/dashboard"


      413 |     // Test unauthenticated access to protected routes
      414 |     await page.goto('/dashboard');
    > 415 |     await expect(page).toHaveURL(/\/auth\/signin/);
          |                        ^
      416 |     
      417 |     await page.goto('/dashboard/profile');
      418 |     await expect(page).toHaveURL(/\/auth\/signin/);
        at /Users/asithalakmal/Documents/web/final project/WeddingLK-next copy/tests/e2e/comprehensive-crud.spec.ts:415:24

    attachment #1: screenshot (image/png) ──────────────────────────────────────────────────────────
    ../../test-results/comprehensive-crud-🛡️-RBA-c8703-Middleware-Route-Protection-firefox/test-failed-1.png
    ────────────────────────────────────────────────────────────────────────────────────────────────

    attachment #2: video (video/webm) ──────────────────────────────────────────────────────────────
    ../../test-results/comprehensive-crud-🛡️-RBA-c8703-Middleware-Route-Protection-firefox/video.webm
    ────────────────────────────────────────────────────────────────────────────────────────────────

    Error Context: ../../test-results/comprehensive-crud-🛡️-RBA-c8703-Middleware-Route-Protection-firefox/error-context.md
]]>
</failure>
<system-out>
<![CDATA[
[[ATTACHMENT|test-results/comprehensive-crud-🛡️-RBA-c8703-Middleware-Route-Protection-firefox/test-failed-1.png]]

[[ATTACHMENT|test-results/comprehensive-crud-🛡️-RBA-c8703-Middleware-Route-Protection-firefox/video.webm]]

[[ATTACHMENT|test-results/comprehensive-crud-🛡️-RBA-c8703-Middleware-Route-Protection-firefox/error-context.md]]
]]>
</system-out>
</testcase>
<testcase name="💳 Payment &amp; Financial CRUD › Payment Processing Flow" classname="comprehensive-crud.spec.ts" time="39.075">
<failure message="comprehensive-crud.spec.ts:426:7 Payment Processing Flow" type="FAILURE">
<![CDATA[  [firefox] › comprehensive-crud.spec.ts:426:7 › 💳 Payment & Financial CRUD › Payment Processing Flow 

    Error: expect(page).toHaveURL(expected) failed

    Expected pattern: /\/dashboard/
    Received string:  "https://wedding-lk.vercel.app/login"
    Timeout: 30000ms

    Call log:
      - Expect "toHaveURL" with timeout 30000ms
        33 × unexpected value "https://wedding-lk.vercel.app/login"


      430 |     await page.fill('input[name="password"]', testUsers.regularUser.password);
      431 |     await page.click('button[type="submit"]');
    > 432 |     await expect(page).toHaveURL(/\/dashboard/);
          |                        ^
      433 |
      434 |     // Navigate to checkout
      435 |     await page.goto('/checkout');
        at /Users/asithalakmal/Documents/web/final project/WeddingLK-next copy/tests/e2e/comprehensive-crud.spec.ts:432:24

    attachment #1: screenshot (image/png) ──────────────────────────────────────────────────────────
    ../../test-results/comprehensive-crud-💳-Paym-6f1ed-RUD-Payment-Processing-Flow-firefox/test-failed-1.png
    ────────────────────────────────────────────────────────────────────────────────────────────────

    attachment #2: video (video/webm) ──────────────────────────────────────────────────────────────
    ../../test-results/comprehensive-crud-💳-Paym-6f1ed-RUD-Payment-Processing-Flow-firefox/video.webm
    ────────────────────────────────────────────────────────────────────────────────────────────────

    Error Context: ../../test-results/comprehensive-crud-💳-Paym-6f1ed-RUD-Payment-Processing-Flow-firefox/error-context.md
]]>
</failure>
<system-out>
<![CDATA[
[[ATTACHMENT|test-results/comprehensive-crud-💳-Paym-6f1ed-RUD-Payment-Processing-Flow-firefox/test-failed-1.png]]

[[ATTACHMENT|test-results/comprehensive-crud-💳-Paym-6f1ed-RUD-Payment-Processing-Flow-firefox/video.webm]]

[[ATTACHMENT|test-results/comprehensive-crud-💳-Paym-6f1ed-RUD-Payment-Processing-Flow-firefox/error-context.md]]
]]>
</system-out>
</testcase>
<testcase name="💳 Payment &amp; Financial CRUD › Payment History &amp; Management" classname="comprehensive-crud.spec.ts" time="38.137">
<failure message="comprehensive-crud.spec.ts:450:7 Payment History &amp; Management" type="FAILURE">
<![CDATA[  [firefox] › comprehensive-crud.spec.ts:450:7 › 💳 Payment & Financial CRUD › Payment History & Management 

    Error: expect(page).toHaveURL(expected) failed

    Expected pattern: /\/dashboard/
    Received string:  "https://wedding-lk.vercel.app/login"
    Timeout: 30000ms

    Call log:
      - Expect "toHaveURL" with timeout 30000ms
        33 × unexpected value "https://wedding-lk.vercel.app/login"


      454 |     await page.fill('input[name="password"]', testUsers.regularUser.password);
      455 |     await page.click('button[type="submit"]');
    > 456 |     await expect(page).toHaveURL(/\/dashboard/);
          |                        ^
      457 |
      458 |     // Navigate to payments
      459 |     await page.goto('/dashboard/payments');
        at /Users/asithalakmal/Documents/web/final project/WeddingLK-next copy/tests/e2e/comprehensive-crud.spec.ts:456:24

    attachment #1: screenshot (image/png) ──────────────────────────────────────────────────────────
    ../../test-results/comprehensive-crud-💳-Paym-d962d--Payment-History-Management-firefox/test-failed-1.png
    ────────────────────────────────────────────────────────────────────────────────────────────────

    attachment #2: video (video/webm) ──────────────────────────────────────────────────────────────
    ../../test-results/comprehensive-crud-💳-Paym-d962d--Payment-History-Management-firefox/video.webm
    ────────────────────────────────────────────────────────────────────────────────────────────────

    Error Context: ../../test-results/comprehensive-crud-💳-Paym-d962d--Payment-History-Management-firefox/error-context.md
]]>
</failure>
<system-out>
<![CDATA[
[[ATTACHMENT|test-results/comprehensive-crud-💳-Paym-d962d--Payment-History-Management-firefox/test-failed-1.png]]

[[ATTACHMENT|test-results/comprehensive-crud-💳-Paym-d962d--Payment-History-Management-firefox/video.webm]]

[[ATTACHMENT|test-results/comprehensive-crud-💳-Paym-d962d--Payment-History-Management-firefox/error-context.md]]
]]>
</system-out>
</testcase>
<testcase name="📱 Mobile &amp; Responsive CRUD › Mobile Navigation &amp; CRUD Operations" classname="comprehensive-crud.spec.ts" time="39.324">
<failure message="comprehensive-crud.spec.ts:471:7 Mobile Navigation &amp; CRUD Operations" type="FAILURE">
<![CDATA[  [firefox] › comprehensive-crud.spec.ts:471:7 › 📱 Mobile & Responsive CRUD › Mobile Navigation & CRUD Operations 

    Error: expect(page).toHaveURL(expected) failed

    Expected pattern: /\/dashboard/
    Received string:  "https://wedding-lk.vercel.app/login"
    Timeout: 30000ms

    Call log:
      - Expect "toHaveURL" with timeout 30000ms
        32 × unexpected value "https://wedding-lk.vercel.app/login"


      478 |     await page.fill('input[name="password"]', testUsers.regularUser.password);
      479 |     await page.click('button[type="submit"]');
    > 480 |     await expect(page).toHaveURL(/\/dashboard/);
          |                        ^
      481 |
      482 |     // Test mobile navigation
      483 |     await page.click('button[data-testid="mobile-menu"]');
        at /Users/asithalakmal/Documents/web/final project/WeddingLK-next copy/tests/e2e/comprehensive-crud.spec.ts:480:24

    attachment #1: screenshot (image/png) ──────────────────────────────────────────────────────────
    ../../test-results/comprehensive-crud-📱-Mobi-c12a8--Navigation-CRUD-Operations-firefox/test-failed-1.png
    ────────────────────────────────────────────────────────────────────────────────────────────────

    attachment #2: video (video/webm) ──────────────────────────────────────────────────────────────
    ../../test-results/comprehensive-crud-📱-Mobi-c12a8--Navigation-CRUD-Operations-firefox/video.webm
    ────────────────────────────────────────────────────────────────────────────────────────────────

    Error Context: ../../test-results/comprehensive-crud-📱-Mobi-c12a8--Navigation-CRUD-Operations-firefox/error-context.md
]]>
</failure>
<system-out>
<![CDATA[
[[ATTACHMENT|test-results/comprehensive-crud-📱-Mobi-c12a8--Navigation-CRUD-Operations-firefox/test-failed-1.png]]

[[ATTACHMENT|test-results/comprehensive-crud-📱-Mobi-c12a8--Navigation-CRUD-Operations-firefox/video.webm]]

[[ATTACHMENT|test-results/comprehensive-crud-📱-Mobi-c12a8--Navigation-CRUD-Operations-firefox/error-context.md]]
]]>
</system-out>
</testcase>
<testcase name="🔍 Search &amp; Filter CRUD › Venue Search &amp; Filter Operations" classname="comprehensive-crud.spec.ts" time="65.71">
<failure message="comprehensive-crud.spec.ts:501:7 Venue Search &amp; Filter Operations" type="FAILURE">
<![CDATA[  [firefox] › comprehensive-crud.spec.ts:501:7 › 🔍 Search & Filter CRUD › Venue Search & Filter Operations 

    TimeoutError: page.fill: Timeout 60000ms exceeded.
    Call log:
      - waiting for locator('input[placeholder*="Search venues"]')


      503 |     
      504 |     // Search for venues
    > 505 |     await page.fill('input[placeholder*="Search venues"]', 'Colombo');
          |                ^
      506 |     await page.click('button:has-text("Search")');
      507 |     
      508 |     // Apply filters
        at /Users/asithalakmal/Documents/web/final project/WeddingLK-next copy/tests/e2e/comprehensive-crud.spec.ts:505:16

    attachment #1: screenshot (image/png) ──────────────────────────────────────────────────────────
    ../../test-results/comprehensive-crud-🔍-Sear-77ac3-ue-Search-Filter-Operations-firefox/test-failed-1.png
    ────────────────────────────────────────────────────────────────────────────────────────────────

    attachment #2: video (video/webm) ──────────────────────────────────────────────────────────────
    ../../test-results/comprehensive-crud-🔍-Sear-77ac3-ue-Search-Filter-Operations-firefox/video.webm
    ────────────────────────────────────────────────────────────────────────────────────────────────

    Error Context: ../../test-results/comprehensive-crud-🔍-Sear-77ac3-ue-Search-Filter-Operations-firefox/error-context.md
]]>
</failure>
<system-out>
<![CDATA[
[[ATTACHMENT|test-results/comprehensive-crud-🔍-Sear-77ac3-ue-Search-Filter-Operations-firefox/test-failed-1.png]]

[[ATTACHMENT|test-results/comprehensive-crud-🔍-Sear-77ac3-ue-Search-Filter-Operations-firefox/video.webm]]

[[ATTACHMENT|test-results/comprehensive-crud-🔍-Sear-77ac3-ue-Search-Filter-Operations-firefox/error-context.md]]
]]>
</system-out>
</testcase>
<testcase name="🔍 Search &amp; Filter CRUD › Vendor Search &amp; Filter Operations" classname="comprehensive-crud.spec.ts" time="66.453">
<failure message="comprehensive-crud.spec.ts:518:7 Vendor Search &amp; Filter Operations" type="FAILURE">
<![CDATA[  [firefox] › comprehensive-crud.spec.ts:518:7 › 🔍 Search & Filter CRUD › Vendor Search & Filter Operations 

    TimeoutError: page.fill: Timeout 60000ms exceeded.
    Call log:
      - waiting for locator('input[placeholder*="Search vendors"]')


      520 |     
      521 |     // Search for vendors
    > 522 |     await page.fill('input[placeholder*="Search vendors"]', 'photography');
          |                ^
      523 |     await page.click('button:has-text("Search")');
      524 |     
      525 |     // Apply category filters
        at /Users/asithalakmal/Documents/web/final project/WeddingLK-next copy/tests/e2e/comprehensive-crud.spec.ts:522:16

    attachment #1: screenshot (image/png) ──────────────────────────────────────────────────────────
    ../../test-results/comprehensive-crud-🔍-Sear-8b262-or-Search-Filter-Operations-firefox/test-failed-1.png
    ────────────────────────────────────────────────────────────────────────────────────────────────

    attachment #2: video (video/webm) ──────────────────────────────────────────────────────────────
    ../../test-results/comprehensive-crud-🔍-Sear-8b262-or-Search-Filter-Operations-firefox/video.webm
    ────────────────────────────────────────────────────────────────────────────────────────────────

    Error Context: ../../test-results/comprehensive-crud-🔍-Sear-8b262-or-Search-Filter-Operations-firefox/error-context.md
]]>
</failure>
<system-out>
<![CDATA[
[[ATTACHMENT|test-results/comprehensive-crud-🔍-Sear-8b262-or-Search-Filter-Operations-firefox/test-failed-1.png]]

[[ATTACHMENT|test-results/comprehensive-crud-🔍-Sear-8b262-or-Search-Filter-Operations-firefox/video.webm]]

[[ATTACHMENT|test-results/comprehensive-crud-🔍-Sear-8b262-or-Search-Filter-Operations-firefox/error-context.md]]
]]>
</system-out>
</testcase>
<testcase name="📊 Analytics &amp; Reporting CRUD › User Analytics Dashboard" classname="comprehensive-crud.spec.ts" time="37.104">
<failure message="comprehensive-crud.spec.ts:535:7 User Analytics Dashboard" type="FAILURE">
<![CDATA[  [firefox] › comprehensive-crud.spec.ts:535:7 › 📊 Analytics & Reporting CRUD › User Analytics Dashboard 

    Error: expect(page).toHaveURL(expected) failed

    Expected pattern: /\/dashboard/
    Received string:  "https://wedding-lk.vercel.app/login"
    Timeout: 30000ms

    Call log:
      - Expect "toHaveURL" with timeout 30000ms
        33 × unexpected value "https://wedding-lk.vercel.app/login"


      539 |     await page.fill('input[name="password"]', testUsers.regularUser.password);
      540 |     await page.click('button[type="submit"]');
    > 541 |     await expect(page).toHaveURL(/\/dashboard/);
          |                        ^
      542 |
      543 |     // Navigate to analytics
      544 |     await page.goto('/dashboard/analytics');
        at /Users/asithalakmal/Documents/web/final project/WeddingLK-next copy/tests/e2e/comprehensive-crud.spec.ts:541:24

    attachment #1: screenshot (image/png) ──────────────────────────────────────────────────────────
    ../../test-results/comprehensive-crud-📊-Anal-bd0f7-UD-User-Analytics-Dashboard-firefox/test-failed-1.png
    ────────────────────────────────────────────────────────────────────────────────────────────────

    attachment #2: video (video/webm) ──────────────────────────────────────────────────────────────
    ../../test-results/comprehensive-crud-📊-Anal-bd0f7-UD-User-Analytics-Dashboard-firefox/video.webm
    ────────────────────────────────────────────────────────────────────────────────────────────────

    Error Context: ../../test-results/comprehensive-crud-📊-Anal-bd0f7-UD-User-Analytics-Dashboard-firefox/error-context.md
]]>
</failure>
<system-out>
<![CDATA[
[[ATTACHMENT|test-results/comprehensive-crud-📊-Anal-bd0f7-UD-User-Analytics-Dashboard-firefox/test-failed-1.png]]

[[ATTACHMENT|test-results/comprehensive-crud-📊-Anal-bd0f7-UD-User-Analytics-Dashboard-firefox/video.webm]]

[[ATTACHMENT|test-results/comprehensive-crud-📊-Anal-bd0f7-UD-User-Analytics-Dashboard-firefox/error-context.md]]
]]>
</system-out>
</testcase>
<testcase name="📊 Analytics &amp; Reporting CRUD › Admin Analytics &amp; Reports" classname="comprehensive-crud.spec.ts" time="41.514">
<failure message="comprehensive-crud.spec.ts:552:7 Admin Analytics &amp; Reports" type="FAILURE">
<![CDATA[  [firefox] › comprehensive-crud.spec.ts:552:7 › 📊 Analytics & Reporting CRUD › Admin Analytics & Reports 

    Error: expect(page).toHaveURL(expected) failed

    Expected pattern: /\/dashboard/
    Received string:  "https://wedding-lk.vercel.app/login"
    Timeout: 30000ms

    Call log:
      - Expect "toHaveURL" with timeout 30000ms
        33 × unexpected value "https://wedding-lk.vercel.app/login"


      556 |     await page.fill('input[name="password"]', testUsers.admin.password);
      557 |     await page.click('button[type="submit"]');
    > 558 |     await expect(page).toHaveURL(/\/dashboard/);
          |                        ^
      559 |
      560 |     // Navigate to admin analytics
      561 |     await page.goto('/dashboard/admin/reports');
        at /Users/asithalakmal/Documents/web/final project/WeddingLK-next copy/tests/e2e/comprehensive-crud.spec.ts:558:24

    attachment #1: screenshot (image/png) ──────────────────────────────────────────────────────────
    ../../test-results/comprehensive-crud-📊-Anal-de256-RUD-Admin-Analytics-Reports-firefox/test-failed-1.png
    ────────────────────────────────────────────────────────────────────────────────────────────────

    attachment #2: video (video/webm) ──────────────────────────────────────────────────────────────
    ../../test-results/comprehensive-crud-📊-Anal-de256-RUD-Admin-Analytics-Reports-firefox/video.webm
    ────────────────────────────────────────────────────────────────────────────────────────────────

    Error Context: ../../test-results/comprehensive-crud-📊-Anal-de256-RUD-Admin-Analytics-Reports-firefox/error-context.md
]]>
</failure>
<system-out>
<![CDATA[
[[ATTACHMENT|test-results/comprehensive-crud-📊-Anal-de256-RUD-Admin-Analytics-Reports-firefox/test-failed-1.png]]

[[ATTACHMENT|test-results/comprehensive-crud-📊-Anal-de256-RUD-Admin-Analytics-Reports-firefox/video.webm]]

[[ATTACHMENT|test-results/comprehensive-crud-📊-Anal-de256-RUD-Admin-Analytics-Reports-firefox/error-context.md]]
]]>
</system-out>
</testcase>
<testcase name="🔔 Notification &amp; Communication CRUD › Notification Management" classname="comprehensive-crud.spec.ts" time="37.729">
<failure message="comprehensive-crud.spec.ts:581:7 Notification Management" type="FAILURE">
<![CDATA[  [firefox] › comprehensive-crud.spec.ts:581:7 › 🔔 Notification & Communication CRUD › Notification Management 

    Error: expect(page).toHaveURL(expected) failed

    Expected pattern: /\/dashboard/
    Received string:  "https://wedding-lk.vercel.app/login"
    Timeout: 30000ms

    Call log:
      - Expect "toHaveURL" with timeout 30000ms
        33 × unexpected value "https://wedding-lk.vercel.app/login"


      585 |     await page.fill('input[name="password"]', testUsers.regularUser.password);
      586 |     await page.click('button[type="submit"]');
    > 587 |     await expect(page).toHaveURL(/\/dashboard/);
          |                        ^
      588 |
      589 |     // Navigate to notifications
      590 |     await page.goto('/dashboard/notifications');
        at /Users/asithalakmal/Documents/web/final project/WeddingLK-next copy/tests/e2e/comprehensive-crud.spec.ts:587:24

    attachment #1: screenshot (image/png) ──────────────────────────────────────────────────────────
    ../../test-results/comprehensive-crud-🔔-Noti-e4267-RUD-Notification-Management-firefox/test-failed-1.png
    ────────────────────────────────────────────────────────────────────────────────────────────────

    attachment #2: video (video/webm) ──────────────────────────────────────────────────────────────
    ../../test-results/comprehensive-crud-🔔-Noti-e4267-RUD-Notification-Management-firefox/video.webm
    ────────────────────────────────────────────────────────────────────────────────────────────────

    Error Context: ../../test-results/comprehensive-crud-🔔-Noti-e4267-RUD-Notification-Management-firefox/error-context.md
]]>
</failure>
<system-out>
<![CDATA[
[[ATTACHMENT|test-results/comprehensive-crud-🔔-Noti-e4267-RUD-Notification-Management-firefox/test-failed-1.png]]

[[ATTACHMENT|test-results/comprehensive-crud-🔔-Noti-e4267-RUD-Notification-Management-firefox/video.webm]]

[[ATTACHMENT|test-results/comprehensive-crud-🔔-Noti-e4267-RUD-Notification-Management-firefox/error-context.md]]
]]>
</system-out>
</testcase>
<testcase name="🔔 Notification &amp; Communication CRUD › Message System CRUD" classname="comprehensive-crud.spec.ts" time="39.356">
<failure message="comprehensive-crud.spec.ts:605:7 Message System CRUD" type="FAILURE">
<![CDATA[  [firefox] › comprehensive-crud.spec.ts:605:7 › 🔔 Notification & Communication CRUD › Message System CRUD 

    Error: expect(page).toHaveURL(expected) failed

    Expected pattern: /\/dashboard/
    Received string:  "https://wedding-lk.vercel.app/login"
    Timeout: 30000ms

    Call log:
      - Expect "toHaveURL" with timeout 30000ms
        33 × unexpected value "https://wedding-lk.vercel.app/login"


      609 |     await page.fill('input[name="password"]', testUsers.regularUser.password);
      610 |     await page.click('button[type="submit"]');
    > 611 |     await expect(page).toHaveURL(/\/dashboard/);
          |                        ^
      612 |
      613 |     // Navigate to messages
      614 |     await page.goto('/dashboard/messages');
        at /Users/asithalakmal/Documents/web/final project/WeddingLK-next copy/tests/e2e/comprehensive-crud.spec.ts:611:24

    attachment #1: screenshot (image/png) ──────────────────────────────────────────────────────────
    ../../test-results/comprehensive-crud-🔔-Noti-e1c21-on-CRUD-Message-System-CRUD-firefox/test-failed-1.png
    ────────────────────────────────────────────────────────────────────────────────────────────────

    attachment #2: video (video/webm) ──────────────────────────────────────────────────────────────
    ../../test-results/comprehensive-crud-🔔-Noti-e1c21-on-CRUD-Message-System-CRUD-firefox/video.webm
    ────────────────────────────────────────────────────────────────────────────────────────────────

    Error Context: ../../test-results/comprehensive-crud-🔔-Noti-e1c21-on-CRUD-Message-System-CRUD-firefox/error-context.md
]]>
</failure>
<system-out>
<![CDATA[
[[ATTACHMENT|test-results/comprehensive-crud-🔔-Noti-e1c21-on-CRUD-Message-System-CRUD-firefox/test-failed-1.png]]

[[ATTACHMENT|test-results/comprehensive-crud-🔔-Noti-e1c21-on-CRUD-Message-System-CRUD-firefox/video.webm]]

[[ATTACHMENT|test-results/comprehensive-crud-🔔-Noti-e1c21-on-CRUD-Message-System-CRUD-firefox/error-context.md]]
]]>
</system-out>
</testcase>
<testcase name="🔄 Data Synchronization &amp; Cache CRUD › Data Cache Management" classname="comprehensive-crud.spec.ts" time="37.275">
<failure message="comprehensive-crud.spec.ts:633:7 Data Cache Management" type="FAILURE">
<![CDATA[  [firefox] › comprehensive-crud.spec.ts:633:7 › 🔄 Data Synchronization & Cache CRUD › Data Cache Management 

    Error: expect(page).toHaveURL(expected) failed

    Expected pattern: /\/dashboard/
    Received string:  "https://wedding-lk.vercel.app/login"
    Timeout: 30000ms

    Call log:
      - Expect "toHaveURL" with timeout 30000ms
        33 × unexpected value "https://wedding-lk.vercel.app/login"


      637 |     await page.fill('input[name="password"]', testUsers.admin.password);
      638 |     await page.click('button[type="submit"]');
    > 639 |     await expect(page).toHaveURL(/\/dashboard/);
          |                        ^
      640 |
      641 |     // Navigate to cache management
      642 |     await page.goto('/dashboard/cache-demo');
        at /Users/asithalakmal/Documents/web/final project/WeddingLK-next copy/tests/e2e/comprehensive-crud.spec.ts:639:24

    attachment #1: screenshot (image/png) ──────────────────────────────────────────────────────────
    ../../test-results/comprehensive-crud-🔄-Data-ae5cf--CRUD-Data-Cache-Management-firefox/test-failed-1.png
    ────────────────────────────────────────────────────────────────────────────────────────────────

    attachment #2: video (video/webm) ──────────────────────────────────────────────────────────────
    ../../test-results/comprehensive-crud-🔄-Data-ae5cf--CRUD-Data-Cache-Management-firefox/video.webm
    ────────────────────────────────────────────────────────────────────────────────────────────────

    Error Context: ../../test-results/comprehensive-crud-🔄-Data-ae5cf--CRUD-Data-Cache-Management-firefox/error-context.md
]]>
</failure>
<system-out>
<![CDATA[
[[ATTACHMENT|test-results/comprehensive-crud-🔄-Data-ae5cf--CRUD-Data-Cache-Management-firefox/test-failed-1.png]]

[[ATTACHMENT|test-results/comprehensive-crud-🔄-Data-ae5cf--CRUD-Data-Cache-Management-firefox/video.webm]]

[[ATTACHMENT|test-results/comprehensive-crud-🔄-Data-ae5cf--CRUD-Data-Cache-Management-firefox/error-context.md]]
]]>
</system-out>
</testcase>
<testcase name="🛠️ System Administration CRUD › User Management Operations" classname="comprehensive-crud.spec.ts" time="37.23">
<failure message="comprehensive-crud.spec.ts:658:7 User Management Operations" type="FAILURE">
<![CDATA[  [firefox] › comprehensive-crud.spec.ts:658:7 › 🛠️ System Administration CRUD › User Management Operations 

    Error: expect(page).toHaveURL(expected) failed

    Expected pattern: /\/dashboard/
    Received string:  "https://wedding-lk.vercel.app/login"
    Timeout: 30000ms

    Call log:
      - Expect "toHaveURL" with timeout 30000ms
        33 × unexpected value "https://wedding-lk.vercel.app/login"


      662 |     await page.fill('input[name="password"]', testUsers.admin.password);
      663 |     await page.click('button[type="submit"]');
    > 664 |     await expect(page).toHaveURL(/\/dashboard/);
          |                        ^
      665 |
      666 |     // Navigate to user management
      667 |     await page.goto('/dashboard/admin/users');
        at /Users/asithalakmal/Documents/web/final project/WeddingLK-next copy/tests/e2e/comprehensive-crud.spec.ts:664:24

    attachment #1: screenshot (image/png) ──────────────────────────────────────────────────────────
    ../../test-results/comprehensive-crud-🛠️-Sys-e1e93--User-Management-Operations-firefox/test-failed-1.png
    ────────────────────────────────────────────────────────────────────────────────────────────────

    attachment #2: video (video/webm) ──────────────────────────────────────────────────────────────
    ../../test-results/comprehensive-crud-🛠️-Sys-e1e93--User-Management-Operations-firefox/video.webm
    ────────────────────────────────────────────────────────────────────────────────────────────────

    Error Context: ../../test-results/comprehensive-crud-🛠️-Sys-e1e93--User-Management-Operations-firefox/error-context.md
]]>
</failure>
<system-out>
<![CDATA[
[[ATTACHMENT|test-results/comprehensive-crud-🛠️-Sys-e1e93--User-Management-Operations-firefox/test-failed-1.png]]

[[ATTACHMENT|test-results/comprehensive-crud-🛠️-Sys-e1e93--User-Management-Operations-firefox/video.webm]]

[[ATTACHMENT|test-results/comprehensive-crud-🛠️-Sys-e1e93--User-Management-Operations-firefox/error-context.md]]
]]>
</system-out>
</testcase>
<testcase name="🛠️ System Administration CRUD › System Settings Management" classname="comprehensive-crud.spec.ts" time="39.032">
<failure message="comprehensive-crud.spec.ts:686:7 System Settings Management" type="FAILURE">
<![CDATA[  [firefox] › comprehensive-crud.spec.ts:686:7 › 🛠️ System Administration CRUD › System Settings Management 

    Error: expect(page).toHaveURL(expected) failed

    Expected pattern: /\/dashboard/
    Received string:  "https://wedding-lk.vercel.app/login"
    Timeout: 30000ms

    Call log:
      - Expect "toHaveURL" with timeout 30000ms
        33 × unexpected value "https://wedding-lk.vercel.app/login"


      690 |     await page.fill('input[name="password"]', testUsers.admin.password);
      691 |     await page.click('button[type="submit"]');
    > 692 |     await expect(page).toHaveURL(/\/dashboard/);
          |                        ^
      693 |
      694 |     // Navigate to system settings
      695 |     await page.goto('/dashboard/admin/settings');
        at /Users/asithalakmal/Documents/web/final project/WeddingLK-next copy/tests/e2e/comprehensive-crud.spec.ts:692:24

    attachment #1: screenshot (image/png) ──────────────────────────────────────────────────────────
    ../../test-results/comprehensive-crud-🛠️-Sys-350da--System-Settings-Management-firefox/test-failed-1.png
    ────────────────────────────────────────────────────────────────────────────────────────────────

    attachment #2: video (video/webm) ──────────────────────────────────────────────────────────────
    ../../test-results/comprehensive-crud-🛠️-Sys-350da--System-Settings-Management-firefox/video.webm
    ────────────────────────────────────────────────────────────────────────────────────────────────

    Error Context: ../../test-results/comprehensive-crud-🛠️-Sys-350da--System-Settings-Management-firefox/error-context.md
]]>
</failure>
<system-out>
<![CDATA[
[[ATTACHMENT|test-results/comprehensive-crud-🛠️-Sys-350da--System-Settings-Management-firefox/test-failed-1.png]]

[[ATTACHMENT|test-results/comprehensive-crud-🛠️-Sys-350da--System-Settings-Management-firefox/video.webm]]

[[ATTACHMENT|test-results/comprehensive-crud-🛠️-Sys-350da--System-Settings-Management-firefox/error-context.md]]
]]>
</system-out>
</testcase>
</testsuite>
<testsuite name="comprehensive-live-deployment.spec.ts" timestamp="2025-10-24T06:04:58.917Z" hostname="firefox" tests="14" failures="11" skipped="0" time="488.664" errors="0">
<testcase name="🚀 COMPREHENSIVE LIVE DEPLOYMENT TESTING › 🏠 HOMEPAGE - Complete Frontend Testing" classname="comprehensive-live-deployment.spec.ts" time="20.006">
<failure message="comprehensive-live-deployment.spec.ts:39:7 🏠 HOMEPAGE - Complete Frontend Testing" type="FAILURE">
<![CDATA[  [firefox] › comprehensive-live-deployment.spec.ts:39:7 › 🚀 COMPREHENSIVE LIVE DEPLOYMENT TESTING › 🏠 HOMEPAGE - Complete Frontend Testing 

    Error: expect(locator).toBeVisible() failed

    Locator: locator('text=Wedding.lk')
    Expected: visible
    Error: strict mode violation: locator('text=Wedding.lk') resolved to 3 elements:
        1) <span class="text-xl font-bold text-gray-900 dark:text-white">Wedding.lk</span> aka getByRole('banner').getByRole('link', { name: 'Wedding.lk' })
        2) <span class="text-xl font-bold text-white">Wedding.lk</span> aka getByRole('main').getByRole('link', { name: 'Wedding.lk' })
        ...

    Call log:
      - Expect "toBeVisible" with timeout 30000ms
      - waiting for locator('text=Wedding.lk')


      41 |     
      42 |     // Test main navigation
    > 43 |     await expect(page.locator('text=Wedding.lk')).toBeVisible();
         |                                                   ^
      44 |     await expect(page.locator('nav a[href="/venues"]')).toBeVisible();
      45 |     await expect(page.locator('nav a[href="/vendors"]')).toBeVisible();
      46 |     await expect(page.locator('nav a[href="/feed"]')).toBeVisible();
        at /Users/asithalakmal/Documents/web/final project/WeddingLK-next copy/tests/e2e/comprehensive-live-deployment.spec.ts:43:51

    attachment #1: screenshot (image/png) ──────────────────────────────────────────────────────────
    ../../test-results/comprehensive-live-deploym-6fa0d---Complete-Frontend-Testing-firefox/test-failed-1.png
    ────────────────────────────────────────────────────────────────────────────────────────────────

    attachment #2: video (video/webm) ──────────────────────────────────────────────────────────────
    ../../test-results/comprehensive-live-deploym-6fa0d---Complete-Frontend-Testing-firefox/video.webm
    ────────────────────────────────────────────────────────────────────────────────────────────────

    Error Context: ../../test-results/comprehensive-live-deploym-6fa0d---Complete-Frontend-Testing-firefox/error-context.md
]]>
</failure>
<system-out>
<![CDATA[🏠 Testing Homepage Components...

[[ATTACHMENT|test-results/comprehensive-live-deploym-6fa0d---Complete-Frontend-Testing-firefox/test-failed-1.png]]

[[ATTACHMENT|test-results/comprehensive-live-deploym-6fa0d---Complete-Frontend-Testing-firefox/video.webm]]

[[ATTACHMENT|test-results/comprehensive-live-deploym-6fa0d---Complete-Frontend-Testing-firefox/error-context.md]]
]]>
</system-out>
</testcase>
<testcase name="🚀 COMPREHENSIVE LIVE DEPLOYMENT TESTING › 🔐 AUTHENTICATION - Complete Auth Flow Testing" classname="comprehensive-live-deployment.spec.ts" time="30.34">
<failure message="comprehensive-live-deployment.spec.ts:132:7 🔐 AUTHENTICATION - Complete Auth Flow Testing" type="FAILURE">
<![CDATA[  [firefox] › comprehensive-live-deployment.spec.ts:132:7 › 🚀 COMPREHENSIVE LIVE DEPLOYMENT TESTING › 🔐 AUTHENTICATION - Complete Auth Flow Testing 

    Test timeout of 30000ms exceeded.

    Error: expect(locator).toBeVisible() failed

    Locator: locator('h1:has-text("Sign In")')
    Expected: visible
    Error: element(s) not found

    Call log:
      - Expect "toBeVisible" with timeout 30000ms
      - waiting for locator('h1:has-text("Sign In")')


      137 |     await page.waitForLoadState('networkidle');
      138 |     
    > 139 |     await expect(page.locator('h1:has-text("Sign In")')).toBeVisible();
          |                                                          ^
      140 |     await expect(page.locator('input[name="email"]')).toBeVisible();
      141 |     await expect(page.locator('input[name="password"]')).toBeVisible();
      142 |     await expect(page.locator('button[type="submit"]')).toBeVisible();
        at /Users/asithalakmal/Documents/web/final project/WeddingLK-next copy/tests/e2e/comprehensive-live-deployment.spec.ts:139:58

    attachment #1: screenshot (image/png) ──────────────────────────────────────────────────────────
    ../../test-results/comprehensive-live-deploym-f8c4e--Complete-Auth-Flow-Testing-firefox/test-failed-1.png
    ────────────────────────────────────────────────────────────────────────────────────────────────

    attachment #2: video (video/webm) ──────────────────────────────────────────────────────────────
    ../../test-results/comprehensive-live-deploym-f8c4e--Complete-Auth-Flow-Testing-firefox/video.webm
    ────────────────────────────────────────────────────────────────────────────────────────────────

    Error Context: ../../test-results/comprehensive-live-deploym-f8c4e--Complete-Auth-Flow-Testing-firefox/error-context.md
]]>
</failure>
<system-out>
<![CDATA[🔐 Testing Authentication System...

[[ATTACHMENT|test-results/comprehensive-live-deploym-f8c4e--Complete-Auth-Flow-Testing-firefox/test-failed-1.png]]

[[ATTACHMENT|test-results/comprehensive-live-deploym-f8c4e--Complete-Auth-Flow-Testing-firefox/video.webm]]

[[ATTACHMENT|test-results/comprehensive-live-deploym-f8c4e--Complete-Auth-Flow-Testing-firefox/error-context.md]]
]]>
</system-out>
</testcase>
<testcase name="🚀 COMPREHENSIVE LIVE DEPLOYMENT TESTING › 🏢 VENUES - Complete Venue CRUD Testing" classname="comprehensive-live-deployment.spec.ts" time="30.673">
<failure message="comprehensive-live-deployment.spec.ts:161:7 🏢 VENUES - Complete Venue CRUD Testing" type="FAILURE">
<![CDATA[  [firefox] › comprehensive-live-deployment.spec.ts:161:7 › 🚀 COMPREHENSIVE LIVE DEPLOYMENT TESTING › 🏢 VENUES - Complete Venue CRUD Testing 

    Test timeout of 30000ms exceeded.

    Error: expect(locator).toBeVisible() failed

    Locator: locator('h1:has-text("Wedding Venues")')
    Expected: visible
    Error: element(s) not found

    Call log:
      - Expect "toBeVisible" with timeout 30000ms
      - waiting for locator('h1:has-text("Wedding Venues")')


      166 |     
      167 |     // Test venue listing page
    > 168 |     await expect(page.locator('h1:has-text("Wedding Venues")')).toBeVisible();
          |                                                                 ^
      169 |     
      170 |     // Test search functionality
      171 |     await expect(page.locator('input[placeholder*="Search venues"]')).toBeVisible();
        at /Users/asithalakmal/Documents/web/final project/WeddingLK-next copy/tests/e2e/comprehensive-live-deployment.spec.ts:168:65

    attachment #1: screenshot (image/png) ──────────────────────────────────────────────────────────
    ../../test-results/comprehensive-live-deploym-ef612-Complete-Venue-CRUD-Testing-firefox/test-failed-1.png
    ────────────────────────────────────────────────────────────────────────────────────────────────

    attachment #2: video (video/webm) ──────────────────────────────────────────────────────────────
    ../../test-results/comprehensive-live-deploym-ef612-Complete-Venue-CRUD-Testing-firefox/video.webm
    ────────────────────────────────────────────────────────────────────────────────────────────────

    Error Context: ../../test-results/comprehensive-live-deploym-ef612-Complete-Venue-CRUD-Testing-firefox/error-context.md
]]>
</failure>
<system-out>
<![CDATA[🏢 Testing Venues System...

[[ATTACHMENT|test-results/comprehensive-live-deploym-ef612-Complete-Venue-CRUD-Testing-firefox/test-failed-1.png]]

[[ATTACHMENT|test-results/comprehensive-live-deploym-ef612-Complete-Venue-CRUD-Testing-firefox/video.webm]]

[[ATTACHMENT|test-results/comprehensive-live-deploym-ef612-Complete-Venue-CRUD-Testing-firefox/error-context.md]]
]]>
</system-out>
</testcase>
<testcase name="🚀 COMPREHENSIVE LIVE DEPLOYMENT TESTING › 🏪 VENDORS - Complete Vendor CRUD Testing" classname="comprehensive-live-deployment.spec.ts" time="30.749">
<failure message="comprehensive-live-deployment.spec.ts:206:7 🏪 VENDORS - Complete Vendor CRUD Testing" type="FAILURE">
<![CDATA[  [firefox] › comprehensive-live-deployment.spec.ts:206:7 › 🚀 COMPREHENSIVE LIVE DEPLOYMENT TESTING › 🏪 VENDORS - Complete Vendor CRUD Testing 

    Test timeout of 30000ms exceeded.

    Error: expect(locator).toBeVisible() failed

    Locator: locator('h1:has-text("Wedding Vendors")')
    Expected: visible
    Error: element(s) not found

    Call log:
      - Expect "toBeVisible" with timeout 30000ms
      - waiting for locator('h1:has-text("Wedding Vendors")')


      211 |     
      212 |     // Test vendor listing page
    > 213 |     await expect(page.locator('h1:has-text("Wedding Vendors")')).toBeVisible();
          |                                                                  ^
      214 |     
      215 |     // Test search functionality
      216 |     await expect(page.locator('input[placeholder*="Search vendors"]')).toBeVisible();
        at /Users/asithalakmal/Documents/web/final project/WeddingLK-next copy/tests/e2e/comprehensive-live-deployment.spec.ts:213:66

    attachment #1: screenshot (image/png) ──────────────────────────────────────────────────────────
    ../../test-results/comprehensive-live-deploym-d944a-omplete-Vendor-CRUD-Testing-firefox/test-failed-1.png
    ────────────────────────────────────────────────────────────────────────────────────────────────

    attachment #2: video (video/webm) ──────────────────────────────────────────────────────────────
    ../../test-results/comprehensive-live-deploym-d944a-omplete-Vendor-CRUD-Testing-firefox/video.webm
    ────────────────────────────────────────────────────────────────────────────────────────────────

    Error Context: ../../test-results/comprehensive-live-deploym-d944a-omplete-Vendor-CRUD-Testing-firefox/error-context.md
]]>
</failure>
<system-out>
<![CDATA[🏪 Testing Vendors System...

[[ATTACHMENT|test-results/comprehensive-live-deploym-d944a-omplete-Vendor-CRUD-Testing-firefox/test-failed-1.png]]

[[ATTACHMENT|test-results/comprehensive-live-deploym-d944a-omplete-Vendor-CRUD-Testing-firefox/video.webm]]

[[ATTACHMENT|test-results/comprehensive-live-deploym-d944a-omplete-Vendor-CRUD-Testing-firefox/error-context.md]]
]]>
</system-out>
</testcase>
<testcase name="🚀 COMPREHENSIVE LIVE DEPLOYMENT TESTING › 📱 FEED - Complete Social Feed Testing" classname="comprehensive-live-deployment.spec.ts" time="30.747">
<failure message="comprehensive-live-deployment.spec.ts:251:7 📱 FEED - Complete Social Feed Testing" type="FAILURE">
<![CDATA[  [firefox] › comprehensive-live-deployment.spec.ts:251:7 › 🚀 COMPREHENSIVE LIVE DEPLOYMENT TESTING › 📱 FEED - Complete Social Feed Testing 

    Test timeout of 30000ms exceeded.

    Error: expect(locator).toBeVisible() failed

    Locator: locator('h1:has-text("Wedding Feed")')
    Expected: visible
    Error: element(s) not found

    Call log:
      - Expect "toBeVisible" with timeout 30000ms
      - waiting for locator('h1:has-text("Wedding Feed")')


      256 |     
      257 |     // Test feed page
    > 258 |     await expect(page.locator('h1:has-text("Wedding Feed")')).toBeVisible();
          |                                                               ^
      259 |     
      260 |     // Test feed filters
      261 |     const filters = ['All', 'Venues', 'Vendors', 'Planning', 'Inspiration'];
        at /Users/asithalakmal/Documents/web/final project/WeddingLK-next copy/tests/e2e/comprehensive-live-deployment.spec.ts:258:63

    attachment #1: screenshot (image/png) ──────────────────────────────────────────────────────────
    ../../test-results/comprehensive-live-deploym-b9f37-omplete-Social-Feed-Testing-firefox/test-failed-1.png
    ────────────────────────────────────────────────────────────────────────────────────────────────

    attachment #2: video (video/webm) ──────────────────────────────────────────────────────────────
    ../../test-results/comprehensive-live-deploym-b9f37-omplete-Social-Feed-Testing-firefox/video.webm
    ────────────────────────────────────────────────────────────────────────────────────────────────

    Error Context: ../../test-results/comprehensive-live-deploym-b9f37-omplete-Social-Feed-Testing-firefox/error-context.md
]]>
</failure>
<system-out>
<![CDATA[📱 Testing Social Feed System...

[[ATTACHMENT|test-results/comprehensive-live-deploym-b9f37-omplete-Social-Feed-Testing-firefox/test-failed-1.png]]

[[ATTACHMENT|test-results/comprehensive-live-deploym-b9f37-omplete-Social-Feed-Testing-firefox/video.webm]]

[[ATTACHMENT|test-results/comprehensive-live-deploym-b9f37-omplete-Social-Feed-Testing-firefox/error-context.md]]
]]>
</system-out>
</testcase>
<testcase name="🚀 COMPREHENSIVE LIVE DEPLOYMENT TESTING › 🖼️ GALLERY - Complete Gallery Testing" classname="comprehensive-live-deployment.spec.ts" time="25.872">
<failure message="comprehensive-live-deployment.spec.ts:295:7 🖼️ GALLERY - Complete Gallery Testing" type="FAILURE">
<![CDATA[  [firefox] › comprehensive-live-deployment.spec.ts:295:7 › 🚀 COMPREHENSIVE LIVE DEPLOYMENT TESTING › 🖼️ GALLERY - Complete Gallery Testing 

    Error: expect(locator).toBeVisible() failed

    Locator: locator('button:has-text("All")')
    Expected: visible
    Error: strict mode violation: locator('button:has-text("All")') resolved to 3 elements:
        1) <button dir="ltr" type="button" role="combobox" data-state="closed" aria-expanded="false" aria-autocomplete="none" aria-controls="radix-«r3»" class="flex h-10 items-center justify-between rounded-md border border-input bg-background px-3 py-2 text-sm ring-offset-background placeholder:text-muted-foreground focus:outline-none focus:ring-2 focus:ring-ring focus:ring-offset-2 disabled:cursor-not-allowed disabled:opacity-50 [&>span]:line-clamp-1 w-[200px]">…</button> aka getByRole('combobox').filter({ hasText: 'All Photos0' })
        2) <button dir="ltr" type="button" role="combobox" data-state="closed" aria-expanded="false" aria-autocomplete="none" aria-controls="radix-«r4»" class="flex h-10 items-center justify-between rounded-md border border-input bg-background px-3 py-2 text-sm ring-offset-background placeholder:text-muted-foreground focus:outline-none focus:ring-2 focus:ring-ring focus:ring-offset-2 disabled:cursor-not-allowed disabled:opacity-50 [&>span]:line-clamp-1 w-[200px]">…</button> aka getByRole('combobox').filter({ hasText: 'All Venues' })
        ...

    Call log:
      - Expect "toBeVisible" with timeout 30000ms
      - waiting for locator('button:has-text("All")')


      305 |     const categories = ['All', 'Venues', 'Decorations', 'Photography', 'Catering'];
      306 |     for (const category of categories) {
    > 307 |       await expect(page.locator(`button:has-text("${category}")`)).toBeVisible();
          |                                                                    ^
      308 |     }
      309 |     
      310 |     // Test gallery images
        at /Users/asithalakmal/Documents/web/final project/WeddingLK-next copy/tests/e2e/comprehensive-live-deployment.spec.ts:307:68

    attachment #1: screenshot (image/png) ──────────────────────────────────────────────────────────
    ../../test-results/comprehensive-live-deploym-caa8a----Complete-Gallery-Testing-firefox/test-failed-1.png
    ────────────────────────────────────────────────────────────────────────────────────────────────

    attachment #2: video (video/webm) ──────────────────────────────────────────────────────────────
    ../../test-results/comprehensive-live-deploym-caa8a----Complete-Gallery-Testing-firefox/video.webm
    ────────────────────────────────────────────────────────────────────────────────────────────────

    Error Context: ../../test-results/comprehensive-live-deploym-caa8a----Complete-Gallery-Testing-firefox/error-context.md
]]>
</failure>
<system-out>
<![CDATA[🖼️ Testing Gallery System...

[[ATTACHMENT|test-results/comprehensive-live-deploym-caa8a----Complete-Gallery-Testing-firefox/test-failed-1.png]]

[[ATTACHMENT|test-results/comprehensive-live-deploym-caa8a----Complete-Gallery-Testing-firefox/video.webm]]

[[ATTACHMENT|test-results/comprehensive-live-deploym-caa8a----Complete-Gallery-Testing-firefox/error-context.md]]
]]>
</system-out>
</testcase>
<testcase name="🚀 COMPREHENSIVE LIVE DEPLOYMENT TESTING › 📊 DASHBOARD - Complete Dashboard Testing" classname="comprehensive-live-deployment.spec.ts" time="30.762">
<failure message="comprehensive-live-deployment.spec.ts:329:7 📊 DASHBOARD - Complete Dashboard Testing" type="FAILURE">
<![CDATA[  [firefox] › comprehensive-live-deployment.spec.ts:329:7 › 🚀 COMPREHENSIVE LIVE DEPLOYMENT TESTING › 📊 DASHBOARD - Complete Dashboard Testing 

    Test timeout of 30000ms exceeded.

    Error: expect(locator).toBeVisible() failed

    Locator: locator('text=Dashboard')
    Expected: visible
    Error: element(s) not found

    Call log:
      - Expect "toBeVisible" with timeout 30000ms
      - waiting for locator('text=Dashboard')


      380 |       
      381 |       // Test dashboard components
    > 382 |       await expect(page.locator('text=Dashboard')).toBeVisible();
          |                                                    ^
      383 |     }
      384 |     
      385 |     console.log('✅ Dashboard testing completed successfully');
        at /Users/asithalakmal/Documents/web/final project/WeddingLK-next copy/tests/e2e/comprehensive-live-deployment.spec.ts:382:52

    attachment #1: screenshot (image/png) ──────────────────────────────────────────────────────────
    ../../test-results/comprehensive-live-deploym-06825--Complete-Dashboard-Testing-firefox/test-failed-1.png
    ────────────────────────────────────────────────────────────────────────────────────────────────

    attachment #2: video (video/webm) ──────────────────────────────────────────────────────────────
    ../../test-results/comprehensive-live-deploym-06825--Complete-Dashboard-Testing-firefox/video.webm
    ────────────────────────────────────────────────────────────────────────────────────────────────

    Error Context: ../../test-results/comprehensive-live-deploym-06825--Complete-Dashboard-Testing-firefox/error-context.md
]]>
</failure>
<system-out>
<![CDATA[📊 Testing Dashboard System...
✅ Dashboard is accessible (already authenticated or public)

[[ATTACHMENT|test-results/comprehensive-live-deploym-06825--Complete-Dashboard-Testing-firefox/test-failed-1.png]]

[[ATTACHMENT|test-results/comprehensive-live-deploym-06825--Complete-Dashboard-Testing-firefox/video.webm]]

[[ATTACHMENT|test-results/comprehensive-live-deploym-06825--Complete-Dashboard-Testing-firefox/error-context.md]]
]]>
</system-out>
</testcase>
<testcase name="🚀 COMPREHENSIVE LIVE DEPLOYMENT TESTING › 🔧 API ENDPOINTS - Complete API Testing" classname="comprehensive-live-deployment.spec.ts" time="36.06">
<failure message="comprehensive-live-deployment.spec.ts:388:7 🔧 API ENDPOINTS - Complete API Testing" type="FAILURE">
<![CDATA[  [firefox] › comprehensive-live-deployment.spec.ts:388:7 › 🚀 COMPREHENSIVE LIVE DEPLOYMENT TESTING › 🔧 API ENDPOINTS - Complete API Testing 

    Test timeout of 30000ms exceeded.

    Error: apiRequestContext.get: Target page, context or browser has been closed
    Call log:
      - → GET https://wedding-lk.vercel.app/api/health
        - user-agent: Mozilla/5.0 (Windows NT 10.0; Win64; x64; rv:142.0.1) Gecko/20100101 Firefox/142.0.1
        - accept: */*
        - accept-encoding: gzip,deflate,br


      390 |     
      391 |     // Test health endpoint
    > 392 |     const healthResponse = await page.request.get(`${BASE_URL}/api/health`);
          |                                               ^
      393 |     expect(healthResponse.status()).toBe(200);
      394 |     
      395 |     // Test venues API
        at /Users/asithalakmal/Documents/web/final project/WeddingLK-next copy/tests/e2e/comprehensive-live-deployment.spec.ts:392:47

    attachment #1: screenshot (image/png) ──────────────────────────────────────────────────────────
    ../../test-results/comprehensive-live-deploym-3e5dc-INTS---Complete-API-Testing-firefox/test-failed-1.png
    ────────────────────────────────────────────────────────────────────────────────────────────────

    attachment #2: video (video/webm) ──────────────────────────────────────────────────────────────
    ../../test-results/comprehensive-live-deploym-3e5dc-INTS---Complete-API-Testing-firefox/video.webm
    ────────────────────────────────────────────────────────────────────────────────────────────────

    Error Context: ../../test-results/comprehensive-live-deploym-3e5dc-INTS---Complete-API-Testing-firefox/error-context.md
]]>
</failure>
<system-out>
<![CDATA[🔧 Testing API Endpoints...

[[ATTACHMENT|test-results/comprehensive-live-deploym-3e5dc-INTS---Complete-API-Testing-firefox/test-failed-1.png]]

[[ATTACHMENT|test-results/comprehensive-live-deploym-3e5dc-INTS---Complete-API-Testing-firefox/video.webm]]

[[ATTACHMENT|test-results/comprehensive-live-deploym-3e5dc-INTS---Complete-API-Testing-firefox/error-context.md]]
]]>
</system-out>
</testcase>
<testcase name="🚀 COMPREHENSIVE LIVE DEPLOYMENT TESTING › 📱 RESPONSIVE DESIGN - Complete Mobile Testing" classname="comprehensive-live-deployment.spec.ts" time="32.952">
<failure message="comprehensive-live-deployment.spec.ts:414:7 📱 RESPONSIVE DESIGN - Complete Mobile Testing" type="FAILURE">
<![CDATA[  [firefox] › comprehensive-live-deployment.spec.ts:414:7 › 🚀 COMPREHENSIVE LIVE DEPLOYMENT TESTING › 📱 RESPONSIVE DESIGN - Complete Mobile Testing 

    Test timeout of 30000ms exceeded.

    Error: expect(locator).toBeVisible() failed

    Locator: locator('button[aria-label="Open menu"], button:has-text("Menu")')
    Expected: visible
    Error: element(s) not found

    Call log:
      - Expect "toBeVisible" with timeout 30000ms
      - waiting for locator('button[aria-label="Open menu"], button:has-text("Menu")')


      421 |     
      422 |     // Test mobile navigation
    > 423 |     await expect(page.locator('button[aria-label="Open menu"], button:has-text("Menu")')).toBeVisible();
          |                                                                                           ^
      424 |     
      425 |     // Test mobile menu
      426 |     const menuButton = page.locator('button[aria-label="Open menu"], button:has-text("Menu")');
        at /Users/asithalakmal/Documents/web/final project/WeddingLK-next copy/tests/e2e/comprehensive-live-deployment.spec.ts:423:91

    attachment #1: screenshot (image/png) ──────────────────────────────────────────────────────────
    ../../test-results/comprehensive-live-deploym-279a2-N---Complete-Mobile-Testing-firefox/test-failed-1.png
    ────────────────────────────────────────────────────────────────────────────────────────────────

    attachment #2: video (video/webm) ──────────────────────────────────────────────────────────────
    ../../test-results/comprehensive-live-deploym-279a2-N---Complete-Mobile-Testing-firefox/video.webm
    ────────────────────────────────────────────────────────────────────────────────────────────────

    Error Context: ../../test-results/comprehensive-live-deploym-279a2-N---Complete-Mobile-Testing-firefox/error-context.md
]]>
</failure>
<system-out>
<![CDATA[📱 Testing Responsive Design...

[[ATTACHMENT|test-results/comprehensive-live-deploym-279a2-N---Complete-Mobile-Testing-firefox/test-failed-1.png]]

[[ATTACHMENT|test-results/comprehensive-live-deploym-279a2-N---Complete-Mobile-Testing-firefox/video.webm]]

[[ATTACHMENT|test-results/comprehensive-live-deploym-279a2-N---Complete-Mobile-Testing-firefox/error-context.md]]
]]>
</system-out>
</testcase>
<testcase name="🚀 COMPREHENSIVE LIVE DEPLOYMENT TESTING › 🎨 UI COMPONENTS - Complete Component Testing" classname="comprehensive-live-deployment.spec.ts" time="21.708">
<system-out>
<![CDATA[🎨 Testing UI Components...
Found 28 buttons
Found 3 input fields
Found 16 links
Found 0 images
✅ UI components testing completed successfully
]]>
</system-out>
</testcase>
<testcase name="🚀 COMPREHENSIVE LIVE DEPLOYMENT TESTING › ⚡ PERFORMANCE - Complete Performance Testing" classname="comprehensive-live-deployment.spec.ts" time="27.099">
<system-out>
<![CDATA[⚡ Testing Performance...
Page load time: 280ms
✅ Performance testing completed successfully
]]>
</system-out>
</testcase>
<testcase name="🚀 COMPREHENSIVE LIVE DEPLOYMENT TESTING › 🔍 ERROR HANDLING - Complete Error Testing" classname="comprehensive-live-deployment.spec.ts" time="23.377">
<system-out>
<![CDATA[🔍 Testing Error Handling...
✅ Error handling testing completed successfully
]]>
</system-out>
</testcase>
<testcase name="🚀 COMPREHENSIVE LIVE DEPLOYMENT TESTING › 🎯 FINAL INTEGRATION - Complete System Integration" classname="comprehensive-live-deployment.spec.ts" time="34.676">
<failure message="comprehensive-live-deployment.spec.ts:544:7 🎯 FINAL INTEGRATION - Complete System Integration" type="FAILURE">
<![CDATA[  [firefox] › comprehensive-live-deployment.spec.ts:544:7 › 🚀 COMPREHENSIVE LIVE DEPLOYMENT TESTING › 🎯 FINAL INTEGRATION - Complete System Integration 

    Test timeout of 30000ms exceeded.

    Error: page.waitForLoadState: Test timeout of 30000ms exceeded.

      555 |       console.log(`Testing section: ${section}`);
      556 |       await page.goto(`${BASE_URL}${section}`);
    > 557 |       await page.waitForLoadState('networkidle');
          |                  ^
      558 |       
      559 |       // Verify page loaded successfully
      560 |       const pageTitle = await page.title();
        at /Users/asithalakmal/Documents/web/final project/WeddingLK-next copy/tests/e2e/comprehensive-live-deployment.spec.ts:557:18

    attachment #1: screenshot (image/png) ──────────────────────────────────────────────────────────
    ../../test-results/comprehensive-live-deploym-c7c0a-Complete-System-Integration-firefox/test-failed-1.png
    ────────────────────────────────────────────────────────────────────────────────────────────────

    attachment #2: video (video/webm) ──────────────────────────────────────────────────────────────
    ../../test-results/comprehensive-live-deploym-c7c0a-Complete-System-Integration-firefox/video.webm
    ────────────────────────────────────────────────────────────────────────────────────────────────

    Error Context: ../../test-results/comprehensive-live-deploym-c7c0a-Complete-System-Integration-firefox/error-context.md
]]>
</failure>
<system-out>
<![CDATA[🎯 Testing Complete System Integration...
Testing section: /venues
Testing section: /vendors
Testing section: /feed

[[ATTACHMENT|test-results/comprehensive-live-deploym-c7c0a-Complete-System-Integration-firefox/test-failed-1.png]]

[[ATTACHMENT|test-results/comprehensive-live-deploym-c7c0a-Complete-System-Integration-firefox/video.webm]]

[[ATTACHMENT|test-results/comprehensive-live-deploym-c7c0a-Complete-System-Integration-firefox/error-context.md]]
]]>
</system-out>
</testcase>
<testcase name="🚀 LIVE DEPLOYMENT STRESS TESTING › ⚡ STRESS TEST - Multiple Concurrent Operations" classname="comprehensive-live-deployment.spec.ts" time="113.643">
<failure message="comprehensive-live-deployment.spec.ts:584:7 ⚡ STRESS TEST - Multiple Concurrent Operations" type="FAILURE">
<![CDATA[  [firefox] › comprehensive-live-deployment.spec.ts:584:7 › 🚀 LIVE DEPLOYMENT STRESS TESTING › ⚡ STRESS TEST - Multiple Concurrent Operations 

    TimeoutError: apiRequestContext.get: Timeout 60000ms exceeded.
    Call log:
      - → GET https://wedding-lk.vercel.app/api/health
        - user-agent: Mozilla/5.0 (Windows NT 10.0; Win64; x64; rv:142.0.1) Gecko/20100101 Firefox/142.0.1
        - accept: */*
        - accept-encoding: gzip,deflate,br


      598 |     // Test rapid API calls
      599 |     const apiCalls = [
    > 600 |       page.request.get(`${BASE_URL}/api/health`),
          |                    ^
      601 |       page.request.get(`${BASE_URL}/api/venues`),
      602 |       page.request.get(`${BASE_URL}/api/vendors`),
      603 |       page.request.get(`${BASE_URL}/api/posts`)
        at /Users/asithalakmal/Documents/web/final project/WeddingLK-next copy/tests/e2e/comprehensive-live-deployment.spec.ts:600:20

    attachment #1: screenshot (image/png) ──────────────────────────────────────────────────────────
    ../../test-results/comprehensive-live-deploym-5eba8-tiple-Concurrent-Operations-firefox/test-failed-1.png
    ────────────────────────────────────────────────────────────────────────────────────────────────

    attachment #2: video (video/webm) ──────────────────────────────────────────────────────────────
    ../../test-results/comprehensive-live-deploym-5eba8-tiple-Concurrent-Operations-firefox/video.webm
    ────────────────────────────────────────────────────────────────────────────────────────────────

    Error Context: ../../test-results/comprehensive-live-deploym-5eba8-tiple-Concurrent-Operations-firefox/error-context.md
]]>
</failure>
<system-out>
<![CDATA[⚡ Running Stress Tests...

[[ATTACHMENT|test-results/comprehensive-live-deploym-5eba8-tiple-Concurrent-Operations-firefox/test-failed-1.png]]

[[ATTACHMENT|test-results/comprehensive-live-deploym-5eba8-tiple-Concurrent-Operations-firefox/video.webm]]

[[ATTACHMENT|test-results/comprehensive-live-deploym-5eba8-tiple-Concurrent-Operations-firefox/error-context.md]]
]]>
</system-out>
</testcase>
</testsuite>
<testsuite name="payment.spec.ts" timestamp="2025-10-24T06:04:58.917Z" hostname="firefox" tests="7" failures="7" skipped="0" time="405.675" errors="0">
<testcase name="Payment System › Stripe payment integration with mock" classname="payment.spec.ts" time="72.351">
<failure message="payment.spec.ts:5:7 Stripe payment integration with mock" type="FAILURE">
<![CDATA[  [firefox] › payment.spec.ts:5:7 › Payment System › Stripe payment integration with mock ──────────

    TimeoutError: page.fill: Timeout 60000ms exceeded.
    Call log:
      - waiting for locator('input[name="customerName"]')


      13 |     
      14 |     // Fill checkout form
    > 15 |     await page.fill('input[name="customerName"]', customer.name);
         |                ^
      16 |     await page.fill('input[name="customerEmail"]', customer.email);
      17 |     await page.fill('input[name="customerPhone"]', customer.phone);
      18 |     await page.fill('input[name="billingAddress"]', faker.location.streetAddress());
        at /Users/asithalakmal/Documents/web/final project/WeddingLK-next copy/tests/e2e/payment.spec.ts:15:16

    attachment #1: screenshot (image/png) ──────────────────────────────────────────────────────────
    ../../test-results/payment-Payment-System-Stripe-payment-integration-with-mock-firefox/test-failed-1.png
    ────────────────────────────────────────────────────────────────────────────────────────────────

    attachment #2: video (video/webm) ──────────────────────────────────────────────────────────────
    ../../test-results/payment-Payment-System-Stripe-payment-integration-with-mock-firefox/video.webm
    ────────────────────────────────────────────────────────────────────────────────────────────────

    Error Context: ../../test-results/payment-Payment-System-Stripe-payment-integration-with-mock-firefox/error-context.md
]]>
</failure>
<system-out>
<![CDATA[
[[ATTACHMENT|test-results/payment-Payment-System-Stripe-payment-integration-with-mock-firefox/test-failed-1.png]]

[[ATTACHMENT|test-results/payment-Payment-System-Stripe-payment-integration-with-mock-firefox/video.webm]]

[[ATTACHMENT|test-results/payment-Payment-System-Stripe-payment-integration-with-mock-firefox/error-context.md]]
]]>
</system-out>
</testcase>
<testcase name="Payment System › PayHere payment integration" classname="payment.spec.ts" time="68.243">
<failure message="payment.spec.ts:62:7 PayHere payment integration" type="FAILURE">
<![CDATA[  [firefox] › payment.spec.ts:62:7 › Payment System › PayHere payment integration ──────────────────

    TimeoutError: page.click: Timeout 60000ms exceeded.
    Call log:
      - waiting for locator('input[name="paymentMethod"][value="payhere"]')


      64 |     
      65 |     // Select PayHere payment method
    > 66 |     await page.click('input[name="paymentMethod"][value="payhere"]');
         |                ^
      67 |     
      68 |     // Mock PayHere payment
      69 |     await page.route('**/api/payments/payhere/create', route => {
        at /Users/asithalakmal/Documents/web/final project/WeddingLK-next copy/tests/e2e/payment.spec.ts:66:16

    attachment #1: screenshot (image/png) ──────────────────────────────────────────────────────────
    ../../test-results/payment-Payment-System-PayHere-payment-integration-firefox/test-failed-1.png
    ────────────────────────────────────────────────────────────────────────────────────────────────

    attachment #2: video (video/webm) ──────────────────────────────────────────────────────────────
    ../../test-results/payment-Payment-System-PayHere-payment-integration-firefox/video.webm
    ────────────────────────────────────────────────────────────────────────────────────────────────

    Error Context: ../../test-results/payment-Payment-System-PayHere-payment-integration-firefox/error-context.md
]]>
</failure>
<system-out>
<![CDATA[
[[ATTACHMENT|test-results/payment-Payment-System-PayHere-payment-integration-firefox/test-failed-1.png]]

[[ATTACHMENT|test-results/payment-Payment-System-PayHere-payment-integration-firefox/video.webm]]

[[ATTACHMENT|test-results/payment-Payment-System-PayHere-payment-integration-firefox/error-context.md]]
]]>
</system-out>
</testcase>
<testcase name="Payment System › Payment failure handling" classname="payment.spec.ts" time="80.432">
<failure message="payment.spec.ts:101:7 Payment failure handling" type="FAILURE">
<![CDATA[  [firefox] › payment.spec.ts:101:7 › Payment System › Payment failure handling ────────────────────

    TimeoutError: page.fill: Timeout 60000ms exceeded.
    Call log:
      - waiting for locator('input[name="cardNumber"]')


      114 |     });
      115 |
    > 116 |     await page.fill('input[name="cardNumber"]', '4000000000000002'); // Declined card
          |                ^
      117 |     await page.fill('input[name="expiryDate"]', '12/25');
      118 |     await page.fill('input[name="cvv"]', '123');
      119 |     
        at /Users/asithalakmal/Documents/web/final project/WeddingLK-next copy/tests/e2e/payment.spec.ts:116:16

    attachment #1: screenshot (image/png) ──────────────────────────────────────────────────────────
    ../../test-results/payment-Payment-System-Payment-failure-handling-firefox/test-failed-1.png
    ────────────────────────────────────────────────────────────────────────────────────────────────

    attachment #2: video (video/webm) ──────────────────────────────────────────────────────────────
    ../../test-results/payment-Payment-System-Payment-failure-handling-firefox/video.webm
    ────────────────────────────────────────────────────────────────────────────────────────────────

    Error Context: ../../test-results/payment-Payment-System-Payment-failure-handling-firefox/error-context.md
]]>
</failure>
<system-out>
<![CDATA[
[[ATTACHMENT|test-results/payment-Payment-System-Payment-failure-handling-firefox/test-failed-1.png]]

[[ATTACHMENT|test-results/payment-Payment-System-Payment-failure-handling-firefox/video.webm]]

[[ATTACHMENT|test-results/payment-Payment-System-Payment-failure-handling-firefox/error-context.md]]
]]>
</system-out>
</testcase>
<testcase name="Payment System › Payment refund processing" classname="payment.spec.ts" time="60.322">
<failure message="payment.spec.ts:126:7 Payment refund processing" type="FAILURE">
<![CDATA[  [firefox] › payment.spec.ts:126:7 › Payment System › Payment refund processing ───────────────────

    Error: expect(locator).toBeVisible() failed

    Locator: locator('text=Payment Management')
    Expected: visible
    Timeout: 30000ms
    Error: element(s) not found

    Call log:
      - Expect "toBeVisible" with timeout 30000ms
      - waiting for locator('text=Payment Management')


      134 |     // Go to payment management
      135 |     await page.goto('/dashboard/admin/payments');
    > 136 |     await expect(page.locator('text=Payment Management')).toBeVisible();
          |                                                           ^
      137 |     
      138 |     // Create test payment first
      139 |     const paymentResponse = await page.request.post('/api/test/create-payment', {
        at /Users/asithalakmal/Documents/web/final project/WeddingLK-next copy/tests/e2e/payment.spec.ts:136:59

    attachment #1: screenshot (image/png) ──────────────────────────────────────────────────────────
    ../../test-results/payment-Payment-System-Payment-refund-processing-firefox/test-failed-1.png
    ────────────────────────────────────────────────────────────────────────────────────────────────

    attachment #2: video (video/webm) ──────────────────────────────────────────────────────────────
    ../../test-results/payment-Payment-System-Payment-refund-processing-firefox/video.webm
    ────────────────────────────────────────────────────────────────────────────────────────────────

    Error Context: ../../test-results/payment-Payment-System-Payment-refund-processing-firefox/error-context.md
]]>
</failure>
<system-out>
<![CDATA[
[[ATTACHMENT|test-results/payment-Payment-System-Payment-refund-processing-firefox/test-failed-1.png]]

[[ATTACHMENT|test-results/payment-Payment-System-Payment-refund-processing-firefox/video.webm]]

[[ATTACHMENT|test-results/payment-Payment-System-Payment-refund-processing-firefox/error-context.md]]
]]>
</system-out>
</testcase>
<testcase name="Payment System › Payment history and analytics" classname="payment.spec.ts" time="50.103">
<failure message="payment.spec.ts:173:7 Payment history and analytics" type="FAILURE">
<![CDATA[  [firefox] › payment.spec.ts:173:7 › Payment System › Payment history and analytics ───────────────

    Error: expect(page).toHaveURL(expected) failed

    Expected pattern: /\/dashboard/
    Received string:  "https://wedding-lk.vercel.app/login"
    Timeout: 30000ms

    Call log:
      - Expect "toHaveURL" with timeout 30000ms
        32 × unexpected value "https://wedding-lk.vercel.app/login"


      177 |     await page.fill('input[name="password"]', process.env.TEST_CUSTOMER_PASSWORD || 'CustomerPass123!');
      178 |     await page.click('button[type="submit"]');
    > 179 |     await expect(page).toHaveURL(/\/dashboard/);
          |                        ^
      180 |
      181 |     // Go to payment history
      182 |     await page.goto('/dashboard/payments/history');
        at /Users/asithalakmal/Documents/web/final project/WeddingLK-next copy/tests/e2e/payment.spec.ts:179:24

    attachment #1: screenshot (image/png) ──────────────────────────────────────────────────────────
    ../../test-results/payment-Payment-System-Payment-history-and-analytics-firefox/test-failed-1.png
    ────────────────────────────────────────────────────────────────────────────────────────────────

    attachment #2: video (video/webm) ──────────────────────────────────────────────────────────────
    ../../test-results/payment-Payment-System-Payment-history-and-analytics-firefox/video.webm
    ────────────────────────────────────────────────────────────────────────────────────────────────

    Error Context: ../../test-results/payment-Payment-System-Payment-history-and-analytics-firefox/error-context.md
]]>
</failure>
<system-out>
<![CDATA[
[[ATTACHMENT|test-results/payment-Payment-System-Payment-history-and-analytics-firefox/test-failed-1.png]]

[[ATTACHMENT|test-results/payment-Payment-System-Payment-history-and-analytics-firefox/video.webm]]

[[ATTACHMENT|test-results/payment-Payment-System-Payment-history-and-analytics-firefox/error-context.md]]
]]>
</system-out>
</testcase>
<testcase name="Payment System › Subscription payment management" classname="payment.spec.ts" time="57.843">
<failure message="payment.spec.ts:195:7 Subscription payment management" type="FAILURE">
<![CDATA[  [firefox] › payment.spec.ts:195:7 › Payment System › Subscription payment management ─────────────

    Error: expect(locator).toBeVisible() failed

    Locator: locator('text=Subscription Management')
    Expected: visible
    Timeout: 30000ms
    Error: element(s) not found

    Call log:
      - Expect "toBeVisible" with timeout 30000ms
      - waiting for locator('text=Subscription Management')


      203 |     // Go to subscription management
      204 |     await page.goto('/dashboard/vendor/subscription');
    > 205 |     await expect(page.locator('text=Subscription Management')).toBeVisible();
          |                                                                ^
      206 |     
      207 |     // Select premium plan
      208 |     await page.click('button:has-text("Upgrade to Premium"), [data-testid="upgrade-button"]');
        at /Users/asithalakmal/Documents/web/final project/WeddingLK-next copy/tests/e2e/payment.spec.ts:205:64

    attachment #1: screenshot (image/png) ──────────────────────────────────────────────────────────
    ../../test-results/payment-Payment-System-Subscription-payment-management-firefox/test-failed-1.png
    ────────────────────────────────────────────────────────────────────────────────────────────────

    attachment #2: video (video/webm) ──────────────────────────────────────────────────────────────
    ../../test-results/payment-Payment-System-Subscription-payment-management-firefox/video.webm
    ────────────────────────────────────────────────────────────────────────────────────────────────

    Error Context: ../../test-results/payment-Payment-System-Subscription-payment-management-firefox/error-context.md
]]>
</failure>
<system-out>
<![CDATA[
[[ATTACHMENT|test-results/payment-Payment-System-Subscription-payment-management-firefox/test-failed-1.png]]

[[ATTACHMENT|test-results/payment-Payment-System-Subscription-payment-management-firefox/video.webm]]

[[ATTACHMENT|test-results/payment-Payment-System-Subscription-payment-management-firefox/error-context.md]]
]]>
</system-out>
</testcase>
<testcase name="Payment System › Payment webhook handling" classname="payment.spec.ts" time="16.381">
<failure message="payment.spec.ts:231:7 Payment webhook handling" type="FAILURE">
<![CDATA[  [firefox] › payment.spec.ts:231:7 › Payment System › Payment webhook handling ────────────────────

    Error: expect(received).toBeTruthy()

    Received: false

      245 |     });
      246 |     
    > 247 |     expect(webhookResponse.ok()).toBeTruthy();
          |                                  ^
      248 |   });
      249 | });
      250 |
        at /Users/asithalakmal/Documents/web/final project/WeddingLK-next copy/tests/e2e/payment.spec.ts:247:34

    attachment #1: screenshot (image/png) ──────────────────────────────────────────────────────────
    ../../test-results/payment-Payment-System-Payment-webhook-handling-firefox/test-failed-1.png
    ────────────────────────────────────────────────────────────────────────────────────────────────

    attachment #2: video (video/webm) ──────────────────────────────────────────────────────────────
    ../../test-results/payment-Payment-System-Payment-webhook-handling-firefox/video.webm
    ────────────────────────────────────────────────────────────────────────────────────────────────
]]>
</failure>
<system-out>
<![CDATA[
[[ATTACHMENT|test-results/payment-Payment-System-Payment-webhook-handling-firefox/test-failed-1.png]]

[[ATTACHMENT|test-results/payment-Payment-System-Payment-webhook-handling-firefox/video.webm]]
]]>
</system-out>
</testcase>
</testsuite>
<testsuite name="production.spec.ts" timestamp="2025-10-24T06:04:58.917Z" hostname="firefox" tests="6" failures="2" skipped="0" time="175.813" errors="0">
<testcase name="Production Site Tests › Homepage loads correctly" classname="production.spec.ts" time="17.714">
</testcase>
<testcase name="Production Site Tests › Navigation works correctly" classname="production.spec.ts" time="21.741">
</testcase>
<testcase name="Production Site Tests › Search functionality is present" classname="production.spec.ts" time="54.277">
<failure message="production.spec.ts:37:7 Search functionality is present" type="FAILURE">
<![CDATA[  [firefox] › production.spec.ts:37:7 › Production Site Tests › Search functionality is present ────

    Error: expect(locator).toBeVisible() failed

    Locator: locator('input[placeholder*="dream wedding"]')
    Expected: visible
    Timeout: 30000ms
    Error: element(s) not found

    Call log:
      - Expect "toBeVisible" with timeout 30000ms
      - waiting for locator('input[placeholder*="dream wedding"]')


      39 |     
      40 |     // Check that the search input is present (try different placeholder text)
    > 41 |     await expect(page.locator('input[placeholder*="dream wedding"]')).toBeVisible();
         |                                                                       ^
      42 |     
      43 |     // Check that the search button is present
      44 |     await expect(page.locator('button:has-text("Find My Perfect Wedding")')).toBeVisible();
        at /Users/asithalakmal/Documents/web/final project/WeddingLK-next copy/tests/e2e/production.spec.ts:41:71

    attachment #1: screenshot (image/png) ──────────────────────────────────────────────────────────
    ../../test-results/production-Production-Site-101a3-ch-functionality-is-present-firefox/test-failed-1.png
    ────────────────────────────────────────────────────────────────────────────────────────────────

    attachment #2: video (video/webm) ──────────────────────────────────────────────────────────────
    ../../test-results/production-Production-Site-101a3-ch-functionality-is-present-firefox/video.webm
    ────────────────────────────────────────────────────────────────────────────────────────────────

    Error Context: ../../test-results/production-Production-Site-101a3-ch-functionality-is-present-firefox/error-context.md
]]>
</failure>
<system-out>
<![CDATA[
[[ATTACHMENT|test-results/production-Production-Site-101a3-ch-functionality-is-present-firefox/test-failed-1.png]]

[[ATTACHMENT|test-results/production-Production-Site-101a3-ch-functionality-is-present-firefox/video.webm]]

[[ATTACHMENT|test-results/production-Production-Site-101a3-ch-functionality-is-present-firefox/error-context.md]]
]]>
</system-out>
</testcase>
<testcase name="Production Site Tests › Footer links are present" classname="production.spec.ts" time="13.064">
<failure message="production.spec.ts:47:7 Footer links are present" type="FAILURE">
<![CDATA[  [firefox] › production.spec.ts:47:7 › Production Site Tests › Footer links are present ───────────

    Error: expect(locator).toBeVisible() failed

    Locator: locator('footer a[href="/about"], footer a[href="/contact"]')
    Expected: visible
    Error: strict mode violation: locator('footer a[href="/about"], footer a[href="/contact"]') resolved to 2 elements:
        1) <a href="/about" class="hover:text-white transition-colors">About</a> aka getByRole('main').getByRole('link', { name: 'About' })
        2) <a href="/contact" class="hover:text-white transition-colors">Contact</a> aka getByRole('link', { name: 'Contact', exact: true })

    Call log:
      - Expect "toBeVisible" with timeout 30000ms
      - waiting for locator('footer a[href="/about"], footer a[href="/contact"]')


      56 |     await expect(page.locator('footer a[href="/gallery"]')).toBeVisible();
      57 |     // Check for about link in footer (may be in different section)
    > 58 |     await expect(page.locator('footer a[href="/about"], footer a[href="/contact"]')).toBeVisible();
         |                                                                                      ^
      59 |   });
      60 |
      61 |   test('Responsive design works', async ({ page }) => {
        at /Users/asithalakmal/Documents/web/final project/WeddingLK-next copy/tests/e2e/production.spec.ts:58:86

    attachment #1: screenshot (image/png) ──────────────────────────────────────────────────────────
    ../../test-results/production-Production-Site-Tests-Footer-links-are-present-firefox/test-failed-1.png
    ────────────────────────────────────────────────────────────────────────────────────────────────

    attachment #2: video (video/webm) ──────────────────────────────────────────────────────────────
    ../../test-results/production-Production-Site-Tests-Footer-links-are-present-firefox/video.webm
    ────────────────────────────────────────────────────────────────────────────────────────────────

    Error Context: ../../test-results/production-Production-Site-Tests-Footer-links-are-present-firefox/error-context.md
]]>
</failure>
<system-out>
<![CDATA[
[[ATTACHMENT|test-results/production-Production-Site-Tests-Footer-links-are-present-firefox/test-failed-1.png]]

[[ATTACHMENT|test-results/production-Production-Site-Tests-Footer-links-are-present-firefox/video.webm]]

[[ATTACHMENT|test-results/production-Production-Site-Tests-Footer-links-are-present-firefox/error-context.md]]
]]>
</system-out>
</testcase>
<testcase name="Production Site Tests › Responsive design works" classname="production.spec.ts" time="25.934">
</testcase>
<testcase name="Production Site Tests › Page metadata is correct" classname="production.spec.ts" time="43.083">
</testcase>
</testsuite>
<testsuite name="quick-verification.spec.ts" timestamp="2025-10-24T06:04:58.917Z" hostname="firefox" tests="6" failures="0" skipped="1" time="78.722" errors="0">
<testcase name="🚀 Quick Production Verification › Homepage loads and basic functionality works" classname="quick-verification.spec.ts" time="12.791">
</testcase>
<testcase name="🚀 Quick Production Verification › API endpoints are responding" classname="quick-verification.spec.ts" time="8.17">
</testcase>
<testcase name="🚀 Quick Production Verification › Database connection is working - DISABLED (Slow endpoint)" classname="quick-verification.spec.ts" time="0">
<properties>
<property name="skip" value="">
</property>
</properties>
<skipped>
</skipped>
</testcase>
<testcase name="🚀 Quick Production Verification › Navigation works correctly" classname="quick-verification.spec.ts" time="7.362">
</testcase>
<testcase name="🚀 Quick Production Verification › Page is responsive" classname="quick-verification.spec.ts" time="28.284">
</testcase>
<testcase name="🚀 Quick Production Verification › No critical JavaScript errors" classname="quick-verification.spec.ts" time="22.115">
</testcase>
</testsuite>
<testsuite name="rbac-comprehensive.spec.ts" timestamp="2025-10-24T06:04:58.917Z" hostname="firefox" tests="28" failures="28" skipped="0" time="1231.648" errors="0">
<testcase name="🔐 User Role RBAC Tests › User Role - Allowed Access" classname="rbac-comprehensive.spec.ts" time="43.814">
<failure message="rbac-comprehensive.spec.ts:76:7 User Role - Allowed Access" type="FAILURE">
<![CDATA[  [firefox] › rbac-comprehensive.spec.ts:76:7 › 🔐 User Role RBAC Tests › User Role - Allowed Access 

    Error: expect(page).toHaveURL(expected) failed

    Expected pattern: /\/dashboard/
    Received string:  "https://wedding-lk.vercel.app/login"
    Timeout: 30000ms

    Call log:
      - Expect "toHaveURL" with timeout 30000ms
        33 × unexpected value "https://wedding-lk.vercel.app/login"


      53 |   await page.fill('input[name="password"]', user.password);
      54 |   await page.click('button[type="submit"]');
    > 55 |   await expect(page).toHaveURL(/\/dashboard/);
         |                      ^
      56 | }
      57 |
      58 | // Helper function to test navigation access
        at loginAsRole (/Users/asithalakmal/Documents/web/final project/WeddingLK-next copy/tests/e2e/rbac-comprehensive.spec.ts:55:22)
        at /Users/asithalakmal/Documents/web/final project/WeddingLK-next copy/tests/e2e/rbac-comprehensive.spec.ts:77:5

    attachment #1: screenshot (image/png) ──────────────────────────────────────────────────────────
    ../../test-results/rbac-comprehensive-🔐-User-6e635--User-Role---Allowed-Access-firefox/test-failed-1.png
    ────────────────────────────────────────────────────────────────────────────────────────────────

    attachment #2: video (video/webm) ──────────────────────────────────────────────────────────────
    ../../test-results/rbac-comprehensive-🔐-User-6e635--User-Role---Allowed-Access-firefox/video.webm
    ────────────────────────────────────────────────────────────────────────────────────────────────

    Error Context: ../../test-results/rbac-comprehensive-🔐-User-6e635--User-Role---Allowed-Access-firefox/error-context.md
]]>
</failure>
<system-out>
<![CDATA[
[[ATTACHMENT|test-results/rbac-comprehensive-🔐-User-6e635--User-Role---Allowed-Access-firefox/test-failed-1.png]]

[[ATTACHMENT|test-results/rbac-comprehensive-🔐-User-6e635--User-Role---Allowed-Access-firefox/video.webm]]

[[ATTACHMENT|test-results/rbac-comprehensive-🔐-User-6e635--User-Role---Allowed-Access-firefox/error-context.md]]
]]>
</system-out>
</testcase>
<testcase name="🔐 User Role RBAC Tests › User Role - Navigation Items Visibility" classname="rbac-comprehensive.spec.ts" time="38.93">
<failure message="rbac-comprehensive.spec.ts:106:7 User Role - Navigation Items Visibility" type="FAILURE">
<![CDATA[  [firefox] › rbac-comprehensive.spec.ts:106:7 › 🔐 User Role RBAC Tests › User Role - Navigation Items Visibility 

    Error: expect(page).toHaveURL(expected) failed

    Expected pattern: /\/dashboard/
    Received string:  "https://wedding-lk.vercel.app/login"
    Timeout: 30000ms

    Call log:
      - Expect "toHaveURL" with timeout 30000ms
        33 × unexpected value "https://wedding-lk.vercel.app/login"


      53 |   await page.fill('input[name="password"]', user.password);
      54 |   await page.click('button[type="submit"]');
    > 55 |   await expect(page).toHaveURL(/\/dashboard/);
         |                      ^
      56 | }
      57 |
      58 | // Helper function to test navigation access
        at loginAsRole (/Users/asithalakmal/Documents/web/final project/WeddingLK-next copy/tests/e2e/rbac-comprehensive.spec.ts:55:22)
        at /Users/asithalakmal/Documents/web/final project/WeddingLK-next copy/tests/e2e/rbac-comprehensive.spec.ts:107:5

    attachment #1: screenshot (image/png) ──────────────────────────────────────────────────────────
    ../../test-results/rbac-comprehensive-🔐-User-608d2-Navigation-Items-Visibility-firefox/test-failed-1.png
    ────────────────────────────────────────────────────────────────────────────────────────────────

    attachment #2: video (video/webm) ──────────────────────────────────────────────────────────────
    ../../test-results/rbac-comprehensive-🔐-User-608d2-Navigation-Items-Visibility-firefox/video.webm
    ────────────────────────────────────────────────────────────────────────────────────────────────

    Error Context: ../../test-results/rbac-comprehensive-🔐-User-608d2-Navigation-Items-Visibility-firefox/error-context.md
]]>
</failure>
<system-out>
<![CDATA[
[[ATTACHMENT|test-results/rbac-comprehensive-🔐-User-608d2-Navigation-Items-Visibility-firefox/test-failed-1.png]]

[[ATTACHMENT|test-results/rbac-comprehensive-🔐-User-608d2-Navigation-Items-Visibility-firefox/video.webm]]

[[ATTACHMENT|test-results/rbac-comprehensive-🔐-User-608d2-Navigation-Items-Visibility-firefox/error-context.md]]
]]>
</system-out>
</testcase>
<testcase name="🔐 User Role RBAC Tests › User Role - Feature Access Control" classname="rbac-comprehensive.spec.ts" time="42.061">
<failure message="rbac-comprehensive.spec.ts:126:7 User Role - Feature Access Control" type="FAILURE">
<![CDATA[  [firefox] › rbac-comprehensive.spec.ts:126:7 › 🔐 User Role RBAC Tests › User Role - Feature Access Control 

    Error: expect(page).toHaveURL(expected) failed

    Expected pattern: /\/dashboard/
    Received string:  "https://wedding-lk.vercel.app/login"
    Timeout: 30000ms

    Call log:
      - Expect "toHaveURL" with timeout 30000ms
        31 × unexpected value "https://wedding-lk.vercel.app/login"


      53 |   await page.fill('input[name="password"]', user.password);
      54 |   await page.click('button[type="submit"]');
    > 55 |   await expect(page).toHaveURL(/\/dashboard/);
         |                      ^
      56 | }
      57 |
      58 | // Helper function to test navigation access
        at loginAsRole (/Users/asithalakmal/Documents/web/final project/WeddingLK-next copy/tests/e2e/rbac-comprehensive.spec.ts:55:22)
        at /Users/asithalakmal/Documents/web/final project/WeddingLK-next copy/tests/e2e/rbac-comprehensive.spec.ts:127:5

    attachment #1: screenshot (image/png) ──────────────────────────────────────────────────────────
    ../../test-results/rbac-comprehensive-🔐-User-8f46f-le---Feature-Access-Control-firefox/test-failed-1.png
    ────────────────────────────────────────────────────────────────────────────────────────────────

    attachment #2: video (video/webm) ──────────────────────────────────────────────────────────────
    ../../test-results/rbac-comprehensive-🔐-User-8f46f-le---Feature-Access-Control-firefox/video.webm
    ────────────────────────────────────────────────────────────────────────────────────────────────

    Error Context: ../../test-results/rbac-comprehensive-🔐-User-8f46f-le---Feature-Access-Control-firefox/error-context.md
]]>
</failure>
<system-out>
<![CDATA[
[[ATTACHMENT|test-results/rbac-comprehensive-🔐-User-8f46f-le---Feature-Access-Control-firefox/test-failed-1.png]]

[[ATTACHMENT|test-results/rbac-comprehensive-🔐-User-8f46f-le---Feature-Access-Control-firefox/video.webm]]

[[ATTACHMENT|test-results/rbac-comprehensive-🔐-User-8f46f-le---Feature-Access-Control-firefox/error-context.md]]
]]>
</system-out>
</testcase>
<testcase name="🏢 Vendor Role RBAC Tests › Vendor Role - Allowed Access" classname="rbac-comprehensive.spec.ts" time="44.766">
<failure message="rbac-comprehensive.spec.ts:146:7 Vendor Role - Allowed Access" type="FAILURE">
<![CDATA[  [firefox] › rbac-comprehensive.spec.ts:146:7 › 🏢 Vendor Role RBAC Tests › Vendor Role - Allowed Access 

    Error: expect(page).toHaveURL(expected) failed

    Expected pattern: /\/dashboard/
    Received string:  "https://wedding-lk.vercel.app/login"
    Timeout: 30000ms

    Call log:
      - Expect "toHaveURL" with timeout 30000ms
        32 × unexpected value "https://wedding-lk.vercel.app/login"


      53 |   await page.fill('input[name="password"]', user.password);
      54 |   await page.click('button[type="submit"]');
    > 55 |   await expect(page).toHaveURL(/\/dashboard/);
         |                      ^
      56 | }
      57 |
      58 | // Helper function to test navigation access
        at loginAsRole (/Users/asithalakmal/Documents/web/final project/WeddingLK-next copy/tests/e2e/rbac-comprehensive.spec.ts:55:22)
        at /Users/asithalakmal/Documents/web/final project/WeddingLK-next copy/tests/e2e/rbac-comprehensive.spec.ts:147:5

    attachment #1: screenshot (image/png) ──────────────────────────────────────────────────────────
    ../../test-results/rbac-comprehensive-🏢-Vend-c71ca-endor-Role---Allowed-Access-firefox/test-failed-1.png
    ────────────────────────────────────────────────────────────────────────────────────────────────

    attachment #2: video (video/webm) ──────────────────────────────────────────────────────────────
    ../../test-results/rbac-comprehensive-🏢-Vend-c71ca-endor-Role---Allowed-Access-firefox/video.webm
    ────────────────────────────────────────────────────────────────────────────────────────────────

    Error Context: ../../test-results/rbac-comprehensive-🏢-Vend-c71ca-endor-Role---Allowed-Access-firefox/error-context.md
]]>
</failure>
<system-out>
<![CDATA[
[[ATTACHMENT|test-results/rbac-comprehensive-🏢-Vend-c71ca-endor-Role---Allowed-Access-firefox/test-failed-1.png]]

[[ATTACHMENT|test-results/rbac-comprehensive-🏢-Vend-c71ca-endor-Role---Allowed-Access-firefox/video.webm]]

[[ATTACHMENT|test-results/rbac-comprehensive-🏢-Vend-c71ca-endor-Role---Allowed-Access-firefox/error-context.md]]
]]>
</system-out>
</testcase>
<testcase name="🏢 Vendor Role RBAC Tests › Vendor Role - Navigation Items Visibility" classname="rbac-comprehensive.spec.ts" time="44.946">
<failure message="rbac-comprehensive.spec.ts:175:7 Vendor Role - Navigation Items Visibility" type="FAILURE">
<![CDATA[  [firefox] › rbac-comprehensive.spec.ts:175:7 › 🏢 Vendor Role RBAC Tests › Vendor Role - Navigation Items Visibility 

    Error: expect(page).toHaveURL(expected) failed

    Expected pattern: /\/dashboard/
    Received string:  "https://wedding-lk.vercel.app/login"
    Timeout: 30000ms

    Call log:
      - Expect "toHaveURL" with timeout 30000ms
        33 × unexpected value "https://wedding-lk.vercel.app/login"


      53 |   await page.fill('input[name="password"]', user.password);
      54 |   await page.click('button[type="submit"]');
    > 55 |   await expect(page).toHaveURL(/\/dashboard/);
         |                      ^
      56 | }
      57 |
      58 | // Helper function to test navigation access
        at loginAsRole (/Users/asithalakmal/Documents/web/final project/WeddingLK-next copy/tests/e2e/rbac-comprehensive.spec.ts:55:22)
        at /Users/asithalakmal/Documents/web/final project/WeddingLK-next copy/tests/e2e/rbac-comprehensive.spec.ts:176:5

    attachment #1: screenshot (image/png) ──────────────────────────────────────────────────────────
    ../../test-results/rbac-comprehensive-🏢-Vend-6301d-Navigation-Items-Visibility-firefox/test-failed-1.png
    ────────────────────────────────────────────────────────────────────────────────────────────────

    attachment #2: video (video/webm) ──────────────────────────────────────────────────────────────
    ../../test-results/rbac-comprehensive-🏢-Vend-6301d-Navigation-Items-Visibility-firefox/video.webm
    ────────────────────────────────────────────────────────────────────────────────────────────────

    Error Context: ../../test-results/rbac-comprehensive-🏢-Vend-6301d-Navigation-Items-Visibility-firefox/error-context.md
]]>
</failure>
<system-out>
<![CDATA[
[[ATTACHMENT|test-results/rbac-comprehensive-🏢-Vend-6301d-Navigation-Items-Visibility-firefox/test-failed-1.png]]

[[ATTACHMENT|test-results/rbac-comprehensive-🏢-Vend-6301d-Navigation-Items-Visibility-firefox/video.webm]]

[[ATTACHMENT|test-results/rbac-comprehensive-🏢-Vend-6301d-Navigation-Items-Visibility-firefox/error-context.md]]
]]>
</system-out>
</testcase>
<testcase name="🏢 Vendor Role RBAC Tests › Vendor Role - Feature Access Control" classname="rbac-comprehensive.spec.ts" time="40.581">
<failure message="rbac-comprehensive.spec.ts:196:7 Vendor Role - Feature Access Control" type="FAILURE">
<![CDATA[  [firefox] › rbac-comprehensive.spec.ts:196:7 › 🏢 Vendor Role RBAC Tests › Vendor Role - Feature Access Control 

    Error: expect(page).toHaveURL(expected) failed

    Expected pattern: /\/dashboard/
    Received string:  "https://wedding-lk.vercel.app/login"
    Timeout: 30000ms

    Call log:
      - Expect "toHaveURL" with timeout 30000ms
        32 × unexpected value "https://wedding-lk.vercel.app/login"


      53 |   await page.fill('input[name="password"]', user.password);
      54 |   await page.click('button[type="submit"]');
    > 55 |   await expect(page).toHaveURL(/\/dashboard/);
         |                      ^
      56 | }
      57 |
      58 | // Helper function to test navigation access
        at loginAsRole (/Users/asithalakmal/Documents/web/final project/WeddingLK-next copy/tests/e2e/rbac-comprehensive.spec.ts:55:22)
        at /Users/asithalakmal/Documents/web/final project/WeddingLK-next copy/tests/e2e/rbac-comprehensive.spec.ts:197:5

    attachment #1: screenshot (image/png) ──────────────────────────────────────────────────────────
    ../../test-results/rbac-comprehensive-🏢-Vend-6d7ff-le---Feature-Access-Control-firefox/test-failed-1.png
    ────────────────────────────────────────────────────────────────────────────────────────────────

    attachment #2: video (video/webm) ──────────────────────────────────────────────────────────────
    ../../test-results/rbac-comprehensive-🏢-Vend-6d7ff-le---Feature-Access-Control-firefox/video.webm
    ────────────────────────────────────────────────────────────────────────────────────────────────

    Error Context: ../../test-results/rbac-comprehensive-🏢-Vend-6d7ff-le---Feature-Access-Control-firefox/error-context.md
]]>
</failure>
<system-out>
<![CDATA[
[[ATTACHMENT|test-results/rbac-comprehensive-🏢-Vend-6d7ff-le---Feature-Access-Control-firefox/test-failed-1.png]]

[[ATTACHMENT|test-results/rbac-comprehensive-🏢-Vend-6d7ff-le---Feature-Access-Control-firefox/video.webm]]

[[ATTACHMENT|test-results/rbac-comprehensive-🏢-Vend-6d7ff-le---Feature-Access-Control-firefox/error-context.md]]
]]>
</system-out>
</testcase>
<testcase name="👥 Wedding Planner Role RBAC Tests › Wedding Planner Role - Allowed Access" classname="rbac-comprehensive.spec.ts" time="45.847">
<failure message="rbac-comprehensive.spec.ts:220:7 Wedding Planner Role - Allowed Access" type="FAILURE">
<![CDATA[  [firefox] › rbac-comprehensive.spec.ts:220:7 › 👥 Wedding Planner Role RBAC Tests › Wedding Planner Role - Allowed Access 

    Error: expect(page).toHaveURL(expected) failed

    Expected pattern: /\/dashboard/
    Received string:  "https://wedding-lk.vercel.app/login"
    Timeout: 30000ms

    Call log:
      - Expect "toHaveURL" with timeout 30000ms
        33 × unexpected value "https://wedding-lk.vercel.app/login"


      53 |   await page.fill('input[name="password"]', user.password);
      54 |   await page.click('button[type="submit"]');
    > 55 |   await expect(page).toHaveURL(/\/dashboard/);
         |                      ^
      56 | }
      57 |
      58 | // Helper function to test navigation access
        at loginAsRole (/Users/asithalakmal/Documents/web/final project/WeddingLK-next copy/tests/e2e/rbac-comprehensive.spec.ts:55:22)
        at /Users/asithalakmal/Documents/web/final project/WeddingLK-next copy/tests/e2e/rbac-comprehensive.spec.ts:221:5

    attachment #1: screenshot (image/png) ──────────────────────────────────────────────────────────
    ../../test-results/rbac-comprehensive-👥-Wedd-e2018-anner-Role---Allowed-Access-firefox/test-failed-1.png
    ────────────────────────────────────────────────────────────────────────────────────────────────

    attachment #2: video (video/webm) ──────────────────────────────────────────────────────────────
    ../../test-results/rbac-comprehensive-👥-Wedd-e2018-anner-Role---Allowed-Access-firefox/video.webm
    ────────────────────────────────────────────────────────────────────────────────────────────────

    Error Context: ../../test-results/rbac-comprehensive-👥-Wedd-e2018-anner-Role---Allowed-Access-firefox/error-context.md
]]>
</failure>
<system-out>
<![CDATA[
[[ATTACHMENT|test-results/rbac-comprehensive-👥-Wedd-e2018-anner-Role---Allowed-Access-firefox/test-failed-1.png]]

[[ATTACHMENT|test-results/rbac-comprehensive-👥-Wedd-e2018-anner-Role---Allowed-Access-firefox/video.webm]]

[[ATTACHMENT|test-results/rbac-comprehensive-👥-Wedd-e2018-anner-Role---Allowed-Access-firefox/error-context.md]]
]]>
</system-out>
</testcase>
<testcase name="👥 Wedding Planner Role RBAC Tests › Wedding Planner Role - Navigation Items Visibility" classname="rbac-comprehensive.spec.ts" time="50.683">
<failure message="rbac-comprehensive.spec.ts:249:7 Wedding Planner Role - Navigation Items Visibility" type="FAILURE">
<![CDATA[  [firefox] › rbac-comprehensive.spec.ts:249:7 › 👥 Wedding Planner Role RBAC Tests › Wedding Planner Role - Navigation Items Visibility 

    Error: expect(page).toHaveURL(expected) failed

    Expected pattern: /\/dashboard/
    Received string:  "https://wedding-lk.vercel.app/login"
    Timeout: 30000ms

    Call log:
      - Expect "toHaveURL" with timeout 30000ms
        32 × unexpected value "https://wedding-lk.vercel.app/login"


      53 |   await page.fill('input[name="password"]', user.password);
      54 |   await page.click('button[type="submit"]');
    > 55 |   await expect(page).toHaveURL(/\/dashboard/);
         |                      ^
      56 | }
      57 |
      58 | // Helper function to test navigation access
        at loginAsRole (/Users/asithalakmal/Documents/web/final project/WeddingLK-next copy/tests/e2e/rbac-comprehensive.spec.ts:55:22)
        at /Users/asithalakmal/Documents/web/final project/WeddingLK-next copy/tests/e2e/rbac-comprehensive.spec.ts:250:5

    attachment #1: screenshot (image/png) ──────────────────────────────────────────────────────────
    ../../test-results/rbac-comprehensive-👥-Wedd-a3027-Navigation-Items-Visibility-firefox/test-failed-1.png
    ────────────────────────────────────────────────────────────────────────────────────────────────

    attachment #2: video (video/webm) ──────────────────────────────────────────────────────────────
    ../../test-results/rbac-comprehensive-👥-Wedd-a3027-Navigation-Items-Visibility-firefox/video.webm
    ────────────────────────────────────────────────────────────────────────────────────────────────

    Error Context: ../../test-results/rbac-comprehensive-👥-Wedd-a3027-Navigation-Items-Visibility-firefox/error-context.md
]]>
</failure>
<system-out>
<![CDATA[
[[ATTACHMENT|test-results/rbac-comprehensive-👥-Wedd-a3027-Navigation-Items-Visibility-firefox/test-failed-1.png]]

[[ATTACHMENT|test-results/rbac-comprehensive-👥-Wedd-a3027-Navigation-Items-Visibility-firefox/video.webm]]

[[ATTACHMENT|test-results/rbac-comprehensive-👥-Wedd-a3027-Navigation-Items-Visibility-firefox/error-context.md]]
]]>
</system-out>
</testcase>
<testcase name="👥 Wedding Planner Role RBAC Tests › Wedding Planner Role - Feature Access Control" classname="rbac-comprehensive.spec.ts" time="66.781">
<failure message="rbac-comprehensive.spec.ts:270:7 Wedding Planner Role - Feature Access Control" type="FAILURE">
<![CDATA[  [firefox] › rbac-comprehensive.spec.ts:270:7 › 👥 Wedding Planner Role RBAC Tests › Wedding Planner Role - Feature Access Control 

    Error: expect(page).toHaveURL(expected) failed

    Expected pattern: /\/dashboard/
    Received string:  "https://wedding-lk.vercel.app/login"
    Timeout: 30000ms

    Call log:
      - Expect "toHaveURL" with timeout 30000ms
        32 × unexpected value "https://wedding-lk.vercel.app/login"


      53 |   await page.fill('input[name="password"]', user.password);
      54 |   await page.click('button[type="submit"]');
    > 55 |   await expect(page).toHaveURL(/\/dashboard/);
         |                      ^
      56 | }
      57 |
      58 | // Helper function to test navigation access
        at loginAsRole (/Users/asithalakmal/Documents/web/final project/WeddingLK-next copy/tests/e2e/rbac-comprehensive.spec.ts:55:22)
        at /Users/asithalakmal/Documents/web/final project/WeddingLK-next copy/tests/e2e/rbac-comprehensive.spec.ts:271:5

    attachment #1: screenshot (image/png) ──────────────────────────────────────────────────────────
    ../../test-results/rbac-comprehensive-👥-Wedd-afe80-le---Feature-Access-Control-firefox/test-failed-1.png
    ────────────────────────────────────────────────────────────────────────────────────────────────

    attachment #2: video (video/webm) ──────────────────────────────────────────────────────────────
    ../../test-results/rbac-comprehensive-👥-Wedd-afe80-le---Feature-Access-Control-firefox/video.webm
    ────────────────────────────────────────────────────────────────────────────────────────────────

    Error Context: ../../test-results/rbac-comprehensive-👥-Wedd-afe80-le---Feature-Access-Control-firefox/error-context.md
]]>
</failure>
<system-out>
<![CDATA[
[[ATTACHMENT|test-results/rbac-comprehensive-👥-Wedd-afe80-le---Feature-Access-Control-firefox/test-failed-1.png]]

[[ATTACHMENT|test-results/rbac-comprehensive-👥-Wedd-afe80-le---Feature-Access-Control-firefox/video.webm]]

[[ATTACHMENT|test-results/rbac-comprehensive-👥-Wedd-afe80-le---Feature-Access-Control-firefox/error-context.md]]
]]>
</system-out>
</testcase>
<testcase name="👑 Admin Role RBAC Tests › Admin Role - Allowed Access" classname="rbac-comprehensive.spec.ts" time="57.899">
<failure message="rbac-comprehensive.spec.ts:294:7 Admin Role - Allowed Access" type="FAILURE">
<![CDATA[  [firefox] › rbac-comprehensive.spec.ts:294:7 › 👑 Admin Role RBAC Tests › Admin Role - Allowed Access 

    Error: expect(page).toHaveURL(expected) failed

    Expected pattern: /\/dashboard/
    Received string:  "https://wedding-lk.vercel.app/login"
    Timeout: 30000ms

    Call log:
      - Expect "toHaveURL" with timeout 30000ms
        32 × unexpected value "https://wedding-lk.vercel.app/login"


      53 |   await page.fill('input[name="password"]', user.password);
      54 |   await page.click('button[type="submit"]');
    > 55 |   await expect(page).toHaveURL(/\/dashboard/);
         |                      ^
      56 | }
      57 |
      58 | // Helper function to test navigation access
        at loginAsRole (/Users/asithalakmal/Documents/web/final project/WeddingLK-next copy/tests/e2e/rbac-comprehensive.spec.ts:55:22)
        at /Users/asithalakmal/Documents/web/final project/WeddingLK-next copy/tests/e2e/rbac-comprehensive.spec.ts:295:5

    attachment #1: screenshot (image/png) ──────────────────────────────────────────────────────────
    ../../test-results/rbac-comprehensive-👑-Admi-1dca0-Admin-Role---Allowed-Access-firefox/test-failed-1.png
    ────────────────────────────────────────────────────────────────────────────────────────────────

    attachment #2: video (video/webm) ──────────────────────────────────────────────────────────────
    ../../test-results/rbac-comprehensive-👑-Admi-1dca0-Admin-Role---Allowed-Access-firefox/video.webm
    ────────────────────────────────────────────────────────────────────────────────────────────────

    Error Context: ../../test-results/rbac-comprehensive-👑-Admi-1dca0-Admin-Role---Allowed-Access-firefox/error-context.md
]]>
</failure>
<system-out>
<![CDATA[
[[ATTACHMENT|test-results/rbac-comprehensive-👑-Admi-1dca0-Admin-Role---Allowed-Access-firefox/test-failed-1.png]]

[[ATTACHMENT|test-results/rbac-comprehensive-👑-Admi-1dca0-Admin-Role---Allowed-Access-firefox/video.webm]]

[[ATTACHMENT|test-results/rbac-comprehensive-👑-Admi-1dca0-Admin-Role---Allowed-Access-firefox/error-context.md]]
]]>
</system-out>
</testcase>
<testcase name="👑 Admin Role RBAC Tests › Admin Role - Navigation Items Visibility" classname="rbac-comprehensive.spec.ts" time="50.624">
<failure message="rbac-comprehensive.spec.ts:323:7 Admin Role - Navigation Items Visibility" type="FAILURE">
<![CDATA[  [firefox] › rbac-comprehensive.spec.ts:323:7 › 👑 Admin Role RBAC Tests › Admin Role - Navigation Items Visibility 

    Error: expect(page).toHaveURL(expected) failed

    Expected pattern: /\/dashboard/
    Received string:  "https://wedding-lk.vercel.app/login"
    Timeout: 30000ms

    Call log:
      - Expect "toHaveURL" with timeout 30000ms
        32 × unexpected value "https://wedding-lk.vercel.app/login"


      53 |   await page.fill('input[name="password"]', user.password);
      54 |   await page.click('button[type="submit"]');
    > 55 |   await expect(page).toHaveURL(/\/dashboard/);
         |                      ^
      56 | }
      57 |
      58 | // Helper function to test navigation access
        at loginAsRole (/Users/asithalakmal/Documents/web/final project/WeddingLK-next copy/tests/e2e/rbac-comprehensive.spec.ts:55:22)
        at /Users/asithalakmal/Documents/web/final project/WeddingLK-next copy/tests/e2e/rbac-comprehensive.spec.ts:324:5

    attachment #1: screenshot (image/png) ──────────────────────────────────────────────────────────
    ../../test-results/rbac-comprehensive-👑-Admi-df4c3-Navigation-Items-Visibility-firefox/test-failed-1.png
    ────────────────────────────────────────────────────────────────────────────────────────────────

    attachment #2: video (video/webm) ──────────────────────────────────────────────────────────────
    ../../test-results/rbac-comprehensive-👑-Admi-df4c3-Navigation-Items-Visibility-firefox/video.webm
    ────────────────────────────────────────────────────────────────────────────────────────────────

    Error Context: ../../test-results/rbac-comprehensive-👑-Admi-df4c3-Navigation-Items-Visibility-firefox/error-context.md
]]>
</failure>
<system-out>
<![CDATA[
[[ATTACHMENT|test-results/rbac-comprehensive-👑-Admi-df4c3-Navigation-Items-Visibility-firefox/test-failed-1.png]]

[[ATTACHMENT|test-results/rbac-comprehensive-👑-Admi-df4c3-Navigation-Items-Visibility-firefox/video.webm]]

[[ATTACHMENT|test-results/rbac-comprehensive-👑-Admi-df4c3-Navigation-Items-Visibility-firefox/error-context.md]]
]]>
</system-out>
</testcase>
<testcase name="👑 Admin Role RBAC Tests › Admin Role - Feature Access Control" classname="rbac-comprehensive.spec.ts" time="49.37">
<failure message="rbac-comprehensive.spec.ts:346:7 Admin Role - Feature Access Control" type="FAILURE">
<![CDATA[  [firefox] › rbac-comprehensive.spec.ts:346:7 › 👑 Admin Role RBAC Tests › Admin Role - Feature Access Control 

    Error: expect(page).toHaveURL(expected) failed

    Expected pattern: /\/dashboard/
    Received string:  "https://wedding-lk.vercel.app/login"
    Timeout: 30000ms

    Call log:
      - Expect "toHaveURL" with timeout 30000ms
        33 × unexpected value "https://wedding-lk.vercel.app/login"


      53 |   await page.fill('input[name="password"]', user.password);
      54 |   await page.click('button[type="submit"]');
    > 55 |   await expect(page).toHaveURL(/\/dashboard/);
         |                      ^
      56 | }
      57 |
      58 | // Helper function to test navigation access
        at loginAsRole (/Users/asithalakmal/Documents/web/final project/WeddingLK-next copy/tests/e2e/rbac-comprehensive.spec.ts:55:22)
        at /Users/asithalakmal/Documents/web/final project/WeddingLK-next copy/tests/e2e/rbac-comprehensive.spec.ts:347:5

    attachment #1: screenshot (image/png) ──────────────────────────────────────────────────────────
    ../../test-results/rbac-comprehensive-👑-Admi-503af-le---Feature-Access-Control-firefox/test-failed-1.png
    ────────────────────────────────────────────────────────────────────────────────────────────────

    attachment #2: video (video/webm) ──────────────────────────────────────────────────────────────
    ../../test-results/rbac-comprehensive-👑-Admi-503af-le---Feature-Access-Control-firefox/video.webm
    ────────────────────────────────────────────────────────────────────────────────────────────────

    Error Context: ../../test-results/rbac-comprehensive-👑-Admi-503af-le---Feature-Access-Control-firefox/error-context.md
]]>
</failure>
<system-out>
<![CDATA[
[[ATTACHMENT|test-results/rbac-comprehensive-👑-Admi-503af-le---Feature-Access-Control-firefox/test-failed-1.png]]

[[ATTACHMENT|test-results/rbac-comprehensive-👑-Admi-503af-le---Feature-Access-Control-firefox/video.webm]]

[[ATTACHMENT|test-results/rbac-comprehensive-👑-Admi-503af-le---Feature-Access-Control-firefox/error-context.md]]
]]>
</system-out>
</testcase>
<testcase name="🔧 Maintainer Role RBAC Tests › Maintainer Role - Allowed Access" classname="rbac-comprehensive.spec.ts" time="46.197">
<failure message="rbac-comprehensive.spec.ts:372:7 Maintainer Role - Allowed Access" type="FAILURE">
<![CDATA[  [firefox] › rbac-comprehensive.spec.ts:372:7 › 🔧 Maintainer Role RBAC Tests › Maintainer Role - Allowed Access 

    Error: expect(page).toHaveURL(expected) failed

    Expected pattern: /\/dashboard/
    Received string:  "https://wedding-lk.vercel.app/login"
    Timeout: 30000ms

    Call log:
      - Expect "toHaveURL" with timeout 30000ms
        32 × unexpected value "https://wedding-lk.vercel.app/login"


      53 |   await page.fill('input[name="password"]', user.password);
      54 |   await page.click('button[type="submit"]');
    > 55 |   await expect(page).toHaveURL(/\/dashboard/);
         |                      ^
      56 | }
      57 |
      58 | // Helper function to test navigation access
        at loginAsRole (/Users/asithalakmal/Documents/web/final project/WeddingLK-next copy/tests/e2e/rbac-comprehensive.spec.ts:55:22)
        at /Users/asithalakmal/Documents/web/final project/WeddingLK-next copy/tests/e2e/rbac-comprehensive.spec.ts:373:5

    attachment #1: screenshot (image/png) ──────────────────────────────────────────────────────────
    ../../test-results/rbac-comprehensive-🔧-Main-a39b7-ainer-Role---Allowed-Access-firefox/test-failed-1.png
    ────────────────────────────────────────────────────────────────────────────────────────────────

    attachment #2: video (video/webm) ──────────────────────────────────────────────────────────────
    ../../test-results/rbac-comprehensive-🔧-Main-a39b7-ainer-Role---Allowed-Access-firefox/video.webm
    ────────────────────────────────────────────────────────────────────────────────────────────────

    Error Context: ../../test-results/rbac-comprehensive-🔧-Main-a39b7-ainer-Role---Allowed-Access-firefox/error-context.md
]]>
</failure>
<system-out>
<![CDATA[
[[ATTACHMENT|test-results/rbac-comprehensive-🔧-Main-a39b7-ainer-Role---Allowed-Access-firefox/test-failed-1.png]]

[[ATTACHMENT|test-results/rbac-comprehensive-🔧-Main-a39b7-ainer-Role---Allowed-Access-firefox/video.webm]]

[[ATTACHMENT|test-results/rbac-comprehensive-🔧-Main-a39b7-ainer-Role---Allowed-Access-firefox/error-context.md]]
]]>
</system-out>
</testcase>
<testcase name="🔧 Maintainer Role RBAC Tests › Maintainer Role - Debug Access" classname="rbac-comprehensive.spec.ts" time="37.554">
<failure message="rbac-comprehensive.spec.ts:406:7 Maintainer Role - Debug Access" type="FAILURE">
<![CDATA[  [firefox] › rbac-comprehensive.spec.ts:406:7 › 🔧 Maintainer Role RBAC Tests › Maintainer Role - Debug Access 

    Error: expect(page).toHaveURL(expected) failed

    Expected pattern: /\/dashboard/
    Received string:  "https://wedding-lk.vercel.app/login"
    Timeout: 30000ms

    Call log:
      - Expect "toHaveURL" with timeout 30000ms
        33 × unexpected value "https://wedding-lk.vercel.app/login"


      53 |   await page.fill('input[name="password"]', user.password);
      54 |   await page.click('button[type="submit"]');
    > 55 |   await expect(page).toHaveURL(/\/dashboard/);
         |                      ^
      56 | }
      57 |
      58 | // Helper function to test navigation access
        at loginAsRole (/Users/asithalakmal/Documents/web/final project/WeddingLK-next copy/tests/e2e/rbac-comprehensive.spec.ts:55:22)
        at /Users/asithalakmal/Documents/web/final project/WeddingLK-next copy/tests/e2e/rbac-comprehensive.spec.ts:407:5

    attachment #1: screenshot (image/png) ──────────────────────────────────────────────────────────
    ../../test-results/rbac-comprehensive-🔧-Main-5e06e-ntainer-Role---Debug-Access-firefox/test-failed-1.png
    ────────────────────────────────────────────────────────────────────────────────────────────────

    attachment #2: video (video/webm) ──────────────────────────────────────────────────────────────
    ../../test-results/rbac-comprehensive-🔧-Main-5e06e-ntainer-Role---Debug-Access-firefox/video.webm
    ────────────────────────────────────────────────────────────────────────────────────────────────

    Error Context: ../../test-results/rbac-comprehensive-🔧-Main-5e06e-ntainer-Role---Debug-Access-firefox/error-context.md
]]>
</failure>
<system-out>
<![CDATA[
[[ATTACHMENT|test-results/rbac-comprehensive-🔧-Main-5e06e-ntainer-Role---Debug-Access-firefox/test-failed-1.png]]

[[ATTACHMENT|test-results/rbac-comprehensive-🔧-Main-5e06e-ntainer-Role---Debug-Access-firefox/video.webm]]

[[ATTACHMENT|test-results/rbac-comprehensive-🔧-Main-5e06e-ntainer-Role---Debug-Access-firefox/error-context.md]]
]]>
</system-out>
</testcase>
<testcase name="🛡️ Middleware Route Protection Tests › Unauthenticated Access Protection" classname="rbac-comprehensive.spec.ts" time="38.139">
<failure message="rbac-comprehensive.spec.ts:420:7 Unauthenticated Access Protection" type="FAILURE">
<![CDATA[  [firefox] › rbac-comprehensive.spec.ts:420:7 › 🛡️ Middleware Route Protection Tests › Unauthenticated Access Protection 

    Error: expect(page).toHaveURL(expected) failed

    Expected pattern: /\/auth\/signin/
    Received string:  "https://wedding-lk.vercel.app/dashboard"
    Timeout: 30000ms

    Call log:
      - Expect "toHaveURL" with timeout 30000ms
        33 × unexpected value "https://wedding-lk.vercel.app/dashboard"


      431 |     for (const route of protectedRoutes) {
      432 |       await page.goto(route);
    > 433 |       await expect(page).toHaveURL(/\/auth\/signin/);
          |                          ^
      434 |     }
      435 |   });
      436 |
        at /Users/asithalakmal/Documents/web/final project/WeddingLK-next copy/tests/e2e/rbac-comprehensive.spec.ts:433:26

    attachment #1: screenshot (image/png) ──────────────────────────────────────────────────────────
    ../../test-results/rbac-comprehensive-🛡️-Mid-97211-enticated-Access-Protection-firefox/test-failed-1.png
    ────────────────────────────────────────────────────────────────────────────────────────────────

    attachment #2: video (video/webm) ──────────────────────────────────────────────────────────────
    ../../test-results/rbac-comprehensive-🛡️-Mid-97211-enticated-Access-Protection-firefox/video.webm
    ────────────────────────────────────────────────────────────────────────────────────────────────

    Error Context: ../../test-results/rbac-comprehensive-🛡️-Mid-97211-enticated-Access-Protection-firefox/error-context.md
]]>
</failure>
<system-out>
<![CDATA[
[[ATTACHMENT|test-results/rbac-comprehensive-🛡️-Mid-97211-enticated-Access-Protection-firefox/test-failed-1.png]]

[[ATTACHMENT|test-results/rbac-comprehensive-🛡️-Mid-97211-enticated-Access-Protection-firefox/video.webm]]

[[ATTACHMENT|test-results/rbac-comprehensive-🛡️-Mid-97211-enticated-Access-Protection-firefox/error-context.md]]
]]>
</system-out>
</testcase>
<testcase name="🛡️ Middleware Route Protection Tests › Role-Based Route Protection" classname="rbac-comprehensive.spec.ts" time="43.879">
<failure message="rbac-comprehensive.spec.ts:437:7 Role-Based Route Protection" type="FAILURE">
<![CDATA[  [firefox] › rbac-comprehensive.spec.ts:437:7 › 🛡️ Middleware Route Protection Tests › Role-Based Route Protection 

    Error: expect(page).toHaveURL(expected) failed

    Expected pattern: /\/dashboard/
    Received string:  "https://wedding-lk.vercel.app/login"
    Timeout: 30000ms

    Call log:
      - Expect "toHaveURL" with timeout 30000ms
        33 × unexpected value "https://wedding-lk.vercel.app/login"


      53 |   await page.fill('input[name="password"]', user.password);
      54 |   await page.click('button[type="submit"]');
    > 55 |   await expect(page).toHaveURL(/\/dashboard/);
         |                      ^
      56 | }
      57 |
      58 | // Helper function to test navigation access
        at loginAsRole (/Users/asithalakmal/Documents/web/final project/WeddingLK-next copy/tests/e2e/rbac-comprehensive.spec.ts:55:22)
        at /Users/asithalakmal/Documents/web/final project/WeddingLK-next copy/tests/e2e/rbac-comprehensive.spec.ts:439:5

    attachment #1: screenshot (image/png) ──────────────────────────────────────────────────────────
    ../../test-results/rbac-comprehensive-🛡️-Mid-4d0bc-Role-Based-Route-Protection-firefox/test-failed-1.png
    ────────────────────────────────────────────────────────────────────────────────────────────────

    attachment #2: video (video/webm) ──────────────────────────────────────────────────────────────
    ../../test-results/rbac-comprehensive-🛡️-Mid-4d0bc-Role-Based-Route-Protection-firefox/video.webm
    ────────────────────────────────────────────────────────────────────────────────────────────────

    Error Context: ../../test-results/rbac-comprehensive-🛡️-Mid-4d0bc-Role-Based-Route-Protection-firefox/error-context.md
]]>
</failure>
<system-out>
<![CDATA[
[[ATTACHMENT|test-results/rbac-comprehensive-🛡️-Mid-4d0bc-Role-Based-Route-Protection-firefox/test-failed-1.png]]

[[ATTACHMENT|test-results/rbac-comprehensive-🛡️-Mid-4d0bc-Role-Based-Route-Protection-firefox/video.webm]]

[[ATTACHMENT|test-results/rbac-comprehensive-🛡️-Mid-4d0bc-Role-Based-Route-Protection-firefox/error-context.md]]
]]>
</system-out>
</testcase>
<testcase name="🔌 API Endpoint Authorization Tests › API Authentication Requirements" classname="rbac-comprehensive.spec.ts" time="6.338">
<failure message="rbac-comprehensive.spec.ts:461:7 API Authentication Requirements" type="FAILURE">
<![CDATA[  [firefox] › rbac-comprehensive.spec.ts:461:7 › 🔌 API Endpoint Authorization Tests › API Authentication Requirements 

    Error: expect(received).toBe(expected) // Object.is equality

    Expected: 401
    Received: 200

      471 |     for (const endpoint of apiEndpoints) {
      472 |       const response = await page.request.get(endpoint);
    > 473 |       expect(response.status()).toBe(401);
          |                                 ^
      474 |     }
      475 |   });
      476 |
        at /Users/asithalakmal/Documents/web/final project/WeddingLK-next copy/tests/e2e/rbac-comprehensive.spec.ts:473:33

    attachment #1: screenshot (image/png) ──────────────────────────────────────────────────────────
    ../../test-results/rbac-comprehensive-🔌-API--57edd-Authentication-Requirements-firefox/test-failed-1.png
    ────────────────────────────────────────────────────────────────────────────────────────────────

    attachment #2: video (video/webm) ──────────────────────────────────────────────────────────────
    ../../test-results/rbac-comprehensive-🔌-API--57edd-Authentication-Requirements-firefox/video.webm
    ────────────────────────────────────────────────────────────────────────────────────────────────
]]>
</failure>
<system-out>
<![CDATA[
[[ATTACHMENT|test-results/rbac-comprehensive-🔌-API--57edd-Authentication-Requirements-firefox/test-failed-1.png]]

[[ATTACHMENT|test-results/rbac-comprehensive-🔌-API--57edd-Authentication-Requirements-firefox/video.webm]]
]]>
</system-out>
</testcase>
<testcase name="🔌 API Endpoint Authorization Tests › API Role-Based Authorization" classname="rbac-comprehensive.spec.ts" time="37.82">
<failure message="rbac-comprehensive.spec.ts:477:7 API Role-Based Authorization" type="FAILURE">
<![CDATA[  [firefox] › rbac-comprehensive.spec.ts:477:7 › 🔌 API Endpoint Authorization Tests › API Role-Based Authorization 

    Error: expect(page).toHaveURL(expected) failed

    Expected pattern: /\/dashboard/
    Received string:  "https://wedding-lk.vercel.app/login"
    Timeout: 30000ms

    Call log:
      - Expect "toHaveURL" with timeout 30000ms
        33 × unexpected value "https://wedding-lk.vercel.app/login"


      53 |   await page.fill('input[name="password"]', user.password);
      54 |   await page.click('button[type="submit"]');
    > 55 |   await expect(page).toHaveURL(/\/dashboard/);
         |                      ^
      56 | }
      57 |
      58 | // Helper function to test navigation access
        at loginAsRole (/Users/asithalakmal/Documents/web/final project/WeddingLK-next copy/tests/e2e/rbac-comprehensive.spec.ts:55:22)
        at /Users/asithalakmal/Documents/web/final project/WeddingLK-next copy/tests/e2e/rbac-comprehensive.spec.ts:479:5

    attachment #1: screenshot (image/png) ──────────────────────────────────────────────────────────
    ../../test-results/rbac-comprehensive-🔌-API--a5bf9-PI-Role-Based-Authorization-firefox/test-failed-1.png
    ────────────────────────────────────────────────────────────────────────────────────────────────

    attachment #2: video (video/webm) ──────────────────────────────────────────────────────────────
    ../../test-results/rbac-comprehensive-🔌-API--a5bf9-PI-Role-Based-Authorization-firefox/video.webm
    ────────────────────────────────────────────────────────────────────────────────────────────────

    Error Context: ../../test-results/rbac-comprehensive-🔌-API--a5bf9-PI-Role-Based-Authorization-firefox/error-context.md
]]>
</failure>
<system-out>
<![CDATA[
[[ATTACHMENT|test-results/rbac-comprehensive-🔌-API--a5bf9-PI-Role-Based-Authorization-firefox/test-failed-1.png]]

[[ATTACHMENT|test-results/rbac-comprehensive-🔌-API--a5bf9-PI-Role-Based-Authorization-firefox/video.webm]]

[[ATTACHMENT|test-results/rbac-comprehensive-🔌-API--a5bf9-PI-Role-Based-Authorization-firefox/error-context.md]]
]]>
</system-out>
</testcase>
<testcase name="🔌 API Endpoint Authorization Tests › API Permission-Based Authorization" classname="rbac-comprehensive.spec.ts" time="48.329">
<failure message="rbac-comprehensive.spec.ts:494:7 API Permission-Based Authorization" type="FAILURE">
<![CDATA[  [firefox] › rbac-comprehensive.spec.ts:494:7 › 🔌 API Endpoint Authorization Tests › API Permission-Based Authorization 

    Error: expect(page).toHaveURL(expected) failed

    Expected pattern: /\/dashboard/
    Received string:  "https://wedding-lk.vercel.app/login"
    Timeout: 30000ms

    Call log:
      - Expect "toHaveURL" with timeout 30000ms
        33 × unexpected value "https://wedding-lk.vercel.app/login"


      53 |   await page.fill('input[name="password"]', user.password);
      54 |   await page.click('button[type="submit"]');
    > 55 |   await expect(page).toHaveURL(/\/dashboard/);
         |                      ^
      56 | }
      57 |
      58 | // Helper function to test navigation access
        at loginAsRole (/Users/asithalakmal/Documents/web/final project/WeddingLK-next copy/tests/e2e/rbac-comprehensive.spec.ts:55:22)
        at /Users/asithalakmal/Documents/web/final project/WeddingLK-next copy/tests/e2e/rbac-comprehensive.spec.ts:496:5

    attachment #1: screenshot (image/png) ──────────────────────────────────────────────────────────
    ../../test-results/rbac-comprehensive-🔌-API--eb92c-mission-Based-Authorization-firefox/test-failed-1.png
    ────────────────────────────────────────────────────────────────────────────────────────────────

    attachment #2: video (video/webm) ──────────────────────────────────────────────────────────────
    ../../test-results/rbac-comprehensive-🔌-API--eb92c-mission-Based-Authorization-firefox/video.webm
    ────────────────────────────────────────────────────────────────────────────────────────────────

    Error Context: ../../test-results/rbac-comprehensive-🔌-API--eb92c-mission-Based-Authorization-firefox/error-context.md
]]>
</failure>
<system-out>
<![CDATA[
[[ATTACHMENT|test-results/rbac-comprehensive-🔌-API--eb92c-mission-Based-Authorization-firefox/test-failed-1.png]]

[[ATTACHMENT|test-results/rbac-comprehensive-🔌-API--eb92c-mission-Based-Authorization-firefox/video.webm]]

[[ATTACHMENT|test-results/rbac-comprehensive-🔌-API--eb92c-mission-Based-Authorization-firefox/error-context.md]]
]]>
</system-out>
</testcase>
<testcase name="🎨 UI Component Visibility Tests › Dashboard Components Based on Role" classname="rbac-comprehensive.spec.ts" time="48.38">
<failure message="rbac-comprehensive.spec.ts:511:7 Dashboard Components Based on Role" type="FAILURE">
<![CDATA[  [firefox] › rbac-comprehensive.spec.ts:511:7 › 🎨 UI Component Visibility Tests › Dashboard Components Based on Role 

    Error: expect(page).toHaveURL(expected) failed

    Expected pattern: /\/dashboard/
    Received string:  "https://wedding-lk.vercel.app/login"
    Timeout: 30000ms

    Call log:
      - Expect "toHaveURL" with timeout 30000ms
        33 × unexpected value "https://wedding-lk.vercel.app/login"


      53 |   await page.fill('input[name="password"]', user.password);
      54 |   await page.click('button[type="submit"]');
    > 55 |   await expect(page).toHaveURL(/\/dashboard/);
         |                      ^
      56 | }
      57 |
      58 | // Helper function to test navigation access
        at loginAsRole (/Users/asithalakmal/Documents/web/final project/WeddingLK-next copy/tests/e2e/rbac-comprehensive.spec.ts:55:22)
        at /Users/asithalakmal/Documents/web/final project/WeddingLK-next copy/tests/e2e/rbac-comprehensive.spec.ts:513:5

    attachment #1: screenshot (image/png) ──────────────────────────────────────────────────────────
    ../../test-results/rbac-comprehensive-🎨-UI-C-12201-rd-Components-Based-on-Role-firefox/test-failed-1.png
    ────────────────────────────────────────────────────────────────────────────────────────────────

    attachment #2: video (video/webm) ──────────────────────────────────────────────────────────────
    ../../test-results/rbac-comprehensive-🎨-UI-C-12201-rd-Components-Based-on-Role-firefox/video.webm
    ────────────────────────────────────────────────────────────────────────────────────────────────

    Error Context: ../../test-results/rbac-comprehensive-🎨-UI-C-12201-rd-Components-Based-on-Role-firefox/error-context.md
]]>
</failure>
<system-out>
<![CDATA[
[[ATTACHMENT|test-results/rbac-comprehensive-🎨-UI-C-12201-rd-Components-Based-on-Role-firefox/test-failed-1.png]]

[[ATTACHMENT|test-results/rbac-comprehensive-🎨-UI-C-12201-rd-Components-Based-on-Role-firefox/video.webm]]

[[ATTACHMENT|test-results/rbac-comprehensive-🎨-UI-C-12201-rd-Components-Based-on-Role-firefox/error-context.md]]
]]>
</system-out>
</testcase>
<testcase name="🎨 UI Component Visibility Tests › Navigation Menu Based on Role" classname="rbac-comprehensive.spec.ts" time="47.559">
<failure message="rbac-comprehensive.spec.ts:525:7 Navigation Menu Based on Role" type="FAILURE">
<![CDATA[  [firefox] › rbac-comprehensive.spec.ts:525:7 › 🎨 UI Component Visibility Tests › Navigation Menu Based on Role 

    Error: expect(page).toHaveURL(expected) failed

    Expected pattern: /\/dashboard/
    Received string:  "https://wedding-lk.vercel.app/login"
    Timeout: 30000ms

    Call log:
      - Expect "toHaveURL" with timeout 30000ms
        32 × unexpected value "https://wedding-lk.vercel.app/login"


      53 |   await page.fill('input[name="password"]', user.password);
      54 |   await page.click('button[type="submit"]');
    > 55 |   await expect(page).toHaveURL(/\/dashboard/);
         |                      ^
      56 | }
      57 |
      58 | // Helper function to test navigation access
        at loginAsRole (/Users/asithalakmal/Documents/web/final project/WeddingLK-next copy/tests/e2e/rbac-comprehensive.spec.ts:55:22)
        at /Users/asithalakmal/Documents/web/final project/WeddingLK-next copy/tests/e2e/rbac-comprehensive.spec.ts:527:5

    attachment #1: screenshot (image/png) ──────────────────────────────────────────────────────────
    ../../test-results/rbac-comprehensive-🎨-UI-C-60cb7-vigation-Menu-Based-on-Role-firefox/test-failed-1.png
    ────────────────────────────────────────────────────────────────────────────────────────────────

    attachment #2: video (video/webm) ──────────────────────────────────────────────────────────────
    ../../test-results/rbac-comprehensive-🎨-UI-C-60cb7-vigation-Menu-Based-on-Role-firefox/video.webm
    ────────────────────────────────────────────────────────────────────────────────────────────────

    Error Context: ../../test-results/rbac-comprehensive-🎨-UI-C-60cb7-vigation-Menu-Based-on-Role-firefox/error-context.md
]]>
</failure>
<system-out>
<![CDATA[
[[ATTACHMENT|test-results/rbac-comprehensive-🎨-UI-C-60cb7-vigation-Menu-Based-on-Role-firefox/test-failed-1.png]]

[[ATTACHMENT|test-results/rbac-comprehensive-🎨-UI-C-60cb7-vigation-Menu-Based-on-Role-firefox/video.webm]]

[[ATTACHMENT|test-results/rbac-comprehensive-🎨-UI-C-60cb7-vigation-Menu-Based-on-Role-firefox/error-context.md]]
]]>
</system-out>
</testcase>
<testcase name="🎨 UI Component Visibility Tests › Action Buttons Based on Permissions" classname="rbac-comprehensive.spec.ts" time="45.615">
<failure message="rbac-comprehensive.spec.ts:539:7 Action Buttons Based on Permissions" type="FAILURE">
<![CDATA[  [firefox] › rbac-comprehensive.spec.ts:539:7 › 🎨 UI Component Visibility Tests › Action Buttons Based on Permissions 

    Error: expect(page).toHaveURL(expected) failed

    Expected pattern: /\/dashboard/
    Received string:  "https://wedding-lk.vercel.app/login"
    Timeout: 30000ms

    Call log:
      - Expect "toHaveURL" with timeout 30000ms
        32 × unexpected value "https://wedding-lk.vercel.app/login"


      53 |   await page.fill('input[name="password"]', user.password);
      54 |   await page.click('button[type="submit"]');
    > 55 |   await expect(page).toHaveURL(/\/dashboard/);
         |                      ^
      56 | }
      57 |
      58 | // Helper function to test navigation access
        at loginAsRole (/Users/asithalakmal/Documents/web/final project/WeddingLK-next copy/tests/e2e/rbac-comprehensive.spec.ts:55:22)
        at /Users/asithalakmal/Documents/web/final project/WeddingLK-next copy/tests/e2e/rbac-comprehensive.spec.ts:541:5

    attachment #1: screenshot (image/png) ──────────────────────────────────────────────────────────
    ../../test-results/rbac-comprehensive-🎨-UI-C-06271-uttons-Based-on-Permissions-firefox/test-failed-1.png
    ────────────────────────────────────────────────────────────────────────────────────────────────

    attachment #2: video (video/webm) ──────────────────────────────────────────────────────────────
    ../../test-results/rbac-comprehensive-🎨-UI-C-06271-uttons-Based-on-Permissions-firefox/video.webm
    ────────────────────────────────────────────────────────────────────────────────────────────────

    Error Context: ../../test-results/rbac-comprehensive-🎨-UI-C-06271-uttons-Based-on-Permissions-firefox/error-context.md
]]>
</failure>
<system-out>
<![CDATA[
[[ATTACHMENT|test-results/rbac-comprehensive-🎨-UI-C-06271-uttons-Based-on-Permissions-firefox/test-failed-1.png]]

[[ATTACHMENT|test-results/rbac-comprehensive-🎨-UI-C-06271-uttons-Based-on-Permissions-firefox/video.webm]]

[[ATTACHMENT|test-results/rbac-comprehensive-🎨-UI-C-06271-uttons-Based-on-Permissions-firefox/error-context.md]]
]]>
</system-out>
</testcase>
<testcase name="🔄 Role Switching and Session Management › Role-Based Session Persistence" classname="rbac-comprehensive.spec.ts" time="42.499">
<failure message="rbac-comprehensive.spec.ts:558:7 Role-Based Session Persistence" type="FAILURE">
<![CDATA[  [firefox] › rbac-comprehensive.spec.ts:558:7 › 🔄 Role Switching and Session Management › Role-Based Session Persistence 

    Error: expect(page).toHaveURL(expected) failed

    Expected pattern: /\/dashboard/
    Received string:  "https://wedding-lk.vercel.app/login"
    Timeout: 30000ms

    Call log:
      - Expect "toHaveURL" with timeout 30000ms
        32 × unexpected value "https://wedding-lk.vercel.app/login"


      53 |   await page.fill('input[name="password"]', user.password);
      54 |   await page.click('button[type="submit"]');
    > 55 |   await expect(page).toHaveURL(/\/dashboard/);
         |                      ^
      56 | }
      57 |
      58 | // Helper function to test navigation access
        at loginAsRole (/Users/asithalakmal/Documents/web/final project/WeddingLK-next copy/tests/e2e/rbac-comprehensive.spec.ts:55:22)
        at /Users/asithalakmal/Documents/web/final project/WeddingLK-next copy/tests/e2e/rbac-comprehensive.spec.ts:560:5

    attachment #1: screenshot (image/png) ──────────────────────────────────────────────────────────
    ../../test-results/rbac-comprehensive-🔄-Role-ddb92-e-Based-Session-Persistence-firefox/test-failed-1.png
    ────────────────────────────────────────────────────────────────────────────────────────────────

    attachment #2: video (video/webm) ──────────────────────────────────────────────────────────────
    ../../test-results/rbac-comprehensive-🔄-Role-ddb92-e-Based-Session-Persistence-firefox/video.webm
    ────────────────────────────────────────────────────────────────────────────────────────────────

    Error Context: ../../test-results/rbac-comprehensive-🔄-Role-ddb92-e-Based-Session-Persistence-firefox/error-context.md
]]>
</failure>
<system-out>
<![CDATA[
[[ATTACHMENT|test-results/rbac-comprehensive-🔄-Role-ddb92-e-Based-Session-Persistence-firefox/test-failed-1.png]]

[[ATTACHMENT|test-results/rbac-comprehensive-🔄-Role-ddb92-e-Based-Session-Persistence-firefox/video.webm]]

[[ATTACHMENT|test-results/rbac-comprehensive-🔄-Role-ddb92-e-Based-Session-Persistence-firefox/error-context.md]]
]]>
</system-out>
</testcase>
<testcase name="🔄 Role Switching and Session Management › Role-Based Data Filtering" classname="rbac-comprehensive.spec.ts" time="43.629">
<failure message="rbac-comprehensive.spec.ts:575:7 Role-Based Data Filtering" type="FAILURE">
<![CDATA[  [firefox] › rbac-comprehensive.spec.ts:575:7 › 🔄 Role Switching and Session Management › Role-Based Data Filtering 

    Error: expect(page).toHaveURL(expected) failed

    Expected pattern: /\/dashboard/
    Received string:  "https://wedding-lk.vercel.app/login"
    Timeout: 30000ms

    Call log:
      - Expect "toHaveURL" with timeout 30000ms
        33 × unexpected value "https://wedding-lk.vercel.app/login"


      53 |   await page.fill('input[name="password"]', user.password);
      54 |   await page.click('button[type="submit"]');
    > 55 |   await expect(page).toHaveURL(/\/dashboard/);
         |                      ^
      56 | }
      57 |
      58 | // Helper function to test navigation access
        at loginAsRole (/Users/asithalakmal/Documents/web/final project/WeddingLK-next copy/tests/e2e/rbac-comprehensive.spec.ts:55:22)
        at /Users/asithalakmal/Documents/web/final project/WeddingLK-next copy/tests/e2e/rbac-comprehensive.spec.ts:577:5

    attachment #1: screenshot (image/png) ──────────────────────────────────────────────────────────
    ../../test-results/rbac-comprehensive-🔄-Role-b4167-t-Role-Based-Data-Filtering-firefox/test-failed-1.png
    ────────────────────────────────────────────────────────────────────────────────────────────────

    attachment #2: video (video/webm) ──────────────────────────────────────────────────────────────
    ../../test-results/rbac-comprehensive-🔄-Role-b4167-t-Role-Based-Data-Filtering-firefox/video.webm
    ────────────────────────────────────────────────────────────────────────────────────────────────

    Error Context: ../../test-results/rbac-comprehensive-🔄-Role-b4167-t-Role-Based-Data-Filtering-firefox/error-context.md
]]>
</failure>
<system-out>
<![CDATA[
[[ATTACHMENT|test-results/rbac-comprehensive-🔄-Role-b4167-t-Role-Based-Data-Filtering-firefox/test-failed-1.png]]

[[ATTACHMENT|test-results/rbac-comprehensive-🔄-Role-b4167-t-Role-Based-Data-Filtering-firefox/video.webm]]

[[ATTACHMENT|test-results/rbac-comprehensive-🔄-Role-b4167-t-Role-Based-Data-Filtering-firefox/error-context.md]]
]]>
</system-out>
</testcase>
<testcase name="🚨 Security and Error Handling › Unauthorized Access Attempts" classname="rbac-comprehensive.spec.ts" time="39.798">
<failure message="rbac-comprehensive.spec.ts:589:7 Unauthorized Access Attempts" type="FAILURE">
<![CDATA[  [firefox] › rbac-comprehensive.spec.ts:589:7 › 🚨 Security and Error Handling › Unauthorized Access Attempts 

    Error: expect(page).toHaveURL(expected) failed

    Expected pattern: /\/auth\/signin/
    Received string:  "https://wedding-lk.vercel.app/dashboard/admin/users"
    Timeout: 30000ms

    Call log:
      - Expect "toHaveURL" with timeout 30000ms
        31 × unexpected value "https://wedding-lk.vercel.app/dashboard/admin/users"


      590 |     // Test direct URL access without authentication
      591 |     await page.goto('/dashboard/admin/users');
    > 592 |     await expect(page).toHaveURL(/\/auth\/signin/);
          |                        ^
      593 |     
      594 |     // Test role escalation attempts
      595 |     await loginAsRole(page, 'user');
        at /Users/asithalakmal/Documents/web/final project/WeddingLK-next copy/tests/e2e/rbac-comprehensive.spec.ts:592:24

    attachment #1: screenshot (image/png) ──────────────────────────────────────────────────────────
    ../../test-results/rbac-comprehensive-🚨-Secu-f1efc-nauthorized-Access-Attempts-firefox/test-failed-1.png
    ────────────────────────────────────────────────────────────────────────────────────────────────

    attachment #2: video (video/webm) ──────────────────────────────────────────────────────────────
    ../../test-results/rbac-comprehensive-🚨-Secu-f1efc-nauthorized-Access-Attempts-firefox/video.webm
    ────────────────────────────────────────────────────────────────────────────────────────────────

    Error Context: ../../test-results/rbac-comprehensive-🚨-Secu-f1efc-nauthorized-Access-Attempts-firefox/error-context.md
]]>
</failure>
<system-out>
<![CDATA[
[[ATTACHMENT|test-results/rbac-comprehensive-🚨-Secu-f1efc-nauthorized-Access-Attempts-firefox/test-failed-1.png]]

[[ATTACHMENT|test-results/rbac-comprehensive-🚨-Secu-f1efc-nauthorized-Access-Attempts-firefox/video.webm]]

[[ATTACHMENT|test-results/rbac-comprehensive-🚨-Secu-f1efc-nauthorized-Access-Attempts-firefox/error-context.md]]
]]>
</system-out>
</testcase>
<testcase name="🚨 Security and Error Handling › Permission Denied Handling" classname="rbac-comprehensive.spec.ts" time="45.707">
<failure message="rbac-comprehensive.spec.ts:600:7 Permission Denied Handling" type="FAILURE">
<![CDATA[  [firefox] › rbac-comprehensive.spec.ts:600:7 › 🚨 Security and Error Handling › Permission Denied Handling 

    Error: expect(page).toHaveURL(expected) failed

    Expected pattern: /\/dashboard/
    Received string:  "https://wedding-lk.vercel.app/login"
    Timeout: 30000ms

    Call log:
      - Expect "toHaveURL" with timeout 30000ms
        33 × unexpected value "https://wedding-lk.vercel.app/login"


      53 |   await page.fill('input[name="password"]', user.password);
      54 |   await page.click('button[type="submit"]');
    > 55 |   await expect(page).toHaveURL(/\/dashboard/);
         |                      ^
      56 | }
      57 |
      58 | // Helper function to test navigation access
        at loginAsRole (/Users/asithalakmal/Documents/web/final project/WeddingLK-next copy/tests/e2e/rbac-comprehensive.spec.ts:55:22)
        at /Users/asithalakmal/Documents/web/final project/WeddingLK-next copy/tests/e2e/rbac-comprehensive.spec.ts:602:5

    attachment #1: screenshot (image/png) ──────────────────────────────────────────────────────────
    ../../test-results/rbac-comprehensive-🚨-Secu-133ab--Permission-Denied-Handling-firefox/test-failed-1.png
    ────────────────────────────────────────────────────────────────────────────────────────────────

    attachment #2: video (video/webm) ──────────────────────────────────────────────────────────────
    ../../test-results/rbac-comprehensive-🚨-Secu-133ab--Permission-Denied-Handling-firefox/video.webm
    ────────────────────────────────────────────────────────────────────────────────────────────────

    Error Context: ../../test-results/rbac-comprehensive-🚨-Secu-133ab--Permission-Denied-Handling-firefox/error-context.md
]]>
</failure>
<system-out>
<![CDATA[
[[ATTACHMENT|test-results/rbac-comprehensive-🚨-Secu-133ab--Permission-Denied-Handling-firefox/test-failed-1.png]]

[[ATTACHMENT|test-results/rbac-comprehensive-🚨-Secu-133ab--Permission-Denied-Handling-firefox/video.webm]]

[[ATTACHMENT|test-results/rbac-comprehensive-🚨-Secu-133ab--Permission-Denied-Handling-firefox/error-context.md]]
]]>
</system-out>
</testcase>
<testcase name="📊 Analytics and Reporting RBAC › Role-Based Analytics Access" classname="rbac-comprehensive.spec.ts" time="42.426">
<failure message="rbac-comprehensive.spec.ts:615:7 Role-Based Analytics Access" type="FAILURE">
<![CDATA[  [firefox] › rbac-comprehensive.spec.ts:615:7 › 📊 Analytics and Reporting RBAC › Role-Based Analytics Access 

    Error: expect(page).toHaveURL(expected) failed

    Expected pattern: /\/dashboard/
    Received string:  "https://wedding-lk.vercel.app/login"
    Timeout: 30000ms

    Call log:
      - Expect "toHaveURL" with timeout 30000ms
        33 × unexpected value "https://wedding-lk.vercel.app/login"


      53 |   await page.fill('input[name="password"]', user.password);
      54 |   await page.click('button[type="submit"]');
    > 55 |   await expect(page).toHaveURL(/\/dashboard/);
         |                      ^
      56 | }
      57 |
      58 | // Helper function to test navigation access
        at loginAsRole (/Users/asithalakmal/Documents/web/final project/WeddingLK-next copy/tests/e2e/rbac-comprehensive.spec.ts:55:22)
        at /Users/asithalakmal/Documents/web/final project/WeddingLK-next copy/tests/e2e/rbac-comprehensive.spec.ts:617:5

    attachment #1: screenshot (image/png) ──────────────────────────────────────────────────────────
    ../../test-results/rbac-comprehensive-📊-Anal-803d8-Role-Based-Analytics-Access-firefox/test-failed-1.png
    ────────────────────────────────────────────────────────────────────────────────────────────────

    attachment #2: video (video/webm) ──────────────────────────────────────────────────────────────
    ../../test-results/rbac-comprehensive-📊-Anal-803d8-Role-Based-Analytics-Access-firefox/video.webm
    ────────────────────────────────────────────────────────────────────────────────────────────────

    Error Context: ../../test-results/rbac-comprehensive-📊-Anal-803d8-Role-Based-Analytics-Access-firefox/error-context.md
]]>
</failure>
<system-out>
<![CDATA[
[[ATTACHMENT|test-results/rbac-comprehensive-📊-Anal-803d8-Role-Based-Analytics-Access-firefox/test-failed-1.png]]

[[ATTACHMENT|test-results/rbac-comprehensive-📊-Anal-803d8-Role-Based-Analytics-Access-firefox/video.webm]]

[[ATTACHMENT|test-results/rbac-comprehensive-📊-Anal-803d8-Role-Based-Analytics-Access-firefox/error-context.md]]
]]>
</system-out>
</testcase>
<testcase name="📊 Analytics and Reporting RBAC › Data Visibility Based on Role" classname="rbac-comprehensive.spec.ts" time="41.477">
<failure message="rbac-comprehensive.spec.ts:635:7 Data Visibility Based on Role" type="FAILURE">
<![CDATA[  [firefox] › rbac-comprehensive.spec.ts:635:7 › 📊 Analytics and Reporting RBAC › Data Visibility Based on Role 

    Error: expect(page).toHaveURL(expected) failed

    Expected pattern: /\/dashboard/
    Received string:  "https://wedding-lk.vercel.app/login"
    Timeout: 30000ms

    Call log:
      - Expect "toHaveURL" with timeout 30000ms
        33 × unexpected value "https://wedding-lk.vercel.app/login"


      53 |   await page.fill('input[name="password"]', user.password);
      54 |   await page.click('button[type="submit"]');
    > 55 |   await expect(page).toHaveURL(/\/dashboard/);
         |                      ^
      56 | }
      57 |
      58 | // Helper function to test navigation access
        at loginAsRole (/Users/asithalakmal/Documents/web/final project/WeddingLK-next copy/tests/e2e/rbac-comprehensive.spec.ts:55:22)
        at /Users/asithalakmal/Documents/web/final project/WeddingLK-next copy/tests/e2e/rbac-comprehensive.spec.ts:637:5

    attachment #1: screenshot (image/png) ──────────────────────────────────────────────────────────
    ../../test-results/rbac-comprehensive-📊-Anal-f385e-ta-Visibility-Based-on-Role-firefox/test-failed-1.png
    ────────────────────────────────────────────────────────────────────────────────────────────────

    attachment #2: video (video/webm) ──────────────────────────────────────────────────────────────
    ../../test-results/rbac-comprehensive-📊-Anal-f385e-ta-Visibility-Based-on-Role-firefox/video.webm
    ────────────────────────────────────────────────────────────────────────────────────────────────

    Error Context: ../../test-results/rbac-comprehensive-📊-Anal-f385e-ta-Visibility-Based-on-Role-firefox/error-context.md
]]>
</failure>
<system-out>
<![CDATA[
[[ATTACHMENT|test-results/rbac-comprehensive-📊-Anal-f385e-ta-Visibility-Based-on-Role-firefox/test-failed-1.png]]

[[ATTACHMENT|test-results/rbac-comprehensive-📊-Anal-f385e-ta-Visibility-Based-on-Role-firefox/video.webm]]

[[ATTACHMENT|test-results/rbac-comprehensive-📊-Anal-f385e-ta-Visibility-Based-on-Role-firefox/error-context.md]]
]]>
</system-out>
</testcase>
</testsuite>
<testsuite name="realistic-live-deployment.spec.ts" timestamp="2025-10-24T06:04:58.917Z" hostname="firefox" tests="14" failures="2" skipped="0" time="546.67" errors="0">
<testcase name="🚀 REALISTIC LIVE DEPLOYMENT TESTING › 🏠 HOMEPAGE - Realistic Frontend Testing" classname="realistic-live-deployment.spec.ts" time="33.045">
<system-out>
<![CDATA[🏠 Testing Homepage Components...
✅ Homepage testing completed successfully
]]>
</system-out>
</testcase>
<testcase name="🚀 REALISTIC LIVE DEPLOYMENT TESTING › 🔐 AUTHENTICATION - Realistic Auth Flow Testing" classname="realistic-live-deployment.spec.ts" time="54.594">
<system-out>
<![CDATA[🔐 Testing Authentication System...
ℹ️ Login page structure different than expected
ℹ️ Registration page structure different than expected
✅ Authentication testing completed
]]>
</system-out>
</testcase>
<testcase name="🚀 REALISTIC LIVE DEPLOYMENT TESTING › 🏢 VENUES - Realistic Venue Testing" classname="realistic-live-deployment.spec.ts" time="44.912">
<system-out>
<![CDATA[🏢 Testing Venues System...
ℹ️ Venues page structure different than expected
✅ Venues testing completed
]]>
</system-out>
</testcase>
<testcase name="🚀 REALISTIC LIVE DEPLOYMENT TESTING › 🏪 VENDORS - Realistic Vendor Testing" classname="realistic-live-deployment.spec.ts" time="16.165">
<system-out>
<![CDATA[🏪 Testing Vendors System...
✅ Vendors page found
✅ Vendors testing completed
]]>
</system-out>
</testcase>
<testcase name="🚀 REALISTIC LIVE DEPLOYMENT TESTING › 📱 FEED - Realistic Social Feed Testing" classname="realistic-live-deployment.spec.ts" time="16.199">
<system-out>
<![CDATA[📱 Testing Social Feed System...
ℹ️ Feed page structure different than expected
✅ Feed testing completed
]]>
</system-out>
</testcase>
<testcase name="🚀 REALISTIC LIVE DEPLOYMENT TESTING › 🖼️ GALLERY - Realistic Gallery Testing" classname="realistic-live-deployment.spec.ts" time="26.464">
<system-out>
<![CDATA[🖼️ Testing Gallery System...
✅ Gallery page found
✅ Gallery testing completed
]]>
</system-out>
</testcase>
<testcase name="🚀 REALISTIC LIVE DEPLOYMENT TESTING › 📊 DASHBOARD - Realistic Dashboard Testing" classname="realistic-live-deployment.spec.ts" time="25.787">
<system-out>
<![CDATA[📊 Testing Dashboard System...
✅ Dashboard is accessible
✅ Dashboard testing completed
]]>
</system-out>
</testcase>
<testcase name="🚀 REALISTIC LIVE DEPLOYMENT TESTING › 🔧 API ENDPOINTS - Realistic API Testing" classname="realistic-live-deployment.spec.ts" time="74.118">
<failure message="realistic-live-deployment.spec.ts:273:7 🔧 API ENDPOINTS - Realistic API Testing" type="FAILURE">
<![CDATA[  [firefox] › realistic-live-deployment.spec.ts:273:7 › 🚀 REALISTIC LIVE DEPLOYMENT TESTING › 🔧 API ENDPOINTS - Realistic API Testing 

    Test timeout of 60000ms exceeded.

    attachment #1: screenshot (image/png) ──────────────────────────────────────────────────────────
    ../../test-results/realistic-live-deployment--c664b-NTS---Realistic-API-Testing-firefox/test-failed-1.png
    ────────────────────────────────────────────────────────────────────────────────────────────────

    attachment #2: video (video/webm) ──────────────────────────────────────────────────────────────
    ../../test-results/realistic-live-deployment--c664b-NTS---Realistic-API-Testing-firefox/video.webm
    ────────────────────────────────────────────────────────────────────────────────────────────────
]]>
</failure>
<system-out>
<![CDATA[🔧 Testing API Endpoints...
❌ /api/health: Error - apiRequestContext.get: Target page, context or browser has been closed
Call log:
[2m  - → GET https://wedding-lk.vercel.app/api/health[22m
[2m    - user-agent: Mozilla/5.0 (Windows NT 10.0; Win64; x64; rv:142.0.1) Gecko/20100101 Firefox/142.0.1[22m
[2m    - accept: */*[22m
[2m    - accept-encoding: gzip,deflate,br[22m

❌ /api/venues: Error - apiRequestContext.get: Test timeout of 60000ms exceeded.
❌ /api/vendors: Error - apiRequestContext.get: Test timeout of 60000ms exceeded.
❌ /api/posts: Error - apiRequestContext.get: Test timeout of 60000ms exceeded.
❌ /api/analytics: Error - apiRequestContext.get: Test timeout of 60000ms exceeded.
✅ API endpoints testing completed

[[ATTACHMENT|test-results/realistic-live-deployment--c664b-NTS---Realistic-API-Testing-firefox/test-failed-1.png]]

[[ATTACHMENT|test-results/realistic-live-deployment--c664b-NTS---Realistic-API-Testing-firefox/video.webm]]
]]>
</system-out>
</testcase>
<testcase name="🚀 REALISTIC LIVE DEPLOYMENT TESTING › 📱 RESPONSIVE DESIGN - Realistic Mobile Testing" classname="realistic-live-deployment.spec.ts" time="40.56">
<system-out>
<![CDATA[📱 Testing Responsive Design...
✅ Tablet viewport tested
✅ Desktop viewport tested
✅ Responsive design testing completed
]]>
</system-out>
</testcase>
<testcase name="🚀 REALISTIC LIVE DEPLOYMENT TESTING › 🎨 UI COMPONENTS - Realistic Component Testing" classname="realistic-live-deployment.spec.ts" time="26.458">
<system-out>
<![CDATA[🎨 Testing UI Components...
Found 13 buttons
Found 3 input fields
Found 16 links
Found 0 images
✅ UI components testing completed
]]>
</system-out>
</testcase>
<testcase name="🚀 REALISTIC LIVE DEPLOYMENT TESTING › ⚡ PERFORMANCE - Realistic Performance Testing" classname="realistic-live-deployment.spec.ts" time="21.731">
<system-out>
<![CDATA[⚡ Testing Performance...
Page load time: 1891ms
✅ Page loads within acceptable time
✅ Theme toggle responsive
✅ Performance testing completed
]]>
</system-out>
</testcase>
<testcase name="🚀 REALISTIC LIVE DEPLOYMENT TESTING › 🔍 ERROR HANDLING - Realistic Error Testing" classname="realistic-live-deployment.spec.ts" time="36.347">
<system-out>
<![CDATA[🔍 Testing Error Handling...
ℹ️ 404 page behavior different than expected
Invalid API endpoint status: 404
✅ Error handling testing completed
]]>
</system-out>
</testcase>
<testcase name="🚀 REALISTIC LIVE DEPLOYMENT TESTING › 🎯 FINAL INTEGRATION - Realistic System Integration" classname="realistic-live-deployment.spec.ts" time="69.222">
<system-out>
<![CDATA[🎯 Testing Complete System Integration...
Testing section: /venues
Page title: WeddingLK - Sri Lanka's Premier Wedding Planning Platform
Testing section: /vendors
Page title: WeddingLK - Sri Lanka's Premier Wedding Planning Platform
Testing section: /feed
Page title: 404: This page could not be found.
Testing section: /gallery
Page title: WeddingLK - Sri Lanka's Premier Wedding Planning Platform
Testing section: /about
Page title: WeddingLK - Sri Lanka's Premier Wedding Planning Platform
✅ Complete system integration testing completed
]]>
</system-out>
</testcase>
<testcase name="🚀 REALISTIC LIVE DEPLOYMENT TESTING › 📊 LIVE DEPLOYMENT STATUS REPORT" classname="realistic-live-deployment.spec.ts" time="61.068">
<failure message="realistic-live-deployment.spec.ts:463:7 📊 LIVE DEPLOYMENT STATUS REPORT" type="FAILURE">
<![CDATA[  [firefox] › realistic-live-deployment.spec.ts:463:7 › 🚀 REALISTIC LIVE DEPLOYMENT TESTING › 📊 LIVE DEPLOYMENT STATUS REPORT 

    Test timeout of 60000ms exceeded.

    attachment #1: screenshot (image/png) ──────────────────────────────────────────────────────────
    ../../test-results/realistic-live-deployment--2c52c-VE-DEPLOYMENT-STATUS-REPORT-firefox/test-failed-1.png
    ────────────────────────────────────────────────────────────────────────────────────────────────

    attachment #2: video (video/webm) ──────────────────────────────────────────────────────────────
    ../../test-results/realistic-live-deployment--2c52c-VE-DEPLOYMENT-STATUS-REPORT-firefox/video.webm
    ────────────────────────────────────────────────────────────────────────────────────────────────

    Error Context: ../../test-results/realistic-live-deployment--2c52c-VE-DEPLOYMENT-STATUS-REPORT-firefox/error-context.md
]]>
</failure>
<system-out>
<![CDATA[📊 Generating Live Deployment Status Report...
📊 LIVE DEPLOYMENT STATUS REPORT:
{
  "timestamp": "2025-10-24T08:05:11.203Z",
  "baseUrl": "https://wedding-lk.vercel.app",
  "tests": [
    {
      "name": "Homepage",
      "status": "PASS",
      "details": {
        "title": "WeddingLK - Sri Lanka's Premier Wedding Planning Platform",
        "url": "https://wedding-lk.vercel.app/",
        "hasNavigation": true,
        "hasHero": true,
        "hasFooter": true
      }
    },
    {
      "name": "Venues",
      "status": "PASS",
      "details": {
        "title": "WeddingLK - Sri Lanka's Premier Wedding Planning Platform",
        "url": "https://wedding-lk.vercel.app/venues",
        "hasContent": true
      }
    },
    {
      "name": "Vendors",
      "status": "PASS",
      "details": {
        "title": "WeddingLK - Sri Lanka's Premier Wedding Planning Platform",
        "url": "https://wedding-lk.vercel.app/vendors",
        "hasContent": true
      }
    },
    {
      "name": "Feed",
      "status": "PASS",
      "details": {
        "title": "404: This page could not be found.",
        "url": "https://wedding-lk.vercel.app/feed",
        "hasContent": true
      }
    },
    {
      "name": "Gallery",
      "status": "PASS",
      "details": {
        "title": "WeddingLK - Sri Lanka's Premier Wedding Planning Platform",
        "url": "https://wedding-lk.vercel.app/gallery",
        "hasContent": true
      }
    },
    {
      "name": "Dashboard",
      "status": "PASS",
      "details": {
        "title": "WeddingLK - Sri Lanka's Premier Wedding Planning Platform",
        "url": "https://wedding-lk.vercel.app/dashboard",
        "redirected": false
      }
    },
    {
      "name": "API Endpoints",
      "status": "MIXED",
      "details": {
        "/api/health": "ERROR",
        "/api/venues": "ERROR",
        "/api/vendors": "ERROR",
        "/api/posts": "ERROR"
      }
    }
  ]
}
✅ Live deployment status report generated

[[ATTACHMENT|test-results/realistic-live-deployment--2c52c-VE-DEPLOYMENT-STATUS-REPORT-firefox/test-failed-1.png]]

[[ATTACHMENT|test-results/realistic-live-deployment--2c52c-VE-DEPLOYMENT-STATUS-REPORT-firefox/video.webm]]

[[ATTACHMENT|test-results/realistic-live-deployment--2c52c-VE-DEPLOYMENT-STATUS-REPORT-firefox/error-context.md]]
]]>
</system-out>
</testcase>
</testsuite>
<testsuite name="simple.spec.ts" timestamp="2025-10-24T06:04:58.917Z" hostname="firefox" tests="5" failures="3" skipped="0" time="118.583" errors="0">
<testcase name="Simple Production Tests › Homepage loads and has basic content" classname="simple.spec.ts" time="11.818">
<failure message="simple.spec.ts:4:7 Homepage loads and has basic content" type="FAILURE">
<![CDATA[  [firefox] › simple.spec.ts:4:7 › Simple Production Tests › Homepage loads and has basic content ──

    Error: expect(locator).toBeVisible() failed

    Locator: locator('text=Wedding.lk')
    Expected: visible
    Error: strict mode violation: locator('text=Wedding.lk') resolved to 3 elements:
        1) <span class="text-xl font-bold text-gray-900 dark:text-white">Wedding.lk</span> aka getByRole('banner').getByRole('link', { name: 'Wedding.lk' })
        2) <span class="text-xl font-bold text-white">Wedding.lk</span> aka getByRole('main').getByRole('link', { name: 'Wedding.lk' })
        ...

    Call log:
      - Expect "toBeVisible" with timeout 30000ms
      - waiting for locator('text=Wedding.lk')


      12 |     
      13 |     // Check that the Wedding.lk logo is visible somewhere on the page
    > 14 |     await expect(page.locator('text=Wedding.lk')).toBeVisible();
         |                                                   ^
      15 |   });
      16 |
      17 |   test('Page has navigation elements', async ({ page }) => {
        at /Users/asithalakmal/Documents/web/final project/WeddingLK-next copy/tests/e2e/simple.spec.ts:14:51

    attachment #1: screenshot (image/png) ──────────────────────────────────────────────────────────
    ../../test-results/simple-Simple-Production-T-a7c1e-loads-and-has-basic-content-firefox/test-failed-1.png
    ────────────────────────────────────────────────────────────────────────────────────────────────

    attachment #2: video (video/webm) ──────────────────────────────────────────────────────────────
    ../../test-results/simple-Simple-Production-T-a7c1e-loads-and-has-basic-content-firefox/video.webm
    ────────────────────────────────────────────────────────────────────────────────────────────────

    Error Context: ../../test-results/simple-Simple-Production-T-a7c1e-loads-and-has-basic-content-firefox/error-context.md
]]>
</failure>
<system-out>
<![CDATA[
[[ATTACHMENT|test-results/simple-Simple-Production-T-a7c1e-loads-and-has-basic-content-firefox/test-failed-1.png]]

[[ATTACHMENT|test-results/simple-Simple-Production-T-a7c1e-loads-and-has-basic-content-firefox/video.webm]]

[[ATTACHMENT|test-results/simple-Simple-Production-T-a7c1e-loads-and-has-basic-content-firefox/error-context.md]]
]]>
</system-out>
</testcase>
<testcase name="Simple Production Tests › Page has navigation elements" classname="simple.spec.ts" time="27.003">
<failure message="simple.spec.ts:17:7 Page has navigation elements" type="FAILURE">
<![CDATA[  [firefox] › simple.spec.ts:17:7 › Simple Production Tests › Page has navigation elements ─────────

    Error: expect(locator).toBeVisible() failed

    Locator: locator('a[href="/venues"]')
    Expected: visible
    Error: strict mode violation: locator('a[href="/venues"]') resolved to 2 elements:
        1) <a href="/venues" class="text-gray-700 hover:text-rose-500 dark:text-gray-300 dark:hover:text-rose-400 font-medium transition-colors">Venues</a> aka getByRole('navigation').getByRole('link', { name: 'Venues' })
        2) <a href="/venues" class="hover:text-white transition-colors">Venues</a> aka getByRole('main').getByRole('link', { name: 'Venues' })

    Call log:
      - Expect "toBeVisible" with timeout 30000ms
      - waiting for locator('a[href="/venues"]')


      19 |     
      20 |     // Check that navigation elements exist (may be in different locations)
    > 21 |     await expect(page.locator('a[href="/venues"]')).toBeVisible();
         |                                                     ^
      22 |     await expect(page.locator('a[href="/gallery"]')).toBeVisible();
      23 |   });
      24 |
        at /Users/asithalakmal/Documents/web/final project/WeddingLK-next copy/tests/e2e/simple.spec.ts:21:53

    attachment #1: screenshot (image/png) ──────────────────────────────────────────────────────────
    ../../test-results/simple-Simple-Production-Tests-Page-has-navigation-elements-firefox/test-failed-1.png
    ────────────────────────────────────────────────────────────────────────────────────────────────

    attachment #2: video (video/webm) ──────────────────────────────────────────────────────────────
    ../../test-results/simple-Simple-Production-Tests-Page-has-navigation-elements-firefox/video.webm
    ────────────────────────────────────────────────────────────────────────────────────────────────

    Error Context: ../../test-results/simple-Simple-Production-Tests-Page-has-navigation-elements-firefox/error-context.md
]]>
</failure>
<system-out>
<![CDATA[
[[ATTACHMENT|test-results/simple-Simple-Production-Tests-Page-has-navigation-elements-firefox/test-failed-1.png]]

[[ATTACHMENT|test-results/simple-Simple-Production-Tests-Page-has-navigation-elements-firefox/video.webm]]

[[ATTACHMENT|test-results/simple-Simple-Production-Tests-Page-has-navigation-elements-firefox/error-context.md]]
]]>
</system-out>
</testcase>
<testcase name="Simple Production Tests › Page has footer content" classname="simple.spec.ts" time="26.88">
<failure message="simple.spec.ts:25:7 Page has footer content" type="FAILURE">
<![CDATA[  [firefox] › simple.spec.ts:25:7 › Simple Production Tests › Page has footer content ──────────────

    Error: expect(locator).toBeVisible() failed

    Locator: locator('text=Wedding.lk')
    Expected: visible
    Error: strict mode violation: locator('text=Wedding.lk') resolved to 3 elements:
        1) <span class="text-xl font-bold text-gray-900 dark:text-white">Wedding.lk</span> aka getByRole('banner').getByRole('link', { name: 'Wedding.lk' })
        2) <span class="text-xl font-bold text-white">Wedding.lk</span> aka getByRole('main').getByRole('link', { name: 'Wedding.lk' })
        ...

    Call log:
      - Expect "toBeVisible" with timeout 30000ms
      - waiting for locator('text=Wedding.lk')


      30 |     
      31 |     // Check that footer content exists
    > 32 |     await expect(page.locator('text=Wedding.lk')).toBeVisible();
         |                                                   ^
      33 |     await expect(page.locator('text=2024')).toBeVisible();
      34 |   });
      35 |
        at /Users/asithalakmal/Documents/web/final project/WeddingLK-next copy/tests/e2e/simple.spec.ts:32:51

    attachment #1: screenshot (image/png) ──────────────────────────────────────────────────────────
    ../../test-results/simple-Simple-Production-Tests-Page-has-footer-content-firefox/test-failed-1.png
    ────────────────────────────────────────────────────────────────────────────────────────────────

    attachment #2: video (video/webm) ──────────────────────────────────────────────────────────────
    ../../test-results/simple-Simple-Production-Tests-Page-has-footer-content-firefox/video.webm
    ────────────────────────────────────────────────────────────────────────────────────────────────

    Error Context: ../../test-results/simple-Simple-Production-Tests-Page-has-footer-content-firefox/error-context.md
]]>
</failure>
<system-out>
<![CDATA[
[[ATTACHMENT|test-results/simple-Simple-Production-Tests-Page-has-footer-content-firefox/test-failed-1.png]]

[[ATTACHMENT|test-results/simple-Simple-Production-Tests-Page-has-footer-content-firefox/video.webm]]

[[ATTACHMENT|test-results/simple-Simple-Production-Tests-Page-has-footer-content-firefox/error-context.md]]
]]>
</system-out>
</testcase>
<testcase name="Simple Production Tests › Page is responsive" classname="simple.spec.ts" time="28.355">
</testcase>
<testcase name="Simple Production Tests › Page has correct metadata" classname="simple.spec.ts" time="24.527">
</testcase>
</testsuite>
<testsuite name="user-journey.spec.ts" timestamp="2025-10-24T06:04:58.917Z" hostname="firefox" tests="6" failures="6" skipped="0" time="435.814" errors="0">
<testcase name="💑 Complete Couple Wedding Planning Journey › End-to-End Wedding Planning Journey" classname="user-journey.spec.ts" time="52.94">
<failure message="user-journey.spec.ts:43:7 End-to-End Wedding Planning Journey" type="FAILURE">
<![CDATA[  [firefox] › user-journey.spec.ts:43:7 › 💑 Complete Couple Wedding Planning Journey › End-to-End Wedding Planning Journey 

    Error: expect(locator).toBeVisible() failed

    Locator: locator('text=Registration successful')
    Expected: visible
    Timeout: 30000ms
    Error: element(s) not found

    Call log:
      - Expect "toBeVisible" with timeout 30000ms
      - waiting for locator('text=Registration successful')


      51 |     
      52 |     // Verify registration success
    > 53 |     await expect(page.locator('text=Registration successful')).toBeVisible();
         |                                                                ^
      54 |     
      55 |     // Step 2: Email Verification (simulated)
      56 |     await page.goto('/auth/verify-email');
        at /Users/asithalakmal/Documents/web/final project/WeddingLK-next copy/tests/e2e/user-journey.spec.ts:53:64

    attachment #1: screenshot (image/png) ──────────────────────────────────────────────────────────
    ../../test-results/user-journey-💑-Complete-C-f3f75-nd-Wedding-Planning-Journey-firefox/test-failed-1.png
    ────────────────────────────────────────────────────────────────────────────────────────────────

    attachment #2: video (video/webm) ──────────────────────────────────────────────────────────────
    ../../test-results/user-journey-💑-Complete-C-f3f75-nd-Wedding-Planning-Journey-firefox/video.webm
    ────────────────────────────────────────────────────────────────────────────────────────────────

    Error Context: ../../test-results/user-journey-💑-Complete-C-f3f75-nd-Wedding-Planning-Journey-firefox/error-context.md
]]>
</failure>
<system-out>
<![CDATA[
[[ATTACHMENT|test-results/user-journey-💑-Complete-C-f3f75-nd-Wedding-Planning-Journey-firefox/test-failed-1.png]]

[[ATTACHMENT|test-results/user-journey-💑-Complete-C-f3f75-nd-Wedding-Planning-Journey-firefox/video.webm]]

[[ATTACHMENT|test-results/user-journey-💑-Complete-C-f3f75-nd-Wedding-Planning-Journey-firefox/error-context.md]]
]]>
</system-out>
</testcase>
<testcase name="📸 Vendor Business Journey › Complete Vendor Onboarding and Management Journey" classname="user-journey.spec.ts" time="71.018">
<failure message="user-journey.spec.ts:186:7 Complete Vendor Onboarding and Management Journey" type="FAILURE">
<![CDATA[  [firefox] › user-journey.spec.ts:186:7 › 📸 Vendor Business Journey › Complete Vendor Onboarding and Management Journey 

    TimeoutError: page.fill: Timeout 60000ms exceeded.
    Call log:
      - waiting for locator('input[name="businessName"]')


      187 |     // Step 1: Vendor Registration
      188 |     await page.goto('/vendor/register');
    > 189 |     await page.fill('input[name="businessName"]', journeyData.photographer.businessName);
          |                ^
      190 |     await page.fill('input[name="email"]', journeyData.photographer.email);
      191 |     await page.fill('input[name="password"]', journeyData.photographer.password);
      192 |     await page.fill('input[name="phone"]', journeyData.photographer.phone);
        at /Users/asithalakmal/Documents/web/final project/WeddingLK-next copy/tests/e2e/user-journey.spec.ts:189:16

    attachment #1: screenshot (image/png) ──────────────────────────────────────────────────────────
    ../../test-results/user-journey-📸-Vendor-Bus-f59b2-ding-and-Management-Journey-firefox/test-failed-1.png
    ────────────────────────────────────────────────────────────────────────────────────────────────

    attachment #2: video (video/webm) ──────────────────────────────────────────────────────────────
    ../../test-results/user-journey-📸-Vendor-Bus-f59b2-ding-and-Management-Journey-firefox/video.webm
    ────────────────────────────────────────────────────────────────────────────────────────────────

    Error Context: ../../test-results/user-journey-📸-Vendor-Bus-f59b2-ding-and-Management-Journey-firefox/error-context.md
]]>
</failure>
<system-out>
<![CDATA[
[[ATTACHMENT|test-results/user-journey-📸-Vendor-Bus-f59b2-ding-and-Management-Journey-firefox/test-failed-1.png]]

[[ATTACHMENT|test-results/user-journey-📸-Vendor-Bus-f59b2-ding-and-Management-Journey-firefox/video.webm]]

[[ATTACHMENT|test-results/user-journey-📸-Vendor-Bus-f59b2-ding-and-Management-Journey-firefox/error-context.md]]
]]>
</system-out>
</testcase>
<testcase name="👰 Wedding Planner Professional Journey › Complete Wedding Planner Workflow" classname="user-journey.spec.ts" time="87.736">
<failure message="user-journey.spec.ts:308:7 Complete Wedding Planner Workflow" type="FAILURE">
<![CDATA[  [firefox] › user-journey.spec.ts:308:7 › 👰 Wedding Planner Professional Journey › Complete Wedding Planner Workflow 

    TimeoutError: page.selectOption: Timeout 60000ms exceeded.
    Call log:
      - waiting for locator('select[name="role"]')


      313 |     await page.fill('input[name="password"]', 'PlannerPass123!');
      314 |     await page.fill('input[name="confirmPassword"]', 'PlannerPass123!');
    > 315 |     await page.selectOption('select[name="role"]', 'wedding_planner');
          |                ^
      316 |     await page.click('button[type="submit"]');
      317 |     
      318 |     await expect(page.locator('text=Registration successful')).toBeVisible();
        at /Users/asithalakmal/Documents/web/final project/WeddingLK-next copy/tests/e2e/user-journey.spec.ts:315:16

    attachment #1: screenshot (image/png) ──────────────────────────────────────────────────────────
    ../../test-results/user-journey-👰-Wedding-Pl-e1fa7-te-Wedding-Planner-Workflow-firefox/test-failed-1.png
    ────────────────────────────────────────────────────────────────────────────────────────────────

    attachment #2: video (video/webm) ──────────────────────────────────────────────────────────────
    ../../test-results/user-journey-👰-Wedding-Pl-e1fa7-te-Wedding-Planner-Workflow-firefox/video.webm
    ────────────────────────────────────────────────────────────────────────────────────────────────

    Error Context: ../../test-results/user-journey-👰-Wedding-Pl-e1fa7-te-Wedding-Planner-Workflow-firefox/error-context.md
]]>
</failure>
<system-out>
<![CDATA[
[[ATTACHMENT|test-results/user-journey-👰-Wedding-Pl-e1fa7-te-Wedding-Planner-Workflow-firefox/test-failed-1.png]]

[[ATTACHMENT|test-results/user-journey-👰-Wedding-Pl-e1fa7-te-Wedding-Planner-Workflow-firefox/video.webm]]

[[ATTACHMENT|test-results/user-journey-👰-Wedding-Pl-e1fa7-te-Wedding-Planner-Workflow-firefox/error-context.md]]
]]>
</system-out>
</testcase>
<testcase name="👑 Admin Platform Management Journey › Complete Admin Platform Management" classname="user-journey.spec.ts" time="51.591">
<failure message="user-journey.spec.ts:442:7 Complete Admin Platform Management" type="FAILURE">
<![CDATA[  [firefox] › user-journey.spec.ts:442:7 › 👑 Admin Platform Management Journey › Complete Admin Platform Management 

    Error: expect(page).toHaveURL(expected) failed

    Expected pattern: /\/dashboard/
    Received string:  "https://wedding-lk.vercel.app/login"
    Timeout: 30000ms

    Call log:
      - Expect "toHaveURL" with timeout 30000ms
        32 × unexpected value "https://wedding-lk.vercel.app/login"


      446 |     await page.fill('input[name="password"]', 'AdminPass123!');
      447 |     await page.click('button[type="submit"]');
    > 448 |     await expect(page).toHaveURL(/\/dashboard/);
          |                        ^
      449 |     
      450 |     // Step 2: Admin Dashboard Overview
      451 |     await page.goto('/dashboard/admin');
        at /Users/asithalakmal/Documents/web/final project/WeddingLK-next copy/tests/e2e/user-journey.spec.ts:448:24

    attachment #1: screenshot (image/png) ──────────────────────────────────────────────────────────
    ../../test-results/user-journey-👑-Admin-Plat-9a1c7-e-Admin-Platform-Management-firefox/test-failed-1.png
    ────────────────────────────────────────────────────────────────────────────────────────────────

    attachment #2: video (video/webm) ──────────────────────────────────────────────────────────────
    ../../test-results/user-journey-👑-Admin-Plat-9a1c7-e-Admin-Platform-Management-firefox/video.webm
    ────────────────────────────────────────────────────────────────────────────────────────────────

    Error Context: ../../test-results/user-journey-👑-Admin-Plat-9a1c7-e-Admin-Platform-Management-firefox/error-context.md
]]>
</failure>
<system-out>
<![CDATA[
[[ATTACHMENT|test-results/user-journey-👑-Admin-Plat-9a1c7-e-Admin-Platform-Management-firefox/test-failed-1.png]]

[[ATTACHMENT|test-results/user-journey-👑-Admin-Plat-9a1c7-e-Admin-Platform-Management-firefox/video.webm]]

[[ATTACHMENT|test-results/user-journey-👑-Admin-Plat-9a1c7-e-Admin-Platform-Management-firefox/error-context.md]]
]]>
</system-out>
</testcase>
<testcase name="🔄 Cross-Platform Integration Journey › Mobile and Web Integration" classname="user-journey.spec.ts" time="78.428">
<failure message="user-journey.spec.ts:555:7 Mobile and Web Integration" type="FAILURE">
<![CDATA[  [firefox] › user-journey.spec.ts:555:7 › 🔄 Cross-Platform Integration Journey › Mobile and Web Integration 

    Error: expect(page).toHaveURL(expected) failed

    Expected pattern: /\/dashboard/
    Received string:  "https://wedding-lk.vercel.app/login"
    Timeout: 30000ms

    Call log:
      - Expect "toHaveURL" with timeout 30000ms
        33 × unexpected value "https://wedding-lk.vercel.app/login"


      562 |     await page.fill('input[name="password"]', journeyData.couple.password);
      563 |     await page.click('button[type="submit"]');
    > 564 |     await expect(page).toHaveURL(/\/dashboard/);
          |                        ^
      565 |     
      566 |     // Mobile navigation
      567 |     await page.click('button[data-testid="mobile-menu"]');
        at /Users/asithalakmal/Documents/web/final project/WeddingLK-next copy/tests/e2e/user-journey.spec.ts:564:24

    attachment #1: screenshot (image/png) ──────────────────────────────────────────────────────────
    ../../test-results/user-journey-🔄-Cross-Plat-3bd25--Mobile-and-Web-Integration-firefox/test-failed-1.png
    ────────────────────────────────────────────────────────────────────────────────────────────────

    attachment #2: video (video/webm) ──────────────────────────────────────────────────────────────
    ../../test-results/user-journey-🔄-Cross-Plat-3bd25--Mobile-and-Web-Integration-firefox/video.webm
    ────────────────────────────────────────────────────────────────────────────────────────────────

    Error Context: ../../test-results/user-journey-🔄-Cross-Plat-3bd25--Mobile-and-Web-Integration-firefox/error-context.md
]]>
</failure>
<system-out>
<![CDATA[
[[ATTACHMENT|test-results/user-journey-🔄-Cross-Plat-3bd25--Mobile-and-Web-Integration-firefox/test-failed-1.png]]

[[ATTACHMENT|test-results/user-journey-🔄-Cross-Plat-3bd25--Mobile-and-Web-Integration-firefox/video.webm]]

[[ATTACHMENT|test-results/user-journey-🔄-Cross-Plat-3bd25--Mobile-and-Web-Integration-firefox/error-context.md]]
]]>
</system-out>
</testcase>
<testcase name="🚨 Error Handling and Recovery Journey › Application Error Recovery" classname="user-journey.spec.ts" time="94.101">
<failure message="user-journey.spec.ts:597:7 Application Error Recovery" type="FAILURE">
<![CDATA[  [firefox] › user-journey.spec.ts:597:7 › 🚨 Error Handling and Recovery Journey › Application Error Recovery 

    Error: expect(locator).toBeVisible() failed

    Locator: locator('text=Unable to load venues')
    Expected: visible
    Timeout: 30000ms
    Error: element(s) not found

    Call log:
      - Expect "toBeVisible" with timeout 30000ms
      - waiting for locator('text=Unable to load venues')


      600 |     
      601 |     await page.goto('/venues');
    > 602 |     await expect(page.locator('text=Unable to load venues')).toBeVisible();
          |                                                              ^
      603 |     await expect(page.locator('button:has-text("Retry")')).toBeVisible();
      604 |     
      605 |     // Test retry functionality
        at /Users/asithalakmal/Documents/web/final project/WeddingLK-next copy/tests/e2e/user-journey.spec.ts:602:62

    attachment #1: screenshot (image/png) ──────────────────────────────────────────────────────────
    ../../test-results/user-journey-🚨-Error-Hand-919af--Application-Error-Recovery-firefox/test-failed-1.png
    ────────────────────────────────────────────────────────────────────────────────────────────────

    attachment #2: video (video/webm) ──────────────────────────────────────────────────────────────
    ../../test-results/user-journey-🚨-Error-Hand-919af--Application-Error-Recovery-firefox/video.webm
    ────────────────────────────────────────────────────────────────────────────────────────────────

    Error Context: ../../test-results/user-journey-🚨-Error-Hand-919af--Application-Error-Recovery-firefox/error-context.md
]]>
</failure>
<system-out>
<![CDATA[
[[ATTACHMENT|test-results/user-journey-🚨-Error-Hand-919af--Application-Error-Recovery-firefox/test-failed-1.png]]

[[ATTACHMENT|test-results/user-journey-🚨-Error-Hand-919af--Application-Error-Recovery-firefox/video.webm]]

[[ATTACHMENT|test-results/user-journey-🚨-Error-Hand-919af--Application-Error-Recovery-firefox/error-context.md]]
]]>
</system-out>
</testcase>
</testsuite>
<testsuite name="vendor.spec.ts" timestamp="2025-10-24T06:04:58.917Z" hostname="firefox" tests="5" failures="5" skipped="0" time="335.934" errors="0">
<testcase name="Vendor Management › Vendor registration and onboarding" classname="vendor.spec.ts" time="71.523">
<failure message="vendor.spec.ts:5:7 Vendor registration and onboarding" type="FAILURE">
<![CDATA[  [firefox] › vendor.spec.ts:5:7 › Vendor Management › Vendor registration and onboarding ──────────

    TimeoutError: page.goto: Timeout 60000ms exceeded.
    Call log:
      - navigating to "https://wedding-lk.vercel.app/vendor/register", waiting until "load"


      13 |
      14 |     // Register as vendor
    > 15 |     await page.goto('/vendor/register');
         |                ^
      16 |     await page.fill('input[name="name"]', vendor.name);
      17 |     await page.fill('input[name="email"]', vendor.email);
      18 |     await page.fill('input[name="businessName"]', vendor.businessName);
        at /Users/asithalakmal/Documents/web/final project/WeddingLK-next copy/tests/e2e/vendor.spec.ts:15:16

    attachment #1: screenshot (image/png) ──────────────────────────────────────────────────────────
    ../../test-results/vendor-Vendor-Management-Vendor-registration-and-onboarding-firefox/test-failed-1.png
    ────────────────────────────────────────────────────────────────────────────────────────────────

    attachment #2: video (video/webm) ──────────────────────────────────────────────────────────────
    ../../test-results/vendor-Vendor-Management-Vendor-registration-and-onboarding-firefox/video.webm
    ────────────────────────────────────────────────────────────────────────────────────────────────

    Error Context: ../../test-results/vendor-Vendor-Management-Vendor-registration-and-onboarding-firefox/error-context.md
]]>
</failure>
<system-out>
<![CDATA[
[[ATTACHMENT|test-results/vendor-Vendor-Management-Vendor-registration-and-onboarding-firefox/test-failed-1.png]]

[[ATTACHMENT|test-results/vendor-Vendor-Management-Vendor-registration-and-onboarding-firefox/video.webm]]

[[ATTACHMENT|test-results/vendor-Vendor-Management-Vendor-registration-and-onboarding-firefox/error-context.md]]
]]>
</system-out>
</testcase>
<testcase name="Vendor Management › Vendor service creation and portfolio upload" classname="vendor.spec.ts" time="73.184">
<failure message="vendor.spec.ts:39:7 Vendor service creation and portfolio upload" type="FAILURE">
<![CDATA[  [firefox] › vendor.spec.ts:39:7 › Vendor Management › Vendor service creation and portfolio upload 

    Error: expect(page).toHaveURL(expected) failed

    Expected pattern: /\/dashboard/
    Received string:  "https://wedding-lk.vercel.app/login"
    Timeout: 30000ms

    Call log:
      - Expect "toHaveURL" with timeout 30000ms
        33 × unexpected value "https://wedding-lk.vercel.app/login"


      43 |     await page.fill('input[name="password"]', process.env.TEST_VENDOR_PASSWORD || 'VendorPass123!');
      44 |     await page.click('button[type="submit"]');
    > 45 |     await expect(page).toHaveURL(/\/dashboard/);
         |                        ^
      46 |
      47 |     // Create service
      48 |     await page.goto('/dashboard/vendor/services');
        at /Users/asithalakmal/Documents/web/final project/WeddingLK-next copy/tests/e2e/vendor.spec.ts:45:24

    attachment #1: screenshot (image/png) ──────────────────────────────────────────────────────────
    ../../test-results/vendor-Vendor-Management-V-1cf6a-eation-and-portfolio-upload-firefox/test-failed-1.png
    ────────────────────────────────────────────────────────────────────────────────────────────────

    attachment #2: video (video/webm) ──────────────────────────────────────────────────────────────
    ../../test-results/vendor-Vendor-Management-V-1cf6a-eation-and-portfolio-upload-firefox/video.webm
    ────────────────────────────────────────────────────────────────────────────────────────────────

    Error Context: ../../test-results/vendor-Vendor-Management-V-1cf6a-eation-and-portfolio-upload-firefox/error-context.md
]]>
</failure>
<system-out>
<![CDATA[
[[ATTACHMENT|test-results/vendor-Vendor-Management-V-1cf6a-eation-and-portfolio-upload-firefox/test-failed-1.png]]

[[ATTACHMENT|test-results/vendor-Vendor-Management-V-1cf6a-eation-and-portfolio-upload-firefox/video.webm]]

[[ATTACHMENT|test-results/vendor-Vendor-Management-V-1cf6a-eation-and-portfolio-upload-firefox/error-context.md]]
]]>
</system-out>
</testcase>
<testcase name="Vendor Management › Vendor booking management" classname="vendor.spec.ts" time="39.336">
<failure message="vendor.spec.ts:67:7 Vendor booking management" type="FAILURE">
<![CDATA[  [firefox] › vendor.spec.ts:67:7 › Vendor Management › Vendor booking management ──────────────────

    Error: expect(received).toBeTruthy()

    Received: false

      89 |       }
      90 |     });
    > 91 |     expect(bookingResponse.ok()).toBeTruthy();
         |                                  ^
      92 |
      93 |     // Go to bookings and manage
      94 |     await page.goto('/dashboard/vendor/bookings');
        at /Users/asithalakmal/Documents/web/final project/WeddingLK-next copy/tests/e2e/vendor.spec.ts:91:34

    attachment #1: screenshot (image/png) ──────────────────────────────────────────────────────────
    ../../test-results/vendor-Vendor-Management-Vendor-booking-management-firefox/test-failed-1.png
    ────────────────────────────────────────────────────────────────────────────────────────────────

    attachment #2: video (video/webm) ──────────────────────────────────────────────────────────────
    ../../test-results/vendor-Vendor-Management-Vendor-booking-management-firefox/video.webm
    ────────────────────────────────────────────────────────────────────────────────────────────────

    Error Context: ../../test-results/vendor-Vendor-Management-Vendor-booking-management-firefox/error-context.md
]]>
</failure>
<system-out>
<![CDATA[
[[ATTACHMENT|test-results/vendor-Vendor-Management-Vendor-booking-management-firefox/test-failed-1.png]]

[[ATTACHMENT|test-results/vendor-Vendor-Management-Vendor-booking-management-firefox/video.webm]]

[[ATTACHMENT|test-results/vendor-Vendor-Management-Vendor-booking-management-firefox/error-context.md]]
]]>
</system-out>
</testcase>
<testcase name="Vendor Management › Vendor profile and portfolio management" classname="vendor.spec.ts" time="95.224">
<failure message="vendor.spec.ts:106:7 Vendor profile and portfolio management" type="FAILURE">
<![CDATA[  [firefox] › vendor.spec.ts:106:7 › Vendor Management › Vendor profile and portfolio management ───

    TimeoutError: page.fill: Timeout 60000ms exceeded.
    Call log:
      - waiting for locator('textarea[name="bio"]')


      114 |     // Update profile
      115 |     await page.goto('/dashboard/vendor/profile');
    > 116 |     await page.fill('textarea[name="bio"]', 'Professional wedding photographer with 10+ years experience');
          |                ^
      117 |     await page.fill('input[name="website"]', 'https://myphotography.com');
      118 |     await page.fill('input[name="instagram"]', '@myphotography');
      119 |     
        at /Users/asithalakmal/Documents/web/final project/WeddingLK-next copy/tests/e2e/vendor.spec.ts:116:16

    attachment #1: screenshot (image/png) ──────────────────────────────────────────────────────────
    ../../test-results/vendor-Vendor-Management-V-1bdb8-le-and-portfolio-management-firefox/test-failed-1.png
    ────────────────────────────────────────────────────────────────────────────────────────────────

    attachment #2: video (video/webm) ──────────────────────────────────────────────────────────────
    ../../test-results/vendor-Vendor-Management-V-1bdb8-le-and-portfolio-management-firefox/video.webm
    ────────────────────────────────────────────────────────────────────────────────────────────────

    Error Context: ../../test-results/vendor-Vendor-Management-V-1bdb8-le-and-portfolio-management-firefox/error-context.md
]]>
</failure>
<system-out>
<![CDATA[
[[ATTACHMENT|test-results/vendor-Vendor-Management-V-1bdb8-le-and-portfolio-management-firefox/test-failed-1.png]]

[[ATTACHMENT|test-results/vendor-Vendor-Management-V-1bdb8-le-and-portfolio-management-firefox/video.webm]]

[[ATTACHMENT|test-results/vendor-Vendor-Management-V-1bdb8-le-and-portfolio-management-firefox/error-context.md]]
]]>
</system-out>
</testcase>
<testcase name="Vendor Management › Vendor analytics and performance tracking" classname="vendor.spec.ts" time="56.667">
<failure message="vendor.spec.ts:127:7 Vendor analytics and performance tracking" type="FAILURE">
<![CDATA[  [firefox] › vendor.spec.ts:127:7 › Vendor Management › Vendor analytics and performance tracking ─

    Error: expect(locator).toBeVisible() failed

    Locator: locator('text=Performance Overview')
    Expected: visible
    Timeout: 30000ms
    Error: element(s) not found

    Call log:
      - Expect "toBeVisible" with timeout 30000ms
      - waiting for locator('text=Performance Overview')


      135 |     // Check analytics dashboard
      136 |     await page.goto('/dashboard/vendor/analytics');
    > 137 |     await expect(page.locator('text=Performance Overview')).toBeVisible();
          |                                                             ^
      138 |     await expect(page.locator('text=Total Bookings')).toBeVisible();
      139 |     await expect(page.locator('text=Revenue')).toBeVisible();
      140 |     await expect(page.locator('text=Reviews')).toBeVisible();
        at /Users/asithalakmal/Documents/web/final project/WeddingLK-next copy/tests/e2e/vendor.spec.ts:137:61

    attachment #1: screenshot (image/png) ──────────────────────────────────────────────────────────
    ../../test-results/vendor-Vendor-Management-V-453fa-cs-and-performance-tracking-firefox/test-failed-1.png
    ────────────────────────────────────────────────────────────────────────────────────────────────

    attachment #2: video (video/webm) ──────────────────────────────────────────────────────────────
    ../../test-results/vendor-Vendor-Management-V-453fa-cs-and-performance-tracking-firefox/video.webm
    ────────────────────────────────────────────────────────────────────────────────────────────────

    Error Context: ../../test-results/vendor-Vendor-Management-V-453fa-cs-and-performance-tracking-firefox/error-context.md
]]>
</failure>
<system-out>
<![CDATA[
[[ATTACHMENT|test-results/vendor-Vendor-Management-V-453fa-cs-and-performance-tracking-firefox/test-failed-1.png]]

[[ATTACHMENT|test-results/vendor-Vendor-Management-V-453fa-cs-and-performance-tracking-firefox/video.webm]]

[[ATTACHMENT|test-results/vendor-Vendor-Management-V-453fa-cs-and-performance-tracking-firefox/error-context.md]]
]]>
</system-out>
</testcase>
</testsuite>
<testsuite name="venue.spec.ts" timestamp="2025-10-24T06:04:58.917Z" hostname="firefox" tests="6" failures="6" skipped="0" time="449.125" errors="0">
<testcase name="Venue Management › Venue search and filtering" classname="venue.spec.ts" time="76.675">
<failure message="venue.spec.ts:5:7 Venue search and filtering" type="FAILURE">
<![CDATA[  [firefox] › venue.spec.ts:5:7 › Venue Management › Venue search and filtering ────────────────────

    TimeoutError: page.fill: Timeout 60000ms exceeded.
    Call log:
      - waiting for locator('input[placeholder*="Search venues"], input[name="search"]')


       7 |     
       8 |     // Search for venues
    >  9 |     await page.fill('input[placeholder*="Search venues"], input[name="search"]', 'Colombo');
         |                ^
      10 |     await page.click('button[type="submit"], button:has-text("Search")');
      11 |     
      12 |     // Apply filters
        at /Users/asithalakmal/Documents/web/final project/WeddingLK-next copy/tests/e2e/venue.spec.ts:9:16

    attachment #1: screenshot (image/png) ──────────────────────────────────────────────────────────
    ../../test-results/venue-Venue-Management-Venue-search-and-filtering-firefox/test-failed-1.png
    ────────────────────────────────────────────────────────────────────────────────────────────────

    attachment #2: video (video/webm) ──────────────────────────────────────────────────────────────
    ../../test-results/venue-Venue-Management-Venue-search-and-filtering-firefox/video.webm
    ────────────────────────────────────────────────────────────────────────────────────────────────

    Error Context: ../../test-results/venue-Venue-Management-Venue-search-and-filtering-firefox/error-context.md
]]>
</failure>
<system-out>
<![CDATA[
[[ATTACHMENT|test-results/venue-Venue-Management-Venue-search-and-filtering-firefox/test-failed-1.png]]

[[ATTACHMENT|test-results/venue-Venue-Management-Venue-search-and-filtering-firefox/video.webm]]

[[ATTACHMENT|test-results/venue-Venue-Management-Venue-search-and-filtering-firefox/error-context.md]]
]]>
</system-out>
</testcase>
<testcase name="Venue Management › Venue details and booking inquiry" classname="venue.spec.ts" time="72.447">
<failure message="venue.spec.ts:24:7 Venue details and booking inquiry" type="FAILURE">
<![CDATA[  [firefox] › venue.spec.ts:24:7 › Venue Management › Venue details and booking inquiry ────────────

    TimeoutError: page.click: Timeout 60000ms exceeded.
    Call log:
      - waiting for locator('.venue-card:first-child, [data-testid="venue-card"]:first-child')


      26 |     
      27 |     // Click on first venue
    > 28 |     await page.click('.venue-card:first-child, [data-testid="venue-card"]:first-child');
         |                ^
      29 |     await expect(page).toHaveURL(/\/venues\/\d+/);
      30 |     
      31 |     // Check venue details
        at /Users/asithalakmal/Documents/web/final project/WeddingLK-next copy/tests/e2e/venue.spec.ts:28:16

    attachment #1: screenshot (image/png) ──────────────────────────────────────────────────────────
    ../../test-results/venue-Venue-Management-Venue-details-and-booking-inquiry-firefox/test-failed-1.png
    ────────────────────────────────────────────────────────────────────────────────────────────────

    attachment #2: video (video/webm) ──────────────────────────────────────────────────────────────
    ../../test-results/venue-Venue-Management-Venue-details-and-booking-inquiry-firefox/video.webm
    ────────────────────────────────────────────────────────────────────────────────────────────────

    Error Context: ../../test-results/venue-Venue-Management-Venue-details-and-booking-inquiry-firefox/error-context.md
]]>
</failure>
<system-out>
<![CDATA[
[[ATTACHMENT|test-results/venue-Venue-Management-Venue-details-and-booking-inquiry-firefox/test-failed-1.png]]

[[ATTACHMENT|test-results/venue-Venue-Management-Venue-details-and-booking-inquiry-firefox/video.webm]]

[[ATTACHMENT|test-results/venue-Venue-Management-Venue-details-and-booking-inquiry-firefox/error-context.md]]
]]>
</system-out>
</testcase>
<testcase name="Venue Management › Venue availability calendar" classname="venue.spec.ts" time="73.274">
<failure message="venue.spec.ts:60:7 Venue availability calendar" type="FAILURE">
<![CDATA[  [firefox] › venue.spec.ts:60:7 › Venue Management › Venue availability calendar ──────────────────

    TimeoutError: page.click: Timeout 60000ms exceeded.
    Call log:
      - waiting for locator('.venue-card:first-child, [data-testid="venue-card"]:first-child')


      60 |   test('Venue availability calendar', async ({ page }) => {
      61 |     await page.goto('/venues');
    > 62 |     await page.click('.venue-card:first-child, [data-testid="venue-card"]:first-child');
         |                ^
      63 |     
      64 |     // Check availability calendar
      65 |     await page.click('text=Check Availability, [data-testid="availability-button"]');
        at /Users/asithalakmal/Documents/web/final project/WeddingLK-next copy/tests/e2e/venue.spec.ts:62:16

    attachment #1: screenshot (image/png) ──────────────────────────────────────────────────────────
    ../../test-results/venue-Venue-Management-Venue-availability-calendar-firefox/test-failed-1.png
    ────────────────────────────────────────────────────────────────────────────────────────────────

    attachment #2: video (video/webm) ──────────────────────────────────────────────────────────────
    ../../test-results/venue-Venue-Management-Venue-availability-calendar-firefox/video.webm
    ────────────────────────────────────────────────────────────────────────────────────────────────

    Error Context: ../../test-results/venue-Venue-Management-Venue-availability-calendar-firefox/error-context.md
]]>
</failure>
<system-out>
<![CDATA[
[[ATTACHMENT|test-results/venue-Venue-Management-Venue-availability-calendar-firefox/test-failed-1.png]]

[[ATTACHMENT|test-results/venue-Venue-Management-Venue-availability-calendar-firefox/video.webm]]

[[ATTACHMENT|test-results/venue-Venue-Management-Venue-availability-calendar-firefox/error-context.md]]
]]>
</system-out>
</testcase>
<testcase name="Venue Management › Venue reviews and ratings" classname="venue.spec.ts" time="78.407">
<failure message="venue.spec.ts:73:7 Venue reviews and ratings" type="FAILURE">
<![CDATA[  [firefox] › venue.spec.ts:73:7 › Venue Management › Venue reviews and ratings ────────────────────

    TimeoutError: page.click: Timeout 60000ms exceeded.
    Call log:
      - waiting for locator('.venue-card:first-child, [data-testid="venue-card"]:first-child')


      73 |   test('Venue reviews and ratings', async ({ page }) => {
      74 |     await page.goto('/venues');
    > 75 |     await page.click('.venue-card:first-child, [data-testid="venue-card"]:first-child');
         |                ^
      76 |     
      77 |     // Check reviews section
      78 |     await page.click('text=Reviews, [data-testid="reviews-tab"]');
        at /Users/asithalakmal/Documents/web/final project/WeddingLK-next copy/tests/e2e/venue.spec.ts:75:16

    attachment #1: screenshot (image/png) ──────────────────────────────────────────────────────────
    ../../test-results/venue-Venue-Management-Venue-reviews-and-ratings-firefox/test-failed-1.png
    ────────────────────────────────────────────────────────────────────────────────────────────────

    attachment #2: video (video/webm) ──────────────────────────────────────────────────────────────
    ../../test-results/venue-Venue-Management-Venue-reviews-and-ratings-firefox/video.webm
    ────────────────────────────────────────────────────────────────────────────────────────────────

    Error Context: ../../test-results/venue-Venue-Management-Venue-reviews-and-ratings-firefox/error-context.md
]]>
</failure>
<system-out>
<![CDATA[
[[ATTACHMENT|test-results/venue-Venue-Management-Venue-reviews-and-ratings-firefox/test-failed-1.png]]

[[ATTACHMENT|test-results/venue-Venue-Management-Venue-reviews-and-ratings-firefox/video.webm]]

[[ATTACHMENT|test-results/venue-Venue-Management-Venue-reviews-and-ratings-firefox/error-context.md]]
]]>
</system-out>
</testcase>
<testcase name="Venue Management › Venue owner management" classname="venue.spec.ts" time="52.653">
<failure message="venue.spec.ts:85:7 Venue owner management" type="FAILURE">
<![CDATA[  [firefox] › venue.spec.ts:85:7 › Venue Management › Venue owner management ───────────────────────

    Error: expect(page).toHaveURL(expected) failed

    Expected pattern: /\/dashboard/
    Received string:  "https://wedding-lk.vercel.app/login"
    Timeout: 30000ms

    Call log:
      - Expect "toHaveURL" with timeout 30000ms
        32 × unexpected value "https://wedding-lk.vercel.app/login"


      89 |     await page.fill('input[name="password"]', process.env.TEST_VENUE_OWNER_PASSWORD || 'VenuePass123!');
      90 |     await page.click('button[type="submit"]');
    > 91 |     await expect(page).toHaveURL(/\/dashboard/);
         |                        ^
      92 |
      93 |     // Create new venue
      94 |     await page.goto('/dashboard/venue/create');
        at /Users/asithalakmal/Documents/web/final project/WeddingLK-next copy/tests/e2e/venue.spec.ts:91:24

    attachment #1: screenshot (image/png) ──────────────────────────────────────────────────────────
    ../../test-results/venue-Venue-Management-Venue-owner-management-firefox/test-failed-1.png
    ────────────────────────────────────────────────────────────────────────────────────────────────

    attachment #2: video (video/webm) ──────────────────────────────────────────────────────────────
    ../../test-results/venue-Venue-Management-Venue-owner-management-firefox/video.webm
    ────────────────────────────────────────────────────────────────────────────────────────────────

    Error Context: ../../test-results/venue-Venue-Management-Venue-owner-management-firefox/error-context.md
]]>
</failure>
<system-out>
<![CDATA[
[[ATTACHMENT|test-results/venue-Venue-Management-Venue-owner-management-firefox/test-failed-1.png]]

[[ATTACHMENT|test-results/venue-Venue-Management-Venue-owner-management-firefox/video.webm]]

[[ATTACHMENT|test-results/venue-Venue-Management-Venue-owner-management-firefox/error-context.md]]
]]>
</system-out>
</testcase>
<testcase name="Venue Management › Venue booking management" classname="venue.spec.ts" time="95.669">
<failure message="venue.spec.ts:123:7 Venue booking management" type="FAILURE">
<![CDATA[  [firefox] › venue.spec.ts:123:7 › Venue Management › Venue booking management ────────────────────

    Error: expect(page).toHaveURL(expected) failed

    Expected pattern: /\/dashboard/
    Received string:  "https://wedding-lk.vercel.app/login"
    Timeout: 30000ms

    Call log:
      - Expect "toHaveURL" with timeout 30000ms
        33 × unexpected value "https://wedding-lk.vercel.app/login"


      127 |     await page.fill('input[name="password"]', process.env.TEST_VENUE_OWNER_PASSWORD || 'VenuePass123!');
      128 |     await page.click('button[type="submit"]');
    > 129 |     await expect(page).toHaveURL(/\/dashboard/);
          |                        ^
      130 |
      131 |     // Go to bookings
      132 |     await page.goto('/dashboard/venue/bookings');
        at /Users/asithalakmal/Documents/web/final project/WeddingLK-next copy/tests/e2e/venue.spec.ts:129:24

    attachment #1: screenshot (image/png) ──────────────────────────────────────────────────────────
    ../../test-results/venue-Venue-Management-Venue-booking-management-firefox/test-failed-1.png
    ────────────────────────────────────────────────────────────────────────────────────────────────

    attachment #2: video (video/webm) ──────────────────────────────────────────────────────────────
    ../../test-results/venue-Venue-Management-Venue-booking-management-firefox/video.webm
    ────────────────────────────────────────────────────────────────────────────────────────────────

    Error Context: ../../test-results/venue-Venue-Management-Venue-booking-management-firefox/error-context.md
]]>
</failure>
<system-out>
<![CDATA[
[[ATTACHMENT|test-results/venue-Venue-Management-Venue-booking-management-firefox/test-failed-1.png]]

[[ATTACHMENT|test-results/venue-Venue-Management-Venue-booking-management-firefox/video.webm]]

[[ATTACHMENT|test-results/venue-Venue-Management-Venue-booking-management-firefox/error-context.md]]
]]>
</system-out>
</testcase>
</testsuite>
<testsuite name="api-integration.spec.ts" timestamp="2025-10-24T06:04:58.917Z" hostname="Mobile Chrome" tests="55" failures="49" skipped="0" time="271.7" errors="0">
<testcase name="🔐 Authentication API Tests › User Registration API" classname="api-integration.spec.ts" time="12.596">
<failure message="api-integration.spec.ts:56:7 User Registration API" type="FAILURE">
<![CDATA[  [Mobile Chrome] › api-integration.spec.ts:56:7 › 🔐 Authentication API Tests › User Registration API 

    Error: expect(received).toBe(expected) // Object.is equality

    Expected: 201
    Received: 400

      64 |     });
      65 |     
    > 66 |     expect(response.status()).toBe(201);
         |                               ^
      67 |     const data = await response.json();
      68 |     expect(data.success).toBe(true);
      69 |     expect(data.message).toContain('User registered successfully');
        at /Users/asithalakmal/Documents/web/final project/WeddingLK-next copy/tests/e2e/api-integration.spec.ts:66:31

    attachment #1: screenshot (image/png) ──────────────────────────────────────────────────────────
    ../../test-results/api-integration-🔐-Authent-2e205-Tests-User-Registration-API-Mobile-Chrome/test-failed-1.png
    ────────────────────────────────────────────────────────────────────────────────────────────────

    attachment #2: video (video/webm) ──────────────────────────────────────────────────────────────
    ../../test-results/api-integration-🔐-Authent-2e205-Tests-User-Registration-API-Mobile-Chrome/video.webm
    ────────────────────────────────────────────────────────────────────────────────────────────────
]]>
</failure>
<system-out>
<![CDATA[
[[ATTACHMENT|test-results/api-integration-🔐-Authent-2e205-Tests-User-Registration-API-Mobile-Chrome/test-failed-1.png]]

[[ATTACHMENT|test-results/api-integration-🔐-Authent-2e205-Tests-User-Registration-API-Mobile-Chrome/video.webm]]
]]>
</system-out>
</testcase>
<testcase name="🔐 Authentication API Tests › User Login API" classname="api-integration.spec.ts" time="8.515">
<failure message="api-integration.spec.ts:72:7 User Login API" type="FAILURE">
<![CDATA[  [Mobile Chrome] › api-integration.spec.ts:72:7 › 🔐 Authentication API Tests › User Login API ────

    Error: expect(received).toBe(expected) // Object.is equality

    Expected: 200
    Received: 405

      78 |     });
      79 |     
    > 80 |     expect(response.status()).toBe(200);
         |                               ^
      81 |     const data = await response.json();
      82 |     expect(data.success).toBe(true);
      83 |     expect(data.token).toBeDefined();
        at /Users/asithalakmal/Documents/web/final project/WeddingLK-next copy/tests/e2e/api-integration.spec.ts:80:31

    attachment #1: screenshot (image/png) ──────────────────────────────────────────────────────────
    ../../test-results/api-integration-🔐-Authentication-API-Tests-User-Login-API-Mobile-Chrome/test-failed-1.png
    ────────────────────────────────────────────────────────────────────────────────────────────────

    attachment #2: video (video/webm) ──────────────────────────────────────────────────────────────
    ../../test-results/api-integration-🔐-Authentication-API-Tests-User-Login-API-Mobile-Chrome/video.webm
    ────────────────────────────────────────────────────────────────────────────────────────────────
]]>
</failure>
<system-out>
<![CDATA[
[[ATTACHMENT|test-results/api-integration-🔐-Authentication-API-Tests-User-Login-API-Mobile-Chrome/test-failed-1.png]]

[[ATTACHMENT|test-results/api-integration-🔐-Authentication-API-Tests-User-Login-API-Mobile-Chrome/video.webm]]
]]>
</system-out>
</testcase>
<testcase name="🔐 Authentication API Tests › Invalid Login API" classname="api-integration.spec.ts" time="2.072">
<failure message="api-integration.spec.ts:87:7 Invalid Login API" type="FAILURE">
<![CDATA[  [Mobile Chrome] › api-integration.spec.ts:87:7 › 🔐 Authentication API Tests › Invalid Login API ─

    Error: expect(received).toBe(expected) // Object.is equality

    Expected: 401
    Received: 405

      93 |     });
      94 |     
    > 95 |     expect(response.status()).toBe(401);
         |                               ^
      96 |     const data = await response.json();
      97 |     expect(data.success).toBe(false);
      98 |     expect(data.message).toContain('Invalid credentials');
        at /Users/asithalakmal/Documents/web/final project/WeddingLK-next copy/tests/e2e/api-integration.spec.ts:95:31

    attachment #1: screenshot (image/png) ──────────────────────────────────────────────────────────
    ../../test-results/api-integration-🔐-Authent-4b7fb-API-Tests-Invalid-Login-API-Mobile-Chrome/test-failed-1.png
    ────────────────────────────────────────────────────────────────────────────────────────────────

    attachment #2: video (video/webm) ──────────────────────────────────────────────────────────────
    ../../test-results/api-integration-🔐-Authent-4b7fb-API-Tests-Invalid-Login-API-Mobile-Chrome/video.webm
    ────────────────────────────────────────────────────────────────────────────────────────────────
]]>
</failure>
<system-out>
<![CDATA[
[[ATTACHMENT|test-results/api-integration-🔐-Authent-4b7fb-API-Tests-Invalid-Login-API-Mobile-Chrome/test-failed-1.png]]

[[ATTACHMENT|test-results/api-integration-🔐-Authent-4b7fb-API-Tests-Invalid-Login-API-Mobile-Chrome/video.webm]]
]]>
</system-out>
</testcase>
<testcase name="🔐 Authentication API Tests › Password Reset API" classname="api-integration.spec.ts" time="3.196">
<failure message="api-integration.spec.ts:101:7 Password Reset API" type="FAILURE">
<![CDATA[  [Mobile Chrome] › api-integration.spec.ts:101:7 › 🔐 Authentication API Tests › Password Reset API 

    Error: expect(received).toBe(expected) // Object.is equality

    Expected: 200
    Received: 405

      104 |     });
      105 |     
    > 106 |     expect(response.status()).toBe(200);
          |                               ^
      107 |     const data = await response.json();
      108 |     expect(data.success).toBe(true);
      109 |     expect(data.message).toContain('Password reset email sent');
        at /Users/asithalakmal/Documents/web/final project/WeddingLK-next copy/tests/e2e/api-integration.spec.ts:106:31

    attachment #1: screenshot (image/png) ──────────────────────────────────────────────────────────
    ../../test-results/api-integration-🔐-Authent-64b4c-PI-Tests-Password-Reset-API-Mobile-Chrome/test-failed-1.png
    ────────────────────────────────────────────────────────────────────────────────────────────────

    attachment #2: video (video/webm) ──────────────────────────────────────────────────────────────
    ../../test-results/api-integration-🔐-Authent-64b4c-PI-Tests-Password-Reset-API-Mobile-Chrome/video.webm
    ────────────────────────────────────────────────────────────────────────────────────────────────
]]>
</failure>
<system-out>
<![CDATA[
[[ATTACHMENT|test-results/api-integration-🔐-Authent-64b4c-PI-Tests-Password-Reset-API-Mobile-Chrome/test-failed-1.png]]

[[ATTACHMENT|test-results/api-integration-🔐-Authent-64b4c-PI-Tests-Password-Reset-API-Mobile-Chrome/video.webm]]
]]>
</system-out>
</testcase>
<testcase name="🔐 Authentication API Tests › Email Verification API" classname="api-integration.spec.ts" time="5.715">
<failure message="api-integration.spec.ts:112:7 Email Verification API" type="FAILURE">
<![CDATA[  [Mobile Chrome] › api-integration.spec.ts:112:7 › 🔐 Authentication API Tests › Email Verification API 

    Error: expect(received).toBe(expected) // Object.is equality

    Expected: 200
    Received: 400

      115 |     });
      116 |     
    > 117 |     expect(response.status()).toBe(200);
          |                               ^
      118 |     const data = await response.json();
      119 |     expect(data.success).toBe(true);
      120 |   });
        at /Users/asithalakmal/Documents/web/final project/WeddingLK-next copy/tests/e2e/api-integration.spec.ts:117:31

    attachment #1: screenshot (image/png) ──────────────────────────────────────────────────────────
    ../../test-results/api-integration-🔐-Authent-28344-ests-Email-Verification-API-Mobile-Chrome/test-failed-1.png
    ────────────────────────────────────────────────────────────────────────────────────────────────

    attachment #2: video (video/webm) ──────────────────────────────────────────────────────────────
    ../../test-results/api-integration-🔐-Authent-28344-ests-Email-Verification-API-Mobile-Chrome/video.webm
    ────────────────────────────────────────────────────────────────────────────────────────────────
]]>
</failure>
<system-out>
<![CDATA[
[[ATTACHMENT|test-results/api-integration-🔐-Authent-28344-ests-Email-Verification-API-Mobile-Chrome/test-failed-1.png]]

[[ATTACHMENT|test-results/api-integration-🔐-Authent-28344-ests-Email-Verification-API-Mobile-Chrome/video.webm]]
]]>
</system-out>
</testcase>
<testcase name="👤 User Management API Tests › Get User Profile API" classname="api-integration.spec.ts" time="2.601">
<failure message="api-integration.spec.ts:124:7 Get User Profile API" type="FAILURE">
<![CDATA[  [Mobile Chrome] › api-integration.spec.ts:124:7 › 👤 User Management API Tests › Get User Profile API 

    SyntaxError: Unexpected end of JSON input

      43 |     data: { email, password }
      44 |   });
    > 45 |   const data = await response.json();
         |                ^
      46 |   return data.token;
      47 | }
      48 |
        at getAuthToken (/Users/asithalakmal/Documents/web/final project/WeddingLK-next copy/tests/e2e/api-integration.spec.ts:45:16)
        at /Users/asithalakmal/Documents/web/final project/WeddingLK-next copy/tests/e2e/api-integration.spec.ts:125:19

    attachment #1: screenshot (image/png) ──────────────────────────────────────────────────────────
    ../../test-results/api-integration-👤-User-Ma-c1c93--Tests-Get-User-Profile-API-Mobile-Chrome/test-failed-1.png
    ────────────────────────────────────────────────────────────────────────────────────────────────

    attachment #2: video (video/webm) ──────────────────────────────────────────────────────────────
    ../../test-results/api-integration-👤-User-Ma-c1c93--Tests-Get-User-Profile-API-Mobile-Chrome/video.webm
    ────────────────────────────────────────────────────────────────────────────────────────────────
]]>
</failure>
<system-out>
<![CDATA[
[[ATTACHMENT|test-results/api-integration-👤-User-Ma-c1c93--Tests-Get-User-Profile-API-Mobile-Chrome/test-failed-1.png]]

[[ATTACHMENT|test-results/api-integration-👤-User-Ma-c1c93--Tests-Get-User-Profile-API-Mobile-Chrome/video.webm]]
]]>
</system-out>
</testcase>
<testcase name="👤 User Management API Tests › Update User Profile API" classname="api-integration.spec.ts" time="2.461">
<failure message="api-integration.spec.ts:136:7 Update User Profile API" type="FAILURE">
<![CDATA[  [Mobile Chrome] › api-integration.spec.ts:136:7 › 👤 User Management API Tests › Update User Profile API 

    SyntaxError: Unexpected end of JSON input

      43 |     data: { email, password }
      44 |   });
    > 45 |   const data = await response.json();
         |                ^
      46 |   return data.token;
      47 | }
      48 |
        at getAuthToken (/Users/asithalakmal/Documents/web/final project/WeddingLK-next copy/tests/e2e/api-integration.spec.ts:45:16)
        at /Users/asithalakmal/Documents/web/final project/WeddingLK-next copy/tests/e2e/api-integration.spec.ts:137:19

    attachment #1: screenshot (image/png) ──────────────────────────────────────────────────────────
    ../../test-results/api-integration-👤-User-Ma-6e586-sts-Update-User-Profile-API-Mobile-Chrome/test-failed-1.png
    ────────────────────────────────────────────────────────────────────────────────────────────────

    attachment #2: video (video/webm) ──────────────────────────────────────────────────────────────
    ../../test-results/api-integration-👤-User-Ma-6e586-sts-Update-User-Profile-API-Mobile-Chrome/video.webm
    ────────────────────────────────────────────────────────────────────────────────────────────────
]]>
</failure>
<system-out>
<![CDATA[
[[ATTACHMENT|test-results/api-integration-👤-User-Ma-6e586-sts-Update-User-Profile-API-Mobile-Chrome/test-failed-1.png]]

[[ATTACHMENT|test-results/api-integration-👤-User-Ma-6e586-sts-Update-User-Profile-API-Mobile-Chrome/video.webm]]
]]>
</system-out>
</testcase>
<testcase name="👤 User Management API Tests › Get User Favorites API" classname="api-integration.spec.ts" time="2.778">
<failure message="api-integration.spec.ts:150:7 Get User Favorites API" type="FAILURE">
<![CDATA[  [Mobile Chrome] › api-integration.spec.ts:150:7 › 👤 User Management API Tests › Get User Favorites API 

    SyntaxError: Unexpected end of JSON input

      43 |     data: { email, password }
      44 |   });
    > 45 |   const data = await response.json();
         |                ^
      46 |   return data.token;
      47 | }
      48 |
        at getAuthToken (/Users/asithalakmal/Documents/web/final project/WeddingLK-next copy/tests/e2e/api-integration.spec.ts:45:16)
        at /Users/asithalakmal/Documents/web/final project/WeddingLK-next copy/tests/e2e/api-integration.spec.ts:151:19

    attachment #1: screenshot (image/png) ──────────────────────────────────────────────────────────
    ../../test-results/api-integration-👤-User-Ma-2df14-ests-Get-User-Favorites-API-Mobile-Chrome/test-failed-1.png
    ────────────────────────────────────────────────────────────────────────────────────────────────

    attachment #2: video (video/webm) ──────────────────────────────────────────────────────────────
    ../../test-results/api-integration-👤-User-Ma-2df14-ests-Get-User-Favorites-API-Mobile-Chrome/video.webm
    ────────────────────────────────────────────────────────────────────────────────────────────────
]]>
</failure>
<system-out>
<![CDATA[
[[ATTACHMENT|test-results/api-integration-👤-User-Ma-2df14-ests-Get-User-Favorites-API-Mobile-Chrome/test-failed-1.png]]

[[ATTACHMENT|test-results/api-integration-👤-User-Ma-2df14-ests-Get-User-Favorites-API-Mobile-Chrome/video.webm]]
]]>
</system-out>
</testcase>
<testcase name="👤 User Management API Tests › Add User Favorite API" classname="api-integration.spec.ts" time="2.126">
<failure message="api-integration.spec.ts:161:7 Add User Favorite API" type="FAILURE">
<![CDATA[  [Mobile Chrome] › api-integration.spec.ts:161:7 › 👤 User Management API Tests › Add User Favorite API 

    SyntaxError: Unexpected end of JSON input

      43 |     data: { email, password }
      44 |   });
    > 45 |   const data = await response.json();
         |                ^
      46 |   return data.token;
      47 | }
      48 |
        at getAuthToken (/Users/asithalakmal/Documents/web/final project/WeddingLK-next copy/tests/e2e/api-integration.spec.ts:45:16)
        at /Users/asithalakmal/Documents/web/final project/WeddingLK-next copy/tests/e2e/api-integration.spec.ts:162:19

    attachment #1: screenshot (image/png) ──────────────────────────────────────────────────────────
    ../../test-results/api-integration-👤-User-Ma-0917f-Tests-Add-User-Favorite-API-Mobile-Chrome/test-failed-1.png
    ────────────────────────────────────────────────────────────────────────────────────────────────

    attachment #2: video (video/webm) ──────────────────────────────────────────────────────────────
    ../../test-results/api-integration-👤-User-Ma-0917f-Tests-Add-User-Favorite-API-Mobile-Chrome/video.webm
    ────────────────────────────────────────────────────────────────────────────────────────────────
]]>
</failure>
<system-out>
<![CDATA[
[[ATTACHMENT|test-results/api-integration-👤-User-Ma-0917f-Tests-Add-User-Favorite-API-Mobile-Chrome/test-failed-1.png]]

[[ATTACHMENT|test-results/api-integration-👤-User-Ma-0917f-Tests-Add-User-Favorite-API-Mobile-Chrome/video.webm]]
]]>
</system-out>
</testcase>
<testcase name="🏢 Vendor Management API Tests › Vendor Registration API" classname="api-integration.spec.ts" time="2.548">
<failure message="api-integration.spec.ts:177:7 Vendor Registration API" type="FAILURE">
<![CDATA[  [Mobile Chrome] › api-integration.spec.ts:177:7 › 🏢 Vendor Management API Tests › Vendor Registration API 

    Error: expect(received).toBe(expected) // Object.is equality

    Expected: 201
    Received: 401

      186 |     });
      187 |     
    > 188 |     expect(response.status()).toBe(201);
          |                               ^
      189 |     const data = await response.json();
      190 |     expect(data.success).toBe(true);
      191 |     expect(data.message).toContain('Vendor registration submitted');
        at /Users/asithalakmal/Documents/web/final project/WeddingLK-next copy/tests/e2e/api-integration.spec.ts:188:31

    attachment #1: screenshot (image/png) ──────────────────────────────────────────────────────────
    ../../test-results/api-integration-🏢-Vendor--a5f85-sts-Vendor-Registration-API-Mobile-Chrome/test-failed-1.png
    ────────────────────────────────────────────────────────────────────────────────────────────────

    attachment #2: video (video/webm) ──────────────────────────────────────────────────────────────
    ../../test-results/api-integration-🏢-Vendor--a5f85-sts-Vendor-Registration-API-Mobile-Chrome/video.webm
    ────────────────────────────────────────────────────────────────────────────────────────────────
]]>
</failure>
<system-out>
<![CDATA[
[[ATTACHMENT|test-results/api-integration-🏢-Vendor--a5f85-sts-Vendor-Registration-API-Mobile-Chrome/test-failed-1.png]]

[[ATTACHMENT|test-results/api-integration-🏢-Vendor--a5f85-sts-Vendor-Registration-API-Mobile-Chrome/video.webm]]
]]>
</system-out>
</testcase>
<testcase name="🏢 Vendor Management API Tests › Get Vendor Services API" classname="api-integration.spec.ts" time="2.581">
<failure message="api-integration.spec.ts:194:7 Get Vendor Services API" type="FAILURE">
<![CDATA[  [Mobile Chrome] › api-integration.spec.ts:194:7 › 🏢 Vendor Management API Tests › Get Vendor Services API 

    SyntaxError: Unexpected end of JSON input

      43 |     data: { email, password }
      44 |   });
    > 45 |   const data = await response.json();
         |                ^
      46 |   return data.token;
      47 | }
      48 |
        at getAuthToken (/Users/asithalakmal/Documents/web/final project/WeddingLK-next copy/tests/e2e/api-integration.spec.ts:45:16)
        at /Users/asithalakmal/Documents/web/final project/WeddingLK-next copy/tests/e2e/api-integration.spec.ts:195:19

    attachment #1: screenshot (image/png) ──────────────────────────────────────────────────────────
    ../../test-results/api-integration-🏢-Vendor--4dc71-sts-Get-Vendor-Services-API-Mobile-Chrome/test-failed-1.png
    ────────────────────────────────────────────────────────────────────────────────────────────────

    attachment #2: video (video/webm) ──────────────────────────────────────────────────────────────
    ../../test-results/api-integration-🏢-Vendor--4dc71-sts-Get-Vendor-Services-API-Mobile-Chrome/video.webm
    ────────────────────────────────────────────────────────────────────────────────────────────────
]]>
</failure>
<system-out>
<![CDATA[
[[ATTACHMENT|test-results/api-integration-🏢-Vendor--4dc71-sts-Get-Vendor-Services-API-Mobile-Chrome/test-failed-1.png]]

[[ATTACHMENT|test-results/api-integration-🏢-Vendor--4dc71-sts-Get-Vendor-Services-API-Mobile-Chrome/video.webm]]
]]>
</system-out>
</testcase>
<testcase name="🏢 Vendor Management API Tests › Create Vendor Service API" classname="api-integration.spec.ts" time="3.225">
<failure message="api-integration.spec.ts:205:7 Create Vendor Service API" type="FAILURE">
<![CDATA[  [Mobile Chrome] › api-integration.spec.ts:205:7 › 🏢 Vendor Management API Tests › Create Vendor Service API 

    SyntaxError: Unexpected end of JSON input

      43 |     data: { email, password }
      44 |   });
    > 45 |   const data = await response.json();
         |                ^
      46 |   return data.token;
      47 | }
      48 |
        at getAuthToken (/Users/asithalakmal/Documents/web/final project/WeddingLK-next copy/tests/e2e/api-integration.spec.ts:45:16)
        at /Users/asithalakmal/Documents/web/final project/WeddingLK-next copy/tests/e2e/api-integration.spec.ts:206:19

    attachment #1: screenshot (image/png) ──────────────────────────────────────────────────────────
    ../../test-results/api-integration-🏢-Vendor--32b06-s-Create-Vendor-Service-API-Mobile-Chrome/test-failed-1.png
    ────────────────────────────────────────────────────────────────────────────────────────────────

    attachment #2: video (video/webm) ──────────────────────────────────────────────────────────────
    ../../test-results/api-integration-🏢-Vendor--32b06-s-Create-Vendor-Service-API-Mobile-Chrome/video.webm
    ────────────────────────────────────────────────────────────────────────────────────────────────
]]>
</failure>
<system-out>
<![CDATA[
[[ATTACHMENT|test-results/api-integration-🏢-Vendor--32b06-s-Create-Vendor-Service-API-Mobile-Chrome/test-failed-1.png]]

[[ATTACHMENT|test-results/api-integration-🏢-Vendor--32b06-s-Create-Vendor-Service-API-Mobile-Chrome/video.webm]]
]]>
</system-out>
</testcase>
<testcase name="🏢 Vendor Management API Tests › Update Vendor Service API" classname="api-integration.spec.ts" time="2.31">
<failure message="api-integration.spec.ts:221:7 Update Vendor Service API" type="FAILURE">
<![CDATA[  [Mobile Chrome] › api-integration.spec.ts:221:7 › 🏢 Vendor Management API Tests › Update Vendor Service API 

    SyntaxError: Unexpected end of JSON input

      43 |     data: { email, password }
      44 |   });
    > 45 |   const data = await response.json();
         |                ^
      46 |   return data.token;
      47 | }
      48 |
        at getAuthToken (/Users/asithalakmal/Documents/web/final project/WeddingLK-next copy/tests/e2e/api-integration.spec.ts:45:16)
        at /Users/asithalakmal/Documents/web/final project/WeddingLK-next copy/tests/e2e/api-integration.spec.ts:222:19

    attachment #1: screenshot (image/png) ──────────────────────────────────────────────────────────
    ../../test-results/api-integration-🏢-Vendor--8ad41-s-Update-Vendor-Service-API-Mobile-Chrome/test-failed-1.png
    ────────────────────────────────────────────────────────────────────────────────────────────────

    attachment #2: video (video/webm) ──────────────────────────────────────────────────────────────
    ../../test-results/api-integration-🏢-Vendor--8ad41-s-Update-Vendor-Service-API-Mobile-Chrome/video.webm
    ────────────────────────────────────────────────────────────────────────────────────────────────
]]>
</failure>
<system-out>
<![CDATA[
[[ATTACHMENT|test-results/api-integration-🏢-Vendor--8ad41-s-Update-Vendor-Service-API-Mobile-Chrome/test-failed-1.png]]

[[ATTACHMENT|test-results/api-integration-🏢-Vendor--8ad41-s-Update-Vendor-Service-API-Mobile-Chrome/video.webm]]
]]>
</system-out>
</testcase>
<testcase name="🏢 Vendor Management API Tests › Delete Vendor Service API" classname="api-integration.spec.ts" time="3.425">
<failure message="api-integration.spec.ts:235:7 Delete Vendor Service API" type="FAILURE">
<![CDATA[  [Mobile Chrome] › api-integration.spec.ts:235:7 › 🏢 Vendor Management API Tests › Delete Vendor Service API 

    SyntaxError: Unexpected end of JSON input

      43 |     data: { email, password }
      44 |   });
    > 45 |   const data = await response.json();
         |                ^
      46 |   return data.token;
      47 | }
      48 |
        at getAuthToken (/Users/asithalakmal/Documents/web/final project/WeddingLK-next copy/tests/e2e/api-integration.spec.ts:45:16)
        at /Users/asithalakmal/Documents/web/final project/WeddingLK-next copy/tests/e2e/api-integration.spec.ts:236:19

    attachment #1: screenshot (image/png) ──────────────────────────────────────────────────────────
    ../../test-results/api-integration-🏢-Vendor--3ac39-s-Delete-Vendor-Service-API-Mobile-Chrome/test-failed-1.png
    ────────────────────────────────────────────────────────────────────────────────────────────────

    attachment #2: video (video/webm) ──────────────────────────────────────────────────────────────
    ../../test-results/api-integration-🏢-Vendor--3ac39-s-Delete-Vendor-Service-API-Mobile-Chrome/video.webm
    ────────────────────────────────────────────────────────────────────────────────────────────────
]]>
</failure>
<system-out>
<![CDATA[
[[ATTACHMENT|test-results/api-integration-🏢-Vendor--3ac39-s-Delete-Vendor-Service-API-Mobile-Chrome/test-failed-1.png]]

[[ATTACHMENT|test-results/api-integration-🏢-Vendor--3ac39-s-Delete-Vendor-Service-API-Mobile-Chrome/video.webm]]
]]>
</system-out>
</testcase>
<testcase name="🏢 Vendor Management API Tests › Get Vendor Analytics API" classname="api-integration.spec.ts" time="3.488">
<failure message="api-integration.spec.ts:246:7 Get Vendor Analytics API" type="FAILURE">
<![CDATA[  [Mobile Chrome] › api-integration.spec.ts:246:7 › 🏢 Vendor Management API Tests › Get Vendor Analytics API 

    SyntaxError: Unexpected end of JSON input

      43 |     data: { email, password }
      44 |   });
    > 45 |   const data = await response.json();
         |                ^
      46 |   return data.token;
      47 | }
      48 |
        at getAuthToken (/Users/asithalakmal/Documents/web/final project/WeddingLK-next copy/tests/e2e/api-integration.spec.ts:45:16)
        at /Users/asithalakmal/Documents/web/final project/WeddingLK-next copy/tests/e2e/api-integration.spec.ts:247:19

    attachment #1: screenshot (image/png) ──────────────────────────────────────────────────────────
    ../../test-results/api-integration-🏢-Vendor--6b8fc-ts-Get-Vendor-Analytics-API-Mobile-Chrome/test-failed-1.png
    ────────────────────────────────────────────────────────────────────────────────────────────────

    attachment #2: video (video/webm) ──────────────────────────────────────────────────────────────
    ../../test-results/api-integration-🏢-Vendor--6b8fc-ts-Get-Vendor-Analytics-API-Mobile-Chrome/video.webm
    ────────────────────────────────────────────────────────────────────────────────────────────────
]]>
</failure>
<system-out>
<![CDATA[
[[ATTACHMENT|test-results/api-integration-🏢-Vendor--6b8fc-ts-Get-Vendor-Analytics-API-Mobile-Chrome/test-failed-1.png]]

[[ATTACHMENT|test-results/api-integration-🏢-Vendor--6b8fc-ts-Get-Vendor-Analytics-API-Mobile-Chrome/video.webm]]
]]>
</system-out>
</testcase>
<testcase name="📅 Booking Management API Tests › Create Booking API" classname="api-integration.spec.ts" time="3.611">
<failure message="api-integration.spec.ts:261:7 Create Booking API" type="FAILURE">
<![CDATA[  [Mobile Chrome] › api-integration.spec.ts:261:7 › 📅 Booking Management API Tests › Create Booking API 

    SyntaxError: Unexpected end of JSON input

      43 |     data: { email, password }
      44 |   });
    > 45 |   const data = await response.json();
         |                ^
      46 |   return data.token;
      47 | }
      48 |
        at getAuthToken (/Users/asithalakmal/Documents/web/final project/WeddingLK-next copy/tests/e2e/api-integration.spec.ts:45:16)
        at /Users/asithalakmal/Documents/web/final project/WeddingLK-next copy/tests/e2e/api-integration.spec.ts:262:19

    attachment #1: screenshot (image/png) ──────────────────────────────────────────────────────────
    ../../test-results/api-integration-📅-Booking-f6016-PI-Tests-Create-Booking-API-Mobile-Chrome/test-failed-1.png
    ────────────────────────────────────────────────────────────────────────────────────────────────

    attachment #2: video (video/webm) ──────────────────────────────────────────────────────────────
    ../../test-results/api-integration-📅-Booking-f6016-PI-Tests-Create-Booking-API-Mobile-Chrome/video.webm
    ────────────────────────────────────────────────────────────────────────────────────────────────
]]>
</failure>
<system-out>
<![CDATA[
[[ATTACHMENT|test-results/api-integration-📅-Booking-f6016-PI-Tests-Create-Booking-API-Mobile-Chrome/test-failed-1.png]]

[[ATTACHMENT|test-results/api-integration-📅-Booking-f6016-PI-Tests-Create-Booking-API-Mobile-Chrome/video.webm]]
]]>
</system-out>
</testcase>
<testcase name="📅 Booking Management API Tests › Get User Bookings API" classname="api-integration.spec.ts" time="2.919">
<failure message="api-integration.spec.ts:279:7 Get User Bookings API" type="FAILURE">
<![CDATA[  [Mobile Chrome] › api-integration.spec.ts:279:7 › 📅 Booking Management API Tests › Get User Bookings API 

    SyntaxError: Unexpected end of JSON input

      43 |     data: { email, password }
      44 |   });
    > 45 |   const data = await response.json();
         |                ^
      46 |   return data.token;
      47 | }
      48 |
        at getAuthToken (/Users/asithalakmal/Documents/web/final project/WeddingLK-next copy/tests/e2e/api-integration.spec.ts:45:16)
        at /Users/asithalakmal/Documents/web/final project/WeddingLK-next copy/tests/e2e/api-integration.spec.ts:280:19

    attachment #1: screenshot (image/png) ──────────────────────────────────────────────────────────
    ../../test-results/api-integration-📅-Booking-0e3ce-Tests-Get-User-Bookings-API-Mobile-Chrome/test-failed-1.png
    ────────────────────────────────────────────────────────────────────────────────────────────────

    attachment #2: video (video/webm) ──────────────────────────────────────────────────────────────
    ../../test-results/api-integration-📅-Booking-0e3ce-Tests-Get-User-Bookings-API-Mobile-Chrome/video.webm
    ────────────────────────────────────────────────────────────────────────────────────────────────
]]>
</failure>
<system-out>
<![CDATA[
[[ATTACHMENT|test-results/api-integration-📅-Booking-0e3ce-Tests-Get-User-Bookings-API-Mobile-Chrome/test-failed-1.png]]

[[ATTACHMENT|test-results/api-integration-📅-Booking-0e3ce-Tests-Get-User-Bookings-API-Mobile-Chrome/video.webm]]
]]>
</system-out>
</testcase>
<testcase name="📅 Booking Management API Tests › Update Booking API" classname="api-integration.spec.ts" time="5.079">
<failure message="api-integration.spec.ts:290:7 Update Booking API" type="FAILURE">
<![CDATA[  [Mobile Chrome] › api-integration.spec.ts:290:7 › 📅 Booking Management API Tests › Update Booking API 

    SyntaxError: Unexpected end of JSON input

      43 |     data: { email, password }
      44 |   });
    > 45 |   const data = await response.json();
         |                ^
      46 |   return data.token;
      47 | }
      48 |
        at getAuthToken (/Users/asithalakmal/Documents/web/final project/WeddingLK-next copy/tests/e2e/api-integration.spec.ts:45:16)
        at /Users/asithalakmal/Documents/web/final project/WeddingLK-next copy/tests/e2e/api-integration.spec.ts:291:19

    attachment #1: screenshot (image/png) ──────────────────────────────────────────────────────────
    ../../test-results/api-integration-📅-Booking-a7a44-PI-Tests-Update-Booking-API-Mobile-Chrome/test-failed-1.png
    ────────────────────────────────────────────────────────────────────────────────────────────────

    attachment #2: video (video/webm) ──────────────────────────────────────────────────────────────
    ../../test-results/api-integration-📅-Booking-a7a44-PI-Tests-Update-Booking-API-Mobile-Chrome/video.webm
    ────────────────────────────────────────────────────────────────────────────────────────────────
]]>
</failure>
<system-out>
<![CDATA[
[[ATTACHMENT|test-results/api-integration-📅-Booking-a7a44-PI-Tests-Update-Booking-API-Mobile-Chrome/test-failed-1.png]]

[[ATTACHMENT|test-results/api-integration-📅-Booking-a7a44-PI-Tests-Update-Booking-API-Mobile-Chrome/video.webm]]
]]>
</system-out>
</testcase>
<testcase name="📅 Booking Management API Tests › Cancel Booking API" classname="api-integration.spec.ts" time="4.764">
<failure message="api-integration.spec.ts:304:7 Cancel Booking API" type="FAILURE">
<![CDATA[  [Mobile Chrome] › api-integration.spec.ts:304:7 › 📅 Booking Management API Tests › Cancel Booking API 

    SyntaxError: Unexpected end of JSON input

      43 |     data: { email, password }
      44 |   });
    > 45 |   const data = await response.json();
         |                ^
      46 |   return data.token;
      47 | }
      48 |
        at getAuthToken (/Users/asithalakmal/Documents/web/final project/WeddingLK-next copy/tests/e2e/api-integration.spec.ts:45:16)
        at /Users/asithalakmal/Documents/web/final project/WeddingLK-next copy/tests/e2e/api-integration.spec.ts:305:19

    attachment #1: screenshot (image/png) ──────────────────────────────────────────────────────────
    ../../test-results/api-integration-📅-Booking-7c911-PI-Tests-Cancel-Booking-API-Mobile-Chrome/test-failed-1.png
    ────────────────────────────────────────────────────────────────────────────────────────────────

    attachment #2: video (video/webm) ──────────────────────────────────────────────────────────────
    ../../test-results/api-integration-📅-Booking-7c911-PI-Tests-Cancel-Booking-API-Mobile-Chrome/video.webm
    ────────────────────────────────────────────────────────────────────────────────────────────────
]]>
</failure>
<system-out>
<![CDATA[
[[ATTACHMENT|test-results/api-integration-📅-Booking-7c911-PI-Tests-Cancel-Booking-API-Mobile-Chrome/test-failed-1.png]]

[[ATTACHMENT|test-results/api-integration-📅-Booking-7c911-PI-Tests-Cancel-Booking-API-Mobile-Chrome/video.webm]]
]]>
</system-out>
</testcase>
<testcase name="📅 Booking Management API Tests › Get Vendor Bookings API" classname="api-integration.spec.ts" time="1.726">
<failure message="api-integration.spec.ts:315:7 Get Vendor Bookings API" type="FAILURE">
<![CDATA[  [Mobile Chrome] › api-integration.spec.ts:315:7 › 📅 Booking Management API Tests › Get Vendor Bookings API 

    SyntaxError: Unexpected end of JSON input

      43 |     data: { email, password }
      44 |   });
    > 45 |   const data = await response.json();
         |                ^
      46 |   return data.token;
      47 | }
      48 |
        at getAuthToken (/Users/asithalakmal/Documents/web/final project/WeddingLK-next copy/tests/e2e/api-integration.spec.ts:45:16)
        at /Users/asithalakmal/Documents/web/final project/WeddingLK-next copy/tests/e2e/api-integration.spec.ts:316:19

    attachment #1: screenshot (image/png) ──────────────────────────────────────────────────────────
    ../../test-results/api-integration-📅-Booking-a710b-sts-Get-Vendor-Bookings-API-Mobile-Chrome/test-failed-1.png
    ────────────────────────────────────────────────────────────────────────────────────────────────

    attachment #2: video (video/webm) ──────────────────────────────────────────────────────────────
    ../../test-results/api-integration-📅-Booking-a710b-sts-Get-Vendor-Bookings-API-Mobile-Chrome/video.webm
    ────────────────────────────────────────────────────────────────────────────────────────────────
]]>
</failure>
<system-out>
<![CDATA[
[[ATTACHMENT|test-results/api-integration-📅-Booking-a710b-sts-Get-Vendor-Bookings-API-Mobile-Chrome/test-failed-1.png]]

[[ATTACHMENT|test-results/api-integration-📅-Booking-a710b-sts-Get-Vendor-Bookings-API-Mobile-Chrome/video.webm]]
]]>
</system-out>
</testcase>
<testcase name="📅 Booking Management API Tests › Update Booking Status API" classname="api-integration.spec.ts" time="2.207">
<failure message="api-integration.spec.ts:326:7 Update Booking Status API" type="FAILURE">
<![CDATA[  [Mobile Chrome] › api-integration.spec.ts:326:7 › 📅 Booking Management API Tests › Update Booking Status API 

    SyntaxError: Unexpected end of JSON input

      43 |     data: { email, password }
      44 |   });
    > 45 |   const data = await response.json();
         |                ^
      46 |   return data.token;
      47 | }
      48 |
        at getAuthToken (/Users/asithalakmal/Documents/web/final project/WeddingLK-next copy/tests/e2e/api-integration.spec.ts:45:16)
        at /Users/asithalakmal/Documents/web/final project/WeddingLK-next copy/tests/e2e/api-integration.spec.ts:327:19

    attachment #1: screenshot (image/png) ──────────────────────────────────────────────────────────
    ../../test-results/api-integration-📅-Booking-458f2-s-Update-Booking-Status-API-Mobile-Chrome/test-failed-1.png
    ────────────────────────────────────────────────────────────────────────────────────────────────

    attachment #2: video (video/webm) ──────────────────────────────────────────────────────────────
    ../../test-results/api-integration-📅-Booking-458f2-s-Update-Booking-Status-API-Mobile-Chrome/video.webm
    ────────────────────────────────────────────────────────────────────────────────────────────────
]]>
</failure>
<system-out>
<![CDATA[
[[ATTACHMENT|test-results/api-integration-📅-Booking-458f2-s-Update-Booking-Status-API-Mobile-Chrome/test-failed-1.png]]

[[ATTACHMENT|test-results/api-integration-📅-Booking-458f2-s-Update-Booking-Status-API-Mobile-Chrome/video.webm]]
]]>
</system-out>
</testcase>
<testcase name="🏛️ Venue Management API Tests › Get Venues API" classname="api-integration.spec.ts" time="3.23">
</testcase>
<testcase name="🏛️ Venue Management API Tests › Get Venue by ID API" classname="api-integration.spec.ts" time="1.602">
<failure message="api-integration.spec.ts:350:7 Get Venue by ID API" type="FAILURE">
<![CDATA[  [Mobile Chrome] › api-integration.spec.ts:350:7 › 🏛️ Venue Management API Tests › Get Venue by ID API 

    Error: expect(received).toBe(expected) // Object.is equality

    Expected: 200
    Received: 500

      350 |   test('Get Venue by ID API', async ({ page }) => {
      351 |     const response = await page.request.get('/api/venues/test-venue-id');
    > 352 |     expect(response.status()).toBe(200);
          |                               ^
      353 |     
      354 |     const data = await response.json();
      355 |     expect(data.success).toBe(true);
        at /Users/asithalakmal/Documents/web/final project/WeddingLK-next copy/tests/e2e/api-integration.spec.ts:352:31

    attachment #1: screenshot (image/png) ──────────────────────────────────────────────────────────
    ../../test-results/api-integration-🏛️-Venue--f15e9-I-Tests-Get-Venue-by-ID-API-Mobile-Chrome/test-failed-1.png
    ────────────────────────────────────────────────────────────────────────────────────────────────

    attachment #2: video (video/webm) ──────────────────────────────────────────────────────────────
    ../../test-results/api-integration-🏛️-Venue--f15e9-I-Tests-Get-Venue-by-ID-API-Mobile-Chrome/video.webm
    ────────────────────────────────────────────────────────────────────────────────────────────────
]]>
</failure>
<system-out>
<![CDATA[
[[ATTACHMENT|test-results/api-integration-🏛️-Venue--f15e9-I-Tests-Get-Venue-by-ID-API-Mobile-Chrome/test-failed-1.png]]

[[ATTACHMENT|test-results/api-integration-🏛️-Venue--f15e9-I-Tests-Get-Venue-by-ID-API-Mobile-Chrome/video.webm]]
]]>
</system-out>
</testcase>
<testcase name="🏛️ Venue Management API Tests › Search Venues API" classname="api-integration.spec.ts" time="4.611">
</testcase>
<testcase name="🏛️ Venue Management API Tests › Get Venue Availability API" classname="api-integration.spec.ts" time="4.036">
<failure message="api-integration.spec.ts:368:7 Get Venue Availability API" type="FAILURE">
<![CDATA[  [Mobile Chrome] › api-integration.spec.ts:368:7 › 🏛️ Venue Management API Tests › Get Venue Availability API 

    Error: expect(received).toBe(expected) // Object.is equality

    Expected: 200
    Received: 500

      368 |   test('Get Venue Availability API', async ({ page }) => {
      369 |     const response = await page.request.get('/api/venues/availability?venueId=test-venue-id&date=2024-12-25');
    > 370 |     expect(response.status()).toBe(200);
          |                               ^
      371 |     
      372 |     const data = await response.json();
      373 |     expect(data.success).toBe(true);
        at /Users/asithalakmal/Documents/web/final project/WeddingLK-next copy/tests/e2e/api-integration.spec.ts:370:31

    attachment #1: screenshot (image/png) ──────────────────────────────────────────────────────────
    ../../test-results/api-integration-🏛️-Venue--1dc52--Get-Venue-Availability-API-Mobile-Chrome/test-failed-1.png
    ────────────────────────────────────────────────────────────────────────────────────────────────

    attachment #2: video (video/webm) ──────────────────────────────────────────────────────────────
    ../../test-results/api-integration-🏛️-Venue--1dc52--Get-Venue-Availability-API-Mobile-Chrome/video.webm
    ────────────────────────────────────────────────────────────────────────────────────────────────
]]>
</failure>
<system-out>
<![CDATA[
[[ATTACHMENT|test-results/api-integration-🏛️-Venue--1dc52--Get-Venue-Availability-API-Mobile-Chrome/test-failed-1.png]]

[[ATTACHMENT|test-results/api-integration-🏛️-Venue--1dc52--Get-Venue-Availability-API-Mobile-Chrome/video.webm]]
]]>
</system-out>
</testcase>
<testcase name="💳 Payment API Tests › Create Payment Intent API" classname="api-integration.spec.ts" time="1.189">
<failure message="api-integration.spec.ts:379:7 Create Payment Intent API" type="FAILURE">
<![CDATA[  [Mobile Chrome] › api-integration.spec.ts:379:7 › 💳 Payment API Tests › Create Payment Intent API 

    SyntaxError: Unexpected end of JSON input

      43 |     data: { email, password }
      44 |   });
    > 45 |   const data = await response.json();
         |                ^
      46 |   return data.token;
      47 | }
      48 |
        at getAuthToken (/Users/asithalakmal/Documents/web/final project/WeddingLK-next copy/tests/e2e/api-integration.spec.ts:45:16)
        at /Users/asithalakmal/Documents/web/final project/WeddingLK-next copy/tests/e2e/api-integration.spec.ts:380:19

    attachment #1: screenshot (image/png) ──────────────────────────────────────────────────────────
    ../../test-results/api-integration-💳-Payment-a4c14-s-Create-Payment-Intent-API-Mobile-Chrome/test-failed-1.png
    ────────────────────────────────────────────────────────────────────────────────────────────────

    attachment #2: video (video/webm) ──────────────────────────────────────────────────────────────
    ../../test-results/api-integration-💳-Payment-a4c14-s-Create-Payment-Intent-API-Mobile-Chrome/video.webm
    ────────────────────────────────────────────────────────────────────────────────────────────────
]]>
</failure>
<system-out>
<![CDATA[
[[ATTACHMENT|test-results/api-integration-💳-Payment-a4c14-s-Create-Payment-Intent-API-Mobile-Chrome/test-failed-1.png]]

[[ATTACHMENT|test-results/api-integration-💳-Payment-a4c14-s-Create-Payment-Intent-API-Mobile-Chrome/video.webm]]
]]>
</system-out>
</testcase>
<testcase name="💳 Payment API Tests › Get Payment History API" classname="api-integration.spec.ts" time="3.164">
<failure message="api-integration.spec.ts:394:7 Get Payment History API" type="FAILURE">
<![CDATA[  [Mobile Chrome] › api-integration.spec.ts:394:7 › 💳 Payment API Tests › Get Payment History API ─

    SyntaxError: Unexpected end of JSON input

      43 |     data: { email, password }
      44 |   });
    > 45 |   const data = await response.json();
         |                ^
      46 |   return data.token;
      47 | }
      48 |
        at getAuthToken (/Users/asithalakmal/Documents/web/final project/WeddingLK-next copy/tests/e2e/api-integration.spec.ts:45:16)
        at /Users/asithalakmal/Documents/web/final project/WeddingLK-next copy/tests/e2e/api-integration.spec.ts:395:19

    attachment #1: screenshot (image/png) ──────────────────────────────────────────────────────────
    ../../test-results/api-integration-💳-Payment-API-Tests-Get-Payment-History-API-Mobile-Chrome/test-failed-1.png
    ────────────────────────────────────────────────────────────────────────────────────────────────

    attachment #2: video (video/webm) ──────────────────────────────────────────────────────────────
    ../../test-results/api-integration-💳-Payment-API-Tests-Get-Payment-History-API-Mobile-Chrome/video.webm
    ────────────────────────────────────────────────────────────────────────────────────────────────
]]>
</failure>
<system-out>
<![CDATA[
[[ATTACHMENT|test-results/api-integration-💳-Payment-API-Tests-Get-Payment-History-API-Mobile-Chrome/test-failed-1.png]]

[[ATTACHMENT|test-results/api-integration-💳-Payment-API-Tests-Get-Payment-History-API-Mobile-Chrome/video.webm]]
]]>
</system-out>
</testcase>
<testcase name="💳 Payment API Tests › Get Payment by ID API" classname="api-integration.spec.ts" time="2.986">
<failure message="api-integration.spec.ts:405:7 Get Payment by ID API" type="FAILURE">
<![CDATA[  [Mobile Chrome] › api-integration.spec.ts:405:7 › 💳 Payment API Tests › Get Payment by ID API ───

    SyntaxError: Unexpected end of JSON input

      43 |     data: { email, password }
      44 |   });
    > 45 |   const data = await response.json();
         |                ^
      46 |   return data.token;
      47 | }
      48 |
        at getAuthToken (/Users/asithalakmal/Documents/web/final project/WeddingLK-next copy/tests/e2e/api-integration.spec.ts:45:16)
        at /Users/asithalakmal/Documents/web/final project/WeddingLK-next copy/tests/e2e/api-integration.spec.ts:406:19

    attachment #1: screenshot (image/png) ──────────────────────────────────────────────────────────
    ../../test-results/api-integration-💳-Payment-API-Tests-Get-Payment-by-ID-API-Mobile-Chrome/test-failed-1.png
    ────────────────────────────────────────────────────────────────────────────────────────────────

    attachment #2: video (video/webm) ──────────────────────────────────────────────────────────────
    ../../test-results/api-integration-💳-Payment-API-Tests-Get-Payment-by-ID-API-Mobile-Chrome/video.webm
    ────────────────────────────────────────────────────────────────────────────────────────────────
]]>
</failure>
<system-out>
<![CDATA[
[[ATTACHMENT|test-results/api-integration-💳-Payment-API-Tests-Get-Payment-by-ID-API-Mobile-Chrome/test-failed-1.png]]

[[ATTACHMENT|test-results/api-integration-💳-Payment-API-Tests-Get-Payment-by-ID-API-Mobile-Chrome/video.webm]]
]]>
</system-out>
</testcase>
<testcase name="📊 Dashboard API Tests › Get Dashboard Stats API" classname="api-integration.spec.ts" time="3.072">
<failure message="api-integration.spec.ts:418:7 Get Dashboard Stats API" type="FAILURE">
<![CDATA[  [Mobile Chrome] › api-integration.spec.ts:418:7 › 📊 Dashboard API Tests › Get Dashboard Stats API 

    SyntaxError: Unexpected end of JSON input

      43 |     data: { email, password }
      44 |   });
    > 45 |   const data = await response.json();
         |                ^
      46 |   return data.token;
      47 | }
      48 |
        at getAuthToken (/Users/asithalakmal/Documents/web/final project/WeddingLK-next copy/tests/e2e/api-integration.spec.ts:45:16)
        at /Users/asithalakmal/Documents/web/final project/WeddingLK-next copy/tests/e2e/api-integration.spec.ts:419:19

    attachment #1: screenshot (image/png) ──────────────────────────────────────────────────────────
    ../../test-results/api-integration-📊-Dashboa-bf9ef-sts-Get-Dashboard-Stats-API-Mobile-Chrome/test-failed-1.png
    ────────────────────────────────────────────────────────────────────────────────────────────────

    attachment #2: video (video/webm) ──────────────────────────────────────────────────────────────
    ../../test-results/api-integration-📊-Dashboa-bf9ef-sts-Get-Dashboard-Stats-API-Mobile-Chrome/video.webm
    ────────────────────────────────────────────────────────────────────────────────────────────────
]]>
</failure>
<system-out>
<![CDATA[
[[ATTACHMENT|test-results/api-integration-📊-Dashboa-bf9ef-sts-Get-Dashboard-Stats-API-Mobile-Chrome/test-failed-1.png]]

[[ATTACHMENT|test-results/api-integration-📊-Dashboa-bf9ef-sts-Get-Dashboard-Stats-API-Mobile-Chrome/video.webm]]
]]>
</system-out>
</testcase>
<testcase name="📊 Dashboard API Tests › Get Dashboard Activity API" classname="api-integration.spec.ts" time="3.373">
<failure message="api-integration.spec.ts:431:7 Get Dashboard Activity API" type="FAILURE">
<![CDATA[  [Mobile Chrome] › api-integration.spec.ts:431:7 › 📊 Dashboard API Tests › Get Dashboard Activity API 

    SyntaxError: Unexpected end of JSON input

      43 |     data: { email, password }
      44 |   });
    > 45 |   const data = await response.json();
         |                ^
      46 |   return data.token;
      47 | }
      48 |
        at getAuthToken (/Users/asithalakmal/Documents/web/final project/WeddingLK-next copy/tests/e2e/api-integration.spec.ts:45:16)
        at /Users/asithalakmal/Documents/web/final project/WeddingLK-next copy/tests/e2e/api-integration.spec.ts:432:19

    attachment #1: screenshot (image/png) ──────────────────────────────────────────────────────────
    ../../test-results/api-integration-📊-Dashboa-0cd31--Get-Dashboard-Activity-API-Mobile-Chrome/test-failed-1.png
    ────────────────────────────────────────────────────────────────────────────────────────────────

    attachment #2: video (video/webm) ──────────────────────────────────────────────────────────────
    ../../test-results/api-integration-📊-Dashboa-0cd31--Get-Dashboard-Activity-API-Mobile-Chrome/video.webm
    ────────────────────────────────────────────────────────────────────────────────────────────────
]]>
</failure>
<system-out>
<![CDATA[
[[ATTACHMENT|test-results/api-integration-📊-Dashboa-0cd31--Get-Dashboard-Activity-API-Mobile-Chrome/test-failed-1.png]]

[[ATTACHMENT|test-results/api-integration-📊-Dashboa-0cd31--Get-Dashboard-Activity-API-Mobile-Chrome/video.webm]]
]]>
</system-out>
</testcase>
<testcase name="📊 Dashboard API Tests › Get User Dashboard Stats API" classname="api-integration.spec.ts" time="1.83">
<failure message="api-integration.spec.ts:442:7 Get User Dashboard Stats API" type="FAILURE">
<![CDATA[  [Mobile Chrome] › api-integration.spec.ts:442:7 › 📊 Dashboard API Tests › Get User Dashboard Stats API 

    SyntaxError: Unexpected end of JSON input

      43 |     data: { email, password }
      44 |   });
    > 45 |   const data = await response.json();
         |                ^
      46 |   return data.token;
      47 | }
      48 |
        at getAuthToken (/Users/asithalakmal/Documents/web/final project/WeddingLK-next copy/tests/e2e/api-integration.spec.ts:45:16)
        at /Users/asithalakmal/Documents/web/final project/WeddingLK-next copy/tests/e2e/api-integration.spec.ts:443:19

    attachment #1: screenshot (image/png) ──────────────────────────────────────────────────────────
    ../../test-results/api-integration-📊-Dashboa-f50b7-et-User-Dashboard-Stats-API-Mobile-Chrome/test-failed-1.png
    ────────────────────────────────────────────────────────────────────────────────────────────────

    attachment #2: video (video/webm) ──────────────────────────────────────────────────────────────
    ../../test-results/api-integration-📊-Dashboa-f50b7-et-User-Dashboard-Stats-API-Mobile-Chrome/video.webm
    ────────────────────────────────────────────────────────────────────────────────────────────────
]]>
</failure>
<system-out>
<![CDATA[
[[ATTACHMENT|test-results/api-integration-📊-Dashboa-f50b7-et-User-Dashboard-Stats-API-Mobile-Chrome/test-failed-1.png]]

[[ATTACHMENT|test-results/api-integration-📊-Dashboa-f50b7-et-User-Dashboard-Stats-API-Mobile-Chrome/video.webm]]
]]>
</system-out>
</testcase>
<testcase name="📊 Dashboard API Tests › Get Vendor Dashboard Stats API" classname="api-integration.spec.ts" time="2.209">
<failure message="api-integration.spec.ts:453:7 Get Vendor Dashboard Stats API" type="FAILURE">
<![CDATA[  [Mobile Chrome] › api-integration.spec.ts:453:7 › 📊 Dashboard API Tests › Get Vendor Dashboard Stats API 

    SyntaxError: Unexpected end of JSON input

      43 |     data: { email, password }
      44 |   });
    > 45 |   const data = await response.json();
         |                ^
      46 |   return data.token;
      47 | }
      48 |
        at getAuthToken (/Users/asithalakmal/Documents/web/final project/WeddingLK-next copy/tests/e2e/api-integration.spec.ts:45:16)
        at /Users/asithalakmal/Documents/web/final project/WeddingLK-next copy/tests/e2e/api-integration.spec.ts:454:19

    attachment #1: screenshot (image/png) ──────────────────────────────────────────────────────────
    ../../test-results/api-integration-📊-Dashboa-87572--Vendor-Dashboard-Stats-API-Mobile-Chrome/test-failed-1.png
    ────────────────────────────────────────────────────────────────────────────────────────────────

    attachment #2: video (video/webm) ──────────────────────────────────────────────────────────────
    ../../test-results/api-integration-📊-Dashboa-87572--Vendor-Dashboard-Stats-API-Mobile-Chrome/video.webm
    ────────────────────────────────────────────────────────────────────────────────────────────────
]]>
</failure>
<system-out>
<![CDATA[
[[ATTACHMENT|test-results/api-integration-📊-Dashboa-87572--Vendor-Dashboard-Stats-API-Mobile-Chrome/test-failed-1.png]]

[[ATTACHMENT|test-results/api-integration-📊-Dashboa-87572--Vendor-Dashboard-Stats-API-Mobile-Chrome/video.webm]]
]]>
</system-out>
</testcase>
<testcase name="📊 Dashboard API Tests › Get Admin Dashboard Stats API" classname="api-integration.spec.ts" time="3.124">
<failure message="api-integration.spec.ts:464:7 Get Admin Dashboard Stats API" type="FAILURE">
<![CDATA[  [Mobile Chrome] › api-integration.spec.ts:464:7 › 📊 Dashboard API Tests › Get Admin Dashboard Stats API 

    SyntaxError: Unexpected end of JSON input

      43 |     data: { email, password }
      44 |   });
    > 45 |   const data = await response.json();
         |                ^
      46 |   return data.token;
      47 | }
      48 |
        at getAuthToken (/Users/asithalakmal/Documents/web/final project/WeddingLK-next copy/tests/e2e/api-integration.spec.ts:45:16)
        at /Users/asithalakmal/Documents/web/final project/WeddingLK-next copy/tests/e2e/api-integration.spec.ts:465:19

    attachment #1: screenshot (image/png) ──────────────────────────────────────────────────────────
    ../../test-results/api-integration-📊-Dashboa-9ac1f-t-Admin-Dashboard-Stats-API-Mobile-Chrome/test-failed-1.png
    ────────────────────────────────────────────────────────────────────────────────────────────────

    attachment #2: video (video/webm) ──────────────────────────────────────────────────────────────
    ../../test-results/api-integration-📊-Dashboa-9ac1f-t-Admin-Dashboard-Stats-API-Mobile-Chrome/video.webm
    ────────────────────────────────────────────────────────────────────────────────────────────────
]]>
</failure>
<system-out>
<![CDATA[
[[ATTACHMENT|test-results/api-integration-📊-Dashboa-9ac1f-t-Admin-Dashboard-Stats-API-Mobile-Chrome/test-failed-1.png]]

[[ATTACHMENT|test-results/api-integration-📊-Dashboa-9ac1f-t-Admin-Dashboard-Stats-API-Mobile-Chrome/video.webm]]
]]>
</system-out>
</testcase>
<testcase name="👥 Wedding Planner API Tests › Get Planner Clients API" classname="api-integration.spec.ts" time="3.516">
<failure message="api-integration.spec.ts:477:7 Get Planner Clients API" type="FAILURE">
<![CDATA[  [Mobile Chrome] › api-integration.spec.ts:477:7 › 👥 Wedding Planner API Tests › Get Planner Clients API 

    SyntaxError: Unexpected end of JSON input

      43 |     data: { email, password }
      44 |   });
    > 45 |   const data = await response.json();
         |                ^
      46 |   return data.token;
      47 | }
      48 |
        at getAuthToken (/Users/asithalakmal/Documents/web/final project/WeddingLK-next copy/tests/e2e/api-integration.spec.ts:45:16)
        at /Users/asithalakmal/Documents/web/final project/WeddingLK-next copy/tests/e2e/api-integration.spec.ts:478:19

    attachment #1: screenshot (image/png) ──────────────────────────────────────────────────────────
    ../../test-results/api-integration-👥-Wedding-2c0a3-sts-Get-Planner-Clients-API-Mobile-Chrome/test-failed-1.png
    ────────────────────────────────────────────────────────────────────────────────────────────────

    attachment #2: video (video/webm) ──────────────────────────────────────────────────────────────
    ../../test-results/api-integration-👥-Wedding-2c0a3-sts-Get-Planner-Clients-API-Mobile-Chrome/video.webm
    ────────────────────────────────────────────────────────────────────────────────────────────────
]]>
</failure>
<system-out>
<![CDATA[
[[ATTACHMENT|test-results/api-integration-👥-Wedding-2c0a3-sts-Get-Planner-Clients-API-Mobile-Chrome/test-failed-1.png]]

[[ATTACHMENT|test-results/api-integration-👥-Wedding-2c0a3-sts-Get-Planner-Clients-API-Mobile-Chrome/video.webm]]
]]>
</system-out>
</testcase>
<testcase name="👥 Wedding Planner API Tests › Create Planner Client API" classname="api-integration.spec.ts" time="3.535">
<failure message="api-integration.spec.ts:488:7 Create Planner Client API" type="FAILURE">
<![CDATA[  [Mobile Chrome] › api-integration.spec.ts:488:7 › 👥 Wedding Planner API Tests › Create Planner Client API 

    SyntaxError: Unexpected end of JSON input

      43 |     data: { email, password }
      44 |   });
    > 45 |   const data = await response.json();
         |                ^
      46 |   return data.token;
      47 | }
      48 |
        at getAuthToken (/Users/asithalakmal/Documents/web/final project/WeddingLK-next copy/tests/e2e/api-integration.spec.ts:45:16)
        at /Users/asithalakmal/Documents/web/final project/WeddingLK-next copy/tests/e2e/api-integration.spec.ts:489:19

    attachment #1: screenshot (image/png) ──────────────────────────────────────────────────────────
    ../../test-results/api-integration-👥-Wedding-61866-s-Create-Planner-Client-API-Mobile-Chrome/test-failed-1.png
    ────────────────────────────────────────────────────────────────────────────────────────────────

    attachment #2: video (video/webm) ──────────────────────────────────────────────────────────────
    ../../test-results/api-integration-👥-Wedding-61866-s-Create-Planner-Client-API-Mobile-Chrome/video.webm
    ────────────────────────────────────────────────────────────────────────────────────────────────
]]>
</failure>
<system-out>
<![CDATA[
[[ATTACHMENT|test-results/api-integration-👥-Wedding-61866-s-Create-Planner-Client-API-Mobile-Chrome/test-failed-1.png]]

[[ATTACHMENT|test-results/api-integration-👥-Wedding-61866-s-Create-Planner-Client-API-Mobile-Chrome/video.webm]]
]]>
</system-out>
</testcase>
<testcase name="👥 Wedding Planner API Tests › Get Planner Tasks API" classname="api-integration.spec.ts" time="3.566">
<failure message="api-integration.spec.ts:504:7 Get Planner Tasks API" type="FAILURE">
<![CDATA[  [Mobile Chrome] › api-integration.spec.ts:504:7 › 👥 Wedding Planner API Tests › Get Planner Tasks API 

    SyntaxError: Unexpected end of JSON input

      43 |     data: { email, password }
      44 |   });
    > 45 |   const data = await response.json();
         |                ^
      46 |   return data.token;
      47 | }
      48 |
        at getAuthToken (/Users/asithalakmal/Documents/web/final project/WeddingLK-next copy/tests/e2e/api-integration.spec.ts:45:16)
        at /Users/asithalakmal/Documents/web/final project/WeddingLK-next copy/tests/e2e/api-integration.spec.ts:505:19

    attachment #1: screenshot (image/png) ──────────────────────────────────────────────────────────
    ../../test-results/api-integration-👥-Wedding-8c90f-Tests-Get-Planner-Tasks-API-Mobile-Chrome/test-failed-1.png
    ────────────────────────────────────────────────────────────────────────────────────────────────

    attachment #2: video (video/webm) ──────────────────────────────────────────────────────────────
    ../../test-results/api-integration-👥-Wedding-8c90f-Tests-Get-Planner-Tasks-API-Mobile-Chrome/video.webm
    ────────────────────────────────────────────────────────────────────────────────────────────────
]]>
</failure>
<system-out>
<![CDATA[
[[ATTACHMENT|test-results/api-integration-👥-Wedding-8c90f-Tests-Get-Planner-Tasks-API-Mobile-Chrome/test-failed-1.png]]

[[ATTACHMENT|test-results/api-integration-👥-Wedding-8c90f-Tests-Get-Planner-Tasks-API-Mobile-Chrome/video.webm]]
]]>
</system-out>
</testcase>
<testcase name="👥 Wedding Planner API Tests › Create Planner Task API" classname="api-integration.spec.ts" time="1.63">
<failure message="api-integration.spec.ts:515:7 Create Planner Task API" type="FAILURE">
<![CDATA[  [Mobile Chrome] › api-integration.spec.ts:515:7 › 👥 Wedding Planner API Tests › Create Planner Task API 

    SyntaxError: Unexpected end of JSON input

      43 |     data: { email, password }
      44 |   });
    > 45 |   const data = await response.json();
         |                ^
      46 |   return data.token;
      47 | }
      48 |
        at getAuthToken (/Users/asithalakmal/Documents/web/final project/WeddingLK-next copy/tests/e2e/api-integration.spec.ts:45:16)
        at /Users/asithalakmal/Documents/web/final project/WeddingLK-next copy/tests/e2e/api-integration.spec.ts:516:19

    attachment #1: screenshot (image/png) ──────────────────────────────────────────────────────────
    ../../test-results/api-integration-👥-Wedding-2690c-sts-Create-Planner-Task-API-Mobile-Chrome/test-failed-1.png
    ────────────────────────────────────────────────────────────────────────────────────────────────

    attachment #2: video (video/webm) ──────────────────────────────────────────────────────────────
    ../../test-results/api-integration-👥-Wedding-2690c-sts-Create-Planner-Task-API-Mobile-Chrome/video.webm
    ────────────────────────────────────────────────────────────────────────────────────────────────
]]>
</failure>
<system-out>
<![CDATA[
[[ATTACHMENT|test-results/api-integration-👥-Wedding-2690c-sts-Create-Planner-Task-API-Mobile-Chrome/test-failed-1.png]]

[[ATTACHMENT|test-results/api-integration-👥-Wedding-2690c-sts-Create-Planner-Task-API-Mobile-Chrome/video.webm]]
]]>
</system-out>
</testcase>
<testcase name="👑 Admin Management API Tests › Get All Users API" classname="api-integration.spec.ts" time="2.733">
<failure message="api-integration.spec.ts:534:7 Get All Users API" type="FAILURE">
<![CDATA[  [Mobile Chrome] › api-integration.spec.ts:534:7 › 👑 Admin Management API Tests › Get All Users API 

    SyntaxError: Unexpected end of JSON input

      43 |     data: { email, password }
      44 |   });
    > 45 |   const data = await response.json();
         |                ^
      46 |   return data.token;
      47 | }
      48 |
        at getAuthToken (/Users/asithalakmal/Documents/web/final project/WeddingLK-next copy/tests/e2e/api-integration.spec.ts:45:16)
        at /Users/asithalakmal/Documents/web/final project/WeddingLK-next copy/tests/e2e/api-integration.spec.ts:535:19

    attachment #1: screenshot (image/png) ──────────────────────────────────────────────────────────
    ../../test-results/api-integration-👑-Admin-M-2be62-API-Tests-Get-All-Users-API-Mobile-Chrome/test-failed-1.png
    ────────────────────────────────────────────────────────────────────────────────────────────────

    attachment #2: video (video/webm) ──────────────────────────────────────────────────────────────
    ../../test-results/api-integration-👑-Admin-M-2be62-API-Tests-Get-All-Users-API-Mobile-Chrome/video.webm
    ────────────────────────────────────────────────────────────────────────────────────────────────
]]>
</failure>
<system-out>
<![CDATA[
[[ATTACHMENT|test-results/api-integration-👑-Admin-M-2be62-API-Tests-Get-All-Users-API-Mobile-Chrome/test-failed-1.png]]

[[ATTACHMENT|test-results/api-integration-👑-Admin-M-2be62-API-Tests-Get-All-Users-API-Mobile-Chrome/video.webm]]
]]>
</system-out>
</testcase>
<testcase name="👑 Admin Management API Tests › Get All Vendors API" classname="api-integration.spec.ts" time="2.669">
<failure message="api-integration.spec.ts:545:7 Get All Vendors API" type="FAILURE">
<![CDATA[  [Mobile Chrome] › api-integration.spec.ts:545:7 › 👑 Admin Management API Tests › Get All Vendors API 

    SyntaxError: Unexpected end of JSON input

      43 |     data: { email, password }
      44 |   });
    > 45 |   const data = await response.json();
         |                ^
      46 |   return data.token;
      47 | }
      48 |
        at getAuthToken (/Users/asithalakmal/Documents/web/final project/WeddingLK-next copy/tests/e2e/api-integration.spec.ts:45:16)
        at /Users/asithalakmal/Documents/web/final project/WeddingLK-next copy/tests/e2e/api-integration.spec.ts:546:19

    attachment #1: screenshot (image/png) ──────────────────────────────────────────────────────────
    ../../test-results/api-integration-👑-Admin-M-588b2-I-Tests-Get-All-Vendors-API-Mobile-Chrome/test-failed-1.png
    ────────────────────────────────────────────────────────────────────────────────────────────────

    attachment #2: video (video/webm) ──────────────────────────────────────────────────────────────
    ../../test-results/api-integration-👑-Admin-M-588b2-I-Tests-Get-All-Vendors-API-Mobile-Chrome/video.webm
    ────────────────────────────────────────────────────────────────────────────────────────────────
]]>
</failure>
<system-out>
<![CDATA[
[[ATTACHMENT|test-results/api-integration-👑-Admin-M-588b2-I-Tests-Get-All-Vendors-API-Mobile-Chrome/test-failed-1.png]]

[[ATTACHMENT|test-results/api-integration-👑-Admin-M-588b2-I-Tests-Get-All-Vendors-API-Mobile-Chrome/video.webm]]
]]>
</system-out>
</testcase>
<testcase name="👑 Admin Management API Tests › Update User Role API" classname="api-integration.spec.ts" time="2.972">
<failure message="api-integration.spec.ts:556:7 Update User Role API" type="FAILURE">
<![CDATA[  [Mobile Chrome] › api-integration.spec.ts:556:7 › 👑 Admin Management API Tests › Update User Role API 

    SyntaxError: Unexpected end of JSON input

      43 |     data: { email, password }
      44 |   });
    > 45 |   const data = await response.json();
         |                ^
      46 |   return data.token;
      47 | }
      48 |
        at getAuthToken (/Users/asithalakmal/Documents/web/final project/WeddingLK-next copy/tests/e2e/api-integration.spec.ts:45:16)
        at /Users/asithalakmal/Documents/web/final project/WeddingLK-next copy/tests/e2e/api-integration.spec.ts:557:19

    attachment #1: screenshot (image/png) ──────────────────────────────────────────────────────────
    ../../test-results/api-integration-👑-Admin-M-426c4--Tests-Update-User-Role-API-Mobile-Chrome/test-failed-1.png
    ────────────────────────────────────────────────────────────────────────────────────────────────

    attachment #2: video (video/webm) ──────────────────────────────────────────────────────────────
    ../../test-results/api-integration-👑-Admin-M-426c4--Tests-Update-User-Role-API-Mobile-Chrome/video.webm
    ────────────────────────────────────────────────────────────────────────────────────────────────
]]>
</failure>
<system-out>
<![CDATA[
[[ATTACHMENT|test-results/api-integration-👑-Admin-M-426c4--Tests-Update-User-Role-API-Mobile-Chrome/test-failed-1.png]]

[[ATTACHMENT|test-results/api-integration-👑-Admin-M-426c4--Tests-Update-User-Role-API-Mobile-Chrome/video.webm]]
]]>
</system-out>
</testcase>
<testcase name="👑 Admin Management API Tests › Get Admin Reports API" classname="api-integration.spec.ts" time="2.41">
<failure message="api-integration.spec.ts:569:7 Get Admin Reports API" type="FAILURE">
<![CDATA[  [Mobile Chrome] › api-integration.spec.ts:569:7 › 👑 Admin Management API Tests › Get Admin Reports API 

    SyntaxError: Unexpected end of JSON input

      43 |     data: { email, password }
      44 |   });
    > 45 |   const data = await response.json();
         |                ^
      46 |   return data.token;
      47 | }
      48 |
        at getAuthToken (/Users/asithalakmal/Documents/web/final project/WeddingLK-next copy/tests/e2e/api-integration.spec.ts:45:16)
        at /Users/asithalakmal/Documents/web/final project/WeddingLK-next copy/tests/e2e/api-integration.spec.ts:570:19

    attachment #1: screenshot (image/png) ──────────────────────────────────────────────────────────
    ../../test-results/api-integration-👑-Admin-M-bc282-Tests-Get-Admin-Reports-API-Mobile-Chrome/test-failed-1.png
    ────────────────────────────────────────────────────────────────────────────────────────────────

    attachment #2: video (video/webm) ──────────────────────────────────────────────────────────────
    ../../test-results/api-integration-👑-Admin-M-bc282-Tests-Get-Admin-Reports-API-Mobile-Chrome/video.webm
    ────────────────────────────────────────────────────────────────────────────────────────────────
]]>
</failure>
<system-out>
<![CDATA[
[[ATTACHMENT|test-results/api-integration-👑-Admin-M-bc282-Tests-Get-Admin-Reports-API-Mobile-Chrome/test-failed-1.png]]

[[ATTACHMENT|test-results/api-integration-👑-Admin-M-bc282-Tests-Get-Admin-Reports-API-Mobile-Chrome/video.webm]]
]]>
</system-out>
</testcase>
<testcase name="🔍 Search and Filter API Tests › Search Venues API" classname="api-integration.spec.ts" time="3.302">
</testcase>
<testcase name="🔍 Search and Filter API Tests › Search Vendors API" classname="api-integration.spec.ts" time="3.886">
</testcase>
<testcase name="🔍 Search and Filter API Tests › Filter Venues by Price API" classname="api-integration.spec.ts" time="1.822">
</testcase>
<testcase name="📱 Mobile API Tests › Mobile App Data API" classname="api-integration.spec.ts" time="1.24">
<failure message="api-integration.spec.ts:611:7 Mobile App Data API" type="FAILURE">
<![CDATA[  [Mobile Chrome] › api-integration.spec.ts:611:7 › 📱 Mobile API Tests › Mobile App Data API ──────

    SyntaxError: Unexpected end of JSON input

      43 |     data: { email, password }
      44 |   });
    > 45 |   const data = await response.json();
         |                ^
      46 |   return data.token;
      47 | }
      48 |
        at getAuthToken (/Users/asithalakmal/Documents/web/final project/WeddingLK-next copy/tests/e2e/api-integration.spec.ts:45:16)
        at /Users/asithalakmal/Documents/web/final project/WeddingLK-next copy/tests/e2e/api-integration.spec.ts:612:19

    attachment #1: screenshot (image/png) ──────────────────────────────────────────────────────────
    ../../test-results/api-integration-📱-Mobile-API-Tests-Mobile-App-Data-API-Mobile-Chrome/test-failed-1.png
    ────────────────────────────────────────────────────────────────────────────────────────────────

    attachment #2: video (video/webm) ──────────────────────────────────────────────────────────────
    ../../test-results/api-integration-📱-Mobile-API-Tests-Mobile-App-Data-API-Mobile-Chrome/video.webm
    ────────────────────────────────────────────────────────────────────────────────────────────────
]]>
</failure>
<system-out>
<![CDATA[
[[ATTACHMENT|test-results/api-integration-📱-Mobile-API-Tests-Mobile-App-Data-API-Mobile-Chrome/test-failed-1.png]]

[[ATTACHMENT|test-results/api-integration-📱-Mobile-API-Tests-Mobile-App-Data-API-Mobile-Chrome/video.webm]]
]]>
</system-out>
</testcase>
<testcase name="📱 Mobile API Tests › Mobile Venues API" classname="api-integration.spec.ts" time="0.924">
<failure message="api-integration.spec.ts:625:7 Mobile Venues API" type="FAILURE">
<![CDATA[  [Mobile Chrome] › api-integration.spec.ts:625:7 › 📱 Mobile API Tests › Mobile Venues API ────────

    SyntaxError: Unexpected end of JSON input

      43 |     data: { email, password }
      44 |   });
    > 45 |   const data = await response.json();
         |                ^
      46 |   return data.token;
      47 | }
      48 |
        at getAuthToken (/Users/asithalakmal/Documents/web/final project/WeddingLK-next copy/tests/e2e/api-integration.spec.ts:45:16)
        at /Users/asithalakmal/Documents/web/final project/WeddingLK-next copy/tests/e2e/api-integration.spec.ts:626:19

    attachment #1: screenshot (image/png) ──────────────────────────────────────────────────────────
    ../../test-results/api-integration-📱-Mobile-API-Tests-Mobile-Venues-API-Mobile-Chrome/test-failed-1.png
    ────────────────────────────────────────────────────────────────────────────────────────────────

    attachment #2: video (video/webm) ──────────────────────────────────────────────────────────────
    ../../test-results/api-integration-📱-Mobile-API-Tests-Mobile-Venues-API-Mobile-Chrome/video.webm
    ────────────────────────────────────────────────────────────────────────────────────────────────
]]>
</failure>
<system-out>
<![CDATA[
[[ATTACHMENT|test-results/api-integration-📱-Mobile-API-Tests-Mobile-Venues-API-Mobile-Chrome/test-failed-1.png]]

[[ATTACHMENT|test-results/api-integration-📱-Mobile-API-Tests-Mobile-Venues-API-Mobile-Chrome/video.webm]]
]]>
</system-out>
</testcase>
<testcase name="🔔 Notification API Tests › Get Notifications API" classname="api-integration.spec.ts" time="2.3">
<failure message="api-integration.spec.ts:641:7 Get Notifications API" type="FAILURE">
<![CDATA[  [Mobile Chrome] › api-integration.spec.ts:641:7 › 🔔 Notification API Tests › Get Notifications API 

    SyntaxError: Unexpected end of JSON input

      43 |     data: { email, password }
      44 |   });
    > 45 |   const data = await response.json();
         |                ^
      46 |   return data.token;
      47 | }
      48 |
        at getAuthToken (/Users/asithalakmal/Documents/web/final project/WeddingLK-next copy/tests/e2e/api-integration.spec.ts:45:16)
        at /Users/asithalakmal/Documents/web/final project/WeddingLK-next copy/tests/e2e/api-integration.spec.ts:642:19

    attachment #1: screenshot (image/png) ──────────────────────────────────────────────────────────
    ../../test-results/api-integration-🔔-Notific-9b174-Tests-Get-Notifications-API-Mobile-Chrome/test-failed-1.png
    ────────────────────────────────────────────────────────────────────────────────────────────────

    attachment #2: video (video/webm) ──────────────────────────────────────────────────────────────
    ../../test-results/api-integration-🔔-Notific-9b174-Tests-Get-Notifications-API-Mobile-Chrome/video.webm
    ────────────────────────────────────────────────────────────────────────────────────────────────
]]>
</failure>
<system-out>
<![CDATA[
[[ATTACHMENT|test-results/api-integration-🔔-Notific-9b174-Tests-Get-Notifications-API-Mobile-Chrome/test-failed-1.png]]

[[ATTACHMENT|test-results/api-integration-🔔-Notific-9b174-Tests-Get-Notifications-API-Mobile-Chrome/video.webm]]
]]>
</system-out>
</testcase>
<testcase name="🔔 Notification API Tests › Mark Notification as Read API" classname="api-integration.spec.ts" time="4.193">
<failure message="api-integration.spec.ts:652:7 Mark Notification as Read API" type="FAILURE">
<![CDATA[  [Mobile Chrome] › api-integration.spec.ts:652:7 › 🔔 Notification API Tests › Mark Notification as Read API 

    SyntaxError: Unexpected end of JSON input

      43 |     data: { email, password }
      44 |   });
    > 45 |   const data = await response.json();
         |                ^
      46 |   return data.token;
      47 | }
      48 |
        at getAuthToken (/Users/asithalakmal/Documents/web/final project/WeddingLK-next copy/tests/e2e/api-integration.spec.ts:45:16)
        at /Users/asithalakmal/Documents/web/final project/WeddingLK-next copy/tests/e2e/api-integration.spec.ts:653:19

    attachment #1: screenshot (image/png) ──────────────────────────────────────────────────────────
    ../../test-results/api-integration-🔔-Notific-6938f-rk-Notification-as-Read-API-Mobile-Chrome/test-failed-1.png
    ────────────────────────────────────────────────────────────────────────────────────────────────

    attachment #2: video (video/webm) ──────────────────────────────────────────────────────────────
    ../../test-results/api-integration-🔔-Notific-6938f-rk-Notification-as-Read-API-Mobile-Chrome/video.webm
    ────────────────────────────────────────────────────────────────────────────────────────────────
]]>
</failure>
<system-out>
<![CDATA[
[[ATTACHMENT|test-results/api-integration-🔔-Notific-6938f-rk-Notification-as-Read-API-Mobile-Chrome/test-failed-1.png]]

[[ATTACHMENT|test-results/api-integration-🔔-Notific-6938f-rk-Notification-as-Read-API-Mobile-Chrome/video.webm]]
]]>
</system-out>
</testcase>
<testcase name="🛡️ Security and Error Handling API Tests › Unauthorized API Access" classname="api-integration.spec.ts" time="3.868">
<failure message="api-integration.spec.ts:665:7 Unauthorized API Access" type="FAILURE">
<![CDATA[  [Mobile Chrome] › api-integration.spec.ts:665:7 › 🛡️ Security and Error Handling API Tests › Unauthorized API Access 

    Error: expect(received).toContain(expected) // indexOf

    Expected substring: "Unauthorized"
    Received string:    "Authentication required"

      668 |     
      669 |     const data = await response.json();
    > 670 |     expect(data.error).toContain('Unauthorized');
          |                        ^
      671 |   });
      672 |
      673 |   test('Invalid Token API Access', async ({ page }) => {
        at /Users/asithalakmal/Documents/web/final project/WeddingLK-next copy/tests/e2e/api-integration.spec.ts:670:24

    attachment #1: screenshot (image/png) ──────────────────────────────────────────────────────────
    ../../test-results/api-integration-🛡️-Securi-b5273-sts-Unauthorized-API-Access-Mobile-Chrome/test-failed-1.png
    ────────────────────────────────────────────────────────────────────────────────────────────────

    attachment #2: video (video/webm) ──────────────────────────────────────────────────────────────
    ../../test-results/api-integration-🛡️-Securi-b5273-sts-Unauthorized-API-Access-Mobile-Chrome/video.webm
    ────────────────────────────────────────────────────────────────────────────────────────────────
]]>
</failure>
<system-out>
<![CDATA[
[[ATTACHMENT|test-results/api-integration-🛡️-Securi-b5273-sts-Unauthorized-API-Access-Mobile-Chrome/test-failed-1.png]]

[[ATTACHMENT|test-results/api-integration-🛡️-Securi-b5273-sts-Unauthorized-API-Access-Mobile-Chrome/video.webm]]
]]>
</system-out>
</testcase>
<testcase name="🛡️ Security and Error Handling API Tests › Invalid Token API Access" classname="api-integration.spec.ts" time="8.719">
</testcase>
<testcase name="🛡️ Security and Error Handling API Tests › Rate Limiting API" classname="api-integration.spec.ts" time="3.664">
<failure message="api-integration.spec.ts:680:7 Rate Limiting API" type="FAILURE">
<![CDATA[  [Mobile Chrome] › api-integration.spec.ts:680:7 › 🛡️ Security and Error Handling API Tests › Rate Limiting API 

    Error: expect(received).toBeGreaterThan(expected)

    Expected: > 0
    Received:   0

      688 |     
      689 |     // At least one request should be rate limited
    > 690 |     expect(rateLimitedResponses.length).toBeGreaterThan(0);
          |                                         ^
      691 |   });
      692 |
      693 |   test('Input Validation API', async ({ page }) => {
        at /Users/asithalakmal/Documents/web/final project/WeddingLK-next copy/tests/e2e/api-integration.spec.ts:690:41

    attachment #1: screenshot (image/png) ──────────────────────────────────────────────────────────
    ../../test-results/api-integration-🛡️-Securi-733b3-API-Tests-Rate-Limiting-API-Mobile-Chrome/test-failed-1.png
    ────────────────────────────────────────────────────────────────────────────────────────────────

    attachment #2: video (video/webm) ──────────────────────────────────────────────────────────────
    ../../test-results/api-integration-🛡️-Securi-733b3-API-Tests-Rate-Limiting-API-Mobile-Chrome/video.webm
    ────────────────────────────────────────────────────────────────────────────────────────────────
]]>
</failure>
<system-out>
<![CDATA[
[[ATTACHMENT|test-results/api-integration-🛡️-Securi-733b3-API-Tests-Rate-Limiting-API-Mobile-Chrome/test-failed-1.png]]

[[ATTACHMENT|test-results/api-integration-🛡️-Securi-733b3-API-Tests-Rate-Limiting-API-Mobile-Chrome/video.webm]]
]]>
</system-out>
</testcase>
<testcase name="🛡️ Security and Error Handling API Tests › Input Validation API" classname="api-integration.spec.ts" time="5.394">
<failure message="api-integration.spec.ts:693:7 Input Validation API" type="FAILURE">
<![CDATA[  [Mobile Chrome] › api-integration.spec.ts:693:7 › 🛡️ Security and Error Handling API Tests › Input Validation API 

    Error: expect(received).toBeDefined()

    Received: undefined

      702 |     expect(response.status()).toBe(400);
      703 |     const data = await response.json();
    > 704 |     expect(data.errors).toBeDefined();
          |                         ^
      705 |   });
      706 | });
      707 |
        at /Users/asithalakmal/Documents/web/final project/WeddingLK-next copy/tests/e2e/api-integration.spec.ts:704:25

    attachment #1: screenshot (image/png) ──────────────────────────────────────────────────────────
    ../../test-results/api-integration-🛡️-Securi-8d139--Tests-Input-Validation-API-Mobile-Chrome/test-failed-1.png
    ────────────────────────────────────────────────────────────────────────────────────────────────

    attachment #2: video (video/webm) ──────────────────────────────────────────────────────────────
    ../../test-results/api-integration-🛡️-Securi-8d139--Tests-Input-Validation-API-Mobile-Chrome/video.webm
    ────────────────────────────────────────────────────────────────────────────────────────────────
]]>
</failure>
<system-out>
<![CDATA[
[[ATTACHMENT|test-results/api-integration-🛡️-Securi-8d139--Tests-Input-Validation-API-Mobile-Chrome/test-failed-1.png]]

[[ATTACHMENT|test-results/api-integration-🛡️-Securi-8d139--Tests-Input-Validation-API-Mobile-Chrome/video.webm]]
]]>
</system-out>
</testcase>
<testcase name="📊 Analytics and Monitoring API Tests › Performance Monitoring API" classname="api-integration.spec.ts" time="3.02">
<failure message="api-integration.spec.ts:709:7 Performance Monitoring API" type="FAILURE">
<![CDATA[  [Mobile Chrome] › api-integration.spec.ts:709:7 › 📊 Analytics and Monitoring API Tests › Performance Monitoring API 

    Error: expect(received).toBeDefined()

    Received: undefined

      713 |     const data = await response.json();
      714 |     expect(data.success).toBe(true);
    > 715 |     expect(data.metrics).toBeDefined();
          |                          ^
      716 |   });
      717 |
      718 |   test('Health Check API', async ({ page }) => {
        at /Users/asithalakmal/Documents/web/final project/WeddingLK-next copy/tests/e2e/api-integration.spec.ts:715:26

    attachment #1: screenshot (image/png) ──────────────────────────────────────────────────────────
    ../../test-results/api-integration-📊-Analyti-8d4fe--Performance-Monitoring-API-Mobile-Chrome/test-failed-1.png
    ────────────────────────────────────────────────────────────────────────────────────────────────

    attachment #2: video (video/webm) ──────────────────────────────────────────────────────────────
    ../../test-results/api-integration-📊-Analyti-8d4fe--Performance-Monitoring-API-Mobile-Chrome/video.webm
    ────────────────────────────────────────────────────────────────────────────────────────────────
]]>
</failure>
<system-out>
<![CDATA[
[[ATTACHMENT|test-results/api-integration-📊-Analyti-8d4fe--Performance-Monitoring-API-Mobile-Chrome/test-failed-1.png]]

[[ATTACHMENT|test-results/api-integration-📊-Analyti-8d4fe--Performance-Monitoring-API-Mobile-Chrome/video.webm]]
]]>
</system-out>
</testcase>
<testcase name="📊 Analytics and Monitoring API Tests › Health Check API" classname="api-integration.spec.ts" time="87.482">
<failure message="api-integration.spec.ts:718:7 Health Check API" type="FAILURE">
<![CDATA[  [Mobile Chrome] › api-integration.spec.ts:718:7 › 📊 Analytics and Monitoring API Tests › Health Check API 

    TimeoutError: apiRequestContext.get: Timeout 60000ms exceeded.
    Call log:
      - → GET https://wedding-lk.vercel.app/api/health
        - user-agent: Mozilla/5.0 (Linux; Android 11; Pixel 5) AppleWebKit/537.36 (KHTML, like Gecko) Chrome/141.0.7390.37 Mobile Safari/537.36
        - accept: */*
        - accept-encoding: gzip,deflate,br


      717 |
      718 |   test('Health Check API', async ({ page }) => {
    > 719 |     const response = await page.request.get('/api/health');
          |                                         ^
      720 |     expect(response.status()).toBe(200);
      721 |     
      722 |     const data = await response.json();
        at /Users/asithalakmal/Documents/web/final project/WeddingLK-next copy/tests/e2e/api-integration.spec.ts:719:41

    attachment #1: screenshot (image/png) ──────────────────────────────────────────────────────────
    ../../test-results/api-integration-📊-Analyti-e1193--API-Tests-Health-Check-API-Mobile-Chrome/test-failed-1.png
    ────────────────────────────────────────────────────────────────────────────────────────────────

    attachment #2: video (video/webm) ──────────────────────────────────────────────────────────────
    ../../test-results/api-integration-📊-Analyti-e1193--API-Tests-Health-Check-API-Mobile-Chrome/video.webm
    ────────────────────────────────────────────────────────────────────────────────────────────────
]]>
</failure>
<system-out>
<![CDATA[
[[ATTACHMENT|test-results/api-integration-📊-Analyti-e1193--API-Tests-Health-Check-API-Mobile-Chrome/test-failed-1.png]]

[[ATTACHMENT|test-results/api-integration-📊-Analyti-e1193--API-Tests-Health-Check-API-Mobile-Chrome/video.webm]]
]]>
</system-out>
</testcase>
<testcase name="📊 Analytics and Monitoring API Tests › Error Tracking API" classname="api-integration.spec.ts" time="4.486">
<failure message="api-integration.spec.ts:727:7 Error Tracking API" type="FAILURE">
<![CDATA[  [Mobile Chrome] › api-integration.spec.ts:727:7 › 📊 Analytics and Monitoring API Tests › Error Tracking API 

    Error: expect(received).toBe(expected) // Object.is equality

    Expected: 200
    Received: 401

      727 |   test('Error Tracking API', async ({ page }) => {
      728 |     const response = await page.request.get('/api/errors');
    > 729 |     expect(response.status()).toBe(200);
          |                               ^
      730 |     
      731 |     const data = await response.json();
      732 |     expect(data.success).toBe(true);
        at /Users/asithalakmal/Documents/web/final project/WeddingLK-next copy/tests/e2e/api-integration.spec.ts:729:31

    attachment #1: screenshot (image/png) ──────────────────────────────────────────────────────────
    ../../test-results/api-integration-📊-Analyti-cbfaa-PI-Tests-Error-Tracking-API-Mobile-Chrome/test-failed-1.png
    ────────────────────────────────────────────────────────────────────────────────────────────────

    attachment #2: video (video/webm) ──────────────────────────────────────────────────────────────
    ../../test-results/api-integration-📊-Analyti-cbfaa-PI-Tests-Error-Tracking-API-Mobile-Chrome/video.webm
    ────────────────────────────────────────────────────────────────────────────────────────────────
]]>
</failure>
<system-out>
<![CDATA[
[[ATTACHMENT|test-results/api-integration-📊-Analyti-cbfaa-PI-Tests-Error-Tracking-API-Mobile-Chrome/test-failed-1.png]]

[[ATTACHMENT|test-results/api-integration-📊-Analyti-cbfaa-PI-Tests-Error-Tracking-API-Mobile-Chrome/video.webm]]
]]>
</system-out>
</testcase>
</testsuite>
<testsuite name="auth.spec.ts" timestamp="2025-10-24T06:04:58.917Z" hostname="Mobile Chrome" tests="8" failures="0" skipped="7" time="6.876" errors="0">
<testcase name="Authentication Flows › User registration -&gt; email verification -&gt; login -&gt; logout - DISABLED (Registration flow needs fixing)" classname="auth.spec.ts" time="0">
<properties>
<property name="skip" value="">
</property>
</properties>
<skipped>
</skipped>
</testcase>
<testcase name="Authentication Flows › Login with invalid credentials should show error" classname="auth.spec.ts" time="6.876">
<system-out>
<![CDATA[Test users might already exist
]]>
</system-out>
</testcase>
<testcase name="Authentication Flows › Forgot password flow - DISABLED (Feature removed)" classname="auth.spec.ts" time="0">
<properties>
<property name="skip" value="">
</property>
</properties>
<skipped>
</skipped>
</testcase>
<testcase name="Authentication Flows › Social login with Google - DISABLED (Social login removed)" classname="auth.spec.ts" time="0">
<properties>
<property name="skip" value="">
</property>
</properties>
<skipped>
</skipped>
</testcase>
<testcase name="Authentication Flows › Two-factor authentication setup - DISABLED (Feature removed)" classname="auth.spec.ts" time="0">
<properties>
<property name="skip" value="">
</property>
</properties>
<skipped>
</skipped>
</testcase>
<testcase name="Authentication Flows › Login with test user credentials - DISABLED (Database connection issue)" classname="auth.spec.ts" time="0">
<properties>
<property name="skip" value="">
</property>
</properties>
<skipped>
</skipped>
</testcase>
<testcase name="Authentication Flows › Login with test vendor credentials - DISABLED (Database connection issue)" classname="auth.spec.ts" time="0">
<properties>
<property name="skip" value="">
</property>
</properties>
<skipped>
</skipped>
</testcase>
<testcase name="Authentication Flows › Login with test admin credentials - DISABLED (Database connection issue)" classname="auth.spec.ts" time="0">
<properties>
<property name="skip" value="">
</property>
</properties>
<skipped>
</skipped>
</testcase>
</testsuite>
<testsuite name="booking.spec.ts" timestamp="2025-10-24T06:04:58.917Z" hostname="Mobile Chrome" tests="6" failures="6" skipped="0" time="302.575" errors="0">
<testcase name="Booking System › Complete booking flow with payment mock" classname="booking.spec.ts" time="69.893">
<failure message="booking.spec.ts:5:7 Complete booking flow with payment mock" type="FAILURE">
<![CDATA[  [Mobile Chrome] › booking.spec.ts:5:7 › Booking System › Complete booking flow with payment mock ─

    TimeoutError: page.fill: Timeout 60000ms exceeded.
    Call log:
      - waiting for locator('input[placeholder*="Search"], input[name="search"]')


      13 |
      14 |     // Search for vendors/venues
    > 15 |     await page.fill('input[placeholder*="Search"], input[name="search"]', 'photography');
         |                ^
      16 |     await page.click('button:has-text("Search"), button[type="submit"]');
      17 |
      18 |     // Select a vendor
        at /Users/asithalakmal/Documents/web/final project/WeddingLK-next copy/tests/e2e/booking.spec.ts:15:16

    attachment #1: screenshot (image/png) ──────────────────────────────────────────────────────────
    ../../test-results/booking-Booking-System-Com-f0892-king-flow-with-payment-mock-Mobile-Chrome/test-failed-1.png
    ────────────────────────────────────────────────────────────────────────────────────────────────

    attachment #2: video (video/webm) ──────────────────────────────────────────────────────────────
    ../../test-results/booking-Booking-System-Com-f0892-king-flow-with-payment-mock-Mobile-Chrome/video.webm
    ────────────────────────────────────────────────────────────────────────────────────────────────

    Error Context: ../../test-results/booking-Booking-System-Com-f0892-king-flow-with-payment-mock-Mobile-Chrome/error-context.md
]]>
</failure>
<system-out>
<![CDATA[
[[ATTACHMENT|test-results/booking-Booking-System-Com-f0892-king-flow-with-payment-mock-Mobile-Chrome/test-failed-1.png]]

[[ATTACHMENT|test-results/booking-Booking-System-Com-f0892-king-flow-with-payment-mock-Mobile-Chrome/video.webm]]

[[ATTACHMENT|test-results/booking-Booking-System-Com-f0892-king-flow-with-payment-mock-Mobile-Chrome/error-context.md]]
]]>
</system-out>
</testcase>
<testcase name="Booking System › Booking modification and cancellation" classname="booking.spec.ts" time="43.999">
<failure message="booking.spec.ts:64:7 Booking modification and cancellation" type="FAILURE">
<![CDATA[  [Mobile Chrome] › booking.spec.ts:64:7 › Booking System › Booking modification and cancellation ──

    Error: expect(page).toHaveURL(expected) failed

    Expected pattern: /\/dashboard/
    Received string:  "https://wedding-lk.vercel.app/login"
    Timeout: 30000ms

    Call log:
      - Expect "toHaveURL" with timeout 30000ms
        33 × unexpected value "https://wedding-lk.vercel.app/login"


      68 |     await page.fill('input[name="password"]', process.env.TEST_CUSTOMER_PASSWORD || 'CustomerPass123!');
      69 |     await page.click('button[type="submit"]');
    > 70 |     await expect(page).toHaveURL(/\/dashboard/);
         |                        ^
      71 |
      72 |     // Go to bookings
      73 |     await page.goto('/dashboard/bookings');
        at /Users/asithalakmal/Documents/web/final project/WeddingLK-next copy/tests/e2e/booking.spec.ts:70:24

    attachment #1: screenshot (image/png) ──────────────────────────────────────────────────────────
    ../../test-results/booking-Booking-System-Booking-modification-and-cancellation-Mobile-Chrome/test-failed-1.png
    ────────────────────────────────────────────────────────────────────────────────────────────────

    attachment #2: video (video/webm) ──────────────────────────────────────────────────────────────
    ../../test-results/booking-Booking-System-Booking-modification-and-cancellation-Mobile-Chrome/video.webm
    ────────────────────────────────────────────────────────────────────────────────────────────────

    Error Context: ../../test-results/booking-Booking-System-Booking-modification-and-cancellation-Mobile-Chrome/error-context.md
]]>
</failure>
<system-out>
<![CDATA[
[[ATTACHMENT|test-results/booking-Booking-System-Booking-modification-and-cancellation-Mobile-Chrome/test-failed-1.png]]

[[ATTACHMENT|test-results/booking-Booking-System-Booking-modification-and-cancellation-Mobile-Chrome/video.webm]]

[[ATTACHMENT|test-results/booking-Booking-System-Booking-modification-and-cancellation-Mobile-Chrome/error-context.md]]
]]>
</system-out>
</testcase>
<testcase name="Booking System › Booking status tracking" classname="booking.spec.ts" time="44.087">
<failure message="booking.spec.ts:110:7 Booking status tracking" type="FAILURE">
<![CDATA[  [Mobile Chrome] › booking.spec.ts:110:7 › Booking System › Booking status tracking ───────────────

    Error: expect(page).toHaveURL(expected) failed

    Expected pattern: /\/dashboard/
    Received string:  "https://wedding-lk.vercel.app/login"
    Timeout: 30000ms

    Call log:
      - Expect "toHaveURL" with timeout 30000ms
        33 × unexpected value "https://wedding-lk.vercel.app/login"


      114 |     await page.fill('input[name="password"]', process.env.TEST_CUSTOMER_PASSWORD || 'CustomerPass123!');
      115 |     await page.click('button[type="submit"]');
    > 116 |     await expect(page).toHaveURL(/\/dashboard/);
          |                        ^
      117 |
      118 |     // Go to booking details
      119 |     await page.goto('/dashboard/bookings');
        at /Users/asithalakmal/Documents/web/final project/WeddingLK-next copy/tests/e2e/booking.spec.ts:116:24

    attachment #1: screenshot (image/png) ──────────────────────────────────────────────────────────
    ../../test-results/booking-Booking-System-Booking-status-tracking-Mobile-Chrome/test-failed-1.png
    ────────────────────────────────────────────────────────────────────────────────────────────────

    attachment #2: video (video/webm) ──────────────────────────────────────────────────────────────
    ../../test-results/booking-Booking-System-Booking-status-tracking-Mobile-Chrome/video.webm
    ────────────────────────────────────────────────────────────────────────────────────────────────

    Error Context: ../../test-results/booking-Booking-System-Booking-status-tracking-Mobile-Chrome/error-context.md
]]>
</failure>
<system-out>
<![CDATA[
[[ATTACHMENT|test-results/booking-Booking-System-Booking-status-tracking-Mobile-Chrome/test-failed-1.png]]

[[ATTACHMENT|test-results/booking-Booking-System-Booking-status-tracking-Mobile-Chrome/video.webm]]

[[ATTACHMENT|test-results/booking-Booking-System-Booking-status-tracking-Mobile-Chrome/error-context.md]]
]]>
</system-out>
</testcase>
<testcase name="Booking System › Vendor booking acceptance workflow" classname="booking.spec.ts" time="50.536">
<failure message="booking.spec.ts:131:7 Vendor booking acceptance workflow" type="FAILURE">
<![CDATA[  [Mobile Chrome] › booking.spec.ts:131:7 › Booking System › Vendor booking acceptance workflow ────

    Error: expect(locator).toBeVisible() failed

    Locator: locator('text=Vendor Bookings')
    Expected: visible
    Timeout: 30000ms
    Error: element(s) not found

    Call log:
      - Expect "toBeVisible" with timeout 30000ms
      - waiting for locator('text=Vendor Bookings')


      139 |     // Go to vendor bookings
      140 |     await page.goto('/dashboard/vendor/bookings');
    > 141 |     await expect(page.locator('text=Vendor Bookings')).toBeVisible();
          |                                                        ^
      142 |     
      143 |     // Create test booking request
      144 |     const bookingRequestResponse = await page.request.post('/api/test/create-booking-request', {
        at /Users/asithalakmal/Documents/web/final project/WeddingLK-next copy/tests/e2e/booking.spec.ts:141:56

    attachment #1: screenshot (image/png) ──────────────────────────────────────────────────────────
    ../../test-results/booking-Booking-System-Vendor-booking-acceptance-workflow-Mobile-Chrome/test-failed-1.png
    ────────────────────────────────────────────────────────────────────────────────────────────────

    attachment #2: video (video/webm) ──────────────────────────────────────────────────────────────
    ../../test-results/booking-Booking-System-Vendor-booking-acceptance-workflow-Mobile-Chrome/video.webm
    ────────────────────────────────────────────────────────────────────────────────────────────────

    Error Context: ../../test-results/booking-Booking-System-Vendor-booking-acceptance-workflow-Mobile-Chrome/error-context.md
]]>
</failure>
<system-out>
<![CDATA[
[[ATTACHMENT|test-results/booking-Booking-System-Vendor-booking-acceptance-workflow-Mobile-Chrome/test-failed-1.png]]

[[ATTACHMENT|test-results/booking-Booking-System-Vendor-booking-acceptance-workflow-Mobile-Chrome/video.webm]]

[[ATTACHMENT|test-results/booking-Booking-System-Vendor-booking-acceptance-workflow-Mobile-Chrome/error-context.md]]
]]>
</system-out>
</testcase>
<testcase name="Booking System › Booking communication and messaging" classname="booking.spec.ts" time="45.788">
<failure message="booking.spec.ts:170:7 Booking communication and messaging" type="FAILURE">
<![CDATA[  [Mobile Chrome] › booking.spec.ts:170:7 › Booking System › Booking communication and messaging ───

    Error: expect(page).toHaveURL(expected) failed

    Expected pattern: /\/dashboard/
    Received string:  "https://wedding-lk.vercel.app/login"
    Timeout: 30000ms

    Call log:
      - Expect "toHaveURL" with timeout 30000ms
        33 × unexpected value "https://wedding-lk.vercel.app/login"


      174 |     await page.fill('input[name="password"]', process.env.TEST_CUSTOMER_PASSWORD || 'CustomerPass123!');
      175 |     await page.click('button[type="submit"]');
    > 176 |     await expect(page).toHaveURL(/\/dashboard/);
          |                        ^
      177 |
      178 |     // Go to booking messages
      179 |     await page.goto('/dashboard/bookings');
        at /Users/asithalakmal/Documents/web/final project/WeddingLK-next copy/tests/e2e/booking.spec.ts:176:24

    attachment #1: screenshot (image/png) ──────────────────────────────────────────────────────────
    ../../test-results/booking-Booking-System-Booking-communication-and-messaging-Mobile-Chrome/test-failed-1.png
    ────────────────────────────────────────────────────────────────────────────────────────────────

    attachment #2: video (video/webm) ──────────────────────────────────────────────────────────────
    ../../test-results/booking-Booking-System-Booking-communication-and-messaging-Mobile-Chrome/video.webm
    ────────────────────────────────────────────────────────────────────────────────────────────────

    Error Context: ../../test-results/booking-Booking-System-Booking-communication-and-messaging-Mobile-Chrome/error-context.md
]]>
</failure>
<system-out>
<![CDATA[
[[ATTACHMENT|test-results/booking-Booking-System-Booking-communication-and-messaging-Mobile-Chrome/test-failed-1.png]]

[[ATTACHMENT|test-results/booking-Booking-System-Booking-communication-and-messaging-Mobile-Chrome/video.webm]]

[[ATTACHMENT|test-results/booking-Booking-System-Booking-communication-and-messaging-Mobile-Chrome/error-context.md]]
]]>
</system-out>
</testcase>
<testcase name="Booking System › Booking payment and refund processing" classname="booking.spec.ts" time="48.272">
<failure message="booking.spec.ts:191:7 Booking payment and refund processing" type="FAILURE">
<![CDATA[  [Mobile Chrome] › booking.spec.ts:191:7 › Booking System › Booking payment and refund processing ─

    Error: expect(page).toHaveURL(expected) failed

    Expected pattern: /\/dashboard/
    Received string:  "https://wedding-lk.vercel.app/login"
    Timeout: 30000ms

    Call log:
      - Expect "toHaveURL" with timeout 30000ms
        33 × unexpected value "https://wedding-lk.vercel.app/login"


      195 |     await page.fill('input[name="password"]', process.env.TEST_CUSTOMER_PASSWORD || 'CustomerPass123!');
      196 |     await page.click('button[type="submit"]');
    > 197 |     await expect(page).toHaveURL(/\/dashboard/);
          |                        ^
      198 |
      199 |     // Go to booking payments
      200 |     await page.goto('/dashboard/bookings');
        at /Users/asithalakmal/Documents/web/final project/WeddingLK-next copy/tests/e2e/booking.spec.ts:197:24

    attachment #1: screenshot (image/png) ──────────────────────────────────────────────────────────
    ../../test-results/booking-Booking-System-Booking-payment-and-refund-processing-Mobile-Chrome/test-failed-1.png
    ────────────────────────────────────────────────────────────────────────────────────────────────

    attachment #2: video (video/webm) ──────────────────────────────────────────────────────────────
    ../../test-results/booking-Booking-System-Booking-payment-and-refund-processing-Mobile-Chrome/video.webm
    ────────────────────────────────────────────────────────────────────────────────────────────────

    Error Context: ../../test-results/booking-Booking-System-Booking-payment-and-refund-processing-Mobile-Chrome/error-context.md
]]>
</failure>
<system-out>
<![CDATA[
[[ATTACHMENT|test-results/booking-Booking-System-Booking-payment-and-refund-processing-Mobile-Chrome/test-failed-1.png]]

[[ATTACHMENT|test-results/booking-Booking-System-Booking-payment-and-refund-processing-Mobile-Chrome/video.webm]]

[[ATTACHMENT|test-results/booking-Booking-System-Booking-payment-and-refund-processing-Mobile-Chrome/error-context.md]]
]]>
</system-out>
</testcase>
</testsuite>
<testsuite name="comprehensive-crud.spec.ts" timestamp="2025-10-24T06:04:58.917Z" hostname="Mobile Chrome" tests="28" failures="28" skipped="0" time="1179.844" errors="0">
<testcase name="🔐 Authentication &amp; User Management CRUD › User Registration Flow" classname="comprehensive-crud.spec.ts" time="24.692">
<failure message="comprehensive-crud.spec.ts:52:7 User Registration Flow" type="FAILURE">
<![CDATA[  [Mobile Chrome] › comprehensive-crud.spec.ts:52:7 › 🔐 Authentication & User Management CRUD › User Registration Flow 

    Error: expect(locator).toBeVisible() failed

    Locator: locator('text=Registration successful')
    Expected: visible
    Timeout: 10000ms
    Error: element(s) not found

    Call log:
      - Expect "toBeVisible" with timeout 10000ms
      - waiting for locator('text=Registration successful')


      63 |     
      64 |     // Verify success message or redirect
    > 65 |     await expect(page.locator('text=Registration successful')).toBeVisible({ timeout: 10000 });
         |                                                                ^
      66 |   });
      67 |
      68 |   test('User Login Flow', async ({ page }) => {
        at /Users/asithalakmal/Documents/web/final project/WeddingLK-next copy/tests/e2e/comprehensive-crud.spec.ts:65:64

    attachment #1: screenshot (image/png) ──────────────────────────────────────────────────────────
    ../../test-results/comprehensive-crud-🔐-Auth-d5d79-CRUD-User-Registration-Flow-Mobile-Chrome/test-failed-1.png
    ────────────────────────────────────────────────────────────────────────────────────────────────

    attachment #2: video (video/webm) ──────────────────────────────────────────────────────────────
    ../../test-results/comprehensive-crud-🔐-Auth-d5d79-CRUD-User-Registration-Flow-Mobile-Chrome/video.webm
    ────────────────────────────────────────────────────────────────────────────────────────────────

    Error Context: ../../test-results/comprehensive-crud-🔐-Auth-d5d79-CRUD-User-Registration-Flow-Mobile-Chrome/error-context.md
]]>
</failure>
<system-out>
<![CDATA[
[[ATTACHMENT|test-results/comprehensive-crud-🔐-Auth-d5d79-CRUD-User-Registration-Flow-Mobile-Chrome/test-failed-1.png]]

[[ATTACHMENT|test-results/comprehensive-crud-🔐-Auth-d5d79-CRUD-User-Registration-Flow-Mobile-Chrome/video.webm]]

[[ATTACHMENT|test-results/comprehensive-crud-🔐-Auth-d5d79-CRUD-User-Registration-Flow-Mobile-Chrome/error-context.md]]
]]>
</system-out>
</testcase>
<testcase name="🔐 Authentication &amp; User Management CRUD › User Login Flow" classname="comprehensive-crud.spec.ts" time="18.414">
<failure message="comprehensive-crud.spec.ts:68:7 User Login Flow" type="FAILURE">
<![CDATA[  [Mobile Chrome] › comprehensive-crud.spec.ts:68:7 › 🔐 Authentication & User Management CRUD › User Login Flow 

    Error: expect(page).toHaveURL(expected) failed

    Expected pattern: /\/dashboard/
    Received string:  "https://wedding-lk.vercel.app/login"
    Timeout: 10000ms

    Call log:
      - Expect "toHaveURL" with timeout 10000ms
        14 × unexpected value "https://wedding-lk.vercel.app/login"


      77 |     
      78 |     // Verify redirect to dashboard
    > 79 |     await expect(page).toHaveURL(/\/dashboard/, { timeout: 10000 });
         |                        ^
      80 |   });
      81 |
      82 |   test('User Profile CRUD Operations', async ({ page }) => {
        at /Users/asithalakmal/Documents/web/final project/WeddingLK-next copy/tests/e2e/comprehensive-crud.spec.ts:79:24

    attachment #1: screenshot (image/png) ──────────────────────────────────────────────────────────
    ../../test-results/comprehensive-crud-🔐-Auth-b3a02-gement-CRUD-User-Login-Flow-Mobile-Chrome/test-failed-1.png
    ────────────────────────────────────────────────────────────────────────────────────────────────

    attachment #2: video (video/webm) ──────────────────────────────────────────────────────────────
    ../../test-results/comprehensive-crud-🔐-Auth-b3a02-gement-CRUD-User-Login-Flow-Mobile-Chrome/video.webm
    ────────────────────────────────────────────────────────────────────────────────────────────────

    Error Context: ../../test-results/comprehensive-crud-🔐-Auth-b3a02-gement-CRUD-User-Login-Flow-Mobile-Chrome/error-context.md
]]>
</failure>
<system-out>
<![CDATA[
[[ATTACHMENT|test-results/comprehensive-crud-🔐-Auth-b3a02-gement-CRUD-User-Login-Flow-Mobile-Chrome/test-failed-1.png]]

[[ATTACHMENT|test-results/comprehensive-crud-🔐-Auth-b3a02-gement-CRUD-User-Login-Flow-Mobile-Chrome/video.webm]]

[[ATTACHMENT|test-results/comprehensive-crud-🔐-Auth-b3a02-gement-CRUD-User-Login-Flow-Mobile-Chrome/error-context.md]]
]]>
</system-out>
</testcase>
<testcase name="🔐 Authentication &amp; User Management CRUD › User Profile CRUD Operations" classname="comprehensive-crud.spec.ts" time="39.351">
<failure message="comprehensive-crud.spec.ts:82:7 User Profile CRUD Operations" type="FAILURE">
<![CDATA[  [Mobile Chrome] › comprehensive-crud.spec.ts:82:7 › 🔐 Authentication & User Management CRUD › User Profile CRUD Operations 

    Error: expect(page).toHaveURL(expected) failed

    Expected pattern: /\/dashboard/
    Received string:  "https://wedding-lk.vercel.app/login"
    Timeout: 30000ms

    Call log:
      - Expect "toHaveURL" with timeout 30000ms
        33 × unexpected value "https://wedding-lk.vercel.app/login"


      86 |     await page.fill('input[name="password"]', testUsers.regularUser.password);
      87 |     await page.click('button[type="submit"]');
    > 88 |     await expect(page).toHaveURL(/\/dashboard/);
         |                        ^
      89 |
      90 |     // Navigate to profile
      91 |     await page.goto('/dashboard/profile');
        at /Users/asithalakmal/Documents/web/final project/WeddingLK-next copy/tests/e2e/comprehensive-crud.spec.ts:88:24

    attachment #1: screenshot (image/png) ──────────────────────────────────────────────────────────
    ../../test-results/comprehensive-crud-🔐-Auth-7a9a3-ser-Profile-CRUD-Operations-Mobile-Chrome/test-failed-1.png
    ────────────────────────────────────────────────────────────────────────────────────────────────

    attachment #2: video (video/webm) ──────────────────────────────────────────────────────────────
    ../../test-results/comprehensive-crud-🔐-Auth-7a9a3-ser-Profile-CRUD-Operations-Mobile-Chrome/video.webm
    ────────────────────────────────────────────────────────────────────────────────────────────────

    Error Context: ../../test-results/comprehensive-crud-🔐-Auth-7a9a3-ser-Profile-CRUD-Operations-Mobile-Chrome/error-context.md
]]>
</failure>
<system-out>
<![CDATA[
[[ATTACHMENT|test-results/comprehensive-crud-🔐-Auth-7a9a3-ser-Profile-CRUD-Operations-Mobile-Chrome/test-failed-1.png]]

[[ATTACHMENT|test-results/comprehensive-crud-🔐-Auth-7a9a3-ser-Profile-CRUD-Operations-Mobile-Chrome/video.webm]]

[[ATTACHMENT|test-results/comprehensive-crud-🔐-Auth-7a9a3-ser-Profile-CRUD-Operations-Mobile-Chrome/error-context.md]]
]]>
</system-out>
</testcase>
<testcase name="🔐 Authentication &amp; User Management CRUD › User Settings CRUD Operations" classname="comprehensive-crud.spec.ts" time="47.655">
<failure message="comprehensive-crud.spec.ts:106:7 User Settings CRUD Operations" type="FAILURE">
<![CDATA[  [Mobile Chrome] › comprehensive-crud.spec.ts:106:7 › 🔐 Authentication & User Management CRUD › User Settings CRUD Operations 

    Error: expect(page).toHaveURL(expected) failed

    Expected pattern: /\/dashboard/
    Received string:  "https://wedding-lk.vercel.app/login"
    Timeout: 30000ms

    Call log:
      - Expect "toHaveURL" with timeout 30000ms
        33 × unexpected value "https://wedding-lk.vercel.app/login"


      110 |     await page.fill('input[name="password"]', testUsers.regularUser.password);
      111 |     await page.click('button[type="submit"]');
    > 112 |     await expect(page).toHaveURL(/\/dashboard/);
          |                        ^
      113 |
      114 |     // Navigate to settings
      115 |     await page.goto('/dashboard/settings');
        at /Users/asithalakmal/Documents/web/final project/WeddingLK-next copy/tests/e2e/comprehensive-crud.spec.ts:112:24

    attachment #1: screenshot (image/png) ──────────────────────────────────────────────────────────
    ../../test-results/comprehensive-crud-🔐-Auth-e8e4d-er-Settings-CRUD-Operations-Mobile-Chrome/test-failed-1.png
    ────────────────────────────────────────────────────────────────────────────────────────────────

    attachment #2: video (video/webm) ──────────────────────────────────────────────────────────────
    ../../test-results/comprehensive-crud-🔐-Auth-e8e4d-er-Settings-CRUD-Operations-Mobile-Chrome/video.webm
    ────────────────────────────────────────────────────────────────────────────────────────────────

    Error Context: ../../test-results/comprehensive-crud-🔐-Auth-e8e4d-er-Settings-CRUD-Operations-Mobile-Chrome/error-context.md
]]>
</failure>
<system-out>
<![CDATA[
[[ATTACHMENT|test-results/comprehensive-crud-🔐-Auth-e8e4d-er-Settings-CRUD-Operations-Mobile-Chrome/test-failed-1.png]]

[[ATTACHMENT|test-results/comprehensive-crud-🔐-Auth-e8e4d-er-Settings-CRUD-Operations-Mobile-Chrome/video.webm]]

[[ATTACHMENT|test-results/comprehensive-crud-🔐-Auth-e8e4d-er-Settings-CRUD-Operations-Mobile-Chrome/error-context.md]]
]]>
</system-out>
</testcase>
<testcase name="🏢 Vendor Management CRUD › Vendor Registration Flow" classname="comprehensive-crud.spec.ts" time="66.129">
<failure message="comprehensive-crud.spec.ts:131:7 Vendor Registration Flow" type="FAILURE">
<![CDATA[  [Mobile Chrome] › comprehensive-crud.spec.ts:131:7 › 🏢 Vendor Management CRUD › Vendor Registration Flow 

    TimeoutError: page.fill: Timeout 60000ms exceeded.
    Call log:
      - waiting for locator('input[name="businessName"]')


      133 |     
      134 |     // Fill vendor registration form
    > 135 |     await page.fill('input[name="businessName"]', testUsers.vendor.name);
          |                ^
      136 |     await page.fill('input[name="email"]', testUsers.vendor.email);
      137 |     await page.fill('input[name="password"]', testUsers.vendor.password);
      138 |     await page.fill('input[name="phone"]', '+94771234567');
        at /Users/asithalakmal/Documents/web/final project/WeddingLK-next copy/tests/e2e/comprehensive-crud.spec.ts:135:16

    attachment #1: screenshot (image/png) ──────────────────────────────────────────────────────────
    ../../test-results/comprehensive-crud-🏢-Vend-4884e-UD-Vendor-Registration-Flow-Mobile-Chrome/test-failed-1.png
    ────────────────────────────────────────────────────────────────────────────────────────────────

    attachment #2: video (video/webm) ──────────────────────────────────────────────────────────────
    ../../test-results/comprehensive-crud-🏢-Vend-4884e-UD-Vendor-Registration-Flow-Mobile-Chrome/video.webm
    ────────────────────────────────────────────────────────────────────────────────────────────────

    Error Context: ../../test-results/comprehensive-crud-🏢-Vend-4884e-UD-Vendor-Registration-Flow-Mobile-Chrome/error-context.md
]]>
</failure>
<system-out>
<![CDATA[
[[ATTACHMENT|test-results/comprehensive-crud-🏢-Vend-4884e-UD-Vendor-Registration-Flow-Mobile-Chrome/test-failed-1.png]]

[[ATTACHMENT|test-results/comprehensive-crud-🏢-Vend-4884e-UD-Vendor-Registration-Flow-Mobile-Chrome/video.webm]]

[[ATTACHMENT|test-results/comprehensive-crud-🏢-Vend-4884e-UD-Vendor-Registration-Flow-Mobile-Chrome/error-context.md]]
]]>
</system-out>
</testcase>
<testcase name="🏢 Vendor Management CRUD › Vendor Services CRUD Operations" classname="comprehensive-crud.spec.ts" time="40.583">
<failure message="comprehensive-crud.spec.ts:148:7 Vendor Services CRUD Operations" type="FAILURE">
<![CDATA[  [Mobile Chrome] › comprehensive-crud.spec.ts:148:7 › 🏢 Vendor Management CRUD › Vendor Services CRUD Operations 

    Error: expect(page).toHaveURL(expected) failed

    Expected pattern: /\/dashboard/
    Received string:  "https://wedding-lk.vercel.app/login"
    Timeout: 30000ms

    Call log:
      - Expect "toHaveURL" with timeout 30000ms
        33 × unexpected value "https://wedding-lk.vercel.app/login"


      152 |     await page.fill('input[name="password"]', testUsers.vendor.password);
      153 |     await page.click('button[type="submit"]');
    > 154 |     await expect(page).toHaveURL(/\/dashboard/);
          |                        ^
      155 |
      156 |     // Navigate to services
      157 |     await page.goto('/dashboard/vendor/services');
        at /Users/asithalakmal/Documents/web/final project/WeddingLK-next copy/tests/e2e/comprehensive-crud.spec.ts:154:24

    attachment #1: screenshot (image/png) ──────────────────────────────────────────────────────────
    ../../test-results/comprehensive-crud-🏢-Vend-64218-or-Services-CRUD-Operations-Mobile-Chrome/test-failed-1.png
    ────────────────────────────────────────────────────────────────────────────────────────────────

    attachment #2: video (video/webm) ──────────────────────────────────────────────────────────────
    ../../test-results/comprehensive-crud-🏢-Vend-64218-or-Services-CRUD-Operations-Mobile-Chrome/video.webm
    ────────────────────────────────────────────────────────────────────────────────────────────────

    Error Context: ../../test-results/comprehensive-crud-🏢-Vend-64218-or-Services-CRUD-Operations-Mobile-Chrome/error-context.md
]]>
</failure>
<system-out>
<![CDATA[
[[ATTACHMENT|test-results/comprehensive-crud-🏢-Vend-64218-or-Services-CRUD-Operations-Mobile-Chrome/test-failed-1.png]]

[[ATTACHMENT|test-results/comprehensive-crud-🏢-Vend-64218-or-Services-CRUD-Operations-Mobile-Chrome/video.webm]]

[[ATTACHMENT|test-results/comprehensive-crud-🏢-Vend-64218-or-Services-CRUD-Operations-Mobile-Chrome/error-context.md]]
]]>
</system-out>
</testcase>
<testcase name="🏢 Vendor Management CRUD › Vendor Analytics &amp; Reports" classname="comprehensive-crud.spec.ts" time="38.335">
<failure message="comprehensive-crud.spec.ts:182:7 Vendor Analytics &amp; Reports" type="FAILURE">
<![CDATA[  [Mobile Chrome] › comprehensive-crud.spec.ts:182:7 › 🏢 Vendor Management CRUD › Vendor Analytics & Reports 

    Error: expect(page).toHaveURL(expected) failed

    Expected pattern: /\/dashboard/
    Received string:  "https://wedding-lk.vercel.app/login"
    Timeout: 30000ms

    Call log:
      - Expect "toHaveURL" with timeout 30000ms
        33 × unexpected value "https://wedding-lk.vercel.app/login"


      186 |     await page.fill('input[name="password"]', testUsers.vendor.password);
      187 |     await page.click('button[type="submit"]');
    > 188 |     await expect(page).toHaveURL(/\/dashboard/);
          |                        ^
      189 |
      190 |     // Navigate to analytics
      191 |     await page.goto('/dashboard/vendor/analytics');
        at /Users/asithalakmal/Documents/web/final project/WeddingLK-next copy/tests/e2e/comprehensive-crud.spec.ts:188:24

    attachment #1: screenshot (image/png) ──────────────────────────────────────────────────────────
    ../../test-results/comprehensive-crud-🏢-Vend-1244e-UD-Vendor-Analytics-Reports-Mobile-Chrome/test-failed-1.png
    ────────────────────────────────────────────────────────────────────────────────────────────────

    attachment #2: video (video/webm) ──────────────────────────────────────────────────────────────
    ../../test-results/comprehensive-crud-🏢-Vend-1244e-UD-Vendor-Analytics-Reports-Mobile-Chrome/video.webm
    ────────────────────────────────────────────────────────────────────────────────────────────────

    Error Context: ../../test-results/comprehensive-crud-🏢-Vend-1244e-UD-Vendor-Analytics-Reports-Mobile-Chrome/error-context.md
]]>
</failure>
<system-out>
<![CDATA[
[[ATTACHMENT|test-results/comprehensive-crud-🏢-Vend-1244e-UD-Vendor-Analytics-Reports-Mobile-Chrome/test-failed-1.png]]

[[ATTACHMENT|test-results/comprehensive-crud-🏢-Vend-1244e-UD-Vendor-Analytics-Reports-Mobile-Chrome/video.webm]]

[[ATTACHMENT|test-results/comprehensive-crud-🏢-Vend-1244e-UD-Vendor-Analytics-Reports-Mobile-Chrome/error-context.md]]
]]>
</system-out>
</testcase>
<testcase name="📅 Booking System CRUD › Create Booking Flow" classname="comprehensive-crud.spec.ts" time="38.945">
<failure message="comprehensive-crud.spec.ts:201:7 Create Booking Flow" type="FAILURE">
<![CDATA[  [Mobile Chrome] › comprehensive-crud.spec.ts:201:7 › 📅 Booking System CRUD › Create Booking Flow 

    Error: expect(page).toHaveURL(expected) failed

    Expected pattern: /\/dashboard/
    Received string:  "https://wedding-lk.vercel.app/login"
    Timeout: 30000ms

    Call log:
      - Expect "toHaveURL" with timeout 30000ms
        33 × unexpected value "https://wedding-lk.vercel.app/login"


      205 |     await page.fill('input[name="password"]', testUsers.regularUser.password);
      206 |     await page.click('button[type="submit"]');
    > 207 |     await expect(page).toHaveURL(/\/dashboard/);
          |                        ^
      208 |
      209 |     // Navigate to venues
      210 |     await page.goto('/venues');
        at /Users/asithalakmal/Documents/web/final project/WeddingLK-next copy/tests/e2e/comprehensive-crud.spec.ts:207:24

    attachment #1: screenshot (image/png) ──────────────────────────────────────────────────────────
    ../../test-results/comprehensive-crud-📅-Book-32257-em-CRUD-Create-Booking-Flow-Mobile-Chrome/test-failed-1.png
    ────────────────────────────────────────────────────────────────────────────────────────────────

    attachment #2: video (video/webm) ──────────────────────────────────────────────────────────────
    ../../test-results/comprehensive-crud-📅-Book-32257-em-CRUD-Create-Booking-Flow-Mobile-Chrome/video.webm
    ────────────────────────────────────────────────────────────────────────────────────────────────

    Error Context: ../../test-results/comprehensive-crud-📅-Book-32257-em-CRUD-Create-Booking-Flow-Mobile-Chrome/error-context.md
]]>
</failure>
<system-out>
<![CDATA[
[[ATTACHMENT|test-results/comprehensive-crud-📅-Book-32257-em-CRUD-Create-Booking-Flow-Mobile-Chrome/test-failed-1.png]]

[[ATTACHMENT|test-results/comprehensive-crud-📅-Book-32257-em-CRUD-Create-Booking-Flow-Mobile-Chrome/video.webm]]

[[ATTACHMENT|test-results/comprehensive-crud-📅-Book-32257-em-CRUD-Create-Booking-Flow-Mobile-Chrome/error-context.md]]
]]>
</system-out>
</testcase>
<testcase name="📅 Booking System CRUD › Booking Management CRUD" classname="comprehensive-crud.spec.ts" time="38.11">
<failure message="comprehensive-crud.spec.ts:228:7 Booking Management CRUD" type="FAILURE">
<![CDATA[  [Mobile Chrome] › comprehensive-crud.spec.ts:228:7 › 📅 Booking System CRUD › Booking Management CRUD 

    Error: expect(page).toHaveURL(expected) failed

    Expected pattern: /\/dashboard/
    Received string:  "https://wedding-lk.vercel.app/login"
    Timeout: 30000ms

    Call log:
      - Expect "toHaveURL" with timeout 30000ms
        33 × unexpected value "https://wedding-lk.vercel.app/login"


      232 |     await page.fill('input[name="password"]', testUsers.regularUser.password);
      233 |     await page.click('button[type="submit"]');
    > 234 |     await expect(page).toHaveURL(/\/dashboard/);
          |                        ^
      235 |
      236 |     // Navigate to bookings
      237 |     await page.goto('/dashboard/bookings');
        at /Users/asithalakmal/Documents/web/final project/WeddingLK-next copy/tests/e2e/comprehensive-crud.spec.ts:234:24

    attachment #1: screenshot (image/png) ──────────────────────────────────────────────────────────
    ../../test-results/comprehensive-crud-📅-Book-0046c-RUD-Booking-Management-CRUD-Mobile-Chrome/test-failed-1.png
    ────────────────────────────────────────────────────────────────────────────────────────────────

    attachment #2: video (video/webm) ──────────────────────────────────────────────────────────────
    ../../test-results/comprehensive-crud-📅-Book-0046c-RUD-Booking-Management-CRUD-Mobile-Chrome/video.webm
    ────────────────────────────────────────────────────────────────────────────────────────────────

    Error Context: ../../test-results/comprehensive-crud-📅-Book-0046c-RUD-Booking-Management-CRUD-Mobile-Chrome/error-context.md
]]>
</failure>
<system-out>
<![CDATA[
[[ATTACHMENT|test-results/comprehensive-crud-📅-Book-0046c-RUD-Booking-Management-CRUD-Mobile-Chrome/test-failed-1.png]]

[[ATTACHMENT|test-results/comprehensive-crud-📅-Book-0046c-RUD-Booking-Management-CRUD-Mobile-Chrome/video.webm]]

[[ATTACHMENT|test-results/comprehensive-crud-📅-Book-0046c-RUD-Booking-Management-CRUD-Mobile-Chrome/error-context.md]]
]]>
</system-out>
</testcase>
<testcase name="📅 Booking System CRUD › Booking Status Tracking" classname="comprehensive-crud.spec.ts" time="37.627">
<failure message="comprehensive-crud.spec.ts:258:7 Booking Status Tracking" type="FAILURE">
<![CDATA[  [Mobile Chrome] › comprehensive-crud.spec.ts:258:7 › 📅 Booking System CRUD › Booking Status Tracking 

    Error: expect(page).toHaveURL(expected) failed

    Expected pattern: /\/dashboard/
    Received string:  "https://wedding-lk.vercel.app/login"
    Timeout: 30000ms

    Call log:
      - Expect "toHaveURL" with timeout 30000ms
        33 × unexpected value "https://wedding-lk.vercel.app/login"


      262 |     await page.fill('input[name="password"]', testUsers.vendor.password);
      263 |     await page.click('button[type="submit"]');
    > 264 |     await expect(page).toHaveURL(/\/dashboard/);
          |                        ^
      265 |
      266 |     // Navigate to vendor bookings
      267 |     await page.goto('/dashboard/vendor/bookings');
        at /Users/asithalakmal/Documents/web/final project/WeddingLK-next copy/tests/e2e/comprehensive-crud.spec.ts:264:24

    attachment #1: screenshot (image/png) ──────────────────────────────────────────────────────────
    ../../test-results/comprehensive-crud-📅-Book-6532e-RUD-Booking-Status-Tracking-Mobile-Chrome/test-failed-1.png
    ────────────────────────────────────────────────────────────────────────────────────────────────

    attachment #2: video (video/webm) ──────────────────────────────────────────────────────────────
    ../../test-results/comprehensive-crud-📅-Book-6532e-RUD-Booking-Status-Tracking-Mobile-Chrome/video.webm
    ────────────────────────────────────────────────────────────────────────────────────────────────

    Error Context: ../../test-results/comprehensive-crud-📅-Book-6532e-RUD-Booking-Status-Tracking-Mobile-Chrome/error-context.md
]]>
</failure>
<system-out>
<![CDATA[
[[ATTACHMENT|test-results/comprehensive-crud-📅-Book-6532e-RUD-Booking-Status-Tracking-Mobile-Chrome/test-failed-1.png]]

[[ATTACHMENT|test-results/comprehensive-crud-📅-Book-6532e-RUD-Booking-Status-Tracking-Mobile-Chrome/video.webm]]

[[ATTACHMENT|test-results/comprehensive-crud-📅-Book-6532e-RUD-Booking-Status-Tracking-Mobile-Chrome/error-context.md]]
]]>
</system-out>
</testcase>
<testcase name="👥 Wedding Planner CRUD Operations › Planner Client Management" classname="comprehensive-crud.spec.ts" time="37.699">
<failure message="comprehensive-crud.spec.ts:283:7 Planner Client Management" type="FAILURE">
<![CDATA[  [Mobile Chrome] › comprehensive-crud.spec.ts:283:7 › 👥 Wedding Planner CRUD Operations › Planner Client Management 

    Error: expect(page).toHaveURL(expected) failed

    Expected pattern: /\/dashboard/
    Received string:  "https://wedding-lk.vercel.app/login"
    Timeout: 30000ms

    Call log:
      - Expect "toHaveURL" with timeout 30000ms
        33 × unexpected value "https://wedding-lk.vercel.app/login"


      287 |     await page.fill('input[name="password"]', testUsers.weddingPlanner.password);
      288 |     await page.click('button[type="submit"]');
    > 289 |     await expect(page).toHaveURL(/\/dashboard/);
          |                        ^
      290 |
      291 |     // Navigate to clients
      292 |     await page.goto('/dashboard/planner/clients');
        at /Users/asithalakmal/Documents/web/final project/WeddingLK-next copy/tests/e2e/comprehensive-crud.spec.ts:289:24

    attachment #1: screenshot (image/png) ──────────────────────────────────────────────────────────
    ../../test-results/comprehensive-crud-👥-Wedd-6d749-s-Planner-Client-Management-Mobile-Chrome/test-failed-1.png
    ────────────────────────────────────────────────────────────────────────────────────────────────

    attachment #2: video (video/webm) ──────────────────────────────────────────────────────────────
    ../../test-results/comprehensive-crud-👥-Wedd-6d749-s-Planner-Client-Management-Mobile-Chrome/video.webm
    ────────────────────────────────────────────────────────────────────────────────────────────────

    Error Context: ../../test-results/comprehensive-crud-👥-Wedd-6d749-s-Planner-Client-Management-Mobile-Chrome/error-context.md
]]>
</failure>
<system-out>
<![CDATA[
[[ATTACHMENT|test-results/comprehensive-crud-👥-Wedd-6d749-s-Planner-Client-Management-Mobile-Chrome/test-failed-1.png]]

[[ATTACHMENT|test-results/comprehensive-crud-👥-Wedd-6d749-s-Planner-Client-Management-Mobile-Chrome/video.webm]]

[[ATTACHMENT|test-results/comprehensive-crud-👥-Wedd-6d749-s-Planner-Client-Management-Mobile-Chrome/error-context.md]]
]]>
</system-out>
</testcase>
<testcase name="👥 Wedding Planner CRUD Operations › Planner Task Management" classname="comprehensive-crud.spec.ts" time="37.546">
<failure message="comprehensive-crud.spec.ts:313:7 Planner Task Management" type="FAILURE">
<![CDATA[  [Mobile Chrome] › comprehensive-crud.spec.ts:313:7 › 👥 Wedding Planner CRUD Operations › Planner Task Management 

    Error: expect(page).toHaveURL(expected) failed

    Expected pattern: /\/dashboard/
    Received string:  "https://wedding-lk.vercel.app/login"
    Timeout: 30000ms

    Call log:
      - Expect "toHaveURL" with timeout 30000ms
        33 × unexpected value "https://wedding-lk.vercel.app/login"


      317 |     await page.fill('input[name="password"]', testUsers.weddingPlanner.password);
      318 |     await page.click('button[type="submit"]');
    > 319 |     await expect(page).toHaveURL(/\/dashboard/);
          |                        ^
      320 |
      321 |     // Navigate to tasks
      322 |     await page.goto('/dashboard/planner/tasks');
        at /Users/asithalakmal/Documents/web/final project/WeddingLK-next copy/tests/e2e/comprehensive-crud.spec.ts:319:24

    attachment #1: screenshot (image/png) ──────────────────────────────────────────────────────────
    ../../test-results/comprehensive-crud-👥-Wedd-50ee2-ons-Planner-Task-Management-Mobile-Chrome/test-failed-1.png
    ────────────────────────────────────────────────────────────────────────────────────────────────

    attachment #2: video (video/webm) ──────────────────────────────────────────────────────────────
    ../../test-results/comprehensive-crud-👥-Wedd-50ee2-ons-Planner-Task-Management-Mobile-Chrome/video.webm
    ────────────────────────────────────────────────────────────────────────────────────────────────

    Error Context: ../../test-results/comprehensive-crud-👥-Wedd-50ee2-ons-Planner-Task-Management-Mobile-Chrome/error-context.md
]]>
</failure>
<system-out>
<![CDATA[
[[ATTACHMENT|test-results/comprehensive-crud-👥-Wedd-50ee2-ons-Planner-Task-Management-Mobile-Chrome/test-failed-1.png]]

[[ATTACHMENT|test-results/comprehensive-crud-👥-Wedd-50ee2-ons-Planner-Task-Management-Mobile-Chrome/video.webm]]

[[ATTACHMENT|test-results/comprehensive-crud-👥-Wedd-50ee2-ons-Planner-Task-Management-Mobile-Chrome/error-context.md]]
]]>
</system-out>
</testcase>
<testcase name="🛡️ RBAC (Role-Based Access Control) Tests › User Role Access Control" classname="comprehensive-crud.spec.ts" time="40.873">
<failure message="comprehensive-crud.spec.ts:342:7 User Role Access Control" type="FAILURE">
<![CDATA[  [Mobile Chrome] › comprehensive-crud.spec.ts:342:7 › 🛡️ RBAC (Role-Based Access Control) Tests › User Role Access Control 

    Error: expect(page).toHaveURL(expected) failed

    Expected pattern: /\/dashboard/
    Received string:  "https://wedding-lk.vercel.app/login"
    Timeout: 30000ms

    Call log:
      - Expect "toHaveURL" with timeout 30000ms
        33 × unexpected value "https://wedding-lk.vercel.app/login"


      346 |     await page.fill('input[name="password"]', testUsers.regularUser.password);
      347 |     await page.click('button[type="submit"]');
    > 348 |     await expect(page).toHaveURL(/\/dashboard/);
          |                        ^
      349 |
      350 |     // Test user can access their allowed pages
      351 |     await page.goto('/dashboard/planning');
        at /Users/asithalakmal/Documents/web/final project/WeddingLK-next copy/tests/e2e/comprehensive-crud.spec.ts:348:24

    attachment #1: screenshot (image/png) ──────────────────────────────────────────────────────────
    ../../test-results/comprehensive-crud-🛡️-RBA-b8846-ts-User-Role-Access-Control-Mobile-Chrome/test-failed-1.png
    ────────────────────────────────────────────────────────────────────────────────────────────────

    attachment #2: video (video/webm) ──────────────────────────────────────────────────────────────
    ../../test-results/comprehensive-crud-🛡️-RBA-b8846-ts-User-Role-Access-Control-Mobile-Chrome/video.webm
    ────────────────────────────────────────────────────────────────────────────────────────────────

    Error Context: ../../test-results/comprehensive-crud-🛡️-RBA-b8846-ts-User-Role-Access-Control-Mobile-Chrome/error-context.md
]]>
</failure>
<system-out>
<![CDATA[
[[ATTACHMENT|test-results/comprehensive-crud-🛡️-RBA-b8846-ts-User-Role-Access-Control-Mobile-Chrome/test-failed-1.png]]

[[ATTACHMENT|test-results/comprehensive-crud-🛡️-RBA-b8846-ts-User-Role-Access-Control-Mobile-Chrome/video.webm]]

[[ATTACHMENT|test-results/comprehensive-crud-🛡️-RBA-b8846-ts-User-Role-Access-Control-Mobile-Chrome/error-context.md]]
]]>
</system-out>
</testcase>
<testcase name="🛡️ RBAC (Role-Based Access Control) Tests › Vendor Role Access Control" classname="comprehensive-crud.spec.ts" time="47.239">
<failure message="comprehensive-crud.spec.ts:366:7 Vendor Role Access Control" type="FAILURE">
<![CDATA[  [Mobile Chrome] › comprehensive-crud.spec.ts:366:7 › 🛡️ RBAC (Role-Based Access Control) Tests › Vendor Role Access Control 

    Error: expect(page).toHaveURL(expected) failed

    Expected pattern: /\/dashboard/
    Received string:  "https://wedding-lk.vercel.app/login"
    Timeout: 30000ms

    Call log:
      - Expect "toHaveURL" with timeout 30000ms
        33 × unexpected value "https://wedding-lk.vercel.app/login"


      370 |     await page.fill('input[name="password"]', testUsers.vendor.password);
      371 |     await page.click('button[type="submit"]');
    > 372 |     await expect(page).toHaveURL(/\/dashboard/);
          |                        ^
      373 |
      374 |     // Test vendor can access their allowed pages
      375 |     await page.goto('/dashboard/vendor/services');
        at /Users/asithalakmal/Documents/web/final project/WeddingLK-next copy/tests/e2e/comprehensive-crud.spec.ts:372:24

    attachment #1: screenshot (image/png) ──────────────────────────────────────────────────────────
    ../../test-results/comprehensive-crud-🛡️-RBA-76435--Vendor-Role-Access-Control-Mobile-Chrome/test-failed-1.png
    ────────────────────────────────────────────────────────────────────────────────────────────────

    attachment #2: video (video/webm) ──────────────────────────────────────────────────────────────
    ../../test-results/comprehensive-crud-🛡️-RBA-76435--Vendor-Role-Access-Control-Mobile-Chrome/video.webm
    ────────────────────────────────────────────────────────────────────────────────────────────────

    Error Context: ../../test-results/comprehensive-crud-🛡️-RBA-76435--Vendor-Role-Access-Control-Mobile-Chrome/error-context.md
]]>
</failure>
<system-out>
<![CDATA[
[[ATTACHMENT|test-results/comprehensive-crud-🛡️-RBA-76435--Vendor-Role-Access-Control-Mobile-Chrome/test-failed-1.png]]

[[ATTACHMENT|test-results/comprehensive-crud-🛡️-RBA-76435--Vendor-Role-Access-Control-Mobile-Chrome/video.webm]]

[[ATTACHMENT|test-results/comprehensive-crud-🛡️-RBA-76435--Vendor-Role-Access-Control-Mobile-Chrome/error-context.md]]
]]>
</system-out>
</testcase>
<testcase name="🛡️ RBAC (Role-Based Access Control) Tests › Admin Role Access Control" classname="comprehensive-crud.spec.ts" time="38.419">
<failure message="comprehensive-crud.spec.ts:390:7 Admin Role Access Control" type="FAILURE">
<![CDATA[  [Mobile Chrome] › comprehensive-crud.spec.ts:390:7 › 🛡️ RBAC (Role-Based Access Control) Tests › Admin Role Access Control 

    Error: expect(page).toHaveURL(expected) failed

    Expected pattern: /\/dashboard/
    Received string:  "https://wedding-lk.vercel.app/login"
    Timeout: 30000ms

    Call log:
      - Expect "toHaveURL" with timeout 30000ms
        33 × unexpected value "https://wedding-lk.vercel.app/login"


      394 |     await page.fill('input[name="password"]', testUsers.admin.password);
      395 |     await page.click('button[type="submit"]');
    > 396 |     await expect(page).toHaveURL(/\/dashboard/);
          |                        ^
      397 |
      398 |     // Test admin can access all pages
      399 |     await page.goto('/dashboard/admin');
        at /Users/asithalakmal/Documents/web/final project/WeddingLK-next copy/tests/e2e/comprehensive-crud.spec.ts:396:24

    attachment #1: screenshot (image/png) ──────────────────────────────────────────────────────────
    ../../test-results/comprehensive-crud-🛡️-RBA-d2e91-s-Admin-Role-Access-Control-Mobile-Chrome/test-failed-1.png
    ────────────────────────────────────────────────────────────────────────────────────────────────

    attachment #2: video (video/webm) ──────────────────────────────────────────────────────────────
    ../../test-results/comprehensive-crud-🛡️-RBA-d2e91-s-Admin-Role-Access-Control-Mobile-Chrome/video.webm
    ────────────────────────────────────────────────────────────────────────────────────────────────

    Error Context: ../../test-results/comprehensive-crud-🛡️-RBA-d2e91-s-Admin-Role-Access-Control-Mobile-Chrome/error-context.md
]]>
</failure>
<system-out>
<![CDATA[
[[ATTACHMENT|test-results/comprehensive-crud-🛡️-RBA-d2e91-s-Admin-Role-Access-Control-Mobile-Chrome/test-failed-1.png]]

[[ATTACHMENT|test-results/comprehensive-crud-🛡️-RBA-d2e91-s-Admin-Role-Access-Control-Mobile-Chrome/video.webm]]

[[ATTACHMENT|test-results/comprehensive-crud-🛡️-RBA-d2e91-s-Admin-Role-Access-Control-Mobile-Chrome/error-context.md]]
]]>
</system-out>
</testcase>
<testcase name="🛡️ RBAC (Role-Based Access Control) Tests › Middleware Route Protection" classname="comprehensive-crud.spec.ts" time="41.487">
<failure message="comprehensive-crud.spec.ts:412:7 Middleware Route Protection" type="FAILURE">
<![CDATA[  [Mobile Chrome] › comprehensive-crud.spec.ts:412:7 › 🛡️ RBAC (Role-Based Access Control) Tests › Middleware Route Protection 

    Error: expect(page).toHaveURL(expected) failed

    Expected pattern: /\/auth\/signin/
    Received string:  "https://wedding-lk.vercel.app/dashboard"
    Timeout: 30000ms

    Call log:
      - Expect "toHaveURL" with timeout 30000ms
        33 × unexpected value "https://wedding-lk.vercel.app/dashboard"


      413 |     // Test unauthenticated access to protected routes
      414 |     await page.goto('/dashboard');
    > 415 |     await expect(page).toHaveURL(/\/auth\/signin/);
          |                        ^
      416 |     
      417 |     await page.goto('/dashboard/profile');
      418 |     await expect(page).toHaveURL(/\/auth\/signin/);
        at /Users/asithalakmal/Documents/web/final project/WeddingLK-next copy/tests/e2e/comprehensive-crud.spec.ts:415:24

    attachment #1: screenshot (image/png) ──────────────────────────────────────────────────────────
    ../../test-results/comprehensive-crud-🛡️-RBA-c8703-Middleware-Route-Protection-Mobile-Chrome/test-failed-1.png
    ────────────────────────────────────────────────────────────────────────────────────────────────

    attachment #2: video (video/webm) ──────────────────────────────────────────────────────────────
    ../../test-results/comprehensive-crud-🛡️-RBA-c8703-Middleware-Route-Protection-Mobile-Chrome/video.webm
    ────────────────────────────────────────────────────────────────────────────────────────────────

    Error Context: ../../test-results/comprehensive-crud-🛡️-RBA-c8703-Middleware-Route-Protection-Mobile-Chrome/error-context.md
]]>
</failure>
<system-out>
<![CDATA[
[[ATTACHMENT|test-results/comprehensive-crud-🛡️-RBA-c8703-Middleware-Route-Protection-Mobile-Chrome/test-failed-1.png]]

[[ATTACHMENT|test-results/comprehensive-crud-🛡️-RBA-c8703-Middleware-Route-Protection-Mobile-Chrome/video.webm]]

[[ATTACHMENT|test-results/comprehensive-crud-🛡️-RBA-c8703-Middleware-Route-Protection-Mobile-Chrome/error-context.md]]
]]>
</system-out>
</testcase>
<testcase name="💳 Payment &amp; Financial CRUD › Payment Processing Flow" classname="comprehensive-crud.spec.ts" time="37.053">
<failure message="comprehensive-crud.spec.ts:426:7 Payment Processing Flow" type="FAILURE">
<![CDATA[  [Mobile Chrome] › comprehensive-crud.spec.ts:426:7 › 💳 Payment & Financial CRUD › Payment Processing Flow 

    Error: expect(page).toHaveURL(expected) failed

    Expected pattern: /\/dashboard/
    Received string:  "https://wedding-lk.vercel.app/login"
    Timeout: 30000ms

    Call log:
      - Expect "toHaveURL" with timeout 30000ms
        33 × unexpected value "https://wedding-lk.vercel.app/login"


      430 |     await page.fill('input[name="password"]', testUsers.regularUser.password);
      431 |     await page.click('button[type="submit"]');
    > 432 |     await expect(page).toHaveURL(/\/dashboard/);
          |                        ^
      433 |
      434 |     // Navigate to checkout
      435 |     await page.goto('/checkout');
        at /Users/asithalakmal/Documents/web/final project/WeddingLK-next copy/tests/e2e/comprehensive-crud.spec.ts:432:24

    attachment #1: screenshot (image/png) ──────────────────────────────────────────────────────────
    ../../test-results/comprehensive-crud-💳-Paym-6f1ed-RUD-Payment-Processing-Flow-Mobile-Chrome/test-failed-1.png
    ────────────────────────────────────────────────────────────────────────────────────────────────

    attachment #2: video (video/webm) ──────────────────────────────────────────────────────────────
    ../../test-results/comprehensive-crud-💳-Paym-6f1ed-RUD-Payment-Processing-Flow-Mobile-Chrome/video.webm
    ────────────────────────────────────────────────────────────────────────────────────────────────

    Error Context: ../../test-results/comprehensive-crud-💳-Paym-6f1ed-RUD-Payment-Processing-Flow-Mobile-Chrome/error-context.md
]]>
</failure>
<system-out>
<![CDATA[
[[ATTACHMENT|test-results/comprehensive-crud-💳-Paym-6f1ed-RUD-Payment-Processing-Flow-Mobile-Chrome/test-failed-1.png]]

[[ATTACHMENT|test-results/comprehensive-crud-💳-Paym-6f1ed-RUD-Payment-Processing-Flow-Mobile-Chrome/video.webm]]

[[ATTACHMENT|test-results/comprehensive-crud-💳-Paym-6f1ed-RUD-Payment-Processing-Flow-Mobile-Chrome/error-context.md]]
]]>
</system-out>
</testcase>
<testcase name="💳 Payment &amp; Financial CRUD › Payment History &amp; Management" classname="comprehensive-crud.spec.ts" time="38.346">
<failure message="comprehensive-crud.spec.ts:450:7 Payment History &amp; Management" type="FAILURE">
<![CDATA[  [Mobile Chrome] › comprehensive-crud.spec.ts:450:7 › 💳 Payment & Financial CRUD › Payment History & Management 

    Error: expect(page).toHaveURL(expected) failed

    Expected pattern: /\/dashboard/
    Received string:  "https://wedding-lk.vercel.app/login"
    Timeout: 30000ms

    Call log:
      - Expect "toHaveURL" with timeout 30000ms
        33 × unexpected value "https://wedding-lk.vercel.app/login"


      454 |     await page.fill('input[name="password"]', testUsers.regularUser.password);
      455 |     await page.click('button[type="submit"]');
    > 456 |     await expect(page).toHaveURL(/\/dashboard/);
          |                        ^
      457 |
      458 |     // Navigate to payments
      459 |     await page.goto('/dashboard/payments');
        at /Users/asithalakmal/Documents/web/final project/WeddingLK-next copy/tests/e2e/comprehensive-crud.spec.ts:456:24

    attachment #1: screenshot (image/png) ──────────────────────────────────────────────────────────
    ../../test-results/comprehensive-crud-💳-Paym-d962d--Payment-History-Management-Mobile-Chrome/test-failed-1.png
    ────────────────────────────────────────────────────────────────────────────────────────────────

    attachment #2: video (video/webm) ──────────────────────────────────────────────────────────────
    ../../test-results/comprehensive-crud-💳-Paym-d962d--Payment-History-Management-Mobile-Chrome/video.webm
    ────────────────────────────────────────────────────────────────────────────────────────────────

    Error Context: ../../test-results/comprehensive-crud-💳-Paym-d962d--Payment-History-Management-Mobile-Chrome/error-context.md
]]>
</failure>
<system-out>
<![CDATA[
[[ATTACHMENT|test-results/comprehensive-crud-💳-Paym-d962d--Payment-History-Management-Mobile-Chrome/test-failed-1.png]]

[[ATTACHMENT|test-results/comprehensive-crud-💳-Paym-d962d--Payment-History-Management-Mobile-Chrome/video.webm]]

[[ATTACHMENT|test-results/comprehensive-crud-💳-Paym-d962d--Payment-History-Management-Mobile-Chrome/error-context.md]]
]]>
</system-out>
</testcase>
<testcase name="📱 Mobile &amp; Responsive CRUD › Mobile Navigation &amp; CRUD Operations" classname="comprehensive-crud.spec.ts" time="41.859">
<failure message="comprehensive-crud.spec.ts:471:7 Mobile Navigation &amp; CRUD Operations" type="FAILURE">
<![CDATA[  [Mobile Chrome] › comprehensive-crud.spec.ts:471:7 › 📱 Mobile & Responsive CRUD › Mobile Navigation & CRUD Operations 

    Error: expect(page).toHaveURL(expected) failed

    Expected pattern: /\/dashboard/
    Received string:  "https://wedding-lk.vercel.app/login"
    Timeout: 30000ms

    Call log:
      - Expect "toHaveURL" with timeout 30000ms
        33 × unexpected value "https://wedding-lk.vercel.app/login"


      478 |     await page.fill('input[name="password"]', testUsers.regularUser.password);
      479 |     await page.click('button[type="submit"]');
    > 480 |     await expect(page).toHaveURL(/\/dashboard/);
          |                        ^
      481 |
      482 |     // Test mobile navigation
      483 |     await page.click('button[data-testid="mobile-menu"]');
        at /Users/asithalakmal/Documents/web/final project/WeddingLK-next copy/tests/e2e/comprehensive-crud.spec.ts:480:24

    attachment #1: screenshot (image/png) ──────────────────────────────────────────────────────────
    ../../test-results/comprehensive-crud-📱-Mobi-c12a8--Navigation-CRUD-Operations-Mobile-Chrome/test-failed-1.png
    ────────────────────────────────────────────────────────────────────────────────────────────────

    attachment #2: video (video/webm) ──────────────────────────────────────────────────────────────
    ../../test-results/comprehensive-crud-📱-Mobi-c12a8--Navigation-CRUD-Operations-Mobile-Chrome/video.webm
    ────────────────────────────────────────────────────────────────────────────────────────────────

    Error Context: ../../test-results/comprehensive-crud-📱-Mobi-c12a8--Navigation-CRUD-Operations-Mobile-Chrome/error-context.md
]]>
</failure>
<system-out>
<![CDATA[
[[ATTACHMENT|test-results/comprehensive-crud-📱-Mobi-c12a8--Navigation-CRUD-Operations-Mobile-Chrome/test-failed-1.png]]

[[ATTACHMENT|test-results/comprehensive-crud-📱-Mobi-c12a8--Navigation-CRUD-Operations-Mobile-Chrome/video.webm]]

[[ATTACHMENT|test-results/comprehensive-crud-📱-Mobi-c12a8--Navigation-CRUD-Operations-Mobile-Chrome/error-context.md]]
]]>
</system-out>
</testcase>
<testcase name="🔍 Search &amp; Filter CRUD › Venue Search &amp; Filter Operations" classname="comprehensive-crud.spec.ts" time="74.136">
<failure message="comprehensive-crud.spec.ts:501:7 Venue Search &amp; Filter Operations" type="FAILURE">
<![CDATA[  [Mobile Chrome] › comprehensive-crud.spec.ts:501:7 › 🔍 Search & Filter CRUD › Venue Search & Filter Operations 

    TimeoutError: page.fill: Timeout 60000ms exceeded.
    Call log:
      - waiting for locator('input[placeholder*="Search venues"]')


      503 |     
      504 |     // Search for venues
    > 505 |     await page.fill('input[placeholder*="Search venues"]', 'Colombo');
          |                ^
      506 |     await page.click('button:has-text("Search")');
      507 |     
      508 |     // Apply filters
        at /Users/asithalakmal/Documents/web/final project/WeddingLK-next copy/tests/e2e/comprehensive-crud.spec.ts:505:16

    attachment #1: screenshot (image/png) ──────────────────────────────────────────────────────────
    ../../test-results/comprehensive-crud-🔍-Sear-77ac3-ue-Search-Filter-Operations-Mobile-Chrome/test-failed-1.png
    ────────────────────────────────────────────────────────────────────────────────────────────────

    attachment #2: video (video/webm) ──────────────────────────────────────────────────────────────
    ../../test-results/comprehensive-crud-🔍-Sear-77ac3-ue-Search-Filter-Operations-Mobile-Chrome/video.webm
    ────────────────────────────────────────────────────────────────────────────────────────────────

    Error Context: ../../test-results/comprehensive-crud-🔍-Sear-77ac3-ue-Search-Filter-Operations-Mobile-Chrome/error-context.md
]]>
</failure>
<system-out>
<![CDATA[
[[ATTACHMENT|test-results/comprehensive-crud-🔍-Sear-77ac3-ue-Search-Filter-Operations-Mobile-Chrome/test-failed-1.png]]

[[ATTACHMENT|test-results/comprehensive-crud-🔍-Sear-77ac3-ue-Search-Filter-Operations-Mobile-Chrome/video.webm]]

[[ATTACHMENT|test-results/comprehensive-crud-🔍-Sear-77ac3-ue-Search-Filter-Operations-Mobile-Chrome/error-context.md]]
]]>
</system-out>
</testcase>
<testcase name="🔍 Search &amp; Filter CRUD › Vendor Search &amp; Filter Operations" classname="comprehensive-crud.spec.ts" time="72.771">
<failure message="comprehensive-crud.spec.ts:518:7 Vendor Search &amp; Filter Operations" type="FAILURE">
<![CDATA[  [Mobile Chrome] › comprehensive-crud.spec.ts:518:7 › 🔍 Search & Filter CRUD › Vendor Search & Filter Operations 

    TimeoutError: page.fill: Timeout 60000ms exceeded.
    Call log:
      - waiting for locator('input[placeholder*="Search vendors"]')


      520 |     
      521 |     // Search for vendors
    > 522 |     await page.fill('input[placeholder*="Search vendors"]', 'photography');
          |                ^
      523 |     await page.click('button:has-text("Search")');
      524 |     
      525 |     // Apply category filters
        at /Users/asithalakmal/Documents/web/final project/WeddingLK-next copy/tests/e2e/comprehensive-crud.spec.ts:522:16

    attachment #1: screenshot (image/png) ──────────────────────────────────────────────────────────
    ../../test-results/comprehensive-crud-🔍-Sear-8b262-or-Search-Filter-Operations-Mobile-Chrome/test-failed-1.png
    ────────────────────────────────────────────────────────────────────────────────────────────────

    attachment #2: video (video/webm) ──────────────────────────────────────────────────────────────
    ../../test-results/comprehensive-crud-🔍-Sear-8b262-or-Search-Filter-Operations-Mobile-Chrome/video.webm
    ────────────────────────────────────────────────────────────────────────────────────────────────

    Error Context: ../../test-results/comprehensive-crud-🔍-Sear-8b262-or-Search-Filter-Operations-Mobile-Chrome/error-context.md
]]>
</failure>
<system-out>
<![CDATA[
[[ATTACHMENT|test-results/comprehensive-crud-🔍-Sear-8b262-or-Search-Filter-Operations-Mobile-Chrome/test-failed-1.png]]

[[ATTACHMENT|test-results/comprehensive-crud-🔍-Sear-8b262-or-Search-Filter-Operations-Mobile-Chrome/video.webm]]

[[ATTACHMENT|test-results/comprehensive-crud-🔍-Sear-8b262-or-Search-Filter-Operations-Mobile-Chrome/error-context.md]]
]]>
</system-out>
</testcase>
<testcase name="📊 Analytics &amp; Reporting CRUD › User Analytics Dashboard" classname="comprehensive-crud.spec.ts" time="37.265">
<failure message="comprehensive-crud.spec.ts:535:7 User Analytics Dashboard" type="FAILURE">
<![CDATA[  [Mobile Chrome] › comprehensive-crud.spec.ts:535:7 › 📊 Analytics & Reporting CRUD › User Analytics Dashboard 

    Error: expect(page).toHaveURL(expected) failed

    Expected pattern: /\/dashboard/
    Received string:  "https://wedding-lk.vercel.app/login"
    Timeout: 30000ms

    Call log:
      - Expect "toHaveURL" with timeout 30000ms
        33 × unexpected value "https://wedding-lk.vercel.app/login"


      539 |     await page.fill('input[name="password"]', testUsers.regularUser.password);
      540 |     await page.click('button[type="submit"]');
    > 541 |     await expect(page).toHaveURL(/\/dashboard/);
          |                        ^
      542 |
      543 |     // Navigate to analytics
      544 |     await page.goto('/dashboard/analytics');
        at /Users/asithalakmal/Documents/web/final project/WeddingLK-next copy/tests/e2e/comprehensive-crud.spec.ts:541:24

    attachment #1: screenshot (image/png) ──────────────────────────────────────────────────────────
    ../../test-results/comprehensive-crud-📊-Anal-bd0f7-UD-User-Analytics-Dashboard-Mobile-Chrome/test-failed-1.png
    ────────────────────────────────────────────────────────────────────────────────────────────────

    attachment #2: video (video/webm) ──────────────────────────────────────────────────────────────
    ../../test-results/comprehensive-crud-📊-Anal-bd0f7-UD-User-Analytics-Dashboard-Mobile-Chrome/video.webm
    ────────────────────────────────────────────────────────────────────────────────────────────────

    Error Context: ../../test-results/comprehensive-crud-📊-Anal-bd0f7-UD-User-Analytics-Dashboard-Mobile-Chrome/error-context.md
]]>
</failure>
<system-out>
<![CDATA[
[[ATTACHMENT|test-results/comprehensive-crud-📊-Anal-bd0f7-UD-User-Analytics-Dashboard-Mobile-Chrome/test-failed-1.png]]

[[ATTACHMENT|test-results/comprehensive-crud-📊-Anal-bd0f7-UD-User-Analytics-Dashboard-Mobile-Chrome/video.webm]]

[[ATTACHMENT|test-results/comprehensive-crud-📊-Anal-bd0f7-UD-User-Analytics-Dashboard-Mobile-Chrome/error-context.md]]
]]>
</system-out>
</testcase>
<testcase name="📊 Analytics &amp; Reporting CRUD › Admin Analytics &amp; Reports" classname="comprehensive-crud.spec.ts" time="39.708">
<failure message="comprehensive-crud.spec.ts:552:7 Admin Analytics &amp; Reports" type="FAILURE">
<![CDATA[  [Mobile Chrome] › comprehensive-crud.spec.ts:552:7 › 📊 Analytics & Reporting CRUD › Admin Analytics & Reports 

    Error: expect(page).toHaveURL(expected) failed

    Expected pattern: /\/dashboard/
    Received string:  "https://wedding-lk.vercel.app/login"
    Timeout: 30000ms

    Call log:
      - Expect "toHaveURL" with timeout 30000ms
        33 × unexpected value "https://wedding-lk.vercel.app/login"


      556 |     await page.fill('input[name="password"]', testUsers.admin.password);
      557 |     await page.click('button[type="submit"]');
    > 558 |     await expect(page).toHaveURL(/\/dashboard/);
          |                        ^
      559 |
      560 |     // Navigate to admin analytics
      561 |     await page.goto('/dashboard/admin/reports');
        at /Users/asithalakmal/Documents/web/final project/WeddingLK-next copy/tests/e2e/comprehensive-crud.spec.ts:558:24

    attachment #1: screenshot (image/png) ──────────────────────────────────────────────────────────
    ../../test-results/comprehensive-crud-📊-Anal-de256-RUD-Admin-Analytics-Reports-Mobile-Chrome/test-failed-1.png
    ────────────────────────────────────────────────────────────────────────────────────────────────

    attachment #2: video (video/webm) ──────────────────────────────────────────────────────────────
    ../../test-results/comprehensive-crud-📊-Anal-de256-RUD-Admin-Analytics-Reports-Mobile-Chrome/video.webm
    ────────────────────────────────────────────────────────────────────────────────────────────────

    Error Context: ../../test-results/comprehensive-crud-📊-Anal-de256-RUD-Admin-Analytics-Reports-Mobile-Chrome/error-context.md
]]>
</failure>
<system-out>
<![CDATA[
[[ATTACHMENT|test-results/comprehensive-crud-📊-Anal-de256-RUD-Admin-Analytics-Reports-Mobile-Chrome/test-failed-1.png]]

[[ATTACHMENT|test-results/comprehensive-crud-📊-Anal-de256-RUD-Admin-Analytics-Reports-Mobile-Chrome/video.webm]]

[[ATTACHMENT|test-results/comprehensive-crud-📊-Anal-de256-RUD-Admin-Analytics-Reports-Mobile-Chrome/error-context.md]]
]]>
</system-out>
</testcase>
<testcase name="🔔 Notification &amp; Communication CRUD › Notification Management" classname="comprehensive-crud.spec.ts" time="38.38">
<failure message="comprehensive-crud.spec.ts:581:7 Notification Management" type="FAILURE">
<![CDATA[  [Mobile Chrome] › comprehensive-crud.spec.ts:581:7 › 🔔 Notification & Communication CRUD › Notification Management 

    Error: expect(page).toHaveURL(expected) failed

    Expected pattern: /\/dashboard/
    Received string:  "https://wedding-lk.vercel.app/login"
    Timeout: 30000ms

    Call log:
      - Expect "toHaveURL" with timeout 30000ms
        33 × unexpected value "https://wedding-lk.vercel.app/login"


      585 |     await page.fill('input[name="password"]', testUsers.regularUser.password);
      586 |     await page.click('button[type="submit"]');
    > 587 |     await expect(page).toHaveURL(/\/dashboard/);
          |                        ^
      588 |
      589 |     // Navigate to notifications
      590 |     await page.goto('/dashboard/notifications');
        at /Users/asithalakmal/Documents/web/final project/WeddingLK-next copy/tests/e2e/comprehensive-crud.spec.ts:587:24

    attachment #1: screenshot (image/png) ──────────────────────────────────────────────────────────
    ../../test-results/comprehensive-crud-🔔-Noti-e4267-RUD-Notification-Management-Mobile-Chrome/test-failed-1.png
    ────────────────────────────────────────────────────────────────────────────────────────────────

    attachment #2: video (video/webm) ──────────────────────────────────────────────────────────────
    ../../test-results/comprehensive-crud-🔔-Noti-e4267-RUD-Notification-Management-Mobile-Chrome/video.webm
    ────────────────────────────────────────────────────────────────────────────────────────────────

    Error Context: ../../test-results/comprehensive-crud-🔔-Noti-e4267-RUD-Notification-Management-Mobile-Chrome/error-context.md
]]>
</failure>
<system-out>
<![CDATA[
[[ATTACHMENT|test-results/comprehensive-crud-🔔-Noti-e4267-RUD-Notification-Management-Mobile-Chrome/test-failed-1.png]]

[[ATTACHMENT|test-results/comprehensive-crud-🔔-Noti-e4267-RUD-Notification-Management-Mobile-Chrome/video.webm]]

[[ATTACHMENT|test-results/comprehensive-crud-🔔-Noti-e4267-RUD-Notification-Management-Mobile-Chrome/error-context.md]]
]]>
</system-out>
</testcase>
<testcase name="🔔 Notification &amp; Communication CRUD › Message System CRUD" classname="comprehensive-crud.spec.ts" time="39.032">
<failure message="comprehensive-crud.spec.ts:605:7 Message System CRUD" type="FAILURE">
<![CDATA[  [Mobile Chrome] › comprehensive-crud.spec.ts:605:7 › 🔔 Notification & Communication CRUD › Message System CRUD 

    Error: expect(page).toHaveURL(expected) failed

    Expected pattern: /\/dashboard/
    Received string:  "https://wedding-lk.vercel.app/login"
    Timeout: 30000ms

    Call log:
      - Expect "toHaveURL" with timeout 30000ms
        33 × unexpected value "https://wedding-lk.vercel.app/login"


      609 |     await page.fill('input[name="password"]', testUsers.regularUser.password);
      610 |     await page.click('button[type="submit"]');
    > 611 |     await expect(page).toHaveURL(/\/dashboard/);
          |                        ^
      612 |
      613 |     // Navigate to messages
      614 |     await page.goto('/dashboard/messages');
        at /Users/asithalakmal/Documents/web/final project/WeddingLK-next copy/tests/e2e/comprehensive-crud.spec.ts:611:24

    attachment #1: screenshot (image/png) ──────────────────────────────────────────────────────────
    ../../test-results/comprehensive-crud-🔔-Noti-e1c21-on-CRUD-Message-System-CRUD-Mobile-Chrome/test-failed-1.png
    ────────────────────────────────────────────────────────────────────────────────────────────────

    attachment #2: video (video/webm) ──────────────────────────────────────────────────────────────
    ../../test-results/comprehensive-crud-🔔-Noti-e1c21-on-CRUD-Message-System-CRUD-Mobile-Chrome/video.webm
    ────────────────────────────────────────────────────────────────────────────────────────────────

    Error Context: ../../test-results/comprehensive-crud-🔔-Noti-e1c21-on-CRUD-Message-System-CRUD-Mobile-Chrome/error-context.md
]]>
</failure>
<system-out>
<![CDATA[
[[ATTACHMENT|test-results/comprehensive-crud-🔔-Noti-e1c21-on-CRUD-Message-System-CRUD-Mobile-Chrome/test-failed-1.png]]

[[ATTACHMENT|test-results/comprehensive-crud-🔔-Noti-e1c21-on-CRUD-Message-System-CRUD-Mobile-Chrome/video.webm]]

[[ATTACHMENT|test-results/comprehensive-crud-🔔-Noti-e1c21-on-CRUD-Message-System-CRUD-Mobile-Chrome/error-context.md]]
]]>
</system-out>
</testcase>
<testcase name="🔄 Data Synchronization &amp; Cache CRUD › Data Cache Management" classname="comprehensive-crud.spec.ts" time="45.148">
<failure message="comprehensive-crud.spec.ts:633:7 Data Cache Management" type="FAILURE">
<![CDATA[  [Mobile Chrome] › comprehensive-crud.spec.ts:633:7 › 🔄 Data Synchronization & Cache CRUD › Data Cache Management 

    Error: expect(page).toHaveURL(expected) failed

    Expected pattern: /\/dashboard/
    Received string:  "https://wedding-lk.vercel.app/login"
    Timeout: 30000ms

    Call log:
      - Expect "toHaveURL" with timeout 30000ms
        33 × unexpected value "https://wedding-lk.vercel.app/login"


      637 |     await page.fill('input[name="password"]', testUsers.admin.password);
      638 |     await page.click('button[type="submit"]');
    > 639 |     await expect(page).toHaveURL(/\/dashboard/);
          |                        ^
      640 |
      641 |     // Navigate to cache management
      642 |     await page.goto('/dashboard/cache-demo');
        at /Users/asithalakmal/Documents/web/final project/WeddingLK-next copy/tests/e2e/comprehensive-crud.spec.ts:639:24

    attachment #1: screenshot (image/png) ──────────────────────────────────────────────────────────
    ../../test-results/comprehensive-crud-🔄-Data-ae5cf--CRUD-Data-Cache-Management-Mobile-Chrome/test-failed-1.png
    ────────────────────────────────────────────────────────────────────────────────────────────────

    attachment #2: video (video/webm) ──────────────────────────────────────────────────────────────
    ../../test-results/comprehensive-crud-🔄-Data-ae5cf--CRUD-Data-Cache-Management-Mobile-Chrome/video.webm
    ────────────────────────────────────────────────────────────────────────────────────────────────

    Error Context: ../../test-results/comprehensive-crud-🔄-Data-ae5cf--CRUD-Data-Cache-Management-Mobile-Chrome/error-context.md
]]>
</failure>
<system-out>
<![CDATA[
[[ATTACHMENT|test-results/comprehensive-crud-🔄-Data-ae5cf--CRUD-Data-Cache-Management-Mobile-Chrome/test-failed-1.png]]

[[ATTACHMENT|test-results/comprehensive-crud-🔄-Data-ae5cf--CRUD-Data-Cache-Management-Mobile-Chrome/video.webm]]

[[ATTACHMENT|test-results/comprehensive-crud-🔄-Data-ae5cf--CRUD-Data-Cache-Management-Mobile-Chrome/error-context.md]]
]]>
</system-out>
</testcase>
<testcase name="🛠️ System Administration CRUD › User Management Operations" classname="comprehensive-crud.spec.ts" time="39.409">
<failure message="comprehensive-crud.spec.ts:658:7 User Management Operations" type="FAILURE">
<![CDATA[  [Mobile Chrome] › comprehensive-crud.spec.ts:658:7 › 🛠️ System Administration CRUD › User Management Operations 

    Error: expect(page).toHaveURL(expected) failed

    Expected pattern: /\/dashboard/
    Received string:  "https://wedding-lk.vercel.app/login"
    Timeout: 30000ms

    Call log:
      - Expect "toHaveURL" with timeout 30000ms
        33 × unexpected value "https://wedding-lk.vercel.app/login"


      662 |     await page.fill('input[name="password"]', testUsers.admin.password);
      663 |     await page.click('button[type="submit"]');
    > 664 |     await expect(page).toHaveURL(/\/dashboard/);
          |                        ^
      665 |
      666 |     // Navigate to user management
      667 |     await page.goto('/dashboard/admin/users');
        at /Users/asithalakmal/Documents/web/final project/WeddingLK-next copy/tests/e2e/comprehensive-crud.spec.ts:664:24

    attachment #1: screenshot (image/png) ──────────────────────────────────────────────────────────
    ../../test-results/comprehensive-crud-🛠️-Sys-e1e93--User-Management-Operations-Mobile-Chrome/test-failed-1.png
    ────────────────────────────────────────────────────────────────────────────────────────────────

    attachment #2: video (video/webm) ──────────────────────────────────────────────────────────────
    ../../test-results/comprehensive-crud-🛠️-Sys-e1e93--User-Management-Operations-Mobile-Chrome/video.webm
    ────────────────────────────────────────────────────────────────────────────────────────────────

    Error Context: ../../test-results/comprehensive-crud-🛠️-Sys-e1e93--User-Management-Operations-Mobile-Chrome/error-context.md
]]>
</failure>
<system-out>
<![CDATA[
[[ATTACHMENT|test-results/comprehensive-crud-🛠️-Sys-e1e93--User-Management-Operations-Mobile-Chrome/test-failed-1.png]]

[[ATTACHMENT|test-results/comprehensive-crud-🛠️-Sys-e1e93--User-Management-Operations-Mobile-Chrome/video.webm]]

[[ATTACHMENT|test-results/comprehensive-crud-🛠️-Sys-e1e93--User-Management-Operations-Mobile-Chrome/error-context.md]]
]]>
</system-out>
</testcase>
<testcase name="🛠️ System Administration CRUD › System Settings Management" classname="comprehensive-crud.spec.ts" time="43.633">
<failure message="comprehensive-crud.spec.ts:686:7 System Settings Management" type="FAILURE">
<![CDATA[  [Mobile Chrome] › comprehensive-crud.spec.ts:686:7 › 🛠️ System Administration CRUD › System Settings Management 

    Error: expect(page).toHaveURL(expected) failed

    Expected pattern: /\/dashboard/
    Received string:  "https://wedding-lk.vercel.app/login"
    Timeout: 30000ms

    Call log:
      - Expect "toHaveURL" with timeout 30000ms
        33 × unexpected value "https://wedding-lk.vercel.app/login"


      690 |     await page.fill('input[name="password"]', testUsers.admin.password);
      691 |     await page.click('button[type="submit"]');
    > 692 |     await expect(page).toHaveURL(/\/dashboard/);
          |                        ^
      693 |
      694 |     // Navigate to system settings
      695 |     await page.goto('/dashboard/admin/settings');
        at /Users/asithalakmal/Documents/web/final project/WeddingLK-next copy/tests/e2e/comprehensive-crud.spec.ts:692:24

    attachment #1: screenshot (image/png) ──────────────────────────────────────────────────────────
    ../../test-results/comprehensive-crud-🛠️-Sys-350da--System-Settings-Management-Mobile-Chrome/test-failed-1.png
    ────────────────────────────────────────────────────────────────────────────────────────────────

    attachment #2: video (video/webm) ──────────────────────────────────────────────────────────────
    ../../test-results/comprehensive-crud-🛠️-Sys-350da--System-Settings-Management-Mobile-Chrome/video.webm
    ────────────────────────────────────────────────────────────────────────────────────────────────

    Error Context: ../../test-results/comprehensive-crud-🛠️-Sys-350da--System-Settings-Management-Mobile-Chrome/error-context.md
]]>
</failure>
<system-out>
<![CDATA[
[[ATTACHMENT|test-results/comprehensive-crud-🛠️-Sys-350da--System-Settings-Management-Mobile-Chrome/test-failed-1.png]]

[[ATTACHMENT|test-results/comprehensive-crud-🛠️-Sys-350da--System-Settings-Management-Mobile-Chrome/video.webm]]

[[ATTACHMENT|test-results/comprehensive-crud-🛠️-Sys-350da--System-Settings-Management-Mobile-Chrome/error-context.md]]
]]>
</system-out>
</testcase>
</testsuite>
<testsuite name="comprehensive-live-deployment.spec.ts" timestamp="2025-10-24T06:04:58.917Z" hostname="Mobile Chrome" tests="14" failures="11" skipped="0" time="468.399" errors="0">
<testcase name="🚀 COMPREHENSIVE LIVE DEPLOYMENT TESTING › 🏠 HOMEPAGE - Complete Frontend Testing" classname="comprehensive-live-deployment.spec.ts" time="22.89">
<failure message="comprehensive-live-deployment.spec.ts:39:7 🏠 HOMEPAGE - Complete Frontend Testing" type="FAILURE">
<![CDATA[  [Mobile Chrome] › comprehensive-live-deployment.spec.ts:39:7 › 🚀 COMPREHENSIVE LIVE DEPLOYMENT TESTING › 🏠 HOMEPAGE - Complete Frontend Testing 

    Error: expect(locator).toBeVisible() failed

    Locator: locator('text=Wedding.lk')
    Expected: visible
    Error: strict mode violation: locator('text=Wedding.lk') resolved to 3 elements:
        1) <span class="text-xl font-bold text-gray-900 dark:text-white">Wedding.lk</span> aka getByRole('banner').getByRole('link', { name: 'Wedding.lk' })
        2) <span class="text-xl font-bold text-white">Wedding.lk</span> aka getByRole('main').getByRole('link', { name: 'Wedding.lk' })
        3) <p>© 2024 Wedding.lk. All rights reserved.</p> aka getByText('© 2024 Wedding.lk. All rights')

    Call log:
      - Expect "toBeVisible" with timeout 30000ms
      - waiting for locator('text=Wedding.lk')


      41 |     
      42 |     // Test main navigation
    > 43 |     await expect(page.locator('text=Wedding.lk')).toBeVisible();
         |                                                   ^
      44 |     await expect(page.locator('nav a[href="/venues"]')).toBeVisible();
      45 |     await expect(page.locator('nav a[href="/vendors"]')).toBeVisible();
      46 |     await expect(page.locator('nav a[href="/feed"]')).toBeVisible();
        at /Users/asithalakmal/Documents/web/final project/WeddingLK-next copy/tests/e2e/comprehensive-live-deployment.spec.ts:43:51

    attachment #1: screenshot (image/png) ──────────────────────────────────────────────────────────
    ../../test-results/comprehensive-live-deploym-6fa0d---Complete-Frontend-Testing-Mobile-Chrome/test-failed-1.png
    ────────────────────────────────────────────────────────────────────────────────────────────────

    attachment #2: video (video/webm) ──────────────────────────────────────────────────────────────
    ../../test-results/comprehensive-live-deploym-6fa0d---Complete-Frontend-Testing-Mobile-Chrome/video.webm
    ────────────────────────────────────────────────────────────────────────────────────────────────

    Error Context: ../../test-results/comprehensive-live-deploym-6fa0d---Complete-Frontend-Testing-Mobile-Chrome/error-context.md
]]>
</failure>
<system-out>
<![CDATA[🏠 Testing Homepage Components...

[[ATTACHMENT|test-results/comprehensive-live-deploym-6fa0d---Complete-Frontend-Testing-Mobile-Chrome/test-failed-1.png]]

[[ATTACHMENT|test-results/comprehensive-live-deploym-6fa0d---Complete-Frontend-Testing-Mobile-Chrome/video.webm]]

[[ATTACHMENT|test-results/comprehensive-live-deploym-6fa0d---Complete-Frontend-Testing-Mobile-Chrome/error-context.md]]
]]>
</system-out>
</testcase>
<testcase name="🚀 COMPREHENSIVE LIVE DEPLOYMENT TESTING › 🔐 AUTHENTICATION - Complete Auth Flow Testing" classname="comprehensive-live-deployment.spec.ts" time="32.369">
<failure message="comprehensive-live-deployment.spec.ts:132:7 🔐 AUTHENTICATION - Complete Auth Flow Testing" type="FAILURE">
<![CDATA[  [Mobile Chrome] › comprehensive-live-deployment.spec.ts:132:7 › 🚀 COMPREHENSIVE LIVE DEPLOYMENT TESTING › 🔐 AUTHENTICATION - Complete Auth Flow Testing 

    Test timeout of 30000ms exceeded.

    Error: expect(locator).toBeVisible() failed

    Locator: locator('h1:has-text("Sign In")')
    Expected: visible
    Error: element(s) not found

    Call log:
      - Expect "toBeVisible" with timeout 30000ms
      - waiting for locator('h1:has-text("Sign In")')


      137 |     await page.waitForLoadState('networkidle');
      138 |     
    > 139 |     await expect(page.locator('h1:has-text("Sign In")')).toBeVisible();
          |                                                          ^
      140 |     await expect(page.locator('input[name="email"]')).toBeVisible();
      141 |     await expect(page.locator('input[name="password"]')).toBeVisible();
      142 |     await expect(page.locator('button[type="submit"]')).toBeVisible();
        at /Users/asithalakmal/Documents/web/final project/WeddingLK-next copy/tests/e2e/comprehensive-live-deployment.spec.ts:139:58

    attachment #1: screenshot (image/png) ──────────────────────────────────────────────────────────
    ../../test-results/comprehensive-live-deploym-f8c4e--Complete-Auth-Flow-Testing-Mobile-Chrome/test-failed-1.png
    ────────────────────────────────────────────────────────────────────────────────────────────────

    attachment #2: video (video/webm) ──────────────────────────────────────────────────────────────
    ../../test-results/comprehensive-live-deploym-f8c4e--Complete-Auth-Flow-Testing-Mobile-Chrome/video.webm
    ────────────────────────────────────────────────────────────────────────────────────────────────

    Error Context: ../../test-results/comprehensive-live-deploym-f8c4e--Complete-Auth-Flow-Testing-Mobile-Chrome/error-context.md
]]>
</failure>
<system-out>
<![CDATA[🔐 Testing Authentication System...

[[ATTACHMENT|test-results/comprehensive-live-deploym-f8c4e--Complete-Auth-Flow-Testing-Mobile-Chrome/test-failed-1.png]]

[[ATTACHMENT|test-results/comprehensive-live-deploym-f8c4e--Complete-Auth-Flow-Testing-Mobile-Chrome/video.webm]]

[[ATTACHMENT|test-results/comprehensive-live-deploym-f8c4e--Complete-Auth-Flow-Testing-Mobile-Chrome/error-context.md]]
]]>
</system-out>
</testcase>
<testcase name="🚀 COMPREHENSIVE LIVE DEPLOYMENT TESTING › 🏢 VENUES - Complete Venue CRUD Testing" classname="comprehensive-live-deployment.spec.ts" time="33.304">
<failure message="comprehensive-live-deployment.spec.ts:161:7 🏢 VENUES - Complete Venue CRUD Testing" type="FAILURE">
<![CDATA[  [Mobile Chrome] › comprehensive-live-deployment.spec.ts:161:7 › 🚀 COMPREHENSIVE LIVE DEPLOYMENT TESTING › 🏢 VENUES - Complete Venue CRUD Testing 

    Test timeout of 30000ms exceeded.

    Error: expect(locator).toBeVisible() failed

    Locator: locator('h1:has-text("Wedding Venues")')
    Expected: visible
    Error: element(s) not found

    Call log:
      - Expect "toBeVisible" with timeout 30000ms
      - waiting for locator('h1:has-text("Wedding Venues")')


      166 |     
      167 |     // Test venue listing page
    > 168 |     await expect(page.locator('h1:has-text("Wedding Venues")')).toBeVisible();
          |                                                                 ^
      169 |     
      170 |     // Test search functionality
      171 |     await expect(page.locator('input[placeholder*="Search venues"]')).toBeVisible();
        at /Users/asithalakmal/Documents/web/final project/WeddingLK-next copy/tests/e2e/comprehensive-live-deployment.spec.ts:168:65

    attachment #1: screenshot (image/png) ──────────────────────────────────────────────────────────
    ../../test-results/comprehensive-live-deploym-ef612-Complete-Venue-CRUD-Testing-Mobile-Chrome/test-failed-1.png
    ────────────────────────────────────────────────────────────────────────────────────────────────

    attachment #2: video (video/webm) ──────────────────────────────────────────────────────────────
    ../../test-results/comprehensive-live-deploym-ef612-Complete-Venue-CRUD-Testing-Mobile-Chrome/video.webm
    ────────────────────────────────────────────────────────────────────────────────────────────────

    Error Context: ../../test-results/comprehensive-live-deploym-ef612-Complete-Venue-CRUD-Testing-Mobile-Chrome/error-context.md
]]>
</failure>
<system-out>
<![CDATA[🏢 Testing Venues System...

[[ATTACHMENT|test-results/comprehensive-live-deploym-ef612-Complete-Venue-CRUD-Testing-Mobile-Chrome/test-failed-1.png]]

[[ATTACHMENT|test-results/comprehensive-live-deploym-ef612-Complete-Venue-CRUD-Testing-Mobile-Chrome/video.webm]]

[[ATTACHMENT|test-results/comprehensive-live-deploym-ef612-Complete-Venue-CRUD-Testing-Mobile-Chrome/error-context.md]]
]]>
</system-out>
</testcase>
<testcase name="🚀 COMPREHENSIVE LIVE DEPLOYMENT TESTING › 🏪 VENDORS - Complete Vendor CRUD Testing" classname="comprehensive-live-deployment.spec.ts" time="33.213">
<failure message="comprehensive-live-deployment.spec.ts:206:7 🏪 VENDORS - Complete Vendor CRUD Testing" type="FAILURE">
<![CDATA[  [Mobile Chrome] › comprehensive-live-deployment.spec.ts:206:7 › 🚀 COMPREHENSIVE LIVE DEPLOYMENT TESTING › 🏪 VENDORS - Complete Vendor CRUD Testing 

    Test timeout of 30000ms exceeded.

    Error: expect(locator).toBeVisible() failed

    Locator: locator('h1:has-text("Wedding Vendors")')
    Expected: visible
    Error: element(s) not found

    Call log:
      - Expect "toBeVisible" with timeout 30000ms
      - waiting for locator('h1:has-text("Wedding Vendors")')


      211 |     
      212 |     // Test vendor listing page
    > 213 |     await expect(page.locator('h1:has-text("Wedding Vendors")')).toBeVisible();
          |                                                                  ^
      214 |     
      215 |     // Test search functionality
      216 |     await expect(page.locator('input[placeholder*="Search vendors"]')).toBeVisible();
        at /Users/asithalakmal/Documents/web/final project/WeddingLK-next copy/tests/e2e/comprehensive-live-deployment.spec.ts:213:66

    attachment #1: screenshot (image/png) ──────────────────────────────────────────────────────────
    ../../test-results/comprehensive-live-deploym-d944a-omplete-Vendor-CRUD-Testing-Mobile-Chrome/test-failed-1.png
    ────────────────────────────────────────────────────────────────────────────────────────────────

    attachment #2: video (video/webm) ──────────────────────────────────────────────────────────────
    ../../test-results/comprehensive-live-deploym-d944a-omplete-Vendor-CRUD-Testing-Mobile-Chrome/video.webm
    ────────────────────────────────────────────────────────────────────────────────────────────────

    Error Context: ../../test-results/comprehensive-live-deploym-d944a-omplete-Vendor-CRUD-Testing-Mobile-Chrome/error-context.md
]]>
</failure>
<system-out>
<![CDATA[🏪 Testing Vendors System...

[[ATTACHMENT|test-results/comprehensive-live-deploym-d944a-omplete-Vendor-CRUD-Testing-Mobile-Chrome/test-failed-1.png]]

[[ATTACHMENT|test-results/comprehensive-live-deploym-d944a-omplete-Vendor-CRUD-Testing-Mobile-Chrome/video.webm]]

[[ATTACHMENT|test-results/comprehensive-live-deploym-d944a-omplete-Vendor-CRUD-Testing-Mobile-Chrome/error-context.md]]
]]>
</system-out>
</testcase>
<testcase name="🚀 COMPREHENSIVE LIVE DEPLOYMENT TESTING › 📱 FEED - Complete Social Feed Testing" classname="comprehensive-live-deployment.spec.ts" time="34.208">
<failure message="comprehensive-live-deployment.spec.ts:251:7 📱 FEED - Complete Social Feed Testing" type="FAILURE">
<![CDATA[  [Mobile Chrome] › comprehensive-live-deployment.spec.ts:251:7 › 🚀 COMPREHENSIVE LIVE DEPLOYMENT TESTING › 📱 FEED - Complete Social Feed Testing 

    Test timeout of 30000ms exceeded.

    Error: expect(locator).toBeVisible() failed

    Locator: locator('h1:has-text("Wedding Feed")')
    Expected: visible
    Error: element(s) not found

    Call log:
      - Expect "toBeVisible" with timeout 30000ms
      - waiting for locator('h1:has-text("Wedding Feed")')


      256 |     
      257 |     // Test feed page
    > 258 |     await expect(page.locator('h1:has-text("Wedding Feed")')).toBeVisible();
          |                                                               ^
      259 |     
      260 |     // Test feed filters
      261 |     const filters = ['All', 'Venues', 'Vendors', 'Planning', 'Inspiration'];
        at /Users/asithalakmal/Documents/web/final project/WeddingLK-next copy/tests/e2e/comprehensive-live-deployment.spec.ts:258:63

    attachment #1: screenshot (image/png) ──────────────────────────────────────────────────────────
    ../../test-results/comprehensive-live-deploym-b9f37-omplete-Social-Feed-Testing-Mobile-Chrome/test-failed-1.png
    ────────────────────────────────────────────────────────────────────────────────────────────────

    attachment #2: video (video/webm) ──────────────────────────────────────────────────────────────
    ../../test-results/comprehensive-live-deploym-b9f37-omplete-Social-Feed-Testing-Mobile-Chrome/video.webm
    ────────────────────────────────────────────────────────────────────────────────────────────────

    Error Context: ../../test-results/comprehensive-live-deploym-b9f37-omplete-Social-Feed-Testing-Mobile-Chrome/error-context.md
]]>
</failure>
<system-out>
<![CDATA[📱 Testing Social Feed System...

[[ATTACHMENT|test-results/comprehensive-live-deploym-b9f37-omplete-Social-Feed-Testing-Mobile-Chrome/test-failed-1.png]]

[[ATTACHMENT|test-results/comprehensive-live-deploym-b9f37-omplete-Social-Feed-Testing-Mobile-Chrome/video.webm]]

[[ATTACHMENT|test-results/comprehensive-live-deploym-b9f37-omplete-Social-Feed-Testing-Mobile-Chrome/error-context.md]]
]]>
</system-out>
</testcase>
<testcase name="🚀 COMPREHENSIVE LIVE DEPLOYMENT TESTING › 🖼️ GALLERY - Complete Gallery Testing" classname="comprehensive-live-deployment.spec.ts" time="17.753">
<failure message="comprehensive-live-deployment.spec.ts:295:7 🖼️ GALLERY - Complete Gallery Testing" type="FAILURE">
<![CDATA[  [Mobile Chrome] › comprehensive-live-deployment.spec.ts:295:7 › 🚀 COMPREHENSIVE LIVE DEPLOYMENT TESTING › 🖼️ GALLERY - Complete Gallery Testing 

    Error: expect(locator).toBeVisible() failed

    Locator: locator('button:has-text("All")')
    Expected: visible
    Error: strict mode violation: locator('button:has-text("All")') resolved to 3 elements:
        1) <button dir="ltr" type="button" role="combobox" data-state="closed" aria-expanded="false" aria-autocomplete="none" aria-controls="radix-«r3»" class="flex h-10 items-center justify-between rounded-md border border-input bg-background px-3 py-2 text-sm ring-offset-background placeholder:text-muted-foreground focus:outline-none focus:ring-2 focus:ring-ring focus:ring-offset-2 disabled:cursor-not-allowed disabled:opacity-50 [&>span]:line-clamp-1 w-[200px]">…</button> aka getByRole('combobox').filter({ hasText: 'All Photos0' })
        2) <button dir="ltr" type="button" role="combobox" data-state="closed" aria-expanded="false" aria-autocomplete="none" aria-controls="radix-«r4»" class="flex h-10 items-center justify-between rounded-md border border-input bg-background px-3 py-2 text-sm ring-offset-background placeholder:text-muted-foreground focus:outline-none focus:ring-2 focus:ring-ring focus:ring-offset-2 disabled:cursor-not-allowed disabled:opacity-50 [&>span]:line-clamp-1 w-[200px]">…</button> aka getByRole('combobox').filter({ hasText: 'All Venues' })
        3) <button tabindex="0" class="px-4 py-2 rounded-full text-sm font-medium transition-all duration-200 bg-rose-500 text-white shadow-lg">…</button> aka getByRole('button', { name: 'All Photos' })

    Call log:
      - Expect "toBeVisible" with timeout 30000ms
      - waiting for locator('button:has-text("All")')


      305 |     const categories = ['All', 'Venues', 'Decorations', 'Photography', 'Catering'];
      306 |     for (const category of categories) {
    > 307 |       await expect(page.locator(`button:has-text("${category}")`)).toBeVisible();
          |                                                                    ^
      308 |     }
      309 |     
      310 |     // Test gallery images
        at /Users/asithalakmal/Documents/web/final project/WeddingLK-next copy/tests/e2e/comprehensive-live-deployment.spec.ts:307:68

    attachment #1: screenshot (image/png) ──────────────────────────────────────────────────────────
    ../../test-results/comprehensive-live-deploym-caa8a----Complete-Gallery-Testing-Mobile-Chrome/test-failed-1.png
    ────────────────────────────────────────────────────────────────────────────────────────────────

    attachment #2: video (video/webm) ──────────────────────────────────────────────────────────────
    ../../test-results/comprehensive-live-deploym-caa8a----Complete-Gallery-Testing-Mobile-Chrome/video.webm
    ────────────────────────────────────────────────────────────────────────────────────────────────

    Error Context: ../../test-results/comprehensive-live-deploym-caa8a----Complete-Gallery-Testing-Mobile-Chrome/error-context.md
]]>
</failure>
<system-out>
<![CDATA[🖼️ Testing Gallery System...

[[ATTACHMENT|test-results/comprehensive-live-deploym-caa8a----Complete-Gallery-Testing-Mobile-Chrome/test-failed-1.png]]

[[ATTACHMENT|test-results/comprehensive-live-deploym-caa8a----Complete-Gallery-Testing-Mobile-Chrome/video.webm]]

[[ATTACHMENT|test-results/comprehensive-live-deploym-caa8a----Complete-Gallery-Testing-Mobile-Chrome/error-context.md]]
]]>
</system-out>
</testcase>
<testcase name="🚀 COMPREHENSIVE LIVE DEPLOYMENT TESTING › 📊 DASHBOARD - Complete Dashboard Testing" classname="comprehensive-live-deployment.spec.ts" time="33.364">
<failure message="comprehensive-live-deployment.spec.ts:329:7 📊 DASHBOARD - Complete Dashboard Testing" type="FAILURE">
<![CDATA[  [Mobile Chrome] › comprehensive-live-deployment.spec.ts:329:7 › 🚀 COMPREHENSIVE LIVE DEPLOYMENT TESTING › 📊 DASHBOARD - Complete Dashboard Testing 

    Test timeout of 30000ms exceeded.

    Error: expect(locator).toBeVisible() failed

    Locator: locator('text=Dashboard')
    Expected: visible
    Error: element(s) not found

    Call log:
      - Expect "toBeVisible" with timeout 30000ms
      - waiting for locator('text=Dashboard')


      380 |       
      381 |       // Test dashboard components
    > 382 |       await expect(page.locator('text=Dashboard')).toBeVisible();
          |                                                    ^
      383 |     }
      384 |     
      385 |     console.log('✅ Dashboard testing completed successfully');
        at /Users/asithalakmal/Documents/web/final project/WeddingLK-next copy/tests/e2e/comprehensive-live-deployment.spec.ts:382:52

    attachment #1: screenshot (image/png) ──────────────────────────────────────────────────────────
    ../../test-results/comprehensive-live-deploym-06825--Complete-Dashboard-Testing-Mobile-Chrome/test-failed-1.png
    ────────────────────────────────────────────────────────────────────────────────────────────────

    attachment #2: video (video/webm) ──────────────────────────────────────────────────────────────
    ../../test-results/comprehensive-live-deploym-06825--Complete-Dashboard-Testing-Mobile-Chrome/video.webm
    ────────────────────────────────────────────────────────────────────────────────────────────────

    Error Context: ../../test-results/comprehensive-live-deploym-06825--Complete-Dashboard-Testing-Mobile-Chrome/error-context.md
]]>
</failure>
<system-out>
<![CDATA[📊 Testing Dashboard System...
✅ Dashboard is accessible (already authenticated or public)

[[ATTACHMENT|test-results/comprehensive-live-deploym-06825--Complete-Dashboard-Testing-Mobile-Chrome/test-failed-1.png]]

[[ATTACHMENT|test-results/comprehensive-live-deploym-06825--Complete-Dashboard-Testing-Mobile-Chrome/video.webm]]

[[ATTACHMENT|test-results/comprehensive-live-deploym-06825--Complete-Dashboard-Testing-Mobile-Chrome/error-context.md]]
]]>
</system-out>
</testcase>
<testcase name="🚀 COMPREHENSIVE LIVE DEPLOYMENT TESTING › 🔧 API ENDPOINTS - Complete API Testing" classname="comprehensive-live-deployment.spec.ts" time="34.947">
<failure message="comprehensive-live-deployment.spec.ts:388:7 🔧 API ENDPOINTS - Complete API Testing" type="FAILURE">
<![CDATA[  [Mobile Chrome] › comprehensive-live-deployment.spec.ts:388:7 › 🚀 COMPREHENSIVE LIVE DEPLOYMENT TESTING › 🔧 API ENDPOINTS - Complete API Testing 

    Test timeout of 30000ms exceeded.

    Error: apiRequestContext.get: Target page, context or browser has been closed
    Call log:
      - → GET https://wedding-lk.vercel.app/api/health
        - user-agent: Mozilla/5.0 (Linux; Android 11; Pixel 5) AppleWebKit/537.36 (KHTML, like Gecko) Chrome/141.0.7390.37 Mobile Safari/537.36
        - accept: */*
        - accept-encoding: gzip,deflate,br


      390 |     
      391 |     // Test health endpoint
    > 392 |     const healthResponse = await page.request.get(`${BASE_URL}/api/health`);
          |                                               ^
      393 |     expect(healthResponse.status()).toBe(200);
      394 |     
      395 |     // Test venues API
        at /Users/asithalakmal/Documents/web/final project/WeddingLK-next copy/tests/e2e/comprehensive-live-deployment.spec.ts:392:47

    attachment #1: screenshot (image/png) ──────────────────────────────────────────────────────────
    ../../test-results/comprehensive-live-deploym-3e5dc-INTS---Complete-API-Testing-Mobile-Chrome/test-failed-1.png
    ────────────────────────────────────────────────────────────────────────────────────────────────

    attachment #2: video (video/webm) ──────────────────────────────────────────────────────────────
    ../../test-results/comprehensive-live-deploym-3e5dc-INTS---Complete-API-Testing-Mobile-Chrome/video.webm
    ────────────────────────────────────────────────────────────────────────────────────────────────

    Error Context: ../../test-results/comprehensive-live-deploym-3e5dc-INTS---Complete-API-Testing-Mobile-Chrome/error-context.md
]]>
</failure>
<system-out>
<![CDATA[🔧 Testing API Endpoints...

[[ATTACHMENT|test-results/comprehensive-live-deploym-3e5dc-INTS---Complete-API-Testing-Mobile-Chrome/test-failed-1.png]]

[[ATTACHMENT|test-results/comprehensive-live-deploym-3e5dc-INTS---Complete-API-Testing-Mobile-Chrome/video.webm]]

[[ATTACHMENT|test-results/comprehensive-live-deploym-3e5dc-INTS---Complete-API-Testing-Mobile-Chrome/error-context.md]]
]]>
</system-out>
</testcase>
<testcase name="🚀 COMPREHENSIVE LIVE DEPLOYMENT TESTING › 📱 RESPONSIVE DESIGN - Complete Mobile Testing" classname="comprehensive-live-deployment.spec.ts" time="35.382">
<failure message="comprehensive-live-deployment.spec.ts:414:7 📱 RESPONSIVE DESIGN - Complete Mobile Testing" type="FAILURE">
<![CDATA[  [Mobile Chrome] › comprehensive-live-deployment.spec.ts:414:7 › 🚀 COMPREHENSIVE LIVE DEPLOYMENT TESTING › 📱 RESPONSIVE DESIGN - Complete Mobile Testing 

    Test timeout of 30000ms exceeded.

    Error: expect(locator).toBeVisible() failed

    Locator: locator('button[aria-label="Open menu"], button:has-text("Menu")')
    Expected: visible
    Error: element(s) not found

    Call log:
      - Expect "toBeVisible" with timeout 30000ms
      - waiting for locator('button[aria-label="Open menu"], button:has-text("Menu")')


      421 |     
      422 |     // Test mobile navigation
    > 423 |     await expect(page.locator('button[aria-label="Open menu"], button:has-text("Menu")')).toBeVisible();
          |                                                                                           ^
      424 |     
      425 |     // Test mobile menu
      426 |     const menuButton = page.locator('button[aria-label="Open menu"], button:has-text("Menu")');
        at /Users/asithalakmal/Documents/web/final project/WeddingLK-next copy/tests/e2e/comprehensive-live-deployment.spec.ts:423:91

    attachment #1: screenshot (image/png) ──────────────────────────────────────────────────────────
    ../../test-results/comprehensive-live-deploym-279a2-N---Complete-Mobile-Testing-Mobile-Chrome/test-failed-1.png
    ────────────────────────────────────────────────────────────────────────────────────────────────

    attachment #2: video (video/webm) ──────────────────────────────────────────────────────────────
    ../../test-results/comprehensive-live-deploym-279a2-N---Complete-Mobile-Testing-Mobile-Chrome/video.webm
    ────────────────────────────────────────────────────────────────────────────────────────────────

    Error Context: ../../test-results/comprehensive-live-deploym-279a2-N---Complete-Mobile-Testing-Mobile-Chrome/error-context.md
]]>
</failure>
<system-out>
<![CDATA[📱 Testing Responsive Design...

[[ATTACHMENT|test-results/comprehensive-live-deploym-279a2-N---Complete-Mobile-Testing-Mobile-Chrome/test-failed-1.png]]

[[ATTACHMENT|test-results/comprehensive-live-deploym-279a2-N---Complete-Mobile-Testing-Mobile-Chrome/video.webm]]

[[ATTACHMENT|test-results/comprehensive-live-deploym-279a2-N---Complete-Mobile-Testing-Mobile-Chrome/error-context.md]]
]]>
</system-out>
</testcase>
<testcase name="🚀 COMPREHENSIVE LIVE DEPLOYMENT TESTING › 🎨 UI COMPONENTS - Complete Component Testing" classname="comprehensive-live-deployment.spec.ts" time="16.826">
<system-out>
<![CDATA[🎨 Testing UI Components...
Found 28 buttons
Found 3 input fields
Found 16 links
Found 0 images
✅ UI components testing completed successfully
]]>
</system-out>
</testcase>
<testcase name="🚀 COMPREHENSIVE LIVE DEPLOYMENT TESTING › ⚡ PERFORMANCE - Complete Performance Testing" classname="comprehensive-live-deployment.spec.ts" time="23.414">
<system-out>
<![CDATA[⚡ Testing Performance...
Page load time: 391ms
✅ Performance testing completed successfully
]]>
</system-out>
</testcase>
<testcase name="🚀 COMPREHENSIVE LIVE DEPLOYMENT TESTING › 🔍 ERROR HANDLING - Complete Error Testing" classname="comprehensive-live-deployment.spec.ts" time="20.605">
<system-out>
<![CDATA[🔍 Testing Error Handling...
✅ Error handling testing completed successfully
]]>
</system-out>
</testcase>
<testcase name="🚀 COMPREHENSIVE LIVE DEPLOYMENT TESTING › 🎯 FINAL INTEGRATION - Complete System Integration" classname="comprehensive-live-deployment.spec.ts" time="31.611">
<failure message="comprehensive-live-deployment.spec.ts:544:7 🎯 FINAL INTEGRATION - Complete System Integration" type="FAILURE">
<![CDATA[  [Mobile Chrome] › comprehensive-live-deployment.spec.ts:544:7 › 🚀 COMPREHENSIVE LIVE DEPLOYMENT TESTING › 🎯 FINAL INTEGRATION - Complete System Integration 

    Test timeout of 30000ms exceeded.

    Error: apiRequestContext.get: Target page, context or browser has been closed
    Call log:
      - → GET https://wedding-lk.vercel.app/api/health
        - user-agent: Mozilla/5.0 (Linux; Android 11; Pixel 5) AppleWebKit/537.36 (KHTML, like Gecko) Chrome/141.0.7390.37 Mobile Safari/537.36
        - accept: */*
        - accept-encoding: gzip,deflate,br


      573 |     
      574 |     for (const endpoint of apiEndpoints) {
    > 575 |       const response = await page.request.get(`${BASE_URL}${endpoint}`);
          |                                           ^
      576 |       expect(response.status()).toBe(200);
      577 |     }
      578 |     
        at /Users/asithalakmal/Documents/web/final project/WeddingLK-next copy/tests/e2e/comprehensive-live-deployment.spec.ts:575:43

    attachment #1: screenshot (image/png) ──────────────────────────────────────────────────────────
    ../../test-results/comprehensive-live-deploym-c7c0a-Complete-System-Integration-Mobile-Chrome/test-failed-1.png
    ────────────────────────────────────────────────────────────────────────────────────────────────

    attachment #2: video (video/webm) ──────────────────────────────────────────────────────────────
    ../../test-results/comprehensive-live-deploym-c7c0a-Complete-System-Integration-Mobile-Chrome/video.webm
    ────────────────────────────────────────────────────────────────────────────────────────────────

    Error Context: ../../test-results/comprehensive-live-deploym-c7c0a-Complete-System-Integration-Mobile-Chrome/error-context.md
]]>
</failure>
<system-out>
<![CDATA[🎯 Testing Complete System Integration...
Testing section: /venues
Testing section: /vendors
Testing section: /feed
Testing section: /gallery
Testing section: /about

[[ATTACHMENT|test-results/comprehensive-live-deploym-c7c0a-Complete-System-Integration-Mobile-Chrome/test-failed-1.png]]

[[ATTACHMENT|test-results/comprehensive-live-deploym-c7c0a-Complete-System-Integration-Mobile-Chrome/video.webm]]

[[ATTACHMENT|test-results/comprehensive-live-deploym-c7c0a-Complete-System-Integration-Mobile-Chrome/error-context.md]]
]]>
</system-out>
</testcase>
<testcase name="🚀 LIVE DEPLOYMENT STRESS TESTING › ⚡ STRESS TEST - Multiple Concurrent Operations" classname="comprehensive-live-deployment.spec.ts" time="98.513">
<failure message="comprehensive-live-deployment.spec.ts:584:7 ⚡ STRESS TEST - Multiple Concurrent Operations" type="FAILURE">
<![CDATA[  [Mobile Chrome] › comprehensive-live-deployment.spec.ts:584:7 › 🚀 LIVE DEPLOYMENT STRESS TESTING › ⚡ STRESS TEST - Multiple Concurrent Operations 

    TimeoutError: apiRequestContext.get: Timeout 60000ms exceeded.
    Call log:
      - → GET https://wedding-lk.vercel.app/api/health
        - user-agent: Mozilla/5.0 (Linux; Android 11; Pixel 5) AppleWebKit/537.36 (KHTML, like Gecko) Chrome/141.0.7390.37 Mobile Safari/537.36
        - accept: */*
        - accept-encoding: gzip,deflate,br


      598 |     // Test rapid API calls
      599 |     const apiCalls = [
    > 600 |       page.request.get(`${BASE_URL}/api/health`),
          |                    ^
      601 |       page.request.get(`${BASE_URL}/api/venues`),
      602 |       page.request.get(`${BASE_URL}/api/vendors`),
      603 |       page.request.get(`${BASE_URL}/api/posts`)
        at /Users/asithalakmal/Documents/web/final project/WeddingLK-next copy/tests/e2e/comprehensive-live-deployment.spec.ts:600:20

    attachment #1: screenshot (image/png) ──────────────────────────────────────────────────────────
    ../../test-results/comprehensive-live-deploym-5eba8-tiple-Concurrent-Operations-Mobile-Chrome/test-failed-1.png
    ────────────────────────────────────────────────────────────────────────────────────────────────

    attachment #2: video (video/webm) ──────────────────────────────────────────────────────────────
    ../../test-results/comprehensive-live-deploym-5eba8-tiple-Concurrent-Operations-Mobile-Chrome/video.webm
    ────────────────────────────────────────────────────────────────────────────────────────────────

    Error Context: ../../test-results/comprehensive-live-deploym-5eba8-tiple-Concurrent-Operations-Mobile-Chrome/error-context.md
]]>
</failure>
<system-out>
<![CDATA[⚡ Running Stress Tests...

[[ATTACHMENT|test-results/comprehensive-live-deploym-5eba8-tiple-Concurrent-Operations-Mobile-Chrome/test-failed-1.png]]

[[ATTACHMENT|test-results/comprehensive-live-deploym-5eba8-tiple-Concurrent-Operations-Mobile-Chrome/video.webm]]

[[ATTACHMENT|test-results/comprehensive-live-deploym-5eba8-tiple-Concurrent-Operations-Mobile-Chrome/error-context.md]]
]]>
</system-out>
</testcase>
</testsuite>
<testsuite name="payment.spec.ts" timestamp="2025-10-24T06:04:58.917Z" hostname="Mobile Chrome" tests="7" failures="7" skipped="0" time="371.41" errors="0">
<testcase name="Payment System › Stripe payment integration with mock" classname="payment.spec.ts" time="84.115">
<failure message="payment.spec.ts:5:7 Stripe payment integration with mock" type="FAILURE">
<![CDATA[  [Mobile Chrome] › payment.spec.ts:5:7 › Payment System › Stripe payment integration with mock ────

    TimeoutError: page.fill: Timeout 60000ms exceeded.
    Call log:
      - waiting for locator('input[name="customerName"]')


      13 |     
      14 |     // Fill checkout form
    > 15 |     await page.fill('input[name="customerName"]', customer.name);
         |                ^
      16 |     await page.fill('input[name="customerEmail"]', customer.email);
      17 |     await page.fill('input[name="customerPhone"]', customer.phone);
      18 |     await page.fill('input[name="billingAddress"]', faker.location.streetAddress());
        at /Users/asithalakmal/Documents/web/final project/WeddingLK-next copy/tests/e2e/payment.spec.ts:15:16

    attachment #1: screenshot (image/png) ──────────────────────────────────────────────────────────
    ../../test-results/payment-Payment-System-Stripe-payment-integration-with-mock-Mobile-Chrome/test-failed-1.png
    ────────────────────────────────────────────────────────────────────────────────────────────────

    attachment #2: video (video/webm) ──────────────────────────────────────────────────────────────
    ../../test-results/payment-Payment-System-Stripe-payment-integration-with-mock-Mobile-Chrome/video.webm
    ────────────────────────────────────────────────────────────────────────────────────────────────

    Error Context: ../../test-results/payment-Payment-System-Stripe-payment-integration-with-mock-Mobile-Chrome/error-context.md
]]>
</failure>
<system-out>
<![CDATA[
[[ATTACHMENT|test-results/payment-Payment-System-Stripe-payment-integration-with-mock-Mobile-Chrome/test-failed-1.png]]

[[ATTACHMENT|test-results/payment-Payment-System-Stripe-payment-integration-with-mock-Mobile-Chrome/video.webm]]

[[ATTACHMENT|test-results/payment-Payment-System-Stripe-payment-integration-with-mock-Mobile-Chrome/error-context.md]]
]]>
</system-out>
</testcase>
<testcase name="Payment System › PayHere payment integration" classname="payment.spec.ts" time="71.837">
<failure message="payment.spec.ts:62:7 PayHere payment integration" type="FAILURE">
<![CDATA[  [Mobile Chrome] › payment.spec.ts:62:7 › Payment System › PayHere payment integration ────────────

    TimeoutError: page.click: Timeout 60000ms exceeded.
    Call log:
      - waiting for locator('input[name="paymentMethod"][value="payhere"]')


      64 |     
      65 |     // Select PayHere payment method
    > 66 |     await page.click('input[name="paymentMethod"][value="payhere"]');
         |                ^
      67 |     
      68 |     // Mock PayHere payment
      69 |     await page.route('**/api/payments/payhere/create', route => {
        at /Users/asithalakmal/Documents/web/final project/WeddingLK-next copy/tests/e2e/payment.spec.ts:66:16

    attachment #1: screenshot (image/png) ──────────────────────────────────────────────────────────
    ../../test-results/payment-Payment-System-PayHere-payment-integration-Mobile-Chrome/test-failed-1.png
    ────────────────────────────────────────────────────────────────────────────────────────────────

    attachment #2: video (video/webm) ──────────────────────────────────────────────────────────────
    ../../test-results/payment-Payment-System-PayHere-payment-integration-Mobile-Chrome/video.webm
    ────────────────────────────────────────────────────────────────────────────────────────────────

    Error Context: ../../test-results/payment-Payment-System-PayHere-payment-integration-Mobile-Chrome/error-context.md
]]>
</failure>
<system-out>
<![CDATA[
[[ATTACHMENT|test-results/payment-Payment-System-PayHere-payment-integration-Mobile-Chrome/test-failed-1.png]]

[[ATTACHMENT|test-results/payment-Payment-System-PayHere-payment-integration-Mobile-Chrome/video.webm]]

[[ATTACHMENT|test-results/payment-Payment-System-PayHere-payment-integration-Mobile-Chrome/error-context.md]]
]]>
</system-out>
</testcase>
<testcase name="Payment System › Payment failure handling" classname="payment.spec.ts" time="75.284">
<failure message="payment.spec.ts:101:7 Payment failure handling" type="FAILURE">
<![CDATA[  [Mobile Chrome] › payment.spec.ts:101:7 › Payment System › Payment failure handling ──────────────

    TimeoutError: page.fill: Timeout 60000ms exceeded.
    Call log:
      - waiting for locator('input[name="cardNumber"]')


      114 |     });
      115 |
    > 116 |     await page.fill('input[name="cardNumber"]', '4000000000000002'); // Declined card
          |                ^
      117 |     await page.fill('input[name="expiryDate"]', '12/25');
      118 |     await page.fill('input[name="cvv"]', '123');
      119 |     
        at /Users/asithalakmal/Documents/web/final project/WeddingLK-next copy/tests/e2e/payment.spec.ts:116:16

    attachment #1: screenshot (image/png) ──────────────────────────────────────────────────────────
    ../../test-results/payment-Payment-System-Payment-failure-handling-Mobile-Chrome/test-failed-1.png
    ────────────────────────────────────────────────────────────────────────────────────────────────

    attachment #2: video (video/webm) ──────────────────────────────────────────────────────────────
    ../../test-results/payment-Payment-System-Payment-failure-handling-Mobile-Chrome/video.webm
    ────────────────────────────────────────────────────────────────────────────────────────────────

    Error Context: ../../test-results/payment-Payment-System-Payment-failure-handling-Mobile-Chrome/error-context.md
]]>
</failure>
<system-out>
<![CDATA[
[[ATTACHMENT|test-results/payment-Payment-System-Payment-failure-handling-Mobile-Chrome/test-failed-1.png]]

[[ATTACHMENT|test-results/payment-Payment-System-Payment-failure-handling-Mobile-Chrome/video.webm]]

[[ATTACHMENT|test-results/payment-Payment-System-Payment-failure-handling-Mobile-Chrome/error-context.md]]
]]>
</system-out>
</testcase>
<testcase name="Payment System › Payment refund processing" classname="payment.spec.ts" time="44.658">
<failure message="payment.spec.ts:126:7 Payment refund processing" type="FAILURE">
<![CDATA[  [Mobile Chrome] › payment.spec.ts:126:7 › Payment System › Payment refund processing ─────────────

    Error: expect(locator).toBeVisible() failed

    Locator: locator('text=Payment Management')
    Expected: visible
    Timeout: 30000ms
    Error: element(s) not found

    Call log:
      - Expect "toBeVisible" with timeout 30000ms
      - waiting for locator('text=Payment Management')


      134 |     // Go to payment management
      135 |     await page.goto('/dashboard/admin/payments');
    > 136 |     await expect(page.locator('text=Payment Management')).toBeVisible();
          |                                                           ^
      137 |     
      138 |     // Create test payment first
      139 |     const paymentResponse = await page.request.post('/api/test/create-payment', {
        at /Users/asithalakmal/Documents/web/final project/WeddingLK-next copy/tests/e2e/payment.spec.ts:136:59

    attachment #1: screenshot (image/png) ──────────────────────────────────────────────────────────
    ../../test-results/payment-Payment-System-Payment-refund-processing-Mobile-Chrome/test-failed-1.png
    ────────────────────────────────────────────────────────────────────────────────────────────────

    attachment #2: video (video/webm) ──────────────────────────────────────────────────────────────
    ../../test-results/payment-Payment-System-Payment-refund-processing-Mobile-Chrome/video.webm
    ────────────────────────────────────────────────────────────────────────────────────────────────

    Error Context: ../../test-results/payment-Payment-System-Payment-refund-processing-Mobile-Chrome/error-context.md
]]>
</failure>
<system-out>
<![CDATA[
[[ATTACHMENT|test-results/payment-Payment-System-Payment-refund-processing-Mobile-Chrome/test-failed-1.png]]

[[ATTACHMENT|test-results/payment-Payment-System-Payment-refund-processing-Mobile-Chrome/video.webm]]

[[ATTACHMENT|test-results/payment-Payment-System-Payment-refund-processing-Mobile-Chrome/error-context.md]]
]]>
</system-out>
</testcase>
<testcase name="Payment System › Payment history and analytics" classname="payment.spec.ts" time="42.192">
<failure message="payment.spec.ts:173:7 Payment history and analytics" type="FAILURE">
<![CDATA[  [Mobile Chrome] › payment.spec.ts:173:7 › Payment System › Payment history and analytics ─────────

    Error: expect(page).toHaveURL(expected) failed

    Expected pattern: /\/dashboard/
    Received string:  "https://wedding-lk.vercel.app/login"
    Timeout: 30000ms

    Call log:
      - Expect "toHaveURL" with timeout 30000ms
        33 × unexpected value "https://wedding-lk.vercel.app/login"


      177 |     await page.fill('input[name="password"]', process.env.TEST_CUSTOMER_PASSWORD || 'CustomerPass123!');
      178 |     await page.click('button[type="submit"]');
    > 179 |     await expect(page).toHaveURL(/\/dashboard/);
          |                        ^
      180 |
      181 |     // Go to payment history
      182 |     await page.goto('/dashboard/payments/history');
        at /Users/asithalakmal/Documents/web/final project/WeddingLK-next copy/tests/e2e/payment.spec.ts:179:24

    attachment #1: screenshot (image/png) ──────────────────────────────────────────────────────────
    ../../test-results/payment-Payment-System-Payment-history-and-analytics-Mobile-Chrome/test-failed-1.png
    ────────────────────────────────────────────────────────────────────────────────────────────────

    attachment #2: video (video/webm) ──────────────────────────────────────────────────────────────
    ../../test-results/payment-Payment-System-Payment-history-and-analytics-Mobile-Chrome/video.webm
    ────────────────────────────────────────────────────────────────────────────────────────────────

    Error Context: ../../test-results/payment-Payment-System-Payment-history-and-analytics-Mobile-Chrome/error-context.md
]]>
</failure>
<system-out>
<![CDATA[
[[ATTACHMENT|test-results/payment-Payment-System-Payment-history-and-analytics-Mobile-Chrome/test-failed-1.png]]

[[ATTACHMENT|test-results/payment-Payment-System-Payment-history-and-analytics-Mobile-Chrome/video.webm]]

[[ATTACHMENT|test-results/payment-Payment-System-Payment-history-and-analytics-Mobile-Chrome/error-context.md]]
]]>
</system-out>
</testcase>
<testcase name="Payment System › Subscription payment management" classname="payment.spec.ts" time="51.404">
<failure message="payment.spec.ts:195:7 Subscription payment management" type="FAILURE">
<![CDATA[  [Mobile Chrome] › payment.spec.ts:195:7 › Payment System › Subscription payment management ───────

    Error: expect(locator).toBeVisible() failed

    Locator: locator('text=Subscription Management')
    Expected: visible
    Timeout: 30000ms
    Error: element(s) not found

    Call log:
      - Expect "toBeVisible" with timeout 30000ms
      - waiting for locator('text=Subscription Management')


      203 |     // Go to subscription management
      204 |     await page.goto('/dashboard/vendor/subscription');
    > 205 |     await expect(page.locator('text=Subscription Management')).toBeVisible();
          |                                                                ^
      206 |     
      207 |     // Select premium plan
      208 |     await page.click('button:has-text("Upgrade to Premium"), [data-testid="upgrade-button"]');
        at /Users/asithalakmal/Documents/web/final project/WeddingLK-next copy/tests/e2e/payment.spec.ts:205:64

    attachment #1: screenshot (image/png) ──────────────────────────────────────────────────────────
    ../../test-results/payment-Payment-System-Subscription-payment-management-Mobile-Chrome/test-failed-1.png
    ────────────────────────────────────────────────────────────────────────────────────────────────

    attachment #2: video (video/webm) ──────────────────────────────────────────────────────────────
    ../../test-results/payment-Payment-System-Subscription-payment-management-Mobile-Chrome/video.webm
    ────────────────────────────────────────────────────────────────────────────────────────────────

    Error Context: ../../test-results/payment-Payment-System-Subscription-payment-management-Mobile-Chrome/error-context.md
]]>
</failure>
<system-out>
<![CDATA[
[[ATTACHMENT|test-results/payment-Payment-System-Subscription-payment-management-Mobile-Chrome/test-failed-1.png]]

[[ATTACHMENT|test-results/payment-Payment-System-Subscription-payment-management-Mobile-Chrome/video.webm]]

[[ATTACHMENT|test-results/payment-Payment-System-Subscription-payment-management-Mobile-Chrome/error-context.md]]
]]>
</system-out>
</testcase>
<testcase name="Payment System › Payment webhook handling" classname="payment.spec.ts" time="1.92">
<failure message="payment.spec.ts:231:7 Payment webhook handling" type="FAILURE">
<![CDATA[  [Mobile Chrome] › payment.spec.ts:231:7 › Payment System › Payment webhook handling ──────────────

    Error: expect(received).toBeTruthy()

    Received: false

      245 |     });
      246 |     
    > 247 |     expect(webhookResponse.ok()).toBeTruthy();
          |                                  ^
      248 |   });
      249 | });
      250 |
        at /Users/asithalakmal/Documents/web/final project/WeddingLK-next copy/tests/e2e/payment.spec.ts:247:34

    attachment #1: screenshot (image/png) ──────────────────────────────────────────────────────────
    ../../test-results/payment-Payment-System-Payment-webhook-handling-Mobile-Chrome/test-failed-1.png
    ────────────────────────────────────────────────────────────────────────────────────────────────

    attachment #2: video (video/webm) ──────────────────────────────────────────────────────────────
    ../../test-results/payment-Payment-System-Payment-webhook-handling-Mobile-Chrome/video.webm
    ────────────────────────────────────────────────────────────────────────────────────────────────
]]>
</failure>
<system-out>
<![CDATA[
[[ATTACHMENT|test-results/payment-Payment-System-Payment-webhook-handling-Mobile-Chrome/test-failed-1.png]]

[[ATTACHMENT|test-results/payment-Payment-System-Payment-webhook-handling-Mobile-Chrome/video.webm]]
]]>
</system-out>
</testcase>
</testsuite>
<testsuite name="production.spec.ts" timestamp="2025-10-24T06:04:58.917Z" hostname="Mobile Chrome" tests="6" failures="4" skipped="0" time="261.274" errors="0">
<testcase name="Production Site Tests › Homepage loads correctly" classname="production.spec.ts" time="38.033">
<failure message="production.spec.ts:4:7 Homepage loads correctly" type="FAILURE">
<![CDATA[  [Mobile Chrome] › production.spec.ts:4:7 › Production Site Tests › Homepage loads correctly ──────

    Error: expect(locator).toBeVisible() failed

    Locator:  locator('nav a[href="/venues"]')
    Expected: visible
    Received: hidden
    Timeout:  30000ms

    Call log:
      - Expect "toBeVisible" with timeout 30000ms
      - waiting for locator('nav a[href="/venues"]')
        33 × locator resolved to <a href="/venues" class="text-gray-700 hover:text-rose-500 dark:text-gray-300 dark:hover:text-rose-400 font-medium transition-colors">Venues</a>
           - unexpected value "hidden"


      12 |     
      13 |     // Check that navigation links are present
    > 14 |     await expect(page.locator('nav a[href="/venues"]')).toBeVisible();
         |                                                         ^
      15 |     await expect(page.locator('nav a[href="/vendors"]')).toBeVisible();
      16 |     await expect(page.locator('nav a[href="/gallery"]')).toBeVisible();
      17 |   });
        at /Users/asithalakmal/Documents/web/final project/WeddingLK-next copy/tests/e2e/production.spec.ts:14:57

    attachment #1: screenshot (image/png) ──────────────────────────────────────────────────────────
    ../../test-results/production-Production-Site-Tests-Homepage-loads-correctly-Mobile-Chrome/test-failed-1.png
    ────────────────────────────────────────────────────────────────────────────────────────────────

    attachment #2: video (video/webm) ──────────────────────────────────────────────────────────────
    ../../test-results/production-Production-Site-Tests-Homepage-loads-correctly-Mobile-Chrome/video.webm
    ────────────────────────────────────────────────────────────────────────────────────────────────

    Error Context: ../../test-results/production-Production-Site-Tests-Homepage-loads-correctly-Mobile-Chrome/error-context.md
]]>
</failure>
<system-out>
<![CDATA[
[[ATTACHMENT|test-results/production-Production-Site-Tests-Homepage-loads-correctly-Mobile-Chrome/test-failed-1.png]]

[[ATTACHMENT|test-results/production-Production-Site-Tests-Homepage-loads-correctly-Mobile-Chrome/video.webm]]

[[ATTACHMENT|test-results/production-Production-Site-Tests-Homepage-loads-correctly-Mobile-Chrome/error-context.md]]
]]>
</system-out>
</testcase>
<testcase name="Production Site Tests › Navigation works correctly" classname="production.spec.ts" time="73.672">
<failure message="production.spec.ts:19:7 Navigation works correctly" type="FAILURE">
<![CDATA[  [Mobile Chrome] › production.spec.ts:19:7 › Production Site Tests › Navigation works correctly ───

    TimeoutError: locator.click: Timeout 60000ms exceeded.
    Call log:
      - waiting for locator('nav a[href="/venues"]').first()
        - locator resolved to <a href="/venues" class="text-gray-700 hover:text-rose-500 dark:text-gray-300 dark:hover:text-rose-400 font-medium transition-colors">Venues</a>
      - attempting click action
        2 × waiting for element to be visible, enabled and stable
          - element is not visible
        - retrying click action
        - waiting 20ms
        2 × waiting for element to be visible, enabled and stable
          - element is not visible
        - retrying click action
          - waiting 100ms
        90 × waiting for element to be visible, enabled and stable
           - element is not visible
         - retrying click action
           - waiting 500ms


      21 |     
      22 |     // Test venues navigation - use a more robust approach
    > 23 |     await page.locator('nav a[href="/venues"]').first().click();
         |                                                         ^
      24 |     
      25 |     // Wait for navigation to complete
      26 |     await page.waitForLoadState('networkidle');
        at /Users/asithalakmal/Documents/web/final project/WeddingLK-next copy/tests/e2e/production.spec.ts:23:57

    attachment #1: screenshot (image/png) ──────────────────────────────────────────────────────────
    ../../test-results/production-Production-Site-Tests-Navigation-works-correctly-Mobile-Chrome/test-failed-1.png
    ────────────────────────────────────────────────────────────────────────────────────────────────

    attachment #2: video (video/webm) ──────────────────────────────────────────────────────────────
    ../../test-results/production-Production-Site-Tests-Navigation-works-correctly-Mobile-Chrome/video.webm
    ────────────────────────────────────────────────────────────────────────────────────────────────

    Error Context: ../../test-results/production-Production-Site-Tests-Navigation-works-correctly-Mobile-Chrome/error-context.md
]]>
</failure>
<system-out>
<![CDATA[
[[ATTACHMENT|test-results/production-Production-Site-Tests-Navigation-works-correctly-Mobile-Chrome/test-failed-1.png]]

[[ATTACHMENT|test-results/production-Production-Site-Tests-Navigation-works-correctly-Mobile-Chrome/video.webm]]

[[ATTACHMENT|test-results/production-Production-Site-Tests-Navigation-works-correctly-Mobile-Chrome/error-context.md]]
]]>
</system-out>
</testcase>
<testcase name="Production Site Tests › Search functionality is present" classname="production.spec.ts" time="45.605">
<failure message="production.spec.ts:37:7 Search functionality is present" type="FAILURE">
<![CDATA[  [Mobile Chrome] › production.spec.ts:37:7 › Production Site Tests › Search functionality is present 

    Error: expect(locator).toBeVisible() failed

    Locator: locator('input[placeholder*="dream wedding"]')
    Expected: visible
    Timeout: 30000ms
    Error: element(s) not found

    Call log:
      - Expect "toBeVisible" with timeout 30000ms
      - waiting for locator('input[placeholder*="dream wedding"]')


      39 |     
      40 |     // Check that the search input is present (try different placeholder text)
    > 41 |     await expect(page.locator('input[placeholder*="dream wedding"]')).toBeVisible();
         |                                                                       ^
      42 |     
      43 |     // Check that the search button is present
      44 |     await expect(page.locator('button:has-text("Find My Perfect Wedding")')).toBeVisible();
        at /Users/asithalakmal/Documents/web/final project/WeddingLK-next copy/tests/e2e/production.spec.ts:41:71

    attachment #1: video (video/webm) ──────────────────────────────────────────────────────────────
    ../../test-results/production-Production-Site-101a3-ch-functionality-is-present-Mobile-Chrome/video.webm
    ────────────────────────────────────────────────────────────────────────────────────────────────

    Error Context: ../../test-results/production-Production-Site-101a3-ch-functionality-is-present-Mobile-Chrome/error-context.md
]]>
</failure>
<system-out>
<![CDATA[
[[ATTACHMENT|test-results/production-Production-Site-101a3-ch-functionality-is-present-Mobile-Chrome/video.webm]]

[[ATTACHMENT|test-results/production-Production-Site-101a3-ch-functionality-is-present-Mobile-Chrome/error-context.md]]
]]>
</system-out>
</testcase>
<testcase name="Production Site Tests › Footer links are present" classname="production.spec.ts" time="44.119">
<failure message="production.spec.ts:47:7 Footer links are present" type="FAILURE">
<![CDATA[  [Mobile Chrome] › production.spec.ts:47:7 › Production Site Tests › Footer links are present ─────

    Error: expect(locator).toBeVisible() failed

    Locator: locator('footer a[href="/about"], footer a[href="/contact"]')
    Expected: visible
    Error: strict mode violation: locator('footer a[href="/about"], footer a[href="/contact"]') resolved to 2 elements:
        1) <a href="/about" class="hover:text-white transition-colors">About</a> aka getByRole('link', { name: 'About' })
        2) <a href="/contact" class="hover:text-white transition-colors">Contact</a> aka getByRole('link', { name: 'Contact', exact: true })

    Call log:
      - Expect "toBeVisible" with timeout 30000ms
      - waiting for locator('footer a[href="/about"], footer a[href="/contact"]')


      56 |     await expect(page.locator('footer a[href="/gallery"]')).toBeVisible();
      57 |     // Check for about link in footer (may be in different section)
    > 58 |     await expect(page.locator('footer a[href="/about"], footer a[href="/contact"]')).toBeVisible();
         |                                                                                      ^
      59 |   });
      60 |
      61 |   test('Responsive design works', async ({ page }) => {
        at /Users/asithalakmal/Documents/web/final project/WeddingLK-next copy/tests/e2e/production.spec.ts:58:86

    attachment #1: screenshot (image/png) ──────────────────────────────────────────────────────────
    ../../test-results/production-Production-Site-Tests-Footer-links-are-present-Mobile-Chrome/test-failed-1.png
    ────────────────────────────────────────────────────────────────────────────────────────────────

    attachment #2: video (video/webm) ──────────────────────────────────────────────────────────────
    ../../test-results/production-Production-Site-Tests-Footer-links-are-present-Mobile-Chrome/video.webm
    ────────────────────────────────────────────────────────────────────────────────────────────────

    Error Context: ../../test-results/production-Production-Site-Tests-Footer-links-are-present-Mobile-Chrome/error-context.md
]]>
</failure>
<system-out>
<![CDATA[
[[ATTACHMENT|test-results/production-Production-Site-Tests-Footer-links-are-present-Mobile-Chrome/test-failed-1.png]]

[[ATTACHMENT|test-results/production-Production-Site-Tests-Footer-links-are-present-Mobile-Chrome/video.webm]]

[[ATTACHMENT|test-results/production-Production-Site-Tests-Footer-links-are-present-Mobile-Chrome/error-context.md]]
]]>
</system-out>
</testcase>
<testcase name="Production Site Tests › Responsive design works" classname="production.spec.ts" time="44.97">
</testcase>
<testcase name="Production Site Tests › Page metadata is correct" classname="production.spec.ts" time="14.875">
</testcase>
</testsuite>
<testsuite name="quick-verification.spec.ts" timestamp="2025-10-24T06:04:58.917Z" hostname="Mobile Chrome" tests="6" failures="3" skipped="1" time="147.983" errors="0">
<testcase name="🚀 Quick Production Verification › Homepage loads and basic functionality works" classname="quick-verification.spec.ts" time="42.404">
<failure message="quick-verification.spec.ts:4:7 Homepage loads and basic functionality works" type="FAILURE">
<![CDATA[  [Mobile Chrome] › quick-verification.spec.ts:4:7 › 🚀 Quick Production Verification › Homepage loads and basic functionality works 

    Error: expect(locator).toBeVisible() failed

    Locator:  locator('nav')
    Expected: visible
    Received: hidden
    Timeout:  30000ms

    Call log:
      - Expect "toBeVisible" with timeout 30000ms
      - waiting for locator('nav')
        33 × locator resolved to <nav class="flex justify-center space-x-8 px-4 sm:px-6 lg:px-8">…</nav>
           - unexpected value "hidden"


      17 |     
      18 |     // Check for navigation
    > 19 |     await expect(page.locator('nav')).toBeVisible();
         |                                       ^
      20 |     
      21 |     // Check for main content
      22 |     await expect(page.locator('main, [role="main"]')).toBeVisible();
        at /Users/asithalakmal/Documents/web/final project/WeddingLK-next copy/tests/e2e/quick-verification.spec.ts:19:39

    attachment #1: screenshot (image/png) ──────────────────────────────────────────────────────────
    ../../test-results/quick-verification-🚀-Quic-5d3be-d-basic-functionality-works-Mobile-Chrome/test-failed-1.png
    ────────────────────────────────────────────────────────────────────────────────────────────────

    attachment #2: video (video/webm) ──────────────────────────────────────────────────────────────
    ../../test-results/quick-verification-🚀-Quic-5d3be-d-basic-functionality-works-Mobile-Chrome/video.webm
    ────────────────────────────────────────────────────────────────────────────────────────────────

    Error Context: ../../test-results/quick-verification-🚀-Quic-5d3be-d-basic-functionality-works-Mobile-Chrome/error-context.md
]]>
</failure>
<system-out>
<![CDATA[
[[ATTACHMENT|test-results/quick-verification-🚀-Quic-5d3be-d-basic-functionality-works-Mobile-Chrome/test-failed-1.png]]

[[ATTACHMENT|test-results/quick-verification-🚀-Quic-5d3be-d-basic-functionality-works-Mobile-Chrome/video.webm]]

[[ATTACHMENT|test-results/quick-verification-🚀-Quic-5d3be-d-basic-functionality-works-Mobile-Chrome/error-context.md]]
]]>
</system-out>
</testcase>
<testcase name="🚀 Quick Production Verification › API endpoints are responding" classname="quick-verification.spec.ts" time="5.254">
</testcase>
<testcase name="🚀 Quick Production Verification › Database connection is working - DISABLED (Slow endpoint)" classname="quick-verification.spec.ts" time="0">
<properties>
<property name="skip" value="">
</property>
</properties>
<skipped>
</skipped>
</testcase>
<testcase name="🚀 Quick Production Verification › Navigation works correctly" classname="quick-verification.spec.ts" time="48.635">
<failure message="quick-verification.spec.ts:47:7 Navigation works correctly" type="FAILURE">
<![CDATA[  [Mobile Chrome] › quick-verification.spec.ts:47:7 › 🚀 Quick Production Verification › Navigation works correctly 

    Error: expect(locator).toBeVisible() failed

    Locator:  locator('nav a[href]').first()
    Expected: visible
    Received: hidden
    Timeout:  30000ms

    Call log:
      - Expect "toBeVisible" with timeout 30000ms
      - waiting for locator('nav a[href]').first()
        33 × locator resolved to <a href="/venues" class="text-gray-700 hover:text-rose-500 dark:text-gray-300 dark:hover:text-rose-400 font-medium transition-colors">Venues</a>
           - unexpected value "hidden"


      55 |     // Test that navigation is clickable
      56 |     const firstLink = navLinks.first();
    > 57 |     await expect(firstLink).toBeVisible();
         |                             ^
      58 |   });
      59 |
      60 |   test('Page is responsive', async ({ page }) => {
        at /Users/asithalakmal/Documents/web/final project/WeddingLK-next copy/tests/e2e/quick-verification.spec.ts:57:29

    attachment #1: screenshot (image/png) ──────────────────────────────────────────────────────────
    ../../test-results/quick-verification-🚀-Quic-2078d--Navigation-works-correctly-Mobile-Chrome/test-failed-1.png
    ────────────────────────────────────────────────────────────────────────────────────────────────

    attachment #2: video (video/webm) ──────────────────────────────────────────────────────────────
    ../../test-results/quick-verification-🚀-Quic-2078d--Navigation-works-correctly-Mobile-Chrome/video.webm
    ────────────────────────────────────────────────────────────────────────────────────────────────

    Error Context: ../../test-results/quick-verification-🚀-Quic-2078d--Navigation-works-correctly-Mobile-Chrome/error-context.md
]]>
</failure>
<system-out>
<![CDATA[
[[ATTACHMENT|test-results/quick-verification-🚀-Quic-2078d--Navigation-works-correctly-Mobile-Chrome/test-failed-1.png]]

[[ATTACHMENT|test-results/quick-verification-🚀-Quic-2078d--Navigation-works-correctly-Mobile-Chrome/video.webm]]

[[ATTACHMENT|test-results/quick-verification-🚀-Quic-2078d--Navigation-works-correctly-Mobile-Chrome/error-context.md]]
]]>
</system-out>
</testcase>
<testcase name="🚀 Quick Production Verification › Page is responsive" classname="quick-verification.spec.ts" time="13.065">
</testcase>
<testcase name="🚀 Quick Production Verification › No critical JavaScript errors" classname="quick-verification.spec.ts" time="38.625">
<failure message="quick-verification.spec.ts:72:7 No critical JavaScript errors" type="FAILURE">
<![CDATA[  [Mobile Chrome] › quick-verification.spec.ts:72:7 › 🚀 Quick Production Verification › No critical JavaScript errors 

    Error: expect(received).toHaveLength(expected)

    Expected length: 0
    Received length: 1
    Received array:  ["Failed to load resource: the server responded with a status of 500 ()"]

       99 |         );
      100 |     
    > 101 |     expect(criticalErrors).toHaveLength(0);
          |                            ^
      102 |   });
      103 | });
      104 |
        at /Users/asithalakmal/Documents/web/final project/WeddingLK-next copy/tests/e2e/quick-verification.spec.ts:101:28

    attachment #1: screenshot (image/png) ──────────────────────────────────────────────────────────
    ../../test-results/quick-verification-🚀-Quic-e0dbb--critical-JavaScript-errors-Mobile-Chrome/test-failed-1.png
    ────────────────────────────────────────────────────────────────────────────────────────────────

    attachment #2: video (video/webm) ──────────────────────────────────────────────────────────────
    ../../test-results/quick-verification-🚀-Quic-e0dbb--critical-JavaScript-errors-Mobile-Chrome/video.webm
    ────────────────────────────────────────────────────────────────────────────────────────────────

    Error Context: ../../test-results/quick-verification-🚀-Quic-e0dbb--critical-JavaScript-errors-Mobile-Chrome/error-context.md
]]>
</failure>
<system-out>
<![CDATA[
[[ATTACHMENT|test-results/quick-verification-🚀-Quic-e0dbb--critical-JavaScript-errors-Mobile-Chrome/test-failed-1.png]]

[[ATTACHMENT|test-results/quick-verification-🚀-Quic-e0dbb--critical-JavaScript-errors-Mobile-Chrome/video.webm]]

[[ATTACHMENT|test-results/quick-verification-🚀-Quic-e0dbb--critical-JavaScript-errors-Mobile-Chrome/error-context.md]]
]]>
</system-out>
</testcase>
</testsuite>
<testsuite name="rbac-comprehensive.spec.ts" timestamp="2025-10-24T06:04:58.917Z" hostname="Mobile Chrome" tests="28" failures="28" skipped="0" time="1297.871" errors="0">
<testcase name="🔐 User Role RBAC Tests › User Role - Allowed Access" classname="rbac-comprehensive.spec.ts" time="73.958">
<failure message="rbac-comprehensive.spec.ts:76:7 User Role - Allowed Access" type="FAILURE">
<![CDATA[  [Mobile Chrome] › rbac-comprehensive.spec.ts:76:7 › 🔐 User Role RBAC Tests › User Role - Allowed Access 

    Error: expect(page).toHaveURL(expected) failed

    Expected pattern: /\/dashboard/
    Received string:  "https://wedding-lk.vercel.app/login"
    Timeout: 30000ms

    Call log:
      - Expect "toHaveURL" with timeout 30000ms
        33 × unexpected value "https://wedding-lk.vercel.app/login"


      53 |   await page.fill('input[name="password"]', user.password);
      54 |   await page.click('button[type="submit"]');
    > 55 |   await expect(page).toHaveURL(/\/dashboard/);
         |                      ^
      56 | }
      57 |
      58 | // Helper function to test navigation access
        at loginAsRole (/Users/asithalakmal/Documents/web/final project/WeddingLK-next copy/tests/e2e/rbac-comprehensive.spec.ts:55:22)
        at /Users/asithalakmal/Documents/web/final project/WeddingLK-next copy/tests/e2e/rbac-comprehensive.spec.ts:77:5

    attachment #1: screenshot (image/png) ──────────────────────────────────────────────────────────
    ../../test-results/rbac-comprehensive-🔐-User-6e635--User-Role---Allowed-Access-Mobile-Chrome/test-failed-1.png
    ────────────────────────────────────────────────────────────────────────────────────────────────

    attachment #2: video (video/webm) ──────────────────────────────────────────────────────────────
    ../../test-results/rbac-comprehensive-🔐-User-6e635--User-Role---Allowed-Access-Mobile-Chrome/video.webm
    ────────────────────────────────────────────────────────────────────────────────────────────────

    Error Context: ../../test-results/rbac-comprehensive-🔐-User-6e635--User-Role---Allowed-Access-Mobile-Chrome/error-context.md
]]>
</failure>
<system-out>
<![CDATA[
[[ATTACHMENT|test-results/rbac-comprehensive-🔐-User-6e635--User-Role---Allowed-Access-Mobile-Chrome/test-failed-1.png]]

[[ATTACHMENT|test-results/rbac-comprehensive-🔐-User-6e635--User-Role---Allowed-Access-Mobile-Chrome/video.webm]]

[[ATTACHMENT|test-results/rbac-comprehensive-🔐-User-6e635--User-Role---Allowed-Access-Mobile-Chrome/error-context.md]]
]]>
</system-out>
</testcase>
<testcase name="🔐 User Role RBAC Tests › User Role - Navigation Items Visibility" classname="rbac-comprehensive.spec.ts" time="59.043">
<failure message="rbac-comprehensive.spec.ts:106:7 User Role - Navigation Items Visibility" type="FAILURE">
<![CDATA[  [Mobile Chrome] › rbac-comprehensive.spec.ts:106:7 › 🔐 User Role RBAC Tests › User Role - Navigation Items Visibility 

    Error: expect(page).toHaveURL(expected) failed

    Expected pattern: /\/dashboard/
    Received string:  "https://wedding-lk.vercel.app/login"
    Timeout: 30000ms

    Call log:
      - Expect "toHaveURL" with timeout 30000ms
        33 × unexpected value "https://wedding-lk.vercel.app/login"


      53 |   await page.fill('input[name="password"]', user.password);
      54 |   await page.click('button[type="submit"]');
    > 55 |   await expect(page).toHaveURL(/\/dashboard/);
         |                      ^
      56 | }
      57 |
      58 | // Helper function to test navigation access
        at loginAsRole (/Users/asithalakmal/Documents/web/final project/WeddingLK-next copy/tests/e2e/rbac-comprehensive.spec.ts:55:22)
        at /Users/asithalakmal/Documents/web/final project/WeddingLK-next copy/tests/e2e/rbac-comprehensive.spec.ts:107:5

    attachment #1: screenshot (image/png) ──────────────────────────────────────────────────────────
    ../../test-results/rbac-comprehensive-🔐-User-608d2-Navigation-Items-Visibility-Mobile-Chrome/test-failed-1.png
    ────────────────────────────────────────────────────────────────────────────────────────────────

    attachment #2: video (video/webm) ──────────────────────────────────────────────────────────────
    ../../test-results/rbac-comprehensive-🔐-User-608d2-Navigation-Items-Visibility-Mobile-Chrome/video.webm
    ────────────────────────────────────────────────────────────────────────────────────────────────

    Error Context: ../../test-results/rbac-comprehensive-🔐-User-608d2-Navigation-Items-Visibility-Mobile-Chrome/error-context.md
]]>
</failure>
<system-out>
<![CDATA[
[[ATTACHMENT|test-results/rbac-comprehensive-🔐-User-608d2-Navigation-Items-Visibility-Mobile-Chrome/test-failed-1.png]]

[[ATTACHMENT|test-results/rbac-comprehensive-🔐-User-608d2-Navigation-Items-Visibility-Mobile-Chrome/video.webm]]

[[ATTACHMENT|test-results/rbac-comprehensive-🔐-User-608d2-Navigation-Items-Visibility-Mobile-Chrome/error-context.md]]
]]>
</system-out>
</testcase>
<testcase name="🔐 User Role RBAC Tests › User Role - Feature Access Control" classname="rbac-comprehensive.spec.ts" time="44.471">
<failure message="rbac-comprehensive.spec.ts:126:7 User Role - Feature Access Control" type="FAILURE">
<![CDATA[  [Mobile Chrome] › rbac-comprehensive.spec.ts:126:7 › 🔐 User Role RBAC Tests › User Role - Feature Access Control 

    Error: expect(page).toHaveURL(expected) failed

    Expected pattern: /\/dashboard/
    Received string:  "https://wedding-lk.vercel.app/login"
    Timeout: 30000ms

    Call log:
      - Expect "toHaveURL" with timeout 30000ms
        33 × unexpected value "https://wedding-lk.vercel.app/login"


      53 |   await page.fill('input[name="password"]', user.password);
      54 |   await page.click('button[type="submit"]');
    > 55 |   await expect(page).toHaveURL(/\/dashboard/);
         |                      ^
      56 | }
      57 |
      58 | // Helper function to test navigation access
        at loginAsRole (/Users/asithalakmal/Documents/web/final project/WeddingLK-next copy/tests/e2e/rbac-comprehensive.spec.ts:55:22)
        at /Users/asithalakmal/Documents/web/final project/WeddingLK-next copy/tests/e2e/rbac-comprehensive.spec.ts:127:5

    attachment #1: screenshot (image/png) ──────────────────────────────────────────────────────────
    ../../test-results/rbac-comprehensive-🔐-User-8f46f-le---Feature-Access-Control-Mobile-Chrome/test-failed-1.png
    ────────────────────────────────────────────────────────────────────────────────────────────────

    attachment #2: video (video/webm) ──────────────────────────────────────────────────────────────
    ../../test-results/rbac-comprehensive-🔐-User-8f46f-le---Feature-Access-Control-Mobile-Chrome/video.webm
    ────────────────────────────────────────────────────────────────────────────────────────────────

    Error Context: ../../test-results/rbac-comprehensive-🔐-User-8f46f-le---Feature-Access-Control-Mobile-Chrome/error-context.md
]]>
</failure>
<system-out>
<![CDATA[
[[ATTACHMENT|test-results/rbac-comprehensive-🔐-User-8f46f-le---Feature-Access-Control-Mobile-Chrome/test-failed-1.png]]

[[ATTACHMENT|test-results/rbac-comprehensive-🔐-User-8f46f-le---Feature-Access-Control-Mobile-Chrome/video.webm]]

[[ATTACHMENT|test-results/rbac-comprehensive-🔐-User-8f46f-le---Feature-Access-Control-Mobile-Chrome/error-context.md]]
]]>
</system-out>
</testcase>
<testcase name="🏢 Vendor Role RBAC Tests › Vendor Role - Allowed Access" classname="rbac-comprehensive.spec.ts" time="45.287">
<failure message="rbac-comprehensive.spec.ts:146:7 Vendor Role - Allowed Access" type="FAILURE">
<![CDATA[  [Mobile Chrome] › rbac-comprehensive.spec.ts:146:7 › 🏢 Vendor Role RBAC Tests › Vendor Role - Allowed Access 

    Error: expect(page).toHaveURL(expected) failed

    Expected pattern: /\/dashboard/
    Received string:  "https://wedding-lk.vercel.app/login"
    Timeout: 30000ms

    Call log:
      - Expect "toHaveURL" with timeout 30000ms
        33 × unexpected value "https://wedding-lk.vercel.app/login"


      53 |   await page.fill('input[name="password"]', user.password);
      54 |   await page.click('button[type="submit"]');
    > 55 |   await expect(page).toHaveURL(/\/dashboard/);
         |                      ^
      56 | }
      57 |
      58 | // Helper function to test navigation access
        at loginAsRole (/Users/asithalakmal/Documents/web/final project/WeddingLK-next copy/tests/e2e/rbac-comprehensive.spec.ts:55:22)
        at /Users/asithalakmal/Documents/web/final project/WeddingLK-next copy/tests/e2e/rbac-comprehensive.spec.ts:147:5

    attachment #1: screenshot (image/png) ──────────────────────────────────────────────────────────
    ../../test-results/rbac-comprehensive-🏢-Vend-c71ca-endor-Role---Allowed-Access-Mobile-Chrome/test-failed-1.png
    ────────────────────────────────────────────────────────────────────────────────────────────────

    attachment #2: video (video/webm) ──────────────────────────────────────────────────────────────
    ../../test-results/rbac-comprehensive-🏢-Vend-c71ca-endor-Role---Allowed-Access-Mobile-Chrome/video.webm
    ────────────────────────────────────────────────────────────────────────────────────────────────

    Error Context: ../../test-results/rbac-comprehensive-🏢-Vend-c71ca-endor-Role---Allowed-Access-Mobile-Chrome/error-context.md
]]>
</failure>
<system-out>
<![CDATA[
[[ATTACHMENT|test-results/rbac-comprehensive-🏢-Vend-c71ca-endor-Role---Allowed-Access-Mobile-Chrome/test-failed-1.png]]

[[ATTACHMENT|test-results/rbac-comprehensive-🏢-Vend-c71ca-endor-Role---Allowed-Access-Mobile-Chrome/video.webm]]

[[ATTACHMENT|test-results/rbac-comprehensive-🏢-Vend-c71ca-endor-Role---Allowed-Access-Mobile-Chrome/error-context.md]]
]]>
</system-out>
</testcase>
<testcase name="🏢 Vendor Role RBAC Tests › Vendor Role - Navigation Items Visibility" classname="rbac-comprehensive.spec.ts" time="46.838">
<failure message="rbac-comprehensive.spec.ts:175:7 Vendor Role - Navigation Items Visibility" type="FAILURE">
<![CDATA[  [Mobile Chrome] › rbac-comprehensive.spec.ts:175:7 › 🏢 Vendor Role RBAC Tests › Vendor Role - Navigation Items Visibility 

    Error: expect(page).toHaveURL(expected) failed

    Expected pattern: /\/dashboard/
    Received string:  "https://wedding-lk.vercel.app/login"
    Timeout: 30000ms

    Call log:
      - Expect "toHaveURL" with timeout 30000ms
        33 × unexpected value "https://wedding-lk.vercel.app/login"


      53 |   await page.fill('input[name="password"]', user.password);
      54 |   await page.click('button[type="submit"]');
    > 55 |   await expect(page).toHaveURL(/\/dashboard/);
         |                      ^
      56 | }
      57 |
      58 | // Helper function to test navigation access
        at loginAsRole (/Users/asithalakmal/Documents/web/final project/WeddingLK-next copy/tests/e2e/rbac-comprehensive.spec.ts:55:22)
        at /Users/asithalakmal/Documents/web/final project/WeddingLK-next copy/tests/e2e/rbac-comprehensive.spec.ts:176:5

    attachment #1: screenshot (image/png) ──────────────────────────────────────────────────────────
    ../../test-results/rbac-comprehensive-🏢-Vend-6301d-Navigation-Items-Visibility-Mobile-Chrome/test-failed-1.png
    ────────────────────────────────────────────────────────────────────────────────────────────────

    attachment #2: video (video/webm) ──────────────────────────────────────────────────────────────
    ../../test-results/rbac-comprehensive-🏢-Vend-6301d-Navigation-Items-Visibility-Mobile-Chrome/video.webm
    ────────────────────────────────────────────────────────────────────────────────────────────────

    Error Context: ../../test-results/rbac-comprehensive-🏢-Vend-6301d-Navigation-Items-Visibility-Mobile-Chrome/error-context.md
]]>
</failure>
<system-out>
<![CDATA[
[[ATTACHMENT|test-results/rbac-comprehensive-🏢-Vend-6301d-Navigation-Items-Visibility-Mobile-Chrome/test-failed-1.png]]

[[ATTACHMENT|test-results/rbac-comprehensive-🏢-Vend-6301d-Navigation-Items-Visibility-Mobile-Chrome/video.webm]]

[[ATTACHMENT|test-results/rbac-comprehensive-🏢-Vend-6301d-Navigation-Items-Visibility-Mobile-Chrome/error-context.md]]
]]>
</system-out>
</testcase>
<testcase name="🏢 Vendor Role RBAC Tests › Vendor Role - Feature Access Control" classname="rbac-comprehensive.spec.ts" time="46.046">
<failure message="rbac-comprehensive.spec.ts:196:7 Vendor Role - Feature Access Control" type="FAILURE">
<![CDATA[  [Mobile Chrome] › rbac-comprehensive.spec.ts:196:7 › 🏢 Vendor Role RBAC Tests › Vendor Role - Feature Access Control 

    Error: expect(page).toHaveURL(expected) failed

    Expected pattern: /\/dashboard/
    Received string:  "https://wedding-lk.vercel.app/login"
    Timeout: 30000ms

    Call log:
      - Expect "toHaveURL" with timeout 30000ms
        33 × unexpected value "https://wedding-lk.vercel.app/login"


      53 |   await page.fill('input[name="password"]', user.password);
      54 |   await page.click('button[type="submit"]');
    > 55 |   await expect(page).toHaveURL(/\/dashboard/);
         |                      ^
      56 | }
      57 |
      58 | // Helper function to test navigation access
        at loginAsRole (/Users/asithalakmal/Documents/web/final project/WeddingLK-next copy/tests/e2e/rbac-comprehensive.spec.ts:55:22)
        at /Users/asithalakmal/Documents/web/final project/WeddingLK-next copy/tests/e2e/rbac-comprehensive.spec.ts:197:5

    attachment #1: screenshot (image/png) ──────────────────────────────────────────────────────────
    ../../test-results/rbac-comprehensive-🏢-Vend-6d7ff-le---Feature-Access-Control-Mobile-Chrome/test-failed-1.png
    ────────────────────────────────────────────────────────────────────────────────────────────────

    attachment #2: video (video/webm) ──────────────────────────────────────────────────────────────
    ../../test-results/rbac-comprehensive-🏢-Vend-6d7ff-le---Feature-Access-Control-Mobile-Chrome/video.webm
    ────────────────────────────────────────────────────────────────────────────────────────────────

    Error Context: ../../test-results/rbac-comprehensive-🏢-Vend-6d7ff-le---Feature-Access-Control-Mobile-Chrome/error-context.md
]]>
</failure>
<system-out>
<![CDATA[
[[ATTACHMENT|test-results/rbac-comprehensive-🏢-Vend-6d7ff-le---Feature-Access-Control-Mobile-Chrome/test-failed-1.png]]

[[ATTACHMENT|test-results/rbac-comprehensive-🏢-Vend-6d7ff-le---Feature-Access-Control-Mobile-Chrome/video.webm]]

[[ATTACHMENT|test-results/rbac-comprehensive-🏢-Vend-6d7ff-le---Feature-Access-Control-Mobile-Chrome/error-context.md]]
]]>
</system-out>
</testcase>
<testcase name="👥 Wedding Planner Role RBAC Tests › Wedding Planner Role - Allowed Access" classname="rbac-comprehensive.spec.ts" time="44.07">
<failure message="rbac-comprehensive.spec.ts:220:7 Wedding Planner Role - Allowed Access" type="FAILURE">
<![CDATA[  [Mobile Chrome] › rbac-comprehensive.spec.ts:220:7 › 👥 Wedding Planner Role RBAC Tests › Wedding Planner Role - Allowed Access 

    Error: expect(page).toHaveURL(expected) failed

    Expected pattern: /\/dashboard/
    Received string:  "https://wedding-lk.vercel.app/login"
    Timeout: 30000ms

    Call log:
      - Expect "toHaveURL" with timeout 30000ms
        33 × unexpected value "https://wedding-lk.vercel.app/login"


      53 |   await page.fill('input[name="password"]', user.password);
      54 |   await page.click('button[type="submit"]');
    > 55 |   await expect(page).toHaveURL(/\/dashboard/);
         |                      ^
      56 | }
      57 |
      58 | // Helper function to test navigation access
        at loginAsRole (/Users/asithalakmal/Documents/web/final project/WeddingLK-next copy/tests/e2e/rbac-comprehensive.spec.ts:55:22)
        at /Users/asithalakmal/Documents/web/final project/WeddingLK-next copy/tests/e2e/rbac-comprehensive.spec.ts:221:5

    attachment #1: screenshot (image/png) ──────────────────────────────────────────────────────────
    ../../test-results/rbac-comprehensive-👥-Wedd-e2018-anner-Role---Allowed-Access-Mobile-Chrome/test-failed-1.png
    ────────────────────────────────────────────────────────────────────────────────────────────────

    attachment #2: video (video/webm) ──────────────────────────────────────────────────────────────
    ../../test-results/rbac-comprehensive-👥-Wedd-e2018-anner-Role---Allowed-Access-Mobile-Chrome/video.webm
    ────────────────────────────────────────────────────────────────────────────────────────────────

    Error Context: ../../test-results/rbac-comprehensive-👥-Wedd-e2018-anner-Role---Allowed-Access-Mobile-Chrome/error-context.md
]]>
</failure>
<system-out>
<![CDATA[
[[ATTACHMENT|test-results/rbac-comprehensive-👥-Wedd-e2018-anner-Role---Allowed-Access-Mobile-Chrome/test-failed-1.png]]

[[ATTACHMENT|test-results/rbac-comprehensive-👥-Wedd-e2018-anner-Role---Allowed-Access-Mobile-Chrome/video.webm]]

[[ATTACHMENT|test-results/rbac-comprehensive-👥-Wedd-e2018-anner-Role---Allowed-Access-Mobile-Chrome/error-context.md]]
]]>
</system-out>
</testcase>
<testcase name="👥 Wedding Planner Role RBAC Tests › Wedding Planner Role - Navigation Items Visibility" classname="rbac-comprehensive.spec.ts" time="46.051">
<failure message="rbac-comprehensive.spec.ts:249:7 Wedding Planner Role - Navigation Items Visibility" type="FAILURE">
<![CDATA[  [Mobile Chrome] › rbac-comprehensive.spec.ts:249:7 › 👥 Wedding Planner Role RBAC Tests › Wedding Planner Role - Navigation Items Visibility 

    Error: expect(page).toHaveURL(expected) failed

    Expected pattern: /\/dashboard/
    Received string:  "https://wedding-lk.vercel.app/login"
    Timeout: 30000ms

    Call log:
      - Expect "toHaveURL" with timeout 30000ms
        33 × unexpected value "https://wedding-lk.vercel.app/login"


      53 |   await page.fill('input[name="password"]', user.password);
      54 |   await page.click('button[type="submit"]');
    > 55 |   await expect(page).toHaveURL(/\/dashboard/);
         |                      ^
      56 | }
      57 |
      58 | // Helper function to test navigation access
        at loginAsRole (/Users/asithalakmal/Documents/web/final project/WeddingLK-next copy/tests/e2e/rbac-comprehensive.spec.ts:55:22)
        at /Users/asithalakmal/Documents/web/final project/WeddingLK-next copy/tests/e2e/rbac-comprehensive.spec.ts:250:5

    attachment #1: screenshot (image/png) ──────────────────────────────────────────────────────────
    ../../test-results/rbac-comprehensive-👥-Wedd-a3027-Navigation-Items-Visibility-Mobile-Chrome/test-failed-1.png
    ────────────────────────────────────────────────────────────────────────────────────────────────

    attachment #2: video (video/webm) ──────────────────────────────────────────────────────────────
    ../../test-results/rbac-comprehensive-👥-Wedd-a3027-Navigation-Items-Visibility-Mobile-Chrome/video.webm
    ────────────────────────────────────────────────────────────────────────────────────────────────

    Error Context: ../../test-results/rbac-comprehensive-👥-Wedd-a3027-Navigation-Items-Visibility-Mobile-Chrome/error-context.md
]]>
</failure>
<system-out>
<![CDATA[
[[ATTACHMENT|test-results/rbac-comprehensive-👥-Wedd-a3027-Navigation-Items-Visibility-Mobile-Chrome/test-failed-1.png]]

[[ATTACHMENT|test-results/rbac-comprehensive-👥-Wedd-a3027-Navigation-Items-Visibility-Mobile-Chrome/video.webm]]

[[ATTACHMENT|test-results/rbac-comprehensive-👥-Wedd-a3027-Navigation-Items-Visibility-Mobile-Chrome/error-context.md]]
]]>
</system-out>
</testcase>
<testcase name="👥 Wedding Planner Role RBAC Tests › Wedding Planner Role - Feature Access Control" classname="rbac-comprehensive.spec.ts" time="43.786">
<failure message="rbac-comprehensive.spec.ts:270:7 Wedding Planner Role - Feature Access Control" type="FAILURE">
<![CDATA[  [Mobile Chrome] › rbac-comprehensive.spec.ts:270:7 › 👥 Wedding Planner Role RBAC Tests › Wedding Planner Role - Feature Access Control 

    Error: expect(page).toHaveURL(expected) failed

    Expected pattern: /\/dashboard/
    Received string:  "https://wedding-lk.vercel.app/login"
    Timeout: 30000ms

    Call log:
      - Expect "toHaveURL" with timeout 30000ms
        33 × unexpected value "https://wedding-lk.vercel.app/login"


      53 |   await page.fill('input[name="password"]', user.password);
      54 |   await page.click('button[type="submit"]');
    > 55 |   await expect(page).toHaveURL(/\/dashboard/);
         |                      ^
      56 | }
      57 |
      58 | // Helper function to test navigation access
        at loginAsRole (/Users/asithalakmal/Documents/web/final project/WeddingLK-next copy/tests/e2e/rbac-comprehensive.spec.ts:55:22)
        at /Users/asithalakmal/Documents/web/final project/WeddingLK-next copy/tests/e2e/rbac-comprehensive.spec.ts:271:5

    attachment #1: screenshot (image/png) ──────────────────────────────────────────────────────────
    ../../test-results/rbac-comprehensive-👥-Wedd-afe80-le---Feature-Access-Control-Mobile-Chrome/test-failed-1.png
    ────────────────────────────────────────────────────────────────────────────────────────────────

    attachment #2: video (video/webm) ──────────────────────────────────────────────────────────────
    ../../test-results/rbac-comprehensive-👥-Wedd-afe80-le---Feature-Access-Control-Mobile-Chrome/video.webm
    ────────────────────────────────────────────────────────────────────────────────────────────────

    Error Context: ../../test-results/rbac-comprehensive-👥-Wedd-afe80-le---Feature-Access-Control-Mobile-Chrome/error-context.md
]]>
</failure>
<system-out>
<![CDATA[
[[ATTACHMENT|test-results/rbac-comprehensive-👥-Wedd-afe80-le---Feature-Access-Control-Mobile-Chrome/test-failed-1.png]]

[[ATTACHMENT|test-results/rbac-comprehensive-👥-Wedd-afe80-le---Feature-Access-Control-Mobile-Chrome/video.webm]]

[[ATTACHMENT|test-results/rbac-comprehensive-👥-Wedd-afe80-le---Feature-Access-Control-Mobile-Chrome/error-context.md]]
]]>
</system-out>
</testcase>
<testcase name="👑 Admin Role RBAC Tests › Admin Role - Allowed Access" classname="rbac-comprehensive.spec.ts" time="44.296">
<failure message="rbac-comprehensive.spec.ts:294:7 Admin Role - Allowed Access" type="FAILURE">
<![CDATA[  [Mobile Chrome] › rbac-comprehensive.spec.ts:294:7 › 👑 Admin Role RBAC Tests › Admin Role - Allowed Access 

    Error: expect(page).toHaveURL(expected) failed

    Expected pattern: /\/dashboard/
    Received string:  "https://wedding-lk.vercel.app/login"
    Timeout: 30000ms

    Call log:
      - Expect "toHaveURL" with timeout 30000ms
        34 × unexpected value "https://wedding-lk.vercel.app/login"


      53 |   await page.fill('input[name="password"]', user.password);
      54 |   await page.click('button[type="submit"]');
    > 55 |   await expect(page).toHaveURL(/\/dashboard/);
         |                      ^
      56 | }
      57 |
      58 | // Helper function to test navigation access
        at loginAsRole (/Users/asithalakmal/Documents/web/final project/WeddingLK-next copy/tests/e2e/rbac-comprehensive.spec.ts:55:22)
        at /Users/asithalakmal/Documents/web/final project/WeddingLK-next copy/tests/e2e/rbac-comprehensive.spec.ts:295:5

    attachment #1: screenshot (image/png) ──────────────────────────────────────────────────────────
    ../../test-results/rbac-comprehensive-👑-Admi-1dca0-Admin-Role---Allowed-Access-Mobile-Chrome/test-failed-1.png
    ────────────────────────────────────────────────────────────────────────────────────────────────

    attachment #2: video (video/webm) ──────────────────────────────────────────────────────────────
    ../../test-results/rbac-comprehensive-👑-Admi-1dca0-Admin-Role---Allowed-Access-Mobile-Chrome/video.webm
    ────────────────────────────────────────────────────────────────────────────────────────────────

    Error Context: ../../test-results/rbac-comprehensive-👑-Admi-1dca0-Admin-Role---Allowed-Access-Mobile-Chrome/error-context.md
]]>
</failure>
<system-out>
<![CDATA[
[[ATTACHMENT|test-results/rbac-comprehensive-👑-Admi-1dca0-Admin-Role---Allowed-Access-Mobile-Chrome/test-failed-1.png]]

[[ATTACHMENT|test-results/rbac-comprehensive-👑-Admi-1dca0-Admin-Role---Allowed-Access-Mobile-Chrome/video.webm]]

[[ATTACHMENT|test-results/rbac-comprehensive-👑-Admi-1dca0-Admin-Role---Allowed-Access-Mobile-Chrome/error-context.md]]
]]>
</system-out>
</testcase>
<testcase name="👑 Admin Role RBAC Tests › Admin Role - Navigation Items Visibility" classname="rbac-comprehensive.spec.ts" time="46.073">
<failure message="rbac-comprehensive.spec.ts:323:7 Admin Role - Navigation Items Visibility" type="FAILURE">
<![CDATA[  [Mobile Chrome] › rbac-comprehensive.spec.ts:323:7 › 👑 Admin Role RBAC Tests › Admin Role - Navigation Items Visibility 

    Error: expect(page).toHaveURL(expected) failed

    Expected pattern: /\/dashboard/
    Received string:  "https://wedding-lk.vercel.app/login"
    Timeout: 30000ms

    Call log:
      - Expect "toHaveURL" with timeout 30000ms
        33 × unexpected value "https://wedding-lk.vercel.app/login"


      53 |   await page.fill('input[name="password"]', user.password);
      54 |   await page.click('button[type="submit"]');
    > 55 |   await expect(page).toHaveURL(/\/dashboard/);
         |                      ^
      56 | }
      57 |
      58 | // Helper function to test navigation access
        at loginAsRole (/Users/asithalakmal/Documents/web/final project/WeddingLK-next copy/tests/e2e/rbac-comprehensive.spec.ts:55:22)
        at /Users/asithalakmal/Documents/web/final project/WeddingLK-next copy/tests/e2e/rbac-comprehensive.spec.ts:324:5

    attachment #1: screenshot (image/png) ──────────────────────────────────────────────────────────
    ../../test-results/rbac-comprehensive-👑-Admi-df4c3-Navigation-Items-Visibility-Mobile-Chrome/test-failed-1.png
    ────────────────────────────────────────────────────────────────────────────────────────────────

    attachment #2: video (video/webm) ──────────────────────────────────────────────────────────────
    ../../test-results/rbac-comprehensive-👑-Admi-df4c3-Navigation-Items-Visibility-Mobile-Chrome/video.webm
    ────────────────────────────────────────────────────────────────────────────────────────────────

    Error Context: ../../test-results/rbac-comprehensive-👑-Admi-df4c3-Navigation-Items-Visibility-Mobile-Chrome/error-context.md
]]>
</failure>
<system-out>
<![CDATA[
[[ATTACHMENT|test-results/rbac-comprehensive-👑-Admi-df4c3-Navigation-Items-Visibility-Mobile-Chrome/test-failed-1.png]]

[[ATTACHMENT|test-results/rbac-comprehensive-👑-Admi-df4c3-Navigation-Items-Visibility-Mobile-Chrome/video.webm]]

[[ATTACHMENT|test-results/rbac-comprehensive-👑-Admi-df4c3-Navigation-Items-Visibility-Mobile-Chrome/error-context.md]]
]]>
</system-out>
</testcase>
<testcase name="👑 Admin Role RBAC Tests › Admin Role - Feature Access Control" classname="rbac-comprehensive.spec.ts" time="55.533">
<failure message="rbac-comprehensive.spec.ts:346:7 Admin Role - Feature Access Control" type="FAILURE">
<![CDATA[  [Mobile Chrome] › rbac-comprehensive.spec.ts:346:7 › 👑 Admin Role RBAC Tests › Admin Role - Feature Access Control 

    Error: expect(page).toHaveURL(expected) failed

    Expected pattern: /\/dashboard/
    Received string:  "https://wedding-lk.vercel.app/login"
    Timeout: 30000ms

    Call log:
      - Expect "toHaveURL" with timeout 30000ms
        33 × unexpected value "https://wedding-lk.vercel.app/login"


      53 |   await page.fill('input[name="password"]', user.password);
      54 |   await page.click('button[type="submit"]');
    > 55 |   await expect(page).toHaveURL(/\/dashboard/);
         |                      ^
      56 | }
      57 |
      58 | // Helper function to test navigation access
        at loginAsRole (/Users/asithalakmal/Documents/web/final project/WeddingLK-next copy/tests/e2e/rbac-comprehensive.spec.ts:55:22)
        at /Users/asithalakmal/Documents/web/final project/WeddingLK-next copy/tests/e2e/rbac-comprehensive.spec.ts:347:5

    attachment #1: screenshot (image/png) ──────────────────────────────────────────────────────────
    ../../test-results/rbac-comprehensive-👑-Admi-503af-le---Feature-Access-Control-Mobile-Chrome/test-failed-1.png
    ────────────────────────────────────────────────────────────────────────────────────────────────

    attachment #2: video (video/webm) ──────────────────────────────────────────────────────────────
    ../../test-results/rbac-comprehensive-👑-Admi-503af-le---Feature-Access-Control-Mobile-Chrome/video.webm
    ────────────────────────────────────────────────────────────────────────────────────────────────

    Error Context: ../../test-results/rbac-comprehensive-👑-Admi-503af-le---Feature-Access-Control-Mobile-Chrome/error-context.md
]]>
</failure>
<system-out>
<![CDATA[
[[ATTACHMENT|test-results/rbac-comprehensive-👑-Admi-503af-le---Feature-Access-Control-Mobile-Chrome/test-failed-1.png]]

[[ATTACHMENT|test-results/rbac-comprehensive-👑-Admi-503af-le---Feature-Access-Control-Mobile-Chrome/video.webm]]

[[ATTACHMENT|test-results/rbac-comprehensive-👑-Admi-503af-le---Feature-Access-Control-Mobile-Chrome/error-context.md]]
]]>
</system-out>
</testcase>
<testcase name="🔧 Maintainer Role RBAC Tests › Maintainer Role - Allowed Access" classname="rbac-comprehensive.spec.ts" time="40.932">
<failure message="rbac-comprehensive.spec.ts:372:7 Maintainer Role - Allowed Access" type="FAILURE">
<![CDATA[  [Mobile Chrome] › rbac-comprehensive.spec.ts:372:7 › 🔧 Maintainer Role RBAC Tests › Maintainer Role - Allowed Access 

    Error: expect(page).toHaveURL(expected) failed

    Expected pattern: /\/dashboard/
    Received string:  "https://wedding-lk.vercel.app/login"
    Timeout: 30000ms

    Call log:
      - Expect "toHaveURL" with timeout 30000ms
        33 × unexpected value "https://wedding-lk.vercel.app/login"


      53 |   await page.fill('input[name="password"]', user.password);
      54 |   await page.click('button[type="submit"]');
    > 55 |   await expect(page).toHaveURL(/\/dashboard/);
         |                      ^
      56 | }
      57 |
      58 | // Helper function to test navigation access
        at loginAsRole (/Users/asithalakmal/Documents/web/final project/WeddingLK-next copy/tests/e2e/rbac-comprehensive.spec.ts:55:22)
        at /Users/asithalakmal/Documents/web/final project/WeddingLK-next copy/tests/e2e/rbac-comprehensive.spec.ts:373:5

    attachment #1: screenshot (image/png) ──────────────────────────────────────────────────────────
    ../../test-results/rbac-comprehensive-🔧-Main-a39b7-ainer-Role---Allowed-Access-Mobile-Chrome/test-failed-1.png
    ────────────────────────────────────────────────────────────────────────────────────────────────

    attachment #2: video (video/webm) ──────────────────────────────────────────────────────────────
    ../../test-results/rbac-comprehensive-🔧-Main-a39b7-ainer-Role---Allowed-Access-Mobile-Chrome/video.webm
    ────────────────────────────────────────────────────────────────────────────────────────────────

    Error Context: ../../test-results/rbac-comprehensive-🔧-Main-a39b7-ainer-Role---Allowed-Access-Mobile-Chrome/error-context.md
]]>
</failure>
<system-out>
<![CDATA[
[[ATTACHMENT|test-results/rbac-comprehensive-🔧-Main-a39b7-ainer-Role---Allowed-Access-Mobile-Chrome/test-failed-1.png]]

[[ATTACHMENT|test-results/rbac-comprehensive-🔧-Main-a39b7-ainer-Role---Allowed-Access-Mobile-Chrome/video.webm]]

[[ATTACHMENT|test-results/rbac-comprehensive-🔧-Main-a39b7-ainer-Role---Allowed-Access-Mobile-Chrome/error-context.md]]
]]>
</system-out>
</testcase>
<testcase name="🔧 Maintainer Role RBAC Tests › Maintainer Role - Debug Access" classname="rbac-comprehensive.spec.ts" time="45.239">
<failure message="rbac-comprehensive.spec.ts:406:7 Maintainer Role - Debug Access" type="FAILURE">
<![CDATA[  [Mobile Chrome] › rbac-comprehensive.spec.ts:406:7 › 🔧 Maintainer Role RBAC Tests › Maintainer Role - Debug Access 

    Error: expect(page).toHaveURL(expected) failed

    Expected pattern: /\/dashboard/
    Received string:  "https://wedding-lk.vercel.app/login"
    Timeout: 30000ms

    Call log:
      - Expect "toHaveURL" with timeout 30000ms
        33 × unexpected value "https://wedding-lk.vercel.app/login"


      53 |   await page.fill('input[name="password"]', user.password);
      54 |   await page.click('button[type="submit"]');
    > 55 |   await expect(page).toHaveURL(/\/dashboard/);
         |                      ^
      56 | }
      57 |
      58 | // Helper function to test navigation access
        at loginAsRole (/Users/asithalakmal/Documents/web/final project/WeddingLK-next copy/tests/e2e/rbac-comprehensive.spec.ts:55:22)
        at /Users/asithalakmal/Documents/web/final project/WeddingLK-next copy/tests/e2e/rbac-comprehensive.spec.ts:407:5

    attachment #1: screenshot (image/png) ──────────────────────────────────────────────────────────
    ../../test-results/rbac-comprehensive-🔧-Main-5e06e-ntainer-Role---Debug-Access-Mobile-Chrome/test-failed-1.png
    ────────────────────────────────────────────────────────────────────────────────────────────────

    attachment #2: video (video/webm) ──────────────────────────────────────────────────────────────
    ../../test-results/rbac-comprehensive-🔧-Main-5e06e-ntainer-Role---Debug-Access-Mobile-Chrome/video.webm
    ────────────────────────────────────────────────────────────────────────────────────────────────

    Error Context: ../../test-results/rbac-comprehensive-🔧-Main-5e06e-ntainer-Role---Debug-Access-Mobile-Chrome/error-context.md
]]>
</failure>
<system-out>
<![CDATA[
[[ATTACHMENT|test-results/rbac-comprehensive-🔧-Main-5e06e-ntainer-Role---Debug-Access-Mobile-Chrome/test-failed-1.png]]

[[ATTACHMENT|test-results/rbac-comprehensive-🔧-Main-5e06e-ntainer-Role---Debug-Access-Mobile-Chrome/video.webm]]

[[ATTACHMENT|test-results/rbac-comprehensive-🔧-Main-5e06e-ntainer-Role---Debug-Access-Mobile-Chrome/error-context.md]]
]]>
</system-out>
</testcase>
<testcase name="🛡️ Middleware Route Protection Tests › Unauthenticated Access Protection" classname="rbac-comprehensive.spec.ts" time="56.902">
<failure message="rbac-comprehensive.spec.ts:420:7 Unauthenticated Access Protection" type="FAILURE">
<![CDATA[  [Mobile Chrome] › rbac-comprehensive.spec.ts:420:7 › 🛡️ Middleware Route Protection Tests › Unauthenticated Access Protection 

    Error: expect(page).toHaveURL(expected) failed

    Expected pattern: /\/auth\/signin/
    Received string:  "https://wedding-lk.vercel.app/dashboard"
    Timeout: 30000ms

    Call log:
      - Expect "toHaveURL" with timeout 30000ms
        33 × unexpected value "https://wedding-lk.vercel.app/dashboard"


      431 |     for (const route of protectedRoutes) {
      432 |       await page.goto(route);
    > 433 |       await expect(page).toHaveURL(/\/auth\/signin/);
          |                          ^
      434 |     }
      435 |   });
      436 |
        at /Users/asithalakmal/Documents/web/final project/WeddingLK-next copy/tests/e2e/rbac-comprehensive.spec.ts:433:26

    attachment #1: screenshot (image/png) ──────────────────────────────────────────────────────────
    ../../test-results/rbac-comprehensive-🛡️-Mid-97211-enticated-Access-Protection-Mobile-Chrome/test-failed-1.png
    ────────────────────────────────────────────────────────────────────────────────────────────────

    attachment #2: video (video/webm) ──────────────────────────────────────────────────────────────
    ../../test-results/rbac-comprehensive-🛡️-Mid-97211-enticated-Access-Protection-Mobile-Chrome/video.webm
    ────────────────────────────────────────────────────────────────────────────────────────────────

    Error Context: ../../test-results/rbac-comprehensive-🛡️-Mid-97211-enticated-Access-Protection-Mobile-Chrome/error-context.md
]]>
</failure>
<system-out>
<![CDATA[
[[ATTACHMENT|test-results/rbac-comprehensive-🛡️-Mid-97211-enticated-Access-Protection-Mobile-Chrome/test-failed-1.png]]

[[ATTACHMENT|test-results/rbac-comprehensive-🛡️-Mid-97211-enticated-Access-Protection-Mobile-Chrome/video.webm]]

[[ATTACHMENT|test-results/rbac-comprehensive-🛡️-Mid-97211-enticated-Access-Protection-Mobile-Chrome/error-context.md]]
]]>
</system-out>
</testcase>
<testcase name="🛡️ Middleware Route Protection Tests › Role-Based Route Protection" classname="rbac-comprehensive.spec.ts" time="44.949">
<failure message="rbac-comprehensive.spec.ts:437:7 Role-Based Route Protection" type="FAILURE">
<![CDATA[  [Mobile Chrome] › rbac-comprehensive.spec.ts:437:7 › 🛡️ Middleware Route Protection Tests › Role-Based Route Protection 

    Error: expect(page).toHaveURL(expected) failed

    Expected pattern: /\/dashboard/
    Received string:  "https://wedding-lk.vercel.app/login"
    Timeout: 30000ms

    Call log:
      - Expect "toHaveURL" with timeout 30000ms
        33 × unexpected value "https://wedding-lk.vercel.app/login"


      53 |   await page.fill('input[name="password"]', user.password);
      54 |   await page.click('button[type="submit"]');
    > 55 |   await expect(page).toHaveURL(/\/dashboard/);
         |                      ^
      56 | }
      57 |
      58 | // Helper function to test navigation access
        at loginAsRole (/Users/asithalakmal/Documents/web/final project/WeddingLK-next copy/tests/e2e/rbac-comprehensive.spec.ts:55:22)
        at /Users/asithalakmal/Documents/web/final project/WeddingLK-next copy/tests/e2e/rbac-comprehensive.spec.ts:439:5

    attachment #1: screenshot (image/png) ──────────────────────────────────────────────────────────
    ../../test-results/rbac-comprehensive-🛡️-Mid-4d0bc-Role-Based-Route-Protection-Mobile-Chrome/test-failed-1.png
    ────────────────────────────────────────────────────────────────────────────────────────────────

    attachment #2: video (video/webm) ──────────────────────────────────────────────────────────────
    ../../test-results/rbac-comprehensive-🛡️-Mid-4d0bc-Role-Based-Route-Protection-Mobile-Chrome/video.webm
    ────────────────────────────────────────────────────────────────────────────────────────────────

    Error Context: ../../test-results/rbac-comprehensive-🛡️-Mid-4d0bc-Role-Based-Route-Protection-Mobile-Chrome/error-context.md
]]>
</failure>
<system-out>
<![CDATA[
[[ATTACHMENT|test-results/rbac-comprehensive-🛡️-Mid-4d0bc-Role-Based-Route-Protection-Mobile-Chrome/test-failed-1.png]]

[[ATTACHMENT|test-results/rbac-comprehensive-🛡️-Mid-4d0bc-Role-Based-Route-Protection-Mobile-Chrome/video.webm]]

[[ATTACHMENT|test-results/rbac-comprehensive-🛡️-Mid-4d0bc-Role-Based-Route-Protection-Mobile-Chrome/error-context.md]]
]]>
</system-out>
</testcase>
<testcase name="🔌 API Endpoint Authorization Tests › API Authentication Requirements" classname="rbac-comprehensive.spec.ts" time="7.74">
<failure message="rbac-comprehensive.spec.ts:461:7 API Authentication Requirements" type="FAILURE">
<![CDATA[  [Mobile Chrome] › rbac-comprehensive.spec.ts:461:7 › 🔌 API Endpoint Authorization Tests › API Authentication Requirements 

    Error: expect(received).toBe(expected) // Object.is equality

    Expected: 401
    Received: 200

      471 |     for (const endpoint of apiEndpoints) {
      472 |       const response = await page.request.get(endpoint);
    > 473 |       expect(response.status()).toBe(401);
          |                                 ^
      474 |     }
      475 |   });
      476 |
        at /Users/asithalakmal/Documents/web/final project/WeddingLK-next copy/tests/e2e/rbac-comprehensive.spec.ts:473:33

    attachment #1: screenshot (image/png) ──────────────────────────────────────────────────────────
    ../../test-results/rbac-comprehensive-🔌-API--57edd-Authentication-Requirements-Mobile-Chrome/test-failed-1.png
    ────────────────────────────────────────────────────────────────────────────────────────────────

    attachment #2: video (video/webm) ──────────────────────────────────────────────────────────────
    ../../test-results/rbac-comprehensive-🔌-API--57edd-Authentication-Requirements-Mobile-Chrome/video.webm
    ────────────────────────────────────────────────────────────────────────────────────────────────
]]>
</failure>
<system-out>
<![CDATA[
[[ATTACHMENT|test-results/rbac-comprehensive-🔌-API--57edd-Authentication-Requirements-Mobile-Chrome/test-failed-1.png]]

[[ATTACHMENT|test-results/rbac-comprehensive-🔌-API--57edd-Authentication-Requirements-Mobile-Chrome/video.webm]]
]]>
</system-out>
</testcase>
<testcase name="🔌 API Endpoint Authorization Tests › API Role-Based Authorization" classname="rbac-comprehensive.spec.ts" time="47.679">
<failure message="rbac-comprehensive.spec.ts:477:7 API Role-Based Authorization" type="FAILURE">
<![CDATA[  [Mobile Chrome] › rbac-comprehensive.spec.ts:477:7 › 🔌 API Endpoint Authorization Tests › API Role-Based Authorization 

    Error: expect(page).toHaveURL(expected) failed

    Expected pattern: /\/dashboard/
    Received string:  "https://wedding-lk.vercel.app/login"
    Timeout: 30000ms

    Call log:
      - Expect "toHaveURL" with timeout 30000ms
        33 × unexpected value "https://wedding-lk.vercel.app/login"


      53 |   await page.fill('input[name="password"]', user.password);
      54 |   await page.click('button[type="submit"]');
    > 55 |   await expect(page).toHaveURL(/\/dashboard/);
         |                      ^
      56 | }
      57 |
      58 | // Helper function to test navigation access
        at loginAsRole (/Users/asithalakmal/Documents/web/final project/WeddingLK-next copy/tests/e2e/rbac-comprehensive.spec.ts:55:22)
        at /Users/asithalakmal/Documents/web/final project/WeddingLK-next copy/tests/e2e/rbac-comprehensive.spec.ts:479:5

    attachment #1: screenshot (image/png) ──────────────────────────────────────────────────────────
    ../../test-results/rbac-comprehensive-🔌-API--a5bf9-PI-Role-Based-Authorization-Mobile-Chrome/test-failed-1.png
    ────────────────────────────────────────────────────────────────────────────────────────────────

    attachment #2: video (video/webm) ──────────────────────────────────────────────────────────────
    ../../test-results/rbac-comprehensive-🔌-API--a5bf9-PI-Role-Based-Authorization-Mobile-Chrome/video.webm
    ────────────────────────────────────────────────────────────────────────────────────────────────

    Error Context: ../../test-results/rbac-comprehensive-🔌-API--a5bf9-PI-Role-Based-Authorization-Mobile-Chrome/error-context.md
]]>
</failure>
<system-out>
<![CDATA[
[[ATTACHMENT|test-results/rbac-comprehensive-🔌-API--a5bf9-PI-Role-Based-Authorization-Mobile-Chrome/test-failed-1.png]]

[[ATTACHMENT|test-results/rbac-comprehensive-🔌-API--a5bf9-PI-Role-Based-Authorization-Mobile-Chrome/video.webm]]

[[ATTACHMENT|test-results/rbac-comprehensive-🔌-API--a5bf9-PI-Role-Based-Authorization-Mobile-Chrome/error-context.md]]
]]>
</system-out>
</testcase>
<testcase name="🔌 API Endpoint Authorization Tests › API Permission-Based Authorization" classname="rbac-comprehensive.spec.ts" time="45.389">
<failure message="rbac-comprehensive.spec.ts:494:7 API Permission-Based Authorization" type="FAILURE">
<![CDATA[  [Mobile Chrome] › rbac-comprehensive.spec.ts:494:7 › 🔌 API Endpoint Authorization Tests › API Permission-Based Authorization 

    Error: expect(page).toHaveURL(expected) failed

    Expected pattern: /\/dashboard/
    Received string:  "https://wedding-lk.vercel.app/login"
    Timeout: 30000ms

    Call log:
      - Expect "toHaveURL" with timeout 30000ms
        33 × unexpected value "https://wedding-lk.vercel.app/login"


      53 |   await page.fill('input[name="password"]', user.password);
      54 |   await page.click('button[type="submit"]');
    > 55 |   await expect(page).toHaveURL(/\/dashboard/);
         |                      ^
      56 | }
      57 |
      58 | // Helper function to test navigation access
        at loginAsRole (/Users/asithalakmal/Documents/web/final project/WeddingLK-next copy/tests/e2e/rbac-comprehensive.spec.ts:55:22)
        at /Users/asithalakmal/Documents/web/final project/WeddingLK-next copy/tests/e2e/rbac-comprehensive.spec.ts:496:5

    attachment #1: screenshot (image/png) ──────────────────────────────────────────────────────────
    ../../test-results/rbac-comprehensive-🔌-API--eb92c-mission-Based-Authorization-Mobile-Chrome/test-failed-1.png
    ────────────────────────────────────────────────────────────────────────────────────────────────

    attachment #2: video (video/webm) ──────────────────────────────────────────────────────────────
    ../../test-results/rbac-comprehensive-🔌-API--eb92c-mission-Based-Authorization-Mobile-Chrome/video.webm
    ────────────────────────────────────────────────────────────────────────────────────────────────

    Error Context: ../../test-results/rbac-comprehensive-🔌-API--eb92c-mission-Based-Authorization-Mobile-Chrome/error-context.md
]]>
</failure>
<system-out>
<![CDATA[
[[ATTACHMENT|test-results/rbac-comprehensive-🔌-API--eb92c-mission-Based-Authorization-Mobile-Chrome/test-failed-1.png]]

[[ATTACHMENT|test-results/rbac-comprehensive-🔌-API--eb92c-mission-Based-Authorization-Mobile-Chrome/video.webm]]

[[ATTACHMENT|test-results/rbac-comprehensive-🔌-API--eb92c-mission-Based-Authorization-Mobile-Chrome/error-context.md]]
]]>
</system-out>
</testcase>
<testcase name="🎨 UI Component Visibility Tests › Dashboard Components Based on Role" classname="rbac-comprehensive.spec.ts" time="50.093">
<failure message="rbac-comprehensive.spec.ts:511:7 Dashboard Components Based on Role" type="FAILURE">
<![CDATA[  [Mobile Chrome] › rbac-comprehensive.spec.ts:511:7 › 🎨 UI Component Visibility Tests › Dashboard Components Based on Role 

    Error: expect(page).toHaveURL(expected) failed

    Expected pattern: /\/dashboard/
    Received string:  "https://wedding-lk.vercel.app/login"
    Timeout: 30000ms

    Call log:
      - Expect "toHaveURL" with timeout 30000ms
        33 × unexpected value "https://wedding-lk.vercel.app/login"


      53 |   await page.fill('input[name="password"]', user.password);
      54 |   await page.click('button[type="submit"]');
    > 55 |   await expect(page).toHaveURL(/\/dashboard/);
         |                      ^
      56 | }
      57 |
      58 | // Helper function to test navigation access
        at loginAsRole (/Users/asithalakmal/Documents/web/final project/WeddingLK-next copy/tests/e2e/rbac-comprehensive.spec.ts:55:22)
        at /Users/asithalakmal/Documents/web/final project/WeddingLK-next copy/tests/e2e/rbac-comprehensive.spec.ts:513:5

    attachment #1: screenshot (image/png) ──────────────────────────────────────────────────────────
    ../../test-results/rbac-comprehensive-🎨-UI-C-12201-rd-Components-Based-on-Role-Mobile-Chrome/test-failed-1.png
    ────────────────────────────────────────────────────────────────────────────────────────────────

    attachment #2: video (video/webm) ──────────────────────────────────────────────────────────────
    ../../test-results/rbac-comprehensive-🎨-UI-C-12201-rd-Components-Based-on-Role-Mobile-Chrome/video.webm
    ────────────────────────────────────────────────────────────────────────────────────────────────

    Error Context: ../../test-results/rbac-comprehensive-🎨-UI-C-12201-rd-Components-Based-on-Role-Mobile-Chrome/error-context.md
]]>
</failure>
<system-out>
<![CDATA[
[[ATTACHMENT|test-results/rbac-comprehensive-🎨-UI-C-12201-rd-Components-Based-on-Role-Mobile-Chrome/test-failed-1.png]]

[[ATTACHMENT|test-results/rbac-comprehensive-🎨-UI-C-12201-rd-Components-Based-on-Role-Mobile-Chrome/video.webm]]

[[ATTACHMENT|test-results/rbac-comprehensive-🎨-UI-C-12201-rd-Components-Based-on-Role-Mobile-Chrome/error-context.md]]
]]>
</system-out>
</testcase>
<testcase name="🎨 UI Component Visibility Tests › Navigation Menu Based on Role" classname="rbac-comprehensive.spec.ts" time="52.954">
<failure message="rbac-comprehensive.spec.ts:525:7 Navigation Menu Based on Role" type="FAILURE">
<![CDATA[  [Mobile Chrome] › rbac-comprehensive.spec.ts:525:7 › 🎨 UI Component Visibility Tests › Navigation Menu Based on Role 

    Error: expect(page).toHaveURL(expected) failed

    Expected pattern: /\/dashboard/
    Received string:  "https://wedding-lk.vercel.app/login"
    Timeout: 30000ms

    Call log:
      - Expect "toHaveURL" with timeout 30000ms
        33 × unexpected value "https://wedding-lk.vercel.app/login"


      53 |   await page.fill('input[name="password"]', user.password);
      54 |   await page.click('button[type="submit"]');
    > 55 |   await expect(page).toHaveURL(/\/dashboard/);
         |                      ^
      56 | }
      57 |
      58 | // Helper function to test navigation access
        at loginAsRole (/Users/asithalakmal/Documents/web/final project/WeddingLK-next copy/tests/e2e/rbac-comprehensive.spec.ts:55:22)
        at /Users/asithalakmal/Documents/web/final project/WeddingLK-next copy/tests/e2e/rbac-comprehensive.spec.ts:527:5

    attachment #1: screenshot (image/png) ──────────────────────────────────────────────────────────
    ../../test-results/rbac-comprehensive-🎨-UI-C-60cb7-vigation-Menu-Based-on-Role-Mobile-Chrome/test-failed-1.png
    ────────────────────────────────────────────────────────────────────────────────────────────────

    attachment #2: video (video/webm) ──────────────────────────────────────────────────────────────
    ../../test-results/rbac-comprehensive-🎨-UI-C-60cb7-vigation-Menu-Based-on-Role-Mobile-Chrome/video.webm
    ────────────────────────────────────────────────────────────────────────────────────────────────

    Error Context: ../../test-results/rbac-comprehensive-🎨-UI-C-60cb7-vigation-Menu-Based-on-Role-Mobile-Chrome/error-context.md
]]>
</failure>
<system-out>
<![CDATA[
[[ATTACHMENT|test-results/rbac-comprehensive-🎨-UI-C-60cb7-vigation-Menu-Based-on-Role-Mobile-Chrome/test-failed-1.png]]

[[ATTACHMENT|test-results/rbac-comprehensive-🎨-UI-C-60cb7-vigation-Menu-Based-on-Role-Mobile-Chrome/video.webm]]

[[ATTACHMENT|test-results/rbac-comprehensive-🎨-UI-C-60cb7-vigation-Menu-Based-on-Role-Mobile-Chrome/error-context.md]]
]]>
</system-out>
</testcase>
<testcase name="🎨 UI Component Visibility Tests › Action Buttons Based on Permissions" classname="rbac-comprehensive.spec.ts" time="40.104">
<failure message="rbac-comprehensive.spec.ts:539:7 Action Buttons Based on Permissions" type="FAILURE">
<![CDATA[  [Mobile Chrome] › rbac-comprehensive.spec.ts:539:7 › 🎨 UI Component Visibility Tests › Action Buttons Based on Permissions 

    Error: expect(page).toHaveURL(expected) failed

    Expected pattern: /\/dashboard/
    Received string:  "https://wedding-lk.vercel.app/login"
    Timeout: 30000ms

    Call log:
      - Expect "toHaveURL" with timeout 30000ms
        33 × unexpected value "https://wedding-lk.vercel.app/login"


      53 |   await page.fill('input[name="password"]', user.password);
      54 |   await page.click('button[type="submit"]');
    > 55 |   await expect(page).toHaveURL(/\/dashboard/);
         |                      ^
      56 | }
      57 |
      58 | // Helper function to test navigation access
        at loginAsRole (/Users/asithalakmal/Documents/web/final project/WeddingLK-next copy/tests/e2e/rbac-comprehensive.spec.ts:55:22)
        at /Users/asithalakmal/Documents/web/final project/WeddingLK-next copy/tests/e2e/rbac-comprehensive.spec.ts:541:5

    attachment #1: screenshot (image/png) ──────────────────────────────────────────────────────────
    ../../test-results/rbac-comprehensive-🎨-UI-C-06271-uttons-Based-on-Permissions-Mobile-Chrome/test-failed-1.png
    ────────────────────────────────────────────────────────────────────────────────────────────────

    attachment #2: video (video/webm) ──────────────────────────────────────────────────────────────
    ../../test-results/rbac-comprehensive-🎨-UI-C-06271-uttons-Based-on-Permissions-Mobile-Chrome/video.webm
    ────────────────────────────────────────────────────────────────────────────────────────────────

    Error Context: ../../test-results/rbac-comprehensive-🎨-UI-C-06271-uttons-Based-on-Permissions-Mobile-Chrome/error-context.md
]]>
</failure>
<system-out>
<![CDATA[
[[ATTACHMENT|test-results/rbac-comprehensive-🎨-UI-C-06271-uttons-Based-on-Permissions-Mobile-Chrome/test-failed-1.png]]

[[ATTACHMENT|test-results/rbac-comprehensive-🎨-UI-C-06271-uttons-Based-on-Permissions-Mobile-Chrome/video.webm]]

[[ATTACHMENT|test-results/rbac-comprehensive-🎨-UI-C-06271-uttons-Based-on-Permissions-Mobile-Chrome/error-context.md]]
]]>
</system-out>
</testcase>
<testcase name="🔄 Role Switching and Session Management › Role-Based Session Persistence" classname="rbac-comprehensive.spec.ts" time="40.787">
<failure message="rbac-comprehensive.spec.ts:558:7 Role-Based Session Persistence" type="FAILURE">
<![CDATA[  [Mobile Chrome] › rbac-comprehensive.spec.ts:558:7 › 🔄 Role Switching and Session Management › Role-Based Session Persistence 

    Error: expect(page).toHaveURL(expected) failed

    Expected pattern: /\/dashboard/
    Received string:  "https://wedding-lk.vercel.app/login"
    Timeout: 30000ms

    Call log:
      - Expect "toHaveURL" with timeout 30000ms
        33 × unexpected value "https://wedding-lk.vercel.app/login"


      53 |   await page.fill('input[name="password"]', user.password);
      54 |   await page.click('button[type="submit"]');
    > 55 |   await expect(page).toHaveURL(/\/dashboard/);
         |                      ^
      56 | }
      57 |
      58 | // Helper function to test navigation access
        at loginAsRole (/Users/asithalakmal/Documents/web/final project/WeddingLK-next copy/tests/e2e/rbac-comprehensive.spec.ts:55:22)
        at /Users/asithalakmal/Documents/web/final project/WeddingLK-next copy/tests/e2e/rbac-comprehensive.spec.ts:560:5

    attachment #1: screenshot (image/png) ──────────────────────────────────────────────────────────
    ../../test-results/rbac-comprehensive-🔄-Role-ddb92-e-Based-Session-Persistence-Mobile-Chrome/test-failed-1.png
    ────────────────────────────────────────────────────────────────────────────────────────────────

    attachment #2: video (video/webm) ──────────────────────────────────────────────────────────────
    ../../test-results/rbac-comprehensive-🔄-Role-ddb92-e-Based-Session-Persistence-Mobile-Chrome/video.webm
    ────────────────────────────────────────────────────────────────────────────────────────────────

    Error Context: ../../test-results/rbac-comprehensive-🔄-Role-ddb92-e-Based-Session-Persistence-Mobile-Chrome/error-context.md
]]>
</failure>
<system-out>
<![CDATA[
[[ATTACHMENT|test-results/rbac-comprehensive-🔄-Role-ddb92-e-Based-Session-Persistence-Mobile-Chrome/test-failed-1.png]]

[[ATTACHMENT|test-results/rbac-comprehensive-🔄-Role-ddb92-e-Based-Session-Persistence-Mobile-Chrome/video.webm]]

[[ATTACHMENT|test-results/rbac-comprehensive-🔄-Role-ddb92-e-Based-Session-Persistence-Mobile-Chrome/error-context.md]]
]]>
</system-out>
</testcase>
<testcase name="🔄 Role Switching and Session Management › Role-Based Data Filtering" classname="rbac-comprehensive.spec.ts" time="44.169">
<failure message="rbac-comprehensive.spec.ts:575:7 Role-Based Data Filtering" type="FAILURE">
<![CDATA[  [Mobile Chrome] › rbac-comprehensive.spec.ts:575:7 › 🔄 Role Switching and Session Management › Role-Based Data Filtering 

    Error: expect(page).toHaveURL(expected) failed

    Expected pattern: /\/dashboard/
    Received string:  "https://wedding-lk.vercel.app/login"
    Timeout: 30000ms

    Call log:
      - Expect "toHaveURL" with timeout 30000ms
        33 × unexpected value "https://wedding-lk.vercel.app/login"


      53 |   await page.fill('input[name="password"]', user.password);
      54 |   await page.click('button[type="submit"]');
    > 55 |   await expect(page).toHaveURL(/\/dashboard/);
         |                      ^
      56 | }
      57 |
      58 | // Helper function to test navigation access
        at loginAsRole (/Users/asithalakmal/Documents/web/final project/WeddingLK-next copy/tests/e2e/rbac-comprehensive.spec.ts:55:22)
        at /Users/asithalakmal/Documents/web/final project/WeddingLK-next copy/tests/e2e/rbac-comprehensive.spec.ts:577:5

    attachment #1: screenshot (image/png) ──────────────────────────────────────────────────────────
    ../../test-results/rbac-comprehensive-🔄-Role-b4167-t-Role-Based-Data-Filtering-Mobile-Chrome/test-failed-1.png
    ────────────────────────────────────────────────────────────────────────────────────────────────

    attachment #2: video (video/webm) ──────────────────────────────────────────────────────────────
    ../../test-results/rbac-comprehensive-🔄-Role-b4167-t-Role-Based-Data-Filtering-Mobile-Chrome/video.webm
    ────────────────────────────────────────────────────────────────────────────────────────────────

    Error Context: ../../test-results/rbac-comprehensive-🔄-Role-b4167-t-Role-Based-Data-Filtering-Mobile-Chrome/error-context.md
]]>
</failure>
<system-out>
<![CDATA[
[[ATTACHMENT|test-results/rbac-comprehensive-🔄-Role-b4167-t-Role-Based-Data-Filtering-Mobile-Chrome/test-failed-1.png]]

[[ATTACHMENT|test-results/rbac-comprehensive-🔄-Role-b4167-t-Role-Based-Data-Filtering-Mobile-Chrome/video.webm]]

[[ATTACHMENT|test-results/rbac-comprehensive-🔄-Role-b4167-t-Role-Based-Data-Filtering-Mobile-Chrome/error-context.md]]
]]>
</system-out>
</testcase>
<testcase name="🚨 Security and Error Handling › Unauthorized Access Attempts" classname="rbac-comprehensive.spec.ts" time="51.607">
<failure message="rbac-comprehensive.spec.ts:589:7 Unauthorized Access Attempts" type="FAILURE">
<![CDATA[  [Mobile Chrome] › rbac-comprehensive.spec.ts:589:7 › 🚨 Security and Error Handling › Unauthorized Access Attempts 

    Error: expect(page).toHaveURL(expected) failed

    Expected pattern: /\/auth\/signin/
    Received string:  "https://wedding-lk.vercel.app/dashboard/admin/users"
    Timeout: 30000ms

    Call log:
      - Expect "toHaveURL" with timeout 30000ms
        33 × unexpected value "https://wedding-lk.vercel.app/dashboard/admin/users"


      590 |     // Test direct URL access without authentication
      591 |     await page.goto('/dashboard/admin/users');
    > 592 |     await expect(page).toHaveURL(/\/auth\/signin/);
          |                        ^
      593 |     
      594 |     // Test role escalation attempts
      595 |     await loginAsRole(page, 'user');
        at /Users/asithalakmal/Documents/web/final project/WeddingLK-next copy/tests/e2e/rbac-comprehensive.spec.ts:592:24

    attachment #1: screenshot (image/png) ──────────────────────────────────────────────────────────
    ../../test-results/rbac-comprehensive-🚨-Secu-f1efc-nauthorized-Access-Attempts-Mobile-Chrome/test-failed-1.png
    ────────────────────────────────────────────────────────────────────────────────────────────────

    attachment #2: video (video/webm) ──────────────────────────────────────────────────────────────
    ../../test-results/rbac-comprehensive-🚨-Secu-f1efc-nauthorized-Access-Attempts-Mobile-Chrome/video.webm
    ────────────────────────────────────────────────────────────────────────────────────────────────

    Error Context: ../../test-results/rbac-comprehensive-🚨-Secu-f1efc-nauthorized-Access-Attempts-Mobile-Chrome/error-context.md
]]>
</failure>
<system-out>
<![CDATA[
[[ATTACHMENT|test-results/rbac-comprehensive-🚨-Secu-f1efc-nauthorized-Access-Attempts-Mobile-Chrome/test-failed-1.png]]

[[ATTACHMENT|test-results/rbac-comprehensive-🚨-Secu-f1efc-nauthorized-Access-Attempts-Mobile-Chrome/video.webm]]

[[ATTACHMENT|test-results/rbac-comprehensive-🚨-Secu-f1efc-nauthorized-Access-Attempts-Mobile-Chrome/error-context.md]]
]]>
</system-out>
</testcase>
<testcase name="🚨 Security and Error Handling › Permission Denied Handling" classname="rbac-comprehensive.spec.ts" time="45.016">
<failure message="rbac-comprehensive.spec.ts:600:7 Permission Denied Handling" type="FAILURE">
<![CDATA[  [Mobile Chrome] › rbac-comprehensive.spec.ts:600:7 › 🚨 Security and Error Handling › Permission Denied Handling 

    Error: expect(page).toHaveURL(expected) failed

    Expected pattern: /\/dashboard/
    Received string:  "https://wedding-lk.vercel.app/login"
    Timeout: 30000ms

    Call log:
      - Expect "toHaveURL" with timeout 30000ms
        33 × unexpected value "https://wedding-lk.vercel.app/login"


      53 |   await page.fill('input[name="password"]', user.password);
      54 |   await page.click('button[type="submit"]');
    > 55 |   await expect(page).toHaveURL(/\/dashboard/);
         |                      ^
      56 | }
      57 |
      58 | // Helper function to test navigation access
        at loginAsRole (/Users/asithalakmal/Documents/web/final project/WeddingLK-next copy/tests/e2e/rbac-comprehensive.spec.ts:55:22)
        at /Users/asithalakmal/Documents/web/final project/WeddingLK-next copy/tests/e2e/rbac-comprehensive.spec.ts:602:5

    attachment #1: screenshot (image/png) ──────────────────────────────────────────────────────────
    ../../test-results/rbac-comprehensive-🚨-Secu-133ab--Permission-Denied-Handling-Mobile-Chrome/test-failed-1.png
    ────────────────────────────────────────────────────────────────────────────────────────────────

    attachment #2: video (video/webm) ──────────────────────────────────────────────────────────────
    ../../test-results/rbac-comprehensive-🚨-Secu-133ab--Permission-Denied-Handling-Mobile-Chrome/video.webm
    ────────────────────────────────────────────────────────────────────────────────────────────────

    Error Context: ../../test-results/rbac-comprehensive-🚨-Secu-133ab--Permission-Denied-Handling-Mobile-Chrome/error-context.md
]]>
</failure>
<system-out>
<![CDATA[
[[ATTACHMENT|test-results/rbac-comprehensive-🚨-Secu-133ab--Permission-Denied-Handling-Mobile-Chrome/test-failed-1.png]]

[[ATTACHMENT|test-results/rbac-comprehensive-🚨-Secu-133ab--Permission-Denied-Handling-Mobile-Chrome/video.webm]]

[[ATTACHMENT|test-results/rbac-comprehensive-🚨-Secu-133ab--Permission-Denied-Handling-Mobile-Chrome/error-context.md]]
]]>
</system-out>
</testcase>
<testcase name="📊 Analytics and Reporting RBAC › Role-Based Analytics Access" classname="rbac-comprehensive.spec.ts" time="43.473">
<failure message="rbac-comprehensive.spec.ts:615:7 Role-Based Analytics Access" type="FAILURE">
<![CDATA[  [Mobile Chrome] › rbac-comprehensive.spec.ts:615:7 › 📊 Analytics and Reporting RBAC › Role-Based Analytics Access 

    Error: expect(page).toHaveURL(expected) failed

    Expected pattern: /\/dashboard/
    Received string:  "https://wedding-lk.vercel.app/login"
    Timeout: 30000ms

    Call log:
      - Expect "toHaveURL" with timeout 30000ms
        33 × unexpected value "https://wedding-lk.vercel.app/login"


      53 |   await page.fill('input[name="password"]', user.password);
      54 |   await page.click('button[type="submit"]');
    > 55 |   await expect(page).toHaveURL(/\/dashboard/);
         |                      ^
      56 | }
      57 |
      58 | // Helper function to test navigation access
        at loginAsRole (/Users/asithalakmal/Documents/web/final project/WeddingLK-next copy/tests/e2e/rbac-comprehensive.spec.ts:55:22)
        at /Users/asithalakmal/Documents/web/final project/WeddingLK-next copy/tests/e2e/rbac-comprehensive.spec.ts:617:5

    attachment #1: screenshot (image/png) ──────────────────────────────────────────────────────────
    ../../test-results/rbac-comprehensive-📊-Anal-803d8-Role-Based-Analytics-Access-Mobile-Chrome/test-failed-1.png
    ────────────────────────────────────────────────────────────────────────────────────────────────

    attachment #2: video (video/webm) ──────────────────────────────────────────────────────────────
    ../../test-results/rbac-comprehensive-📊-Anal-803d8-Role-Based-Analytics-Access-Mobile-Chrome/video.webm
    ────────────────────────────────────────────────────────────────────────────────────────────────

    Error Context: ../../test-results/rbac-comprehensive-📊-Anal-803d8-Role-Based-Analytics-Access-Mobile-Chrome/error-context.md
]]>
</failure>
<system-out>
<![CDATA[
[[ATTACHMENT|test-results/rbac-comprehensive-📊-Anal-803d8-Role-Based-Analytics-Access-Mobile-Chrome/test-failed-1.png]]

[[ATTACHMENT|test-results/rbac-comprehensive-📊-Anal-803d8-Role-Based-Analytics-Access-Mobile-Chrome/video.webm]]

[[ATTACHMENT|test-results/rbac-comprehensive-📊-Anal-803d8-Role-Based-Analytics-Access-Mobile-Chrome/error-context.md]]
]]>
</system-out>
</testcase>
<testcase name="📊 Analytics and Reporting RBAC › Data Visibility Based on Role" classname="rbac-comprehensive.spec.ts" time="45.386">
<failure message="rbac-comprehensive.spec.ts:635:7 Data Visibility Based on Role" type="FAILURE">
<![CDATA[  [Mobile Chrome] › rbac-comprehensive.spec.ts:635:7 › 📊 Analytics and Reporting RBAC › Data Visibility Based on Role 

    Error: expect(page).toHaveURL(expected) failed

    Expected pattern: /\/dashboard/
    Received string:  "https://wedding-lk.vercel.app/login"
    Timeout: 30000ms

    Call log:
      - Expect "toHaveURL" with timeout 30000ms
        33 × unexpected value "https://wedding-lk.vercel.app/login"


      53 |   await page.fill('input[name="password"]', user.password);
      54 |   await page.click('button[type="submit"]');
    > 55 |   await expect(page).toHaveURL(/\/dashboard/);
         |                      ^
      56 | }
      57 |
      58 | // Helper function to test navigation access
        at loginAsRole (/Users/asithalakmal/Documents/web/final project/WeddingLK-next copy/tests/e2e/rbac-comprehensive.spec.ts:55:22)
        at /Users/asithalakmal/Documents/web/final project/WeddingLK-next copy/tests/e2e/rbac-comprehensive.spec.ts:637:5

    attachment #1: screenshot (image/png) ──────────────────────────────────────────────────────────
    ../../test-results/rbac-comprehensive-📊-Anal-f385e-ta-Visibility-Based-on-Role-Mobile-Chrome/test-failed-1.png
    ────────────────────────────────────────────────────────────────────────────────────────────────

    attachment #2: video (video/webm) ──────────────────────────────────────────────────────────────
    ../../test-results/rbac-comprehensive-📊-Anal-f385e-ta-Visibility-Based-on-Role-Mobile-Chrome/video.webm
    ────────────────────────────────────────────────────────────────────────────────────────────────

    Error Context: ../../test-results/rbac-comprehensive-📊-Anal-f385e-ta-Visibility-Based-on-Role-Mobile-Chrome/error-context.md
]]>
</failure>
<system-out>
<![CDATA[
[[ATTACHMENT|test-results/rbac-comprehensive-📊-Anal-f385e-ta-Visibility-Based-on-Role-Mobile-Chrome/test-failed-1.png]]

[[ATTACHMENT|test-results/rbac-comprehensive-📊-Anal-f385e-ta-Visibility-Based-on-Role-Mobile-Chrome/video.webm]]

[[ATTACHMENT|test-results/rbac-comprehensive-📊-Anal-f385e-ta-Visibility-Based-on-Role-Mobile-Chrome/error-context.md]]
]]>
</system-out>
</testcase>
</testsuite>
<testsuite name="realistic-live-deployment.spec.ts" timestamp="2025-10-24T06:04:58.917Z" hostname="Mobile Chrome" tests="14" failures="4" skipped="0" time="515.354" errors="0">
<testcase name="🚀 REALISTIC LIVE DEPLOYMENT TESTING › 🏠 HOMEPAGE - Realistic Frontend Testing" classname="realistic-live-deployment.spec.ts" time="33.201">
<failure message="realistic-live-deployment.spec.ts:22:7 🏠 HOMEPAGE - Realistic Frontend Testing" type="FAILURE">
<![CDATA[  [Mobile Chrome] › realistic-live-deployment.spec.ts:22:7 › 🚀 REALISTIC LIVE DEPLOYMENT TESTING › 🏠 HOMEPAGE - Realistic Frontend Testing 

    Error: expect(locator).toBeVisible() failed

    Locator:  locator('a[href="/venues"]').first()
    Expected: visible
    Received: hidden
    Timeout:  10000ms

    Call log:
      - Expect "toBeVisible" with timeout 10000ms
      - waiting for locator('a[href="/venues"]').first()
        13 × locator resolved to <a href="/venues" class="text-gray-700 hover:text-rose-500 dark:text-gray-300 dark:hover:text-rose-400 font-medium transition-colors">Venues</a>
           - unexpected value "hidden"


      25 |     // Test main navigation - use more specific selectors
      26 |     await expect(page.locator('span:has-text("Wedding.lk")').first()).toBeVisible({ timeout: 10000 });
    > 27 |     await expect(page.locator('a[href="/venues"]').first()).toBeVisible({ timeout: 10000 });
         |                                                             ^
      28 |     await expect(page.locator('a[href="/vendors"]').first()).toBeVisible({ timeout: 10000 });
      29 |     await expect(page.locator('a[href="/feed"]').first()).toBeVisible({ timeout: 10000 });
      30 |     await expect(page.locator('a[href="/gallery"]').first()).toBeVisible({ timeout: 10000 });
        at /Users/asithalakmal/Documents/web/final project/WeddingLK-next copy/tests/e2e/realistic-live-deployment.spec.ts:27:61

    attachment #1: screenshot (image/png) ──────────────────────────────────────────────────────────
    ../../test-results/realistic-live-deployment--9563f--Realistic-Frontend-Testing-Mobile-Chrome/test-failed-1.png
    ────────────────────────────────────────────────────────────────────────────────────────────────

    attachment #2: video (video/webm) ──────────────────────────────────────────────────────────────
    ../../test-results/realistic-live-deployment--9563f--Realistic-Frontend-Testing-Mobile-Chrome/video.webm
    ────────────────────────────────────────────────────────────────────────────────────────────────

    Error Context: ../../test-results/realistic-live-deployment--9563f--Realistic-Frontend-Testing-Mobile-Chrome/error-context.md
]]>
</failure>
<system-out>
<![CDATA[🏠 Testing Homepage Components...

[[ATTACHMENT|test-results/realistic-live-deployment--9563f--Realistic-Frontend-Testing-Mobile-Chrome/test-failed-1.png]]

[[ATTACHMENT|test-results/realistic-live-deployment--9563f--Realistic-Frontend-Testing-Mobile-Chrome/video.webm]]

[[ATTACHMENT|test-results/realistic-live-deployment--9563f--Realistic-Frontend-Testing-Mobile-Chrome/error-context.md]]
]]>
</system-out>
</testcase>
<testcase name="🚀 REALISTIC LIVE DEPLOYMENT TESTING › 🔐 AUTHENTICATION - Realistic Auth Flow Testing" classname="realistic-live-deployment.spec.ts" time="39.521">
<system-out>
<![CDATA[🔐 Testing Authentication System...
ℹ️ Login page structure different than expected
ℹ️ Registration page structure different than expected
✅ Authentication testing completed
]]>
</system-out>
</testcase>
<testcase name="🚀 REALISTIC LIVE DEPLOYMENT TESTING › 🏢 VENUES - Realistic Venue Testing" classname="realistic-live-deployment.spec.ts" time="40.058">
<system-out>
<![CDATA[🏢 Testing Venues System...
ℹ️ Venues page structure different than expected
✅ Venues testing completed
]]>
</system-out>
</testcase>
<testcase name="🚀 REALISTIC LIVE DEPLOYMENT TESTING › 🏪 VENDORS - Realistic Vendor Testing" classname="realistic-live-deployment.spec.ts" time="25.126">
<system-out>
<![CDATA[🏪 Testing Vendors System...
ℹ️ Vendors page structure different than expected
✅ Vendors testing completed
]]>
</system-out>
</testcase>
<testcase name="🚀 REALISTIC LIVE DEPLOYMENT TESTING › 📱 FEED - Realistic Social Feed Testing" classname="realistic-live-deployment.spec.ts" time="23.194">
<system-out>
<![CDATA[📱 Testing Social Feed System...
ℹ️ Feed page structure different than expected
✅ Feed testing completed
]]>
</system-out>
</testcase>
<testcase name="🚀 REALISTIC LIVE DEPLOYMENT TESTING › 🖼️ GALLERY - Realistic Gallery Testing" classname="realistic-live-deployment.spec.ts" time="23.955">
<system-out>
<![CDATA[🖼️ Testing Gallery System...
✅ Gallery page found
✅ Found 5 gallery filters
✅ Gallery testing completed
]]>
</system-out>
</testcase>
<testcase name="🚀 REALISTIC LIVE DEPLOYMENT TESTING › 📊 DASHBOARD - Realistic Dashboard Testing" classname="realistic-live-deployment.spec.ts" time="23.279">
<system-out>
<![CDATA[📊 Testing Dashboard System...
✅ Dashboard is accessible
✅ Dashboard testing completed
]]>
</system-out>
</testcase>
<testcase name="🚀 REALISTIC LIVE DEPLOYMENT TESTING › 🔧 API ENDPOINTS - Realistic API Testing" classname="realistic-live-deployment.spec.ts" time="66.713">
<failure message="realistic-live-deployment.spec.ts:273:7 🔧 API ENDPOINTS - Realistic API Testing" type="FAILURE">
<![CDATA[  [Mobile Chrome] › realistic-live-deployment.spec.ts:273:7 › 🚀 REALISTIC LIVE DEPLOYMENT TESTING › 🔧 API ENDPOINTS - Realistic API Testing 

    Test timeout of 60000ms exceeded.

    attachment #1: screenshot (image/png) ──────────────────────────────────────────────────────────
    ../../test-results/realistic-live-deployment--c664b-NTS---Realistic-API-Testing-Mobile-Chrome/test-failed-1.png
    ────────────────────────────────────────────────────────────────────────────────────────────────

    attachment #2: video (video/webm) ──────────────────────────────────────────────────────────────
    ../../test-results/realistic-live-deployment--c664b-NTS---Realistic-API-Testing-Mobile-Chrome/video.webm
    ────────────────────────────────────────────────────────────────────────────────────────────────

    Error Context: ../../test-results/realistic-live-deployment--c664b-NTS---Realistic-API-Testing-Mobile-Chrome/error-context.md
]]>
</failure>
<system-out>
<![CDATA[🔧 Testing API Endpoints...
❌ /api/health: Error - apiRequestContext.get: Target page, context or browser has been closed
Call log:
[2m  - → GET https://wedding-lk.vercel.app/api/health[22m
[2m    - user-agent: Mozilla/5.0 (Linux; Android 11; Pixel 5) AppleWebKit/537.36 (KHTML, like Gecko) Chrome/141.0.7390.37 Mobile Safari/537.36[22m
[2m    - accept: */*[22m
[2m    - accept-encoding: gzip,deflate,br[22m

❌ /api/venues: Error - apiRequestContext.get: Test timeout of 60000ms exceeded.
❌ /api/vendors: Error - apiRequestContext.get: Test timeout of 60000ms exceeded.
❌ /api/posts: Error - apiRequestContext.get: Test timeout of 60000ms exceeded.
❌ /api/analytics: Error - apiRequestContext.get: Test timeout of 60000ms exceeded.
✅ API endpoints testing completed

[[ATTACHMENT|test-results/realistic-live-deployment--c664b-NTS---Realistic-API-Testing-Mobile-Chrome/test-failed-1.png]]

[[ATTACHMENT|test-results/realistic-live-deployment--c664b-NTS---Realistic-API-Testing-Mobile-Chrome/video.webm]]

[[ATTACHMENT|test-results/realistic-live-deployment--c664b-NTS---Realistic-API-Testing-Mobile-Chrome/error-context.md]]
]]>
</system-out>
</testcase>
<testcase name="🚀 REALISTIC LIVE DEPLOYMENT TESTING › 📱 RESPONSIVE DESIGN - Realistic Mobile Testing" classname="realistic-live-deployment.spec.ts" time="23.073">
<system-out>
<![CDATA[📱 Testing Responsive Design...
✅ Tablet viewport tested
✅ Desktop viewport tested
✅ Responsive design testing completed
]]>
</system-out>
</testcase>
<testcase name="🚀 REALISTIC LIVE DEPLOYMENT TESTING › 🎨 UI COMPONENTS - Realistic Component Testing" classname="realistic-live-deployment.spec.ts" time="30.146">
<system-out>
<![CDATA[🎨 Testing UI Components...
Found 28 buttons
Found 3 input fields
Found 16 links
Found 0 images
✅ UI components testing completed
]]>
</system-out>
</testcase>
<testcase name="🚀 REALISTIC LIVE DEPLOYMENT TESTING › ⚡ PERFORMANCE - Realistic Performance Testing" classname="realistic-live-deployment.spec.ts" time="19.319">
<system-out>
<![CDATA[⚡ Testing Performance...
Page load time: 2111ms
✅ Page loads within acceptable time
✅ Theme toggle responsive
✅ Performance testing completed
]]>
</system-out>
</testcase>
<testcase name="🚀 REALISTIC LIVE DEPLOYMENT TESTING › 🔍 ERROR HANDLING - Realistic Error Testing" classname="realistic-live-deployment.spec.ts" time="38.516">
<system-out>
<![CDATA[🔍 Testing Error Handling...
ℹ️ 404 page behavior different than expected
Invalid API endpoint status: 404
✅ Error handling testing completed
]]>
</system-out>
</testcase>
<testcase name="🚀 REALISTIC LIVE DEPLOYMENT TESTING › 🎯 FINAL INTEGRATION - Realistic System Integration" classname="realistic-live-deployment.spec.ts" time="60.656">
<failure message="realistic-live-deployment.spec.ts:433:7 🎯 FINAL INTEGRATION - Realistic System Integration" type="FAILURE">
<![CDATA[  [Mobile Chrome] › realistic-live-deployment.spec.ts:433:7 › 🚀 REALISTIC LIVE DEPLOYMENT TESTING › 🎯 FINAL INTEGRATION - Realistic System Integration 

    Test timeout of 60000ms exceeded.

    Error: page.goto: Test timeout of 60000ms exceeded.
    Call log:
      - navigating to "https://wedding-lk.vercel.app/dashboard", waiting until "load"


      455 |     
      456 |     // Test dashboard integration
    > 457 |     await page.goto(`${BASE_URL}/dashboard`);
          |                ^
      458 |     await page.waitForLoadState('networkidle');
      459 |     
      460 |     console.log('✅ Complete system integration testing completed');
        at /Users/asithalakmal/Documents/web/final project/WeddingLK-next copy/tests/e2e/realistic-live-deployment.spec.ts:457:16

    attachment #1: screenshot (image/png) ──────────────────────────────────────────────────────────
    ../../test-results/realistic-live-deployment--acc1c-ealistic-System-Integration-Mobile-Chrome/test-failed-1.png
    ────────────────────────────────────────────────────────────────────────────────────────────────

    attachment #2: video (video/webm) ──────────────────────────────────────────────────────────────
    ../../test-results/realistic-live-deployment--acc1c-ealistic-System-Integration-Mobile-Chrome/video.webm
    ────────────────────────────────────────────────────────────────────────────────────────────────

    Error Context: ../../test-results/realistic-live-deployment--acc1c-ealistic-System-Integration-Mobile-Chrome/error-context.md
]]>
</failure>
<system-out>
<![CDATA[🎯 Testing Complete System Integration...
Testing section: /venues
Page title: WeddingLK - Sri Lanka's Premier Wedding Planning Platform
Testing section: /vendors
Page title: WeddingLK - Sri Lanka's Premier Wedding Planning Platform
Testing section: /feed
Page title: 404: This page could not be found.
Testing section: /gallery
Page title: WeddingLK - Sri Lanka's Premier Wedding Planning Platform
Testing section: /about
Page title: WeddingLK - Sri Lanka's Premier Wedding Planning Platform

[[ATTACHMENT|test-results/realistic-live-deployment--acc1c-ealistic-System-Integration-Mobile-Chrome/test-failed-1.png]]

[[ATTACHMENT|test-results/realistic-live-deployment--acc1c-ealistic-System-Integration-Mobile-Chrome/video.webm]]

[[ATTACHMENT|test-results/realistic-live-deployment--acc1c-ealistic-System-Integration-Mobile-Chrome/error-context.md]]
]]>
</system-out>
</testcase>
<testcase name="🚀 REALISTIC LIVE DEPLOYMENT TESTING › 📊 LIVE DEPLOYMENT STATUS REPORT" classname="realistic-live-deployment.spec.ts" time="68.597">
<failure message="realistic-live-deployment.spec.ts:463:7 📊 LIVE DEPLOYMENT STATUS REPORT" type="FAILURE">
<![CDATA[  [Mobile Chrome] › realistic-live-deployment.spec.ts:463:7 › 🚀 REALISTIC LIVE DEPLOYMENT TESTING › 📊 LIVE DEPLOYMENT STATUS REPORT 

    Test timeout of 60000ms exceeded.

    attachment #1: screenshot (image/png) ──────────────────────────────────────────────────────────
    ../../test-results/realistic-live-deployment--2c52c-VE-DEPLOYMENT-STATUS-REPORT-Mobile-Chrome/test-failed-1.png
    ────────────────────────────────────────────────────────────────────────────────────────────────

    attachment #2: video (video/webm) ──────────────────────────────────────────────────────────────
    ../../test-results/realistic-live-deployment--2c52c-VE-DEPLOYMENT-STATUS-REPORT-Mobile-Chrome/video.webm
    ────────────────────────────────────────────────────────────────────────────────────────────────

    Error Context: ../../test-results/realistic-live-deployment--2c52c-VE-DEPLOYMENT-STATUS-REPORT-Mobile-Chrome/error-context.md
]]>
</failure>
<system-out>
<![CDATA[📊 Generating Live Deployment Status Report...
📊 LIVE DEPLOYMENT STATUS REPORT:
{
  "timestamp": "2025-10-24T09:10:03.774Z",
  "baseUrl": "https://wedding-lk.vercel.app",
  "tests": [
    {
      "name": "Homepage",
      "status": "PASS",
      "details": {
        "title": "WeddingLK - Sri Lanka's Premier Wedding Planning Platform",
        "url": "https://wedding-lk.vercel.app/",
        "hasNavigation": false,
        "hasHero": true,
        "hasFooter": true
      }
    },
    {
      "name": "Venues",
      "status": "PASS",
      "details": {
        "title": "WeddingLK - Sri Lanka's Premier Wedding Planning Platform",
        "url": "https://wedding-lk.vercel.app/venues",
        "hasContent": true
      }
    },
    {
      "name": "Vendors",
      "status": "PASS",
      "details": {
        "title": "WeddingLK - Sri Lanka's Premier Wedding Planning Platform",
        "url": "https://wedding-lk.vercel.app/vendors",
        "hasContent": true
      }
    },
    {
      "name": "Feed",
      "status": "PASS",
      "details": {
        "title": "404: This page could not be found.",
        "url": "https://wedding-lk.vercel.app/feed",
        "hasContent": true
      }
    },
    {
      "name": "Gallery",
      "status": "PASS",
      "details": {
        "title": "WeddingLK - Sri Lanka's Premier Wedding Planning Platform",
        "url": "https://wedding-lk.vercel.app/gallery",
        "hasContent": true
      }
    },
    {
      "name": "Dashboard",
      "status": "PASS",
      "details": {
        "title": "WeddingLK - Sri Lanka's Premier Wedding Planning Platform",
        "url": "https://wedding-lk.vercel.app/dashboard",
        "redirected": false
      }
    },
    {
      "name": "API Endpoints",
      "status": "MIXED",
      "details": {
        "/api/health": "ERROR",
        "/api/venues": "ERROR",
        "/api/vendors": "ERROR",
        "/api/posts": "ERROR"
      }
    }
  ]
}
✅ Live deployment status report generated

[[ATTACHMENT|test-results/realistic-live-deployment--2c52c-VE-DEPLOYMENT-STATUS-REPORT-Mobile-Chrome/test-failed-1.png]]

[[ATTACHMENT|test-results/realistic-live-deployment--2c52c-VE-DEPLOYMENT-STATUS-REPORT-Mobile-Chrome/video.webm]]

[[ATTACHMENT|test-results/realistic-live-deployment--2c52c-VE-DEPLOYMENT-STATUS-REPORT-Mobile-Chrome/error-context.md]]
]]>
</system-out>
</testcase>
</testsuite>
<testsuite name="simple.spec.ts" timestamp="2025-10-24T06:04:58.917Z" hostname="Mobile Chrome" tests="5" failures="3" skipped="0" time="102.757" errors="0">
<testcase name="Simple Production Tests › Homepage loads and has basic content" classname="simple.spec.ts" time="13.093">
<failure message="simple.spec.ts:4:7 Homepage loads and has basic content" type="FAILURE">
<![CDATA[  [Mobile Chrome] › simple.spec.ts:4:7 › Simple Production Tests › Homepage loads and has basic content 

    Error: expect(locator).toBeVisible() failed

    Locator: locator('text=Wedding.lk')
    Expected: visible
    Error: strict mode violation: locator('text=Wedding.lk') resolved to 3 elements:
        1) <span class="text-xl font-bold text-gray-900 dark:text-white">Wedding.lk</span> aka getByRole('banner').getByRole('link', { name: 'Wedding.lk' })
        2) <span class="text-xl font-bold text-white">Wedding.lk</span> aka getByRole('main').getByRole('link', { name: 'Wedding.lk' })
        3) <p>© 2024 Wedding.lk. All rights reserved.</p> aka getByText('© 2024 Wedding.lk. All rights')

    Call log:
      - Expect "toBeVisible" with timeout 30000ms
      - waiting for locator('text=Wedding.lk')


      12 |     
      13 |     // Check that the Wedding.lk logo is visible somewhere on the page
    > 14 |     await expect(page.locator('text=Wedding.lk')).toBeVisible();
         |                                                   ^
      15 |   });
      16 |
      17 |   test('Page has navigation elements', async ({ page }) => {
        at /Users/asithalakmal/Documents/web/final project/WeddingLK-next copy/tests/e2e/simple.spec.ts:14:51

    attachment #1: screenshot (image/png) ──────────────────────────────────────────────────────────
    ../../test-results/simple-Simple-Production-T-a7c1e-loads-and-has-basic-content-Mobile-Chrome/test-failed-1.png
    ────────────────────────────────────────────────────────────────────────────────────────────────

    attachment #2: video (video/webm) ──────────────────────────────────────────────────────────────
    ../../test-results/simple-Simple-Production-T-a7c1e-loads-and-has-basic-content-Mobile-Chrome/video.webm
    ────────────────────────────────────────────────────────────────────────────────────────────────

    Error Context: ../../test-results/simple-Simple-Production-T-a7c1e-loads-and-has-basic-content-Mobile-Chrome/error-context.md
]]>
</failure>
<system-out>
<![CDATA[
[[ATTACHMENT|test-results/simple-Simple-Production-T-a7c1e-loads-and-has-basic-content-Mobile-Chrome/test-failed-1.png]]

[[ATTACHMENT|test-results/simple-Simple-Production-T-a7c1e-loads-and-has-basic-content-Mobile-Chrome/video.webm]]

[[ATTACHMENT|test-results/simple-Simple-Production-T-a7c1e-loads-and-has-basic-content-Mobile-Chrome/error-context.md]]
]]>
</system-out>
</testcase>
<testcase name="Simple Production Tests › Page has navigation elements" classname="simple.spec.ts" time="25.111">
<failure message="simple.spec.ts:17:7 Page has navigation elements" type="FAILURE">
<![CDATA[  [Mobile Chrome] › simple.spec.ts:17:7 › Simple Production Tests › Page has navigation elements ───

    Error: expect(locator).toBeVisible() failed

    Locator: locator('a[href="/venues"]')
    Expected: visible
    Error: strict mode violation: locator('a[href="/venues"]') resolved to 2 elements:
        1) <a href="/venues" class="text-gray-700 hover:text-rose-500 dark:text-gray-300 dark:hover:text-rose-400 font-medium transition-colors">Venues</a> aka getByRole('banner').getByText('Venues')
        2) <a href="/venues" class="hover:text-white transition-colors">Venues</a> aka getByRole('link', { name: 'Venues' })

    Call log:
      - Expect "toBeVisible" with timeout 30000ms
      - waiting for locator('a[href="/venues"]')


      19 |     
      20 |     // Check that navigation elements exist (may be in different locations)
    > 21 |     await expect(page.locator('a[href="/venues"]')).toBeVisible();
         |                                                     ^
      22 |     await expect(page.locator('a[href="/gallery"]')).toBeVisible();
      23 |   });
      24 |
        at /Users/asithalakmal/Documents/web/final project/WeddingLK-next copy/tests/e2e/simple.spec.ts:21:53

    attachment #1: screenshot (image/png) ──────────────────────────────────────────────────────────
    ../../test-results/simple-Simple-Production-Tests-Page-has-navigation-elements-Mobile-Chrome/test-failed-1.png
    ────────────────────────────────────────────────────────────────────────────────────────────────

    attachment #2: video (video/webm) ──────────────────────────────────────────────────────────────
    ../../test-results/simple-Simple-Production-Tests-Page-has-navigation-elements-Mobile-Chrome/video.webm
    ────────────────────────────────────────────────────────────────────────────────────────────────

    Error Context: ../../test-results/simple-Simple-Production-Tests-Page-has-navigation-elements-Mobile-Chrome/error-context.md
]]>
</failure>
<system-out>
<![CDATA[
[[ATTACHMENT|test-results/simple-Simple-Production-Tests-Page-has-navigation-elements-Mobile-Chrome/test-failed-1.png]]

[[ATTACHMENT|test-results/simple-Simple-Production-Tests-Page-has-navigation-elements-Mobile-Chrome/video.webm]]

[[ATTACHMENT|test-results/simple-Simple-Production-Tests-Page-has-navigation-elements-Mobile-Chrome/error-context.md]]
]]>
</system-out>
</testcase>
<testcase name="Simple Production Tests › Page has footer content" classname="simple.spec.ts" time="10.392">
<failure message="simple.spec.ts:25:7 Page has footer content" type="FAILURE">
<![CDATA[  [Mobile Chrome] › simple.spec.ts:25:7 › Simple Production Tests › Page has footer content ────────

    Error: expect(locator).toBeVisible() failed

    Locator: locator('text=Wedding.lk')
    Expected: visible
    Error: strict mode violation: locator('text=Wedding.lk') resolved to 3 elements:
        1) <span class="text-xl font-bold text-gray-900 dark:text-white">Wedding.lk</span> aka getByRole('banner').getByRole('link', { name: 'Wedding.lk' })
        2) <span class="text-xl font-bold text-white">Wedding.lk</span> aka getByRole('main').getByRole('link', { name: 'Wedding.lk' })
        3) <p>© 2024 Wedding.lk. All rights reserved.</p> aka getByText('© 2024 Wedding.lk. All rights')

    Call log:
      - Expect "toBeVisible" with timeout 30000ms
      - waiting for locator('text=Wedding.lk')


      30 |     
      31 |     // Check that footer content exists
    > 32 |     await expect(page.locator('text=Wedding.lk')).toBeVisible();
         |                                                   ^
      33 |     await expect(page.locator('text=2024')).toBeVisible();
      34 |   });
      35 |
        at /Users/asithalakmal/Documents/web/final project/WeddingLK-next copy/tests/e2e/simple.spec.ts:32:51

    attachment #1: screenshot (image/png) ──────────────────────────────────────────────────────────
    ../../test-results/simple-Simple-Production-Tests-Page-has-footer-content-Mobile-Chrome/test-failed-1.png
    ────────────────────────────────────────────────────────────────────────────────────────────────

    attachment #2: video (video/webm) ──────────────────────────────────────────────────────────────
    ../../test-results/simple-Simple-Production-Tests-Page-has-footer-content-Mobile-Chrome/video.webm
    ────────────────────────────────────────────────────────────────────────────────────────────────

    Error Context: ../../test-results/simple-Simple-Production-Tests-Page-has-footer-content-Mobile-Chrome/error-context.md
]]>
</failure>
<system-out>
<![CDATA[
[[ATTACHMENT|test-results/simple-Simple-Production-Tests-Page-has-footer-content-Mobile-Chrome/test-failed-1.png]]

[[ATTACHMENT|test-results/simple-Simple-Production-Tests-Page-has-footer-content-Mobile-Chrome/video.webm]]

[[ATTACHMENT|test-results/simple-Simple-Production-Tests-Page-has-footer-content-Mobile-Chrome/error-context.md]]
]]>
</system-out>
</testcase>
<testcase name="Simple Production Tests › Page is responsive" classname="simple.spec.ts" time="32.911">
</testcase>
<testcase name="Simple Production Tests › Page has correct metadata" classname="simple.spec.ts" time="21.25">
</testcase>
</testsuite>
<testsuite name="user-journey.spec.ts" timestamp="2025-10-24T06:04:58.917Z" hostname="Mobile Chrome" tests="6" failures="6" skipped="0" time="343.355" errors="0">
<testcase name="💑 Complete Couple Wedding Planning Journey › End-to-End Wedding Planning Journey" classname="user-journey.spec.ts" time="45.336">
<failure message="user-journey.spec.ts:43:7 End-to-End Wedding Planning Journey" type="FAILURE">
<![CDATA[  [Mobile Chrome] › user-journey.spec.ts:43:7 › 💑 Complete Couple Wedding Planning Journey › End-to-End Wedding Planning Journey 

    Error: expect(locator).toBeVisible() failed

    Locator: locator('text=Registration successful')
    Expected: visible
    Timeout: 30000ms
    Error: element(s) not found

    Call log:
      - Expect "toBeVisible" with timeout 30000ms
      - waiting for locator('text=Registration successful')


      51 |     
      52 |     // Verify registration success
    > 53 |     await expect(page.locator('text=Registration successful')).toBeVisible();
         |                                                                ^
      54 |     
      55 |     // Step 2: Email Verification (simulated)
      56 |     await page.goto('/auth/verify-email');
        at /Users/asithalakmal/Documents/web/final project/WeddingLK-next copy/tests/e2e/user-journey.spec.ts:53:64

    attachment #1: video (video/webm) ──────────────────────────────────────────────────────────────
    ../../test-results/user-journey-💑-Complete-C-f3f75-nd-Wedding-Planning-Journey-Mobile-Chrome/video.webm
    ────────────────────────────────────────────────────────────────────────────────────────────────

    Error Context: ../../test-results/user-journey-💑-Complete-C-f3f75-nd-Wedding-Planning-Journey-Mobile-Chrome/error-context.md
]]>
</failure>
<system-out>
<![CDATA[
[[ATTACHMENT|test-results/user-journey-💑-Complete-C-f3f75-nd-Wedding-Planning-Journey-Mobile-Chrome/video.webm]]

[[ATTACHMENT|test-results/user-journey-💑-Complete-C-f3f75-nd-Wedding-Planning-Journey-Mobile-Chrome/error-context.md]]
]]>
</system-out>
</testcase>
<testcase name="📸 Vendor Business Journey › Complete Vendor Onboarding and Management Journey" classname="user-journey.spec.ts" time="67.407">
<failure message="user-journey.spec.ts:186:7 Complete Vendor Onboarding and Management Journey" type="FAILURE">
<![CDATA[  [Mobile Chrome] › user-journey.spec.ts:186:7 › 📸 Vendor Business Journey › Complete Vendor Onboarding and Management Journey 

    TimeoutError: page.fill: Timeout 60000ms exceeded.
    Call log:
      - waiting for locator('input[name="businessName"]')


      187 |     // Step 1: Vendor Registration
      188 |     await page.goto('/vendor/register');
    > 189 |     await page.fill('input[name="businessName"]', journeyData.photographer.businessName);
          |                ^
      190 |     await page.fill('input[name="email"]', journeyData.photographer.email);
      191 |     await page.fill('input[name="password"]', journeyData.photographer.password);
      192 |     await page.fill('input[name="phone"]', journeyData.photographer.phone);
        at /Users/asithalakmal/Documents/web/final project/WeddingLK-next copy/tests/e2e/user-journey.spec.ts:189:16

    attachment #1: screenshot (image/png) ──────────────────────────────────────────────────────────
    ../../test-results/user-journey-📸-Vendor-Bus-f59b2-ding-and-Management-Journey-Mobile-Chrome/test-failed-1.png
    ────────────────────────────────────────────────────────────────────────────────────────────────

    attachment #2: video (video/webm) ──────────────────────────────────────────────────────────────
    ../../test-results/user-journey-📸-Vendor-Bus-f59b2-ding-and-Management-Journey-Mobile-Chrome/video.webm
    ────────────────────────────────────────────────────────────────────────────────────────────────

    Error Context: ../../test-results/user-journey-📸-Vendor-Bus-f59b2-ding-and-Management-Journey-Mobile-Chrome/error-context.md
]]>
</failure>
<system-out>
<![CDATA[
[[ATTACHMENT|test-results/user-journey-📸-Vendor-Bus-f59b2-ding-and-Management-Journey-Mobile-Chrome/test-failed-1.png]]

[[ATTACHMENT|test-results/user-journey-📸-Vendor-Bus-f59b2-ding-and-Management-Journey-Mobile-Chrome/video.webm]]

[[ATTACHMENT|test-results/user-journey-📸-Vendor-Bus-f59b2-ding-and-Management-Journey-Mobile-Chrome/error-context.md]]
]]>
</system-out>
</testcase>
<testcase name="👰 Wedding Planner Professional Journey › Complete Wedding Planner Workflow" classname="user-journey.spec.ts" time="82.466">
<failure message="user-journey.spec.ts:308:7 Complete Wedding Planner Workflow" type="FAILURE">
<![CDATA[  [Mobile Chrome] › user-journey.spec.ts:308:7 › 👰 Wedding Planner Professional Journey › Complete Wedding Planner Workflow 

    TimeoutError: page.selectOption: Timeout 60000ms exceeded.
    Call log:
      - waiting for locator('select[name="role"]')


      313 |     await page.fill('input[name="password"]', 'PlannerPass123!');
      314 |     await page.fill('input[name="confirmPassword"]', 'PlannerPass123!');
    > 315 |     await page.selectOption('select[name="role"]', 'wedding_planner');
          |                ^
      316 |     await page.click('button[type="submit"]');
      317 |     
      318 |     await expect(page.locator('text=Registration successful')).toBeVisible();
        at /Users/asithalakmal/Documents/web/final project/WeddingLK-next copy/tests/e2e/user-journey.spec.ts:315:16

    attachment #1: screenshot (image/png) ──────────────────────────────────────────────────────────
    ../../test-results/user-journey-👰-Wedding-Pl-e1fa7-te-Wedding-Planner-Workflow-Mobile-Chrome/test-failed-1.png
    ────────────────────────────────────────────────────────────────────────────────────────────────

    attachment #2: video (video/webm) ──────────────────────────────────────────────────────────────
    ../../test-results/user-journey-👰-Wedding-Pl-e1fa7-te-Wedding-Planner-Workflow-Mobile-Chrome/video.webm
    ────────────────────────────────────────────────────────────────────────────────────────────────

    Error Context: ../../test-results/user-journey-👰-Wedding-Pl-e1fa7-te-Wedding-Planner-Workflow-Mobile-Chrome/error-context.md
]]>
</failure>
<system-out>
<![CDATA[
[[ATTACHMENT|test-results/user-journey-👰-Wedding-Pl-e1fa7-te-Wedding-Planner-Workflow-Mobile-Chrome/test-failed-1.png]]

[[ATTACHMENT|test-results/user-journey-👰-Wedding-Pl-e1fa7-te-Wedding-Planner-Workflow-Mobile-Chrome/video.webm]]

[[ATTACHMENT|test-results/user-journey-👰-Wedding-Pl-e1fa7-te-Wedding-Planner-Workflow-Mobile-Chrome/error-context.md]]
]]>
</system-out>
</testcase>
<testcase name="👑 Admin Platform Management Journey › Complete Admin Platform Management" classname="user-journey.spec.ts" time="41.099">
<failure message="user-journey.spec.ts:442:7 Complete Admin Platform Management" type="FAILURE">
<![CDATA[  [Mobile Chrome] › user-journey.spec.ts:442:7 › 👑 Admin Platform Management Journey › Complete Admin Platform Management 

    Error: expect(page).toHaveURL(expected) failed

    Expected pattern: /\/dashboard/
    Received string:  "https://wedding-lk.vercel.app/login"
    Timeout: 30000ms

    Call log:
      - Expect "toHaveURL" with timeout 30000ms
        33 × unexpected value "https://wedding-lk.vercel.app/login"


      446 |     await page.fill('input[name="password"]', 'AdminPass123!');
      447 |     await page.click('button[type="submit"]');
    > 448 |     await expect(page).toHaveURL(/\/dashboard/);
          |                        ^
      449 |     
      450 |     // Step 2: Admin Dashboard Overview
      451 |     await page.goto('/dashboard/admin');
        at /Users/asithalakmal/Documents/web/final project/WeddingLK-next copy/tests/e2e/user-journey.spec.ts:448:24

    attachment #1: screenshot (image/png) ──────────────────────────────────────────────────────────
    ../../test-results/user-journey-👑-Admin-Plat-9a1c7-e-Admin-Platform-Management-Mobile-Chrome/test-failed-1.png
    ────────────────────────────────────────────────────────────────────────────────────────────────

    attachment #2: video (video/webm) ──────────────────────────────────────────────────────────────
    ../../test-results/user-journey-👑-Admin-Plat-9a1c7-e-Admin-Platform-Management-Mobile-Chrome/video.webm
    ────────────────────────────────────────────────────────────────────────────────────────────────

    Error Context: ../../test-results/user-journey-👑-Admin-Plat-9a1c7-e-Admin-Platform-Management-Mobile-Chrome/error-context.md
]]>
</failure>
<system-out>
<![CDATA[
[[ATTACHMENT|test-results/user-journey-👑-Admin-Plat-9a1c7-e-Admin-Platform-Management-Mobile-Chrome/test-failed-1.png]]

[[ATTACHMENT|test-results/user-journey-👑-Admin-Plat-9a1c7-e-Admin-Platform-Management-Mobile-Chrome/video.webm]]

[[ATTACHMENT|test-results/user-journey-👑-Admin-Plat-9a1c7-e-Admin-Platform-Management-Mobile-Chrome/error-context.md]]
]]>
</system-out>
</testcase>
<testcase name="🔄 Cross-Platform Integration Journey › Mobile and Web Integration" classname="user-journey.spec.ts" time="43.599">
<failure message="user-journey.spec.ts:555:7 Mobile and Web Integration" type="FAILURE">
<![CDATA[  [Mobile Chrome] › user-journey.spec.ts:555:7 › 🔄 Cross-Platform Integration Journey › Mobile and Web Integration 

    Error: expect(page).toHaveURL(expected) failed

    Expected pattern: /\/dashboard/
    Received string:  "https://wedding-lk.vercel.app/login"
    Timeout: 30000ms

    Call log:
      - Expect "toHaveURL" with timeout 30000ms
        33 × unexpected value "https://wedding-lk.vercel.app/login"


      562 |     await page.fill('input[name="password"]', journeyData.couple.password);
      563 |     await page.click('button[type="submit"]');
    > 564 |     await expect(page).toHaveURL(/\/dashboard/);
          |                        ^
      565 |     
      566 |     // Mobile navigation
      567 |     await page.click('button[data-testid="mobile-menu"]');
        at /Users/asithalakmal/Documents/web/final project/WeddingLK-next copy/tests/e2e/user-journey.spec.ts:564:24

    attachment #1: screenshot (image/png) ──────────────────────────────────────────────────────────
    ../../test-results/user-journey-🔄-Cross-Plat-3bd25--Mobile-and-Web-Integration-Mobile-Chrome/test-failed-1.png
    ────────────────────────────────────────────────────────────────────────────────────────────────

    attachment #2: video (video/webm) ──────────────────────────────────────────────────────────────
    ../../test-results/user-journey-🔄-Cross-Plat-3bd25--Mobile-and-Web-Integration-Mobile-Chrome/video.webm
    ────────────────────────────────────────────────────────────────────────────────────────────────

    Error Context: ../../test-results/user-journey-🔄-Cross-Plat-3bd25--Mobile-and-Web-Integration-Mobile-Chrome/error-context.md
]]>
</failure>
<system-out>
<![CDATA[
[[ATTACHMENT|test-results/user-journey-🔄-Cross-Plat-3bd25--Mobile-and-Web-Integration-Mobile-Chrome/test-failed-1.png]]

[[ATTACHMENT|test-results/user-journey-🔄-Cross-Plat-3bd25--Mobile-and-Web-Integration-Mobile-Chrome/video.webm]]

[[ATTACHMENT|test-results/user-journey-🔄-Cross-Plat-3bd25--Mobile-and-Web-Integration-Mobile-Chrome/error-context.md]]
]]>
</system-out>
</testcase>
<testcase name="🚨 Error Handling and Recovery Journey › Application Error Recovery" classname="user-journey.spec.ts" time="63.448">
<failure message="user-journey.spec.ts:597:7 Application Error Recovery" type="FAILURE">
<![CDATA[  [Mobile Chrome] › user-journey.spec.ts:597:7 › 🚨 Error Handling and Recovery Journey › Application Error Recovery 

    Error: expect(locator).toBeVisible() failed

    Locator: locator('text=Unable to load venues')
    Expected: visible
    Timeout: 30000ms
    Error: element(s) not found

    Call log:
      - Expect "toBeVisible" with timeout 30000ms
      - waiting for locator('text=Unable to load venues')


      600 |     
      601 |     await page.goto('/venues');
    > 602 |     await expect(page.locator('text=Unable to load venues')).toBeVisible();
          |                                                              ^
      603 |     await expect(page.locator('button:has-text("Retry")')).toBeVisible();
      604 |     
      605 |     // Test retry functionality
        at /Users/asithalakmal/Documents/web/final project/WeddingLK-next copy/tests/e2e/user-journey.spec.ts:602:62

    attachment #1: screenshot (image/png) ──────────────────────────────────────────────────────────
    ../../test-results/user-journey-🚨-Error-Hand-919af--Application-Error-Recovery-Mobile-Chrome/test-failed-1.png
    ────────────────────────────────────────────────────────────────────────────────────────────────

    attachment #2: video (video/webm) ──────────────────────────────────────────────────────────────
    ../../test-results/user-journey-🚨-Error-Hand-919af--Application-Error-Recovery-Mobile-Chrome/video.webm
    ────────────────────────────────────────────────────────────────────────────────────────────────

    Error Context: ../../test-results/user-journey-🚨-Error-Hand-919af--Application-Error-Recovery-Mobile-Chrome/error-context.md
]]>
</failure>
<system-out>
<![CDATA[
[[ATTACHMENT|test-results/user-journey-🚨-Error-Hand-919af--Application-Error-Recovery-Mobile-Chrome/test-failed-1.png]]

[[ATTACHMENT|test-results/user-journey-🚨-Error-Hand-919af--Application-Error-Recovery-Mobile-Chrome/video.webm]]

[[ATTACHMENT|test-results/user-journey-🚨-Error-Hand-919af--Application-Error-Recovery-Mobile-Chrome/error-context.md]]
]]>
</system-out>
</testcase>
</testsuite>
<testsuite name="vendor.spec.ts" timestamp="2025-10-24T06:04:58.917Z" hostname="Mobile Chrome" tests="5" failures="5" skipped="0" time="328.695" errors="0">
<testcase name="Vendor Management › Vendor registration and onboarding" classname="vendor.spec.ts" time="72.036">
<failure message="vendor.spec.ts:5:7 Vendor registration and onboarding" type="FAILURE">
<![CDATA[  [Mobile Chrome] › vendor.spec.ts:5:7 › Vendor Management › Vendor registration and onboarding ────

    TimeoutError: page.fill: Timeout 60000ms exceeded.
    Call log:
      - waiting for locator('input[name="name"]')


      14 |     // Register as vendor
      15 |     await page.goto('/vendor/register');
    > 16 |     await page.fill('input[name="name"]', vendor.name);
         |                ^
      17 |     await page.fill('input[name="email"]', vendor.email);
      18 |     await page.fill('input[name="businessName"]', vendor.businessName);
      19 |     await page.fill('input[name="phone"]', vendor.phone);
        at /Users/asithalakmal/Documents/web/final project/WeddingLK-next copy/tests/e2e/vendor.spec.ts:16:16

    attachment #1: screenshot (image/png) ──────────────────────────────────────────────────────────
    ../../test-results/vendor-Vendor-Management-Vendor-registration-and-onboarding-Mobile-Chrome/test-failed-1.png
    ────────────────────────────────────────────────────────────────────────────────────────────────

    attachment #2: video (video/webm) ──────────────────────────────────────────────────────────────
    ../../test-results/vendor-Vendor-Management-Vendor-registration-and-onboarding-Mobile-Chrome/video.webm
    ────────────────────────────────────────────────────────────────────────────────────────────────

    Error Context: ../../test-results/vendor-Vendor-Management-Vendor-registration-and-onboarding-Mobile-Chrome/error-context.md
]]>
</failure>
<system-out>
<![CDATA[
[[ATTACHMENT|test-results/vendor-Vendor-Management-Vendor-registration-and-onboarding-Mobile-Chrome/test-failed-1.png]]

[[ATTACHMENT|test-results/vendor-Vendor-Management-Vendor-registration-and-onboarding-Mobile-Chrome/video.webm]]

[[ATTACHMENT|test-results/vendor-Vendor-Management-Vendor-registration-and-onboarding-Mobile-Chrome/error-context.md]]
]]>
</system-out>
</testcase>
<testcase name="Vendor Management › Vendor service creation and portfolio upload" classname="vendor.spec.ts" time="92.023">
<failure message="vendor.spec.ts:39:7 Vendor service creation and portfolio upload" type="FAILURE">
<![CDATA[  [Mobile Chrome] › vendor.spec.ts:39:7 › Vendor Management › Vendor service creation and portfolio upload 

    TimeoutError: page.click: Timeout 60000ms exceeded.
    Call log:
      - waiting for locator('text=Create Service, [data-testid="create-service"]')


      47 |     // Create service
      48 |     await page.goto('/dashboard/vendor/services');
    > 49 |     await page.click('text=Create Service, [data-testid="create-service"]');
         |                ^
      50 |     
      51 |     await page.fill('input[name="title"]', 'Wedding Photography Premium');
      52 |     await page.fill('textarea[name="description"]', 'Premium wedding photography package with 8 hours coverage, 500+ edited photos, and online gallery');
        at /Users/asithalakmal/Documents/web/final project/WeddingLK-next copy/tests/e2e/vendor.spec.ts:49:16

    attachment #1: screenshot (image/png) ──────────────────────────────────────────────────────────
    ../../test-results/vendor-Vendor-Management-V-1cf6a-eation-and-portfolio-upload-Mobile-Chrome/test-failed-1.png
    ────────────────────────────────────────────────────────────────────────────────────────────────

    attachment #2: video (video/webm) ──────────────────────────────────────────────────────────────
    ../../test-results/vendor-Vendor-Management-V-1cf6a-eation-and-portfolio-upload-Mobile-Chrome/video.webm
    ────────────────────────────────────────────────────────────────────────────────────────────────

    Error Context: ../../test-results/vendor-Vendor-Management-V-1cf6a-eation-and-portfolio-upload-Mobile-Chrome/error-context.md
]]>
</failure>
<system-out>
<![CDATA[
[[ATTACHMENT|test-results/vendor-Vendor-Management-V-1cf6a-eation-and-portfolio-upload-Mobile-Chrome/test-failed-1.png]]

[[ATTACHMENT|test-results/vendor-Vendor-Management-V-1cf6a-eation-and-portfolio-upload-Mobile-Chrome/video.webm]]

[[ATTACHMENT|test-results/vendor-Vendor-Management-V-1cf6a-eation-and-portfolio-upload-Mobile-Chrome/error-context.md]]
]]>
</system-out>
</testcase>
<testcase name="Vendor Management › Vendor booking management" classname="vendor.spec.ts" time="24.551">
<failure message="vendor.spec.ts:67:7 Vendor booking management" type="FAILURE">
<![CDATA[  [Mobile Chrome] › vendor.spec.ts:67:7 › Vendor Management › Vendor booking management ────────────

    Error: expect(received).toBeTruthy()

    Received: false

      89 |       }
      90 |     });
    > 91 |     expect(bookingResponse.ok()).toBeTruthy();
         |                                  ^
      92 |
      93 |     // Go to bookings and manage
      94 |     await page.goto('/dashboard/vendor/bookings');
        at /Users/asithalakmal/Documents/web/final project/WeddingLK-next copy/tests/e2e/vendor.spec.ts:91:34

    attachment #1: screenshot (image/png) ──────────────────────────────────────────────────────────
    ../../test-results/vendor-Vendor-Management-Vendor-booking-management-Mobile-Chrome/test-failed-1.png
    ────────────────────────────────────────────────────────────────────────────────────────────────

    attachment #2: video (video/webm) ──────────────────────────────────────────────────────────────
    ../../test-results/vendor-Vendor-Management-Vendor-booking-management-Mobile-Chrome/video.webm
    ────────────────────────────────────────────────────────────────────────────────────────────────

    Error Context: ../../test-results/vendor-Vendor-Management-Vendor-booking-management-Mobile-Chrome/error-context.md
]]>
</failure>
<system-out>
<![CDATA[
[[ATTACHMENT|test-results/vendor-Vendor-Management-Vendor-booking-management-Mobile-Chrome/test-failed-1.png]]

[[ATTACHMENT|test-results/vendor-Vendor-Management-Vendor-booking-management-Mobile-Chrome/video.webm]]

[[ATTACHMENT|test-results/vendor-Vendor-Management-Vendor-booking-management-Mobile-Chrome/error-context.md]]
]]>
</system-out>
</testcase>
<testcase name="Vendor Management › Vendor profile and portfolio management" classname="vendor.spec.ts" time="91.663">
<failure message="vendor.spec.ts:106:7 Vendor profile and portfolio management" type="FAILURE">
<![CDATA[  [Mobile Chrome] › vendor.spec.ts:106:7 › Vendor Management › Vendor profile and portfolio management 

    TimeoutError: page.fill: Timeout 60000ms exceeded.
    Call log:
      - waiting for locator('textarea[name="bio"]')


      114 |     // Update profile
      115 |     await page.goto('/dashboard/vendor/profile');
    > 116 |     await page.fill('textarea[name="bio"]', 'Professional wedding photographer with 10+ years experience');
          |                ^
      117 |     await page.fill('input[name="website"]', 'https://myphotography.com');
      118 |     await page.fill('input[name="instagram"]', '@myphotography');
      119 |     
        at /Users/asithalakmal/Documents/web/final project/WeddingLK-next copy/tests/e2e/vendor.spec.ts:116:16

    attachment #1: screenshot (image/png) ──────────────────────────────────────────────────────────
    ../../test-results/vendor-Vendor-Management-V-1bdb8-le-and-portfolio-management-Mobile-Chrome/test-failed-1.png
    ────────────────────────────────────────────────────────────────────────────────────────────────

    attachment #2: video (video/webm) ──────────────────────────────────────────────────────────────
    ../../test-results/vendor-Vendor-Management-V-1bdb8-le-and-portfolio-management-Mobile-Chrome/video.webm
    ────────────────────────────────────────────────────────────────────────────────────────────────

    Error Context: ../../test-results/vendor-Vendor-Management-V-1bdb8-le-and-portfolio-management-Mobile-Chrome/error-context.md
]]>
</failure>
<system-out>
<![CDATA[
[[ATTACHMENT|test-results/vendor-Vendor-Management-V-1bdb8-le-and-portfolio-management-Mobile-Chrome/test-failed-1.png]]

[[ATTACHMENT|test-results/vendor-Vendor-Management-V-1bdb8-le-and-portfolio-management-Mobile-Chrome/video.webm]]

[[ATTACHMENT|test-results/vendor-Vendor-Management-V-1bdb8-le-and-portfolio-management-Mobile-Chrome/error-context.md]]
]]>
</system-out>
</testcase>
<testcase name="Vendor Management › Vendor analytics and performance tracking" classname="vendor.spec.ts" time="48.422">
<failure message="vendor.spec.ts:127:7 Vendor analytics and performance tracking" type="FAILURE">
<![CDATA[  [Mobile Chrome] › vendor.spec.ts:127:7 › Vendor Management › Vendor analytics and performance tracking 

    Error: expect(locator).toBeVisible() failed

    Locator: locator('text=Performance Overview')
    Expected: visible
    Timeout: 30000ms
    Error: element(s) not found

    Call log:
      - Expect "toBeVisible" with timeout 30000ms
      - waiting for locator('text=Performance Overview')


      135 |     // Check analytics dashboard
      136 |     await page.goto('/dashboard/vendor/analytics');
    > 137 |     await expect(page.locator('text=Performance Overview')).toBeVisible();
          |                                                             ^
      138 |     await expect(page.locator('text=Total Bookings')).toBeVisible();
      139 |     await expect(page.locator('text=Revenue')).toBeVisible();
      140 |     await expect(page.locator('text=Reviews')).toBeVisible();
        at /Users/asithalakmal/Documents/web/final project/WeddingLK-next copy/tests/e2e/vendor.spec.ts:137:61

    attachment #1: screenshot (image/png) ──────────────────────────────────────────────────────────
    ../../test-results/vendor-Vendor-Management-V-453fa-cs-and-performance-tracking-Mobile-Chrome/test-failed-1.png
    ────────────────────────────────────────────────────────────────────────────────────────────────

    attachment #2: video (video/webm) ──────────────────────────────────────────────────────────────
    ../../test-results/vendor-Vendor-Management-V-453fa-cs-and-performance-tracking-Mobile-Chrome/video.webm
    ────────────────────────────────────────────────────────────────────────────────────────────────

    Error Context: ../../test-results/vendor-Vendor-Management-V-453fa-cs-and-performance-tracking-Mobile-Chrome/error-context.md
]]>
</failure>
<system-out>
<![CDATA[
[[ATTACHMENT|test-results/vendor-Vendor-Management-V-453fa-cs-and-performance-tracking-Mobile-Chrome/test-failed-1.png]]

[[ATTACHMENT|test-results/vendor-Vendor-Management-V-453fa-cs-and-performance-tracking-Mobile-Chrome/video.webm]]

[[ATTACHMENT|test-results/vendor-Vendor-Management-V-453fa-cs-and-performance-tracking-Mobile-Chrome/error-context.md]]
]]>
</system-out>
</testcase>
</testsuite>
<testsuite name="venue.spec.ts" timestamp="2025-10-24T06:04:58.917Z" hostname="Mobile Chrome" tests="6" failures="6" skipped="0" time="439.94" errors="0">
<testcase name="Venue Management › Venue search and filtering" classname="venue.spec.ts" time="78.198">
<failure message="venue.spec.ts:5:7 Venue search and filtering" type="FAILURE">
<![CDATA[  [Mobile Chrome] › venue.spec.ts:5:7 › Venue Management › Venue search and filtering ──────────────

    TimeoutError: page.fill: Timeout 60000ms exceeded.
    Call log:
      - waiting for locator('input[placeholder*="Search venues"], input[name="search"]')


       7 |     
       8 |     // Search for venues
    >  9 |     await page.fill('input[placeholder*="Search venues"], input[name="search"]', 'Colombo');
         |                ^
      10 |     await page.click('button[type="submit"], button:has-text("Search")');
      11 |     
      12 |     // Apply filters
        at /Users/asithalakmal/Documents/web/final project/WeddingLK-next copy/tests/e2e/venue.spec.ts:9:16

    attachment #1: screenshot (image/png) ──────────────────────────────────────────────────────────
    ../../test-results/venue-Venue-Management-Venue-search-and-filtering-Mobile-Chrome/test-failed-1.png
    ────────────────────────────────────────────────────────────────────────────────────────────────

    attachment #2: video (video/webm) ──────────────────────────────────────────────────────────────
    ../../test-results/venue-Venue-Management-Venue-search-and-filtering-Mobile-Chrome/video.webm
    ────────────────────────────────────────────────────────────────────────────────────────────────

    Error Context: ../../test-results/venue-Venue-Management-Venue-search-and-filtering-Mobile-Chrome/error-context.md
]]>
</failure>
<system-out>
<![CDATA[
[[ATTACHMENT|test-results/venue-Venue-Management-Venue-search-and-filtering-Mobile-Chrome/test-failed-1.png]]

[[ATTACHMENT|test-results/venue-Venue-Management-Venue-search-and-filtering-Mobile-Chrome/video.webm]]

[[ATTACHMENT|test-results/venue-Venue-Management-Venue-search-and-filtering-Mobile-Chrome/error-context.md]]
]]>
</system-out>
</testcase>
<testcase name="Venue Management › Venue details and booking inquiry" classname="venue.spec.ts" time="81.349">
<failure message="venue.spec.ts:24:7 Venue details and booking inquiry" type="FAILURE">
<![CDATA[  [Mobile Chrome] › venue.spec.ts:24:7 › Venue Management › Venue details and booking inquiry ──────

    TimeoutError: page.click: Timeout 60000ms exceeded.
    Call log:
      - waiting for locator('.venue-card:first-child, [data-testid="venue-card"]:first-child')


      26 |     
      27 |     // Click on first venue
    > 28 |     await page.click('.venue-card:first-child, [data-testid="venue-card"]:first-child');
         |                ^
      29 |     await expect(page).toHaveURL(/\/venues\/\d+/);
      30 |     
      31 |     // Check venue details
        at /Users/asithalakmal/Documents/web/final project/WeddingLK-next copy/tests/e2e/venue.spec.ts:28:16

    attachment #1: screenshot (image/png) ──────────────────────────────────────────────────────────
    ../../test-results/venue-Venue-Management-Venue-details-and-booking-inquiry-Mobile-Chrome/test-failed-1.png
    ────────────────────────────────────────────────────────────────────────────────────────────────

    attachment #2: video (video/webm) ──────────────────────────────────────────────────────────────
    ../../test-results/venue-Venue-Management-Venue-details-and-booking-inquiry-Mobile-Chrome/video.webm
    ────────────────────────────────────────────────────────────────────────────────────────────────

    Error Context: ../../test-results/venue-Venue-Management-Venue-details-and-booking-inquiry-Mobile-Chrome/error-context.md
]]>
</failure>
<system-out>
<![CDATA[
[[ATTACHMENT|test-results/venue-Venue-Management-Venue-details-and-booking-inquiry-Mobile-Chrome/test-failed-1.png]]

[[ATTACHMENT|test-results/venue-Venue-Management-Venue-details-and-booking-inquiry-Mobile-Chrome/video.webm]]

[[ATTACHMENT|test-results/venue-Venue-Management-Venue-details-and-booking-inquiry-Mobile-Chrome/error-context.md]]
]]>
</system-out>
</testcase>
<testcase name="Venue Management › Venue availability calendar" classname="venue.spec.ts" time="76.71">
<failure message="venue.spec.ts:60:7 Venue availability calendar" type="FAILURE">
<![CDATA[  [Mobile Chrome] › venue.spec.ts:60:7 › Venue Management › Venue availability calendar ────────────

    TimeoutError: page.click: Timeout 60000ms exceeded.
    Call log:
      - waiting for locator('.venue-card:first-child, [data-testid="venue-card"]:first-child')


      60 |   test('Venue availability calendar', async ({ page }) => {
      61 |     await page.goto('/venues');
    > 62 |     await page.click('.venue-card:first-child, [data-testid="venue-card"]:first-child');
         |                ^
      63 |     
      64 |     // Check availability calendar
      65 |     await page.click('text=Check Availability, [data-testid="availability-button"]');
        at /Users/asithalakmal/Documents/web/final project/WeddingLK-next copy/tests/e2e/venue.spec.ts:62:16

    attachment #1: screenshot (image/png) ──────────────────────────────────────────────────────────
    ../../test-results/venue-Venue-Management-Venue-availability-calendar-Mobile-Chrome/test-failed-1.png
    ────────────────────────────────────────────────────────────────────────────────────────────────

    attachment #2: video (video/webm) ──────────────────────────────────────────────────────────────
    ../../test-results/venue-Venue-Management-Venue-availability-calendar-Mobile-Chrome/video.webm
    ────────────────────────────────────────────────────────────────────────────────────────────────

    Error Context: ../../test-results/venue-Venue-Management-Venue-availability-calendar-Mobile-Chrome/error-context.md
]]>
</failure>
<system-out>
<![CDATA[
[[ATTACHMENT|test-results/venue-Venue-Management-Venue-availability-calendar-Mobile-Chrome/test-failed-1.png]]

[[ATTACHMENT|test-results/venue-Venue-Management-Venue-availability-calendar-Mobile-Chrome/video.webm]]

[[ATTACHMENT|test-results/venue-Venue-Management-Venue-availability-calendar-Mobile-Chrome/error-context.md]]
]]>
</system-out>
</testcase>
<testcase name="Venue Management › Venue reviews and ratings" classname="venue.spec.ts" time="75.218">
<failure message="venue.spec.ts:73:7 Venue reviews and ratings" type="FAILURE">
<![CDATA[  [Mobile Chrome] › venue.spec.ts:73:7 › Venue Management › Venue reviews and ratings ──────────────

    TimeoutError: page.click: Timeout 60000ms exceeded.
    Call log:
      - waiting for locator('.venue-card:first-child, [data-testid="venue-card"]:first-child')


      73 |   test('Venue reviews and ratings', async ({ page }) => {
      74 |     await page.goto('/venues');
    > 75 |     await page.click('.venue-card:first-child, [data-testid="venue-card"]:first-child');
         |                ^
      76 |     
      77 |     // Check reviews section
      78 |     await page.click('text=Reviews, [data-testid="reviews-tab"]');
        at /Users/asithalakmal/Documents/web/final project/WeddingLK-next copy/tests/e2e/venue.spec.ts:75:16

    attachment #1: screenshot (image/png) ──────────────────────────────────────────────────────────
    ../../test-results/venue-Venue-Management-Venue-reviews-and-ratings-Mobile-Chrome/test-failed-1.png
    ────────────────────────────────────────────────────────────────────────────────────────────────

    attachment #2: video (video/webm) ──────────────────────────────────────────────────────────────
    ../../test-results/venue-Venue-Management-Venue-reviews-and-ratings-Mobile-Chrome/video.webm
    ────────────────────────────────────────────────────────────────────────────────────────────────

    Error Context: ../../test-results/venue-Venue-Management-Venue-reviews-and-ratings-Mobile-Chrome/error-context.md
]]>
</failure>
<system-out>
<![CDATA[
[[ATTACHMENT|test-results/venue-Venue-Management-Venue-reviews-and-ratings-Mobile-Chrome/test-failed-1.png]]

[[ATTACHMENT|test-results/venue-Venue-Management-Venue-reviews-and-ratings-Mobile-Chrome/video.webm]]

[[ATTACHMENT|test-results/venue-Venue-Management-Venue-reviews-and-ratings-Mobile-Chrome/error-context.md]]
]]>
</system-out>
</testcase>
<testcase name="Venue Management › Venue owner management" classname="venue.spec.ts" time="55.745">
<failure message="venue.spec.ts:85:7 Venue owner management" type="FAILURE">
<![CDATA[  [Mobile Chrome] › venue.spec.ts:85:7 › Venue Management › Venue owner management ─────────────────

    Error: expect(page).toHaveURL(expected) failed

    Expected pattern: /\/dashboard/
    Received string:  "https://wedding-lk.vercel.app/login"
    Timeout: 30000ms

    Call log:
      - Expect "toHaveURL" with timeout 30000ms
        33 × unexpected value "https://wedding-lk.vercel.app/login"


      89 |     await page.fill('input[name="password"]', process.env.TEST_VENUE_OWNER_PASSWORD || 'VenuePass123!');
      90 |     await page.click('button[type="submit"]');
    > 91 |     await expect(page).toHaveURL(/\/dashboard/);
         |                        ^
      92 |
      93 |     // Create new venue
      94 |     await page.goto('/dashboard/venue/create');
        at /Users/asithalakmal/Documents/web/final project/WeddingLK-next copy/tests/e2e/venue.spec.ts:91:24

    attachment #1: screenshot (image/png) ──────────────────────────────────────────────────────────
    ../../test-results/venue-Venue-Management-Venue-owner-management-Mobile-Chrome/test-failed-1.png
    ────────────────────────────────────────────────────────────────────────────────────────────────

    attachment #2: video (video/webm) ──────────────────────────────────────────────────────────────
    ../../test-results/venue-Venue-Management-Venue-owner-management-Mobile-Chrome/video.webm
    ────────────────────────────────────────────────────────────────────────────────────────────────

    Error Context: ../../test-results/venue-Venue-Management-Venue-owner-management-Mobile-Chrome/error-context.md
]]>
</failure>
<system-out>
<![CDATA[
[[ATTACHMENT|test-results/venue-Venue-Management-Venue-owner-management-Mobile-Chrome/test-failed-1.png]]

[[ATTACHMENT|test-results/venue-Venue-Management-Venue-owner-management-Mobile-Chrome/video.webm]]

[[ATTACHMENT|test-results/venue-Venue-Management-Venue-owner-management-Mobile-Chrome/error-context.md]]
]]>
</system-out>
</testcase>
<testcase name="Venue Management › Venue booking management" classname="venue.spec.ts" time="72.72">
<failure message="venue.spec.ts:123:7 Venue booking management" type="FAILURE">
<![CDATA[  [Mobile Chrome] › venue.spec.ts:123:7 › Venue Management › Venue booking management ──────────────

    TimeoutError: page.goto: Timeout 60000ms exceeded.
    Call log:
      - navigating to "https://wedding-lk.vercel.app/login", waiting until "load"


      123 |   test('Venue booking management', async ({ page }) => {
      124 |     // Login as venue owner
    > 125 |     await page.goto('/login');
          |                ^
      126 |     await page.fill('input[name="email"]', process.env.TEST_VENUE_OWNER_EMAIL || 'venue@test.local');
      127 |     await page.fill('input[name="password"]', process.env.TEST_VENUE_OWNER_PASSWORD || 'VenuePass123!');
      128 |     await page.click('button[type="submit"]');
        at /Users/asithalakmal/Documents/web/final project/WeddingLK-next copy/tests/e2e/venue.spec.ts:125:16

    attachment #1: screenshot (image/png) ──────────────────────────────────────────────────────────
    ../../test-results/venue-Venue-Management-Venue-booking-management-Mobile-Chrome/test-failed-1.png
    ────────────────────────────────────────────────────────────────────────────────────────────────

    attachment #2: video (video/webm) ──────────────────────────────────────────────────────────────
    ../../test-results/venue-Venue-Management-Venue-booking-management-Mobile-Chrome/video.webm
    ────────────────────────────────────────────────────────────────────────────────────────────────

    Error Context: ../../test-results/venue-Venue-Management-Venue-booking-management-Mobile-Chrome/error-context.md
]]>
</failure>
<system-out>
<![CDATA[
[[ATTACHMENT|test-results/venue-Venue-Management-Venue-booking-management-Mobile-Chrome/test-failed-1.png]]

[[ATTACHMENT|test-results/venue-Venue-Management-Venue-booking-management-Mobile-Chrome/video.webm]]

[[ATTACHMENT|test-results/venue-Venue-Management-Venue-booking-management-Mobile-Chrome/error-context.md]]
]]>
</system-out>
</testcase>
</testsuite>
</testsuites>